35.187.118.51 - - [01/Aug/2019:13:17:12 +0100] "GET / HTTP/1.1" 403 565 "-" "-"
63.143.42.250 - - [01/Aug/2019:13:19:14 +0100] "HEAD /index.php HTTP/1.1" 200 0 "https://www.petersweb.me.uk/index.php" "Mozilla/5.0+(compatible; UptimeRobot/2.0; http://www.uptimerobot.com/)"
35.187.118.51 - - [01/Aug/2019:13:21:11 +0100] "GET / HTTP/1.1" 403 565 "-" "-"
35.187.118.51 - - [01/Aug/2019:13:21:12 +0100] "GET / HTTP/1.1" 403 565 "-" "-"
35.187.118.51 - - [01/Aug/2019:13:24:11 +0100] "GET / HTTP/1.1" 403 565 "-" "-"
35.187.118.51 - - [01/Aug/2019:13:24:11 +0100] "GET / HTTP/1.1" 403 565 "-" "-"
63.143.42.250 - - [01/Aug/2019:13:24:35 +0100] "HEAD /index.php HTTP/1.1" 200 0 "https://www.petersweb.me.uk/index.php" "Mozilla/5.0+(compatible; UptimeRobot/2.0; http://www.uptimerobot.com/)"
35.187.118.51 - - [01/Aug/2019:13:28:11 +0100] "GET / HTTP/1.1" 403 565 "-" "-"
35.187.118.51 - - [01/Aug/2019:13:28:11 +0100] "GET / HTTP/1.1" 403 565 "-" "-"
17.58.101.134 - - [01/Aug/2019:13:28:16 +0100] "GET /cart.php?a=add&domain=transfer HTTP/1.1" 200 6175 "-" "Mozilla/5.0 (Macintosh; Intel Mac OS X 10_10_1) AppleWebKit/600.2.5 (KHTML, like Gecko) Version/8.0.2 Safari/600.2.5 (Applebot/0.1; +http://www.apple.com/go/applebot)"
35.187.118.51 - - [01/Aug/2019:13:32:18 +0100] "GET / HTTP/1.1" 403 565 "-" "-"
35.187.118.51 - - [01/Aug/2019:13:32:18 +0100] "GET / HTTP/1.1" 403 565 "-" "-"
216.244.66.197 - - [01/Aug/2019:13:32:55 +0100] "GET /robots.txt HTTP/1.1" 304 0 "-" "Mozilla/5.0 (compatible; DotBot/1.1; http://www.opensiteexplorer.org/dotbot, help@moz.com)"
86.177.248.9 - - [01/Aug/2019:13:34:51 +0100] "GET /epa7pwgq5snvoa07/ HTTP/1.1" 302 0 "-" "Mozilla/5.0 (Windows NT 10.0; Win64; x64) AppleWebKit/537.36 (KHTML, like Gecko) Chrome/75.0.3770.142 Safari/537.36"
63.143.42.250 - - [01/Aug/2019:13:34:51 +0100] "HEAD /index.php HTTP/1.1" 200 0 "https://www.petersweb.me.uk/index.php" "Mozilla/5.0+(compatible; UptimeRobot/2.0; http://www.uptimerobot.com/)"
86.177.248.9 - - [01/Aug/2019:13:34:51 +0100] "GET /epa7pwgq5snvoa07/login.php?redirect=%2Fepa7pwgq5snvoa07%2F HTTP/1.1" 200 1560 "-" "Mozilla/5.0 (Windows NT 10.0; Win64; x64) AppleWebKit/537.36 (KHTML, like Gecko) Chrome/75.0.3770.142 Safari/537.36"
86.177.248.9 - - [01/Aug/2019:13:34:52 +0100] "GET /epa7pwgq5snvoa07/templates/login.min.css HTTP/1.1" 200 25392 "https://www.petersweb.me.uk/epa7pwgq5snvoa07/login.php?redirect=%2Fepa7pwgq5snvoa07%2F" "Mozilla/5.0 (Windows NT 10.0; Win64; x64) AppleWebKit/537.36 (KHTML, like Gecko) Chrome/75.0.3770.142 Safari/537.36"
86.177.248.9 - - [01/Aug/2019:13:34:52 +0100] "GET /assets/css/fontawesome-all.min.css HTTP/1.1" 200 14349 "https://www.petersweb.me.uk/epa7pwgq5snvoa07/login.php?redirect=%2Fepa7pwgq5snvoa07%2F" "Mozilla/5.0 (Windows NT 10.0; Win64; x64) AppleWebKit/537.36 (KHTML, like Gecko) Chrome/75.0.3770.142 Safari/537.36"
86.177.248.9 - - [01/Aug/2019:13:34:52 +0100] "GET /epa7pwgq5snvoa07/templates/login.min.js HTTP/1.1" 200 52495 "https://www.petersweb.me.uk/epa7pwgq5snvoa07/login.php?redirect=%2Fepa7pwgq5snvoa07%2F" "Mozilla/5.0 (Windows NT 10.0; Win64; x64) AppleWebKit/537.36 (KHTML, like Gecko) Chrome/75.0.3770.142 Safari/537.36"
86.177.248.9 - - [01/Aug/2019:13:34:53 +0100] "GET /favicon.ico HTTP/1.1" 404 4371 "https://www.petersweb.me.uk/epa7pwgq5snvoa07/login.php?redirect=%2Fepa7pwgq5snvoa07%2F" "Mozilla/5.0 (Windows NT 10.0; Win64; x64) AppleWebKit/537.36 (KHTML, like Gecko) Chrome/75.0.3770.142 Safari/537.36"
35.187.118.51 - - [01/Aug/2019:13:36:13 +0100] "GET / HTTP/1.1" 403 565 "-" "-"
35.187.118.51 - - [01/Aug/2019:13:36:13 +0100] "GET / HTTP/1.1" 403 565 "-" "-"
35.187.118.51 - - [01/Aug/2019:13:39:18 +0100] "GET / HTTP/1.1" 403 565 "-" "-"
35.187.118.51 - - [01/Aug/2019:13:39:18 +0100] "GET / HTTP/1.1" 403 565 "-" "-"
35.187.118.51 - - [01/Aug/2019:13:43:15 +0100] "GET / HTTP/1.1" 403 565 "-" "-"
35.187.118.51 - - [01/Aug/2019:13:43:15 +0100] "GET / HTTP/1.1" 403 565 "-" "-"
63.143.42.250 - - [01/Aug/2019:13:44:27 +0100] "HEAD /index.php HTTP/1.1" 200 0 "https://www.petersweb.me.uk/index.php" "Mozilla/5.0+(compatible; UptimeRobot/2.0; http://www.uptimerobot.com/)"
35.187.118.51 - - [01/Aug/2019:13:47:21 +0100] "GET / HTTP/1.1" 403 565 "-" "-"
35.187.118.51 - - [01/Aug/2019:13:47:22 +0100] "GET / HTTP/1.1" 403 565 "-" "-"
54.36.150.53 - - [01/Aug/2019:13:48:28 +0100] "GET /knowledgebase/tag/filter HTTP/1.1" 200 6795 "-" "Mozilla/5.0 (compatible; AhrefsBot/6.1; +http://ahrefs.com/robot/)"
63.143.42.250 - - [01/Aug/2019:13:49:27 +0100] "HEAD /index.php HTTP/1.1" 200 0 "https://www.petersweb.me.uk/index.php" "Mozilla/5.0+(compatible; UptimeRobot/2.0; http://www.uptimerobot.com/)"
46.229.168.129 - - [01/Aug/2019:13:50:36 +0100] "GET /robots.txt HTTP/1.1" 304 0 "-" "Mozilla/5.0 (compatible; SemrushBot/3~bl; +http://www.semrush.com/bot.html)"
46.229.168.132 - - [01/Aug/2019:13:50:37 +0100] "GET /knowledgebase/tag/leech-protection HTTP/1.1" 200 6913 "-" "Mozilla/5.0 (compatible; SemrushBot/3~bl; +http://www.semrush.com/bot.html)"
35.187.118.51 - - [01/Aug/2019:13:51:16 +0100] "GET / HTTP/1.1" 403 565 "-" "-"
35.187.118.51 - - [01/Aug/2019:13:51:16 +0100] "GET / HTTP/1.1" 403 565 "-" "-"
35.187.118.51 - - [01/Aug/2019:13:54:12 +0100] "GET / HTTP/1.1" 403 565 "-" "-"
35.187.118.51 - - [01/Aug/2019:13:54:13 +0100] "GET / HTTP/1.1" 403 565 "-" "-"
63.143.42.250 - - [01/Aug/2019:13:54:26 +0100] "HEAD /index.php HTTP/1.1" 200 0 "https://www.petersweb.me.uk/index.php" "Mozilla/5.0+(compatible; UptimeRobot/2.0; http://www.uptimerobot.com/)"
216.244.66.197 - - [01/Aug/2019:13:56:32 +0100] "GET /knowledgebase/60/What-is-bandwidth.html HTTP/1.1" 200 8491 "-" "Mozilla/5.0 (compatible; DotBot/1.1; http://www.opensiteexplorer.org/dotbot, help@moz.com)"
35.187.118.51 - - [01/Aug/2019:13:58:12 +0100] "GET / HTTP/1.1" 403 565 "-" "-"
35.187.118.51 - - [01/Aug/2019:13:58:12 +0100] "GET / HTTP/1.1" 403 565 "-" "-"
63.143.42.250 - - [01/Aug/2019:13:59:26 +0100] "HEAD /index.php HTTP/1.1" 200 0 "https://www.petersweb.me.uk/index.php" "Mozilla/5.0+(compatible; UptimeRobot/2.0; http://www.uptimerobot.com/)"
46.229.168.154 - - [01/Aug/2019:14:01:39 +0100] "GET /robots.txt HTTP/1.1" 200 48 "-" "Mozilla/5.0 (compatible; SemrushBot/3~bl; +http://www.semrush.com/bot.html)"
46.229.168.150 - - [01/Aug/2019:14:01:40 +0100] "GET /knowledgebase/21/5-magical-ways-in-which-Back-Links-can-help-your-website-flourish.html HTTP/1.1" 200 9349 "-" "Mozilla/5.0 (compatible; SemrushBot/3~bl; +http://www.semrush.com/bot.html)"
35.187.118.51 - - [01/Aug/2019:14:02:12 +0100] "GET / HTTP/1.1" 403 565 "-" "-"
35.187.118.51 - - [01/Aug/2019:14:02:12 +0100] "GET / HTTP/1.1" 403 565 "-" "-"
46.229.168.140 - - [01/Aug/2019:14:03:18 +0100] "GET /knowledgebase/40/What-is-a-cron-job-and-how-to-set-one-up.html HTTP/1.1" 200 8443 "-" "Mozilla/5.0 (compatible; SemrushBot/3~bl; +http://www.semrush.com/bot.html)"
63.143.42.250 - - [01/Aug/2019:14:04:27 +0100] "HEAD /index.php HTTP/1.1" 200 0 "https://www.petersweb.me.uk/index.php" "Mozilla/5.0+(compatible; UptimeRobot/2.0; http://www.uptimerobot.com/)"
35.187.118.51 - - [01/Aug/2019:14:06:12 +0100] "GET / HTTP/1.1" 403 565 "-" "-"
35.187.118.51 - - [01/Aug/2019:14:06:13 +0100] "GET / HTTP/1.1" 403 565 "-" "-"
63.143.42.250 - - [01/Aug/2019:14:09:26 +0100] "HEAD /index.php HTTP/1.1" 200 0 "https://www.petersweb.me.uk/index.php" "Mozilla/5.0+(compatible; UptimeRobot/2.0; http://www.uptimerobot.com/)"
35.187.118.51 - - [01/Aug/2019:14:10:15 +0100] "GET / HTTP/1.1" 403 565 "-" "-"
35.187.118.51 - - [01/Aug/2019:14:10:15 +0100] "GET / HTTP/1.1" 403 565 "-" "-"
35.187.118.51 - - [01/Aug/2019:14:13:15 +0100] "GET / HTTP/1.1" 403 565 "-" "-"
35.187.118.51 - - [01/Aug/2019:14:13:15 +0100] "GET / HTTP/1.1" 403 565 "-" "-"
63.143.42.250 - - [01/Aug/2019:14:14:27 +0100] "HEAD /index.php HTTP/1.1" 200 0 "https://www.petersweb.me.uk/index.php" "Mozilla/5.0+(compatible; UptimeRobot/2.0; http://www.uptimerobot.com/)"
63.143.42.250 - - [01/Aug/2019:14:19:26 +0100] "HEAD /index.php HTTP/1.1" 200 0 "https://www.petersweb.me.uk/index.php" "Mozilla/5.0+(compatible; UptimeRobot/2.0; http://www.uptimerobot.com/)"
40.77.167.20 - - [01/Aug/2019:14:15:28 +0100] "GET /knowledgebase/81/How-to-view-dot-files.html HTTP/1.1" 200 8214 "-" "Mozilla/5.0 (compatible; bingbot/2.0; +http://www.bing.com/bingbot.htm)"
54.39.178.250 - - [01/Aug/2019:14:16:07 +0100] "GET /robots.txt HTTP/1.1" 304 0 "-" "Mozilla/5.0 (compatible; YaK/1.0; http://linkfluence.com/; bot@linkfluence.com)"
35.187.118.51 - - [01/Aug/2019:14:17:11 +0100] "GET / HTTP/1.1" 403 565 "-" "-"
35.187.118.51 - - [01/Aug/2019:14:17:12 +0100] "GET / HTTP/1.1" 403 565 "-" "-"
35.187.118.51 - - [01/Aug/2019:14:21:11 +0100] "GET / HTTP/1.1" 403 565 "-" "-"
35.187.118.51 - - [01/Aug/2019:14:21:11 +0100] "GET / HTTP/1.1" 403 565 "-" "-"
216.244.66.197 - - [01/Aug/2019:14:22:40 +0100] "GET /robots.txt HTTP/1.1" 304 0 "-" "Mozilla/5.0 (compatible; DotBot/1.1; http://www.opensiteexplorer.org/dotbot, help@moz.com)"
35.187.118.51 - - [01/Aug/2019:14:24:11 +0100] "GET / HTTP/1.1" 403 565 "-" "-"
35.187.118.51 - - [01/Aug/2019:14:24:11 +0100] "GET / HTTP/1.1" 403 565 "-" "-"
63.143.42.250 - - [01/Aug/2019:14:24:26 +0100] "HEAD /index.php HTTP/1.1" 200 0 "https://www.petersweb.me.uk/index.php" "Mozilla/5.0+(compatible; UptimeRobot/2.0; http://www.uptimerobot.com/)"
199.16.157.180 - - [01/Aug/2019:14:27:10 +0100] "GET /robots.txt HTTP/1.1" 304 0 "-" "Twitterbot/1.0"
199.16.157.180 - - [01/Aug/2019:14:27:10 +0100] "GET /index.php HTTP/1.1" 200 12094 "-" "Twitterbot/1.0"
35.187.118.51 - - [01/Aug/2019:14:27:16 +0100] "GET / HTTP/1.1" 403 565 "-" "-"
35.187.118.51 - - [01/Aug/2019:14:27:16 +0100] "GET / HTTP/1.1" 403 565 "-" "-"
63.143.42.250 - - [01/Aug/2019:14:29:26 +0100] "HEAD /index.php HTTP/1.1" 200 0 "https://www.petersweb.me.uk/index.php" "Mozilla/5.0+(compatible; UptimeRobot/2.0; http://www.uptimerobot.com/)"
35.187.118.51 - - [01/Aug/2019:14:31:12 +0100] "GET / HTTP/1.1" 403 565 "-" "-"
35.187.118.51 - - [01/Aug/2019:14:31:12 +0100] "GET / HTTP/1.1" 403 565 "-" "-"
35.187.118.51 - - [01/Aug/2019:14:34:11 +0100] "GET / HTTP/1.1" 403 565 "-" "-"
35.187.118.51 - - [01/Aug/2019:14:34:12 +0100] "GET / HTTP/1.1" 403 565 "-" "-"
63.143.42.250 - - [01/Aug/2019:14:34:26 +0100] "HEAD /index.php HTTP/1.1" 200 0 "https://www.petersweb.me.uk/index.php" "Mozilla/5.0+(compatible; UptimeRobot/2.0; http://www.uptimerobot.com/)"
180.76.15.137 - - [01/Aug/2019:14:36:04 +0100] "GET /knowledgebase/tag/seo HTTP/1.1" 200 7960 "-" "Mozilla/5.0 (compatible; Baiduspider/2.0; +http://www.baidu.com/search/spider.html)"
35.187.118.51 - - [01/Aug/2019:14:38:11 +0100] "GET / HTTP/1.1" 403 565 "-" "-"
35.187.118.51 - - [01/Aug/2019:14:38:12 +0100] "GET / HTTP/1.1" 403 565 "-" "-"
63.143.42.250 - - [01/Aug/2019:14:39:26 +0100] "HEAD /index.php HTTP/1.1" 200 0 "https://www.petersweb.me.uk/index.php" "Mozilla/5.0+(compatible; UptimeRobot/2.0; http://www.uptimerobot.com/)"
35.187.118.51 - - [01/Aug/2019:14:41:15 +0100] "GET / HTTP/1.1" 403 565 "-" "-"
35.187.118.51 - - [01/Aug/2019:14:41:20 +0100] "GET / HTTP/1.1" 403 565 "-" "-"
54.36.149.104 - - [01/Aug/2019:14:42:04 +0100] "GET /robots.txt HTTP/1.1" 200 48 "-" "Mozilla/5.0 (compatible; AhrefsBot/6.1; +http://ahrefs.com/robot/)"
54.36.150.172 - - [01/Aug/2019:14:42:05 +0100] "GET /knowledgebase/tag/speed HTTP/1.1" 200 6945 "-" "Mozilla/5.0 (compatible; AhrefsBot/6.1; +http://ahrefs.com/robot/)"
35.187.118.51 - - [01/Aug/2019:14:44:15 +0100] "GET / HTTP/1.1" 403 565 "-" "-"
35.187.118.51 - - [01/Aug/2019:14:44:15 +0100] "GET / HTTP/1.1" 403 565 "-" "-"
63.143.42.250 - - [01/Aug/2019:14:44:26 +0100] "HEAD /index.php HTTP/1.1" 200 0 "https://www.petersweb.me.uk/index.php" "Mozilla/5.0+(compatible; UptimeRobot/2.0; http://www.uptimerobot.com/)"
35.187.118.51 - - [01/Aug/2019:14:48:12 +0100] "GET / HTTP/1.1" 403 565 "-" "-"
35.187.118.51 - - [01/Aug/2019:14:48:13 +0100] "GET / HTTP/1.1" 403 565 "-" "-"
63.143.42.250 - - [01/Aug/2019:14:49:26 +0100] "HEAD /index.php HTTP/1.1" 200 0 "https://www.petersweb.me.uk/index.php" "Mozilla/5.0+(compatible; UptimeRobot/2.0; http://www.uptimerobot.com/)"
216.244.66.197 - - [01/Aug/2019:14:55:57 +0100] "GET /knowledgebase/85/5-fantastic-reasons-why-you-need-to-be-a-social-media-whizz-in-2019.html HTTP/1.1" 200 11985 "-" "Mozilla/5.0 (compatible; DotBot/1.1; http://www.opensiteexplorer.org/dotbot, help@moz.com)"
35.187.118.51 - - [01/Aug/2019:14:56:12 +0100] "GET / HTTP/1.1" 403 565 "-" "-"
35.187.118.51 - - [01/Aug/2019:14:56:12 +0100] "GET / HTTP/1.1" 403 565 "-" "-"
54.36.148.91 - - [01/Aug/2019:14:51:59 +0100] "GET /robots.txt HTTP/1.1" 200 48 "-" "Mozilla/5.0 (compatible; AhrefsBot/6.1; +http://ahrefs.com/robot/)"
54.36.148.204 - - [01/Aug/2019:14:51:59 +0100] "GET /knowledgebase/3/How-to-add-a-sub-domain-in-Cpanel.html HTTP/1.1" 200 8512 "-" "Mozilla/5.0 (compatible; AhrefsBot/6.1; +http://ahrefs.com/robot/)"
35.187.118.51 - - [01/Aug/2019:14:52:14 +0100] "GET / HTTP/1.1" 403 565 "-" "-"
35.187.118.51 - - [01/Aug/2019:14:52:14 +0100] "GET / HTTP/1.1" 403 565 "-" "-"
63.143.42.250 - - [01/Aug/2019:14:54:26 +0100] "HEAD /index.php HTTP/1.1" 200 0 "https://www.petersweb.me.uk/index.php" "Mozilla/5.0+(compatible; UptimeRobot/2.0; http://www.uptimerobot.com/)"
35.189.52.196 - - [01/Aug/2019:14:58:31 +0100] "GET /index.php HTTP/1.1" 200 12101 "http://mail.petersweb.me.uk/wp-login.php" "Mozilla/5.0 (X11; Ubuntu; Linux x86_64; rv:62.0) Gecko/20100101 Firefox/62.0"
35.187.118.51 - - [01/Aug/2019:14:59:14 +0100] "GET / HTTP/1.1" 403 565 "-" "-"
35.187.118.51 - - [01/Aug/2019:14:59:14 +0100] "GET / HTTP/1.1" 403 565 "-" "-"
63.143.42.250 - - [01/Aug/2019:14:59:26 +0100] "HEAD /index.php HTTP/1.1" 200 0 "https://www.petersweb.me.uk/index.php" "Mozilla/5.0+(compatible; UptimeRobot/2.0; http://www.uptimerobot.com/)"
40.77.167.63 - - [01/Aug/2019:15:01:36 +0100] "GET / HTTP/1.1" 200 12194 "-" "Mozilla/5.0 (compatible; bingbot/2.0; +http://www.bing.com/bingbot.htm)"
35.187.118.51 - - [01/Aug/2019:15:03:11 +0100] "GET / HTTP/1.1" 403 565 "-" "-"
35.187.118.51 - - [01/Aug/2019:15:03:12 +0100] "GET / HTTP/1.1" 403 565 "-" "-"
63.143.42.250 - - [01/Aug/2019:15:04:26 +0100] "HEAD /index.php HTTP/1.1" 200 0 "https://www.petersweb.me.uk/index.php" "Mozilla/5.0+(compatible; UptimeRobot/2.0; http://www.uptimerobot.com/)"
35.187.118.51 - - [01/Aug/2019:15:06:16 +0100] "GET / HTTP/1.1" 403 565 "-" "-"
35.187.118.51 - - [01/Aug/2019:15:06:17 +0100] "GET / HTTP/1.1" 403 565 "-" "-"
54.36.150.15 - - [01/Aug/2019:15:06:26 +0100] "GET /knowledgebase/1/Managing-your-cPanel-- HTTP/1.1" 200 7942 "-" "Mozilla/5.0 (compatible; AhrefsBot/6.1; +http://ahrefs.com/robot/)"
46.229.168.143 - - [01/Aug/2019:15:07:21 +0100] "GET /robots.txt HTTP/1.1" 200 48 "-" "Mozilla/5.0 (compatible; SemrushBot/3~bl; +http://www.semrush.com/bot.html)"
46.229.168.153 - - [01/Aug/2019:15:07:22 +0100] "GET /knowledgebase/98/What-is-Memcached.html HTTP/1.1" 200 9012 "-" "Mozilla/5.0 (compatible; SemrushBot/3~bl; +http://www.semrush.com/bot.html)"
199.16.157.183 - - [01/Aug/2019:15:08:09 +0100] "GET /robots.txt HTTP/1.1" 304 0 "-" "Twitterbot/1.0"
199.16.157.183 - - [01/Aug/2019:15:08:10 +0100] "GET /knowledgebase/96/Organise-your-emails-with-ease.html HTTP/1.1" 200 10312 "-" "Twitterbot/1.0"
35.187.118.51 - - [01/Aug/2019:15:09:11 +0100] "GET / HTTP/1.1" 403 565 "-" "-"
35.187.118.51 - - [01/Aug/2019:15:09:12 +0100] "GET / HTTP/1.1" 403 565 "-" "-"
180.76.15.160 - - [01/Aug/2019:15:09:24 +0100] "GET /store/email-services HTTP/1.1" 302 0 "-" "Mozilla/5.0 (compatible; Baiduspider/2.0; +http://www.baidu.com/search/spider.html)"
180.76.15.137 - - [01/Aug/2019:15:09:25 +0100] "GET /store/index.php HTTP/1.1" 404 4368 "-" "Mozilla/5.0 (compatible; Baiduspider/2.0; +http://www.baidu.com/search/spider.html)"
63.143.42.250 - - [01/Aug/2019:15:09:26 +0100] "HEAD /index.php HTTP/1.1" 200 0 "https://www.petersweb.me.uk/index.php" "Mozilla/5.0+(compatible; UptimeRobot/2.0; http://www.uptimerobot.com/)"
216.244.66.197 - - [01/Aug/2019:15:11:49 +0100] "GET /robots.txt HTTP/1.1" 304 0 "-" "Mozilla/5.0 (compatible; DotBot/1.1; http://www.opensiteexplorer.org/dotbot, help@moz.com)"
35.187.118.51 - - [01/Aug/2019:15:13:13 +0100] "GET / HTTP/1.1" 403 565 "-" "-"
35.187.118.51 - - [01/Aug/2019:15:13:13 +0100] "GET / HTTP/1.1" 403 565 "-" "-"
63.143.42.250 - - [01/Aug/2019:15:14:26 +0100] "HEAD /index.php HTTP/1.1" 200 0 "https://www.petersweb.me.uk/index.php" "Mozilla/5.0+(compatible; UptimeRobot/2.0; http://www.uptimerobot.com/)"
35.187.118.51 - - [01/Aug/2019:15:17:18 +0100] "GET / HTTP/1.1" 403 565 "-" "-"
35.187.118.51 - - [01/Aug/2019:15:17:18 +0100] "GET / HTTP/1.1" 403 565 "-" "-"
63.143.42.250 - - [01/Aug/2019:15:19:26 +0100] "HEAD /index.php HTTP/1.1" 200 0 "https://www.petersweb.me.uk/index.php" "Mozilla/5.0+(compatible; UptimeRobot/2.0; http://www.uptimerobot.com/)"
35.187.118.51 - - [01/Aug/2019:15:21:17 +0100] "GET / HTTP/1.1" 403 565 "-" "-"
35.187.118.51 - - [01/Aug/2019:15:21:17 +0100] "GET / HTTP/1.1" 403 565 "-" "-"
40.77.167.63 - - [01/Aug/2019:15:23:11 +0100] "GET /index.php HTTP/1.1" 200 12103 "-" "Mozilla/5.0 (compatible; bingbot/2.0; +http://www.bing.com/bingbot.htm)"
40.77.167.63 - - [01/Aug/2019:15:23:12 +0100] "GET /knowledgebase/33/ HTTP/1.1" 200 8656 "-" "Mozilla/5.0 (compatible; bingbot/2.0; +http://www.bing.com/bingbot.htm)"
35.187.118.51 - - [01/Aug/2019:15:24:11 +0100] "GET / HTTP/1.1" 403 565 "-" "-"
35.187.118.51 - - [01/Aug/2019:15:24:12 +0100] "GET / HTTP/1.1" 403 565 "-" "-"
63.143.42.250 - - [01/Aug/2019:15:24:26 +0100] "HEAD /index.php HTTP/1.1" 200 0 "https://www.petersweb.me.uk/index.php" "Mozilla/5.0+(compatible; UptimeRobot/2.0; http://www.uptimerobot.com/)"
35.187.118.51 - - [01/Aug/2019:15:28:14 +0100] "GET / HTTP/1.1" 403 565 "-" "-"
35.187.118.51 - - [01/Aug/2019:15:28:14 +0100] "GET / HTTP/1.1" 403 565 "-" "-"
63.143.42.250 - - [01/Aug/2019:15:29:26 +0100] "HEAD /index.php HTTP/1.1" 200 0 "https://www.petersweb.me.uk/index.php" "Mozilla/5.0+(compatible; UptimeRobot/2.0; http://www.uptimerobot.com/)"
35.187.118.51 - - [01/Aug/2019:15:32:12 +0100] "GET / HTTP/1.1" 403 565 "-" "-"
35.187.118.51 - - [01/Aug/2019:15:32:12 +0100] "GET / HTTP/1.1" 403 565 "-" "-"
63.143.42.250 - - [01/Aug/2019:15:34:26 +0100] "HEAD /index.php HTTP/1.1" 200 0 "https://www.petersweb.me.uk/index.php" "Mozilla/5.0+(compatible; UptimeRobot/2.0; http://www.uptimerobot.com/)"
35.187.118.51 - - [01/Aug/2019:15:36:19 +0100] "GET / HTTP/1.1" 403 565 "-" "-"
35.187.118.51 - - [01/Aug/2019:15:36:19 +0100] "GET / HTTP/1.1" 403 565 "-" "-"
46.229.168.138 - - [01/Aug/2019:15:36:49 +0100] "GET /knowledgebase/10/Wordpress HTTP/1.1" 200 7361 "-" "Mozilla/5.0 (compatible; SemrushBot/3~bl; +http://www.semrush.com/bot.html)"
35.187.118.51 - - [01/Aug/2019:15:39:12 +0100] "GET / HTTP/1.1" 403 565 "-" "-"
35.187.118.51 - - [01/Aug/2019:15:39:12 +0100] "GET / HTTP/1.1" 403 565 "-" "-"
63.143.42.250 - - [01/Aug/2019:15:39:26 +0100] "HEAD /index.php HTTP/1.1" 200 0 "https://www.petersweb.me.uk/index.php" "Mozilla/5.0+(compatible; UptimeRobot/2.0; http://www.uptimerobot.com/)"
40.77.167.16 - - [01/Aug/2019:15:41:49 +0100] "GET /knowledgebase/2/Billing HTTP/1.1" 200 7258 "-" "Mozilla/5.0 (compatible; bingbot/2.0; +http://www.bing.com/bingbot.htm)"
180.76.15.163 - - [01/Aug/2019:15:42:44 +0100] "GET /cart.php?gid=1 HTTP/1.1" 200 6337 "-" "Mozilla/5.0 (compatible; Baiduspider/2.0; +http://www.baidu.com/search/spider.html)"
35.187.118.51 - - [01/Aug/2019:15:43:11 +0100] "GET / HTTP/1.1" 403 565 "-" "-"
35.187.118.51 - - [01/Aug/2019:15:43:12 +0100] "GET / HTTP/1.1" 403 565 "-" "-"
46.229.168.143 - - [01/Aug/2019:15:43:35 +0100] "GET /robots.txt HTTP/1.1" 304 0 "-" "Mozilla/5.0 (compatible; SemrushBot/3~bl; +http://www.semrush.com/bot.html)"
46.229.168.136 - - [01/Aug/2019:15:43:37 +0100] "GET /knowledgebase/75/What-is-is-an-SSD.html HTTP/1.1" 200 9454 "-" "Mozilla/5.0 (compatible; SemrushBot/3~bl; +http://www.semrush.com/bot.html)"
63.143.42.250 - - [01/Aug/2019:15:44:27 +0100] "HEAD /index.php HTTP/1.1" 200 0 "https://www.petersweb.me.uk/index.php" "Mozilla/5.0+(compatible; UptimeRobot/2.0; http://www.uptimerobot.com/)"
35.187.118.51 - - [01/Aug/2019:15:47:12 +0100] "GET / HTTP/1.1" 403 565 "-" "-"
35.187.118.51 - - [01/Aug/2019:15:47:12 +0100] "GET / HTTP/1.1" 403 565 "-" "-"
63.143.42.250 - - [01/Aug/2019:15:49:26 +0100] "HEAD /index.php HTTP/1.1" 200 0 "https://www.petersweb.me.uk/index.php" "Mozilla/5.0+(compatible; UptimeRobot/2.0; http://www.uptimerobot.com/)"
35.187.118.51 - - [01/Aug/2019:15:51:17 +0100] "GET / HTTP/1.1" 403 565 "-" "-"
35.187.118.51 - - [01/Aug/2019:15:51:18 +0100] "GET / HTTP/1.1" 403 565 "-" "-"
35.187.118.51 - - [01/Aug/2019:16:11:15 +0100] "GET / HTTP/1.1" 403 565 "-" "-"
35.187.118.51 - - [01/Aug/2019:16:11:15 +0100] "GET / HTTP/1.1" 403 565 "-" "-"
35.187.118.51 - - [01/Aug/2019:15:54:12 +0100] "GET / HTTP/1.1" 403 565 "-" "-"
35.187.118.51 - - [01/Aug/2019:15:54:12 +0100] "GET / HTTP/1.1" 403 565 "-" "-"
63.143.42.250 - - [01/Aug/2019:15:54:27 +0100] "HEAD /index.php HTTP/1.1" 200 0 "https://www.petersweb.me.uk/index.php" "Mozilla/5.0+(compatible; UptimeRobot/2.0; http://www.uptimerobot.com/)"
108.174.2.214 - - [01/Aug/2019:15:54:45 +0100] "GET /knowledgebase/42/How-to-Disable-Directory-Listing-in-cPanel.html HTTP/1.1" 200 8366 "-" "LinkedInBot/1.0 (compatible; Mozilla/5.0; Apache-HttpClient +http://www.linkedin.com)"
108.174.2.214 - - [01/Aug/2019:15:54:45 +0100] "GET /knowledgebase/42/How-to-Disable-Directory-Listing-in-cPanel.html HTTP/1.1" 200 8367 "-" "LinkedInBot/1.0 (compatible; Mozilla/5.0; Apache-HttpClient +http://www.linkedin.com)"
40.77.167.20 - - [01/Aug/2019:15:56:58 +0100] "GET / HTTP/1.1" 200 12197 "-" "Mozilla/5.0 (compatible; bingbot/2.0; +http://www.bing.com/bingbot.htm)"
35.187.118.51 - - [01/Aug/2019:15:58:13 +0100] "GET / HTTP/1.1" 403 565 "-" "-"
35.187.118.51 - - [01/Aug/2019:15:58:13 +0100] "GET / HTTP/1.1" 403 565 "-" "-"
63.143.42.250 - - [01/Aug/2019:15:59:26 +0100] "HEAD /index.php HTTP/1.1" 200 0 "https://www.petersweb.me.uk/index.php" "Mozilla/5.0+(compatible; UptimeRobot/2.0; http://www.uptimerobot.com/)"
35.187.118.51 - - [01/Aug/2019:16:01:12 +0100] "GET / HTTP/1.1" 403 565 "-" "-"
35.187.118.51 - - [01/Aug/2019:16:01:14 +0100] "GET / HTTP/1.1" 403 565 "-" "-"
206.223.238.195 - - [01/Aug/2019:16:01:19 +0100] "GET /knowledgebase/80/10-ways-to-build-up-your-back-links.html HTTP/1.1" 200 9716 "https://www.petersweb.me.uk" "Mozilla/5.0 (Windows NT 10.0; Win64; x64) AppleWebKit/537.36 (KHTML, like Gecko) Chrome/62.0.3202.94 Safari/537.36"
35.187.118.51 - - [01/Aug/2019:16:04:16 +0100] "GET / HTTP/1.1" 403 565 "-" "-"
35.187.118.51 - - [01/Aug/2019:16:04:17 +0100] "GET / HTTP/1.1" 403 565 "-" "-"
63.143.42.250 - - [01/Aug/2019:16:04:26 +0100] "HEAD /index.php HTTP/1.1" 200 0 "https://www.petersweb.me.uk/index.php" "Mozilla/5.0+(compatible; UptimeRobot/2.0; http://www.uptimerobot.com/)"
35.187.118.51 - - [01/Aug/2019:16:07:12 +0100] "GET / HTTP/1.1" 403 565 "-" "-"
35.187.118.51 - - [01/Aug/2019:16:07:13 +0100] "GET / HTTP/1.1" 403 565 "-" "-"
63.143.42.250 - - [01/Aug/2019:16:09:27 +0100] "HEAD /index.php HTTP/1.1" 200 0 "https://www.petersweb.me.uk/index.php" "Mozilla/5.0+(compatible; UptimeRobot/2.0; http://www.uptimerobot.com/)"
35.187.118.51 - - [01/Aug/2019:16:14:11 +0100] "GET / HTTP/1.1" 403 565 "-" "-"
35.187.118.51 - - [01/Aug/2019:16:14:12 +0100] "GET / HTTP/1.1" 403 565 "-" "-"
63.143.42.250 - - [01/Aug/2019:16:14:26 +0100] "HEAD /index.php HTTP/1.1" 200 0 "https://www.petersweb.me.uk/index.php" "Mozilla/5.0+(compatible; UptimeRobot/2.0; http://www.uptimerobot.com/)"
46.229.168.142 - - [01/Aug/2019:16:16:12 +0100] "GET /robots.txt HTTP/1.1" 304 0 "-" "Mozilla/5.0 (compatible; SemrushBot/3~bl; +http://www.semrush.com/bot.html)"
46.229.168.131 - - [01/Aug/2019:16:16:13 +0100] "GET /knowledgebase/tag/MX-records HTTP/1.1" 200 6916 "-" "Mozilla/5.0 (compatible; SemrushBot/3~bl; +http://www.semrush.com/bot.html)"
35.187.118.51 - - [01/Aug/2019:16:18:15 +0100] "GET / HTTP/1.1" 403 565 "-" "-"
35.187.118.51 - - [01/Aug/2019:16:18:15 +0100] "GET / HTTP/1.1" 403 565 "-" "-"
63.143.42.250 - - [01/Aug/2019:16:19:28 +0100] "HEAD /index.php HTTP/1.1" 200 0 "https://www.petersweb.me.uk/index.php" "Mozilla/5.0+(compatible; UptimeRobot/2.0; http://www.uptimerobot.com/)"
35.187.118.51 - - [01/Aug/2019:16:22:17 +0100] "GET / HTTP/1.1" 403 565 "-" "-"
35.187.118.51 - - [01/Aug/2019:16:22:17 +0100] "GET / HTTP/1.1" 403 565 "-" "-"
35.187.118.51 - - [01/Aug/2019:16:40:16 +0100] "GET / HTTP/1.1" 403 565 "-" "-"
35.187.118.51 - - [01/Aug/2019:16:40:16 +0100] "GET / HTTP/1.1" 403 565 "-" "-"
54.36.150.169 - - [01/Aug/2019:16:40:26 +0100] "GET /knowledgebase/19/Setting-up-wordpress-in-10-steps.html HTTP/1.1" 200 8768 "-" "Mozilla/5.0 (compatible; AhrefsBot/6.1; +http://ahrefs.com/robot/)"
63.143.42.250 - - [01/Aug/2019:16:24:28 +0100] "HEAD /index.php HTTP/1.1" 200 0 "https://www.petersweb.me.uk/index.php" "Mozilla/5.0+(compatible; UptimeRobot/2.0; http://www.uptimerobot.com/)"
54.36.148.235 - - [01/Aug/2019:16:24:37 +0100] "GET /knowledgebase/49/What-is-a-robotstxt-file.html HTTP/1.1" 200 8236 "-" "Mozilla/5.0 (compatible; AhrefsBot/6.1; +http://ahrefs.com/robot/)"
199.59.150.181 - - [01/Aug/2019:16:25:44 +0100] "GET /robots.txt HTTP/1.1" 304 0 "-" "Twitterbot/1.0"
199.59.150.181 - - [01/Aug/2019:16:25:45 +0100] "GET /knowledgebase/18/5-easy-steps-to-keep-your-Wordpress-site-safe.html HTTP/1.1" 200 8922 "-" "Twitterbot/1.0"
35.187.118.51 - - [01/Aug/2019:16:26:15 +0100] "GET / HTTP/1.1" 403 565 "-" "-"
35.187.118.51 - - [01/Aug/2019:16:26:15 +0100] "GET / HTTP/1.1" 403 565 "-" "-"
207.46.13.37 - - [01/Aug/2019:16:27:53 +0100] "GET /knowledgebase/11/Advanced-Web-Tips HTTP/1.1" 200 7417 "-" "Mozilla/5.0 (compatible; bingbot/2.0; +http://www.bing.com/bingbot.htm)"
35.187.118.51 - - [01/Aug/2019:16:29:12 +0100] "GET / HTTP/1.1" 403 565 "-" "-"
35.187.118.51 - - [01/Aug/2019:16:29:12 +0100] "GET / HTTP/1.1" 403 565 "-" "-"
63.143.42.250 - - [01/Aug/2019:16:29:26 +0100] "HEAD /index.php HTTP/1.1" 200 0 "https://www.petersweb.me.uk/index.php" "Mozilla/5.0+(compatible; UptimeRobot/2.0; http://www.uptimerobot.com/)"
35.187.118.51 - - [01/Aug/2019:16:33:11 +0100] "GET / HTTP/1.1" 403 565 "-" "-"
35.187.118.51 - - [01/Aug/2019:16:33:12 +0100] "GET / HTTP/1.1" 403 565 "-" "-"
63.143.42.250 - - [01/Aug/2019:16:34:28 +0100] "HEAD /index.php HTTP/1.1" 200 0 "https://www.petersweb.me.uk/index.php" "Mozilla/5.0+(compatible; UptimeRobot/2.0; http://www.uptimerobot.com/)"
35.187.118.51 - - [01/Aug/2019:16:36:14 +0100] "GET / HTTP/1.1" 403 565 "-" "-"
35.187.118.51 - - [01/Aug/2019:16:36:15 +0100] "GET / HTTP/1.1" 403 565 "-" "-"
63.143.42.250 - - [01/Aug/2019:16:39:26 +0100] "HEAD /index.php HTTP/1.1" 200 0 "https://www.petersweb.me.uk/index.php" "Mozilla/5.0+(compatible; UptimeRobot/2.0; http://www.uptimerobot.com/)"
35.187.118.51 - - [01/Aug/2019:16:43:12 +0100] "GET / HTTP/1.1" 403 565 "-" "-"
35.187.118.51 - - [01/Aug/2019:16:43:12 +0100] "GET / HTTP/1.1" 403 565 "-" "-"
46.229.168.152 - - [01/Aug/2019:16:44:25 +0100] "GET /knowledgebase/63/Creating-databases.html HTTP/1.1" 200 8302 "-" "Mozilla/5.0 (compatible; SemrushBot/3~bl; +http://www.semrush.com/bot.html)"
63.143.42.250 - - [01/Aug/2019:16:44:26 +0100] "HEAD /index.php HTTP/1.1" 200 0 "https://www.petersweb.me.uk/index.php" "Mozilla/5.0+(compatible; UptimeRobot/2.0; http://www.uptimerobot.com/)"
35.187.118.51 - - [01/Aug/2019:16:46:18 +0100] "GET / HTTP/1.1" 403 565 "-" "-"
35.187.118.51 - - [01/Aug/2019:16:46:19 +0100] "GET / HTTP/1.1" 403 565 "-" "-"
35.187.118.51 - - [01/Aug/2019:16:49:11 +0100] "GET / HTTP/1.1" 403 565 "-" "-"
35.187.118.51 - - [01/Aug/2019:16:49:12 +0100] "GET / HTTP/1.1" 403 565 "-" "-"
63.143.42.250 - - [01/Aug/2019:16:49:26 +0100] "HEAD /index.php HTTP/1.1" 200 0 "https://www.petersweb.me.uk/index.php" "Mozilla/5.0+(compatible; UptimeRobot/2.0; http://www.uptimerobot.com/)"
216.244.66.197 - - [01/Aug/2019:16:50:26 +0100] "GET /robots.txt HTTP/1.1" 304 0 "-" "Mozilla/5.0 (compatible; DotBot/1.1; http://www.opensiteexplorer.org/dotbot, help@moz.com)"
35.187.118.51 - - [01/Aug/2019:16:53:14 +0100] "GET / HTTP/1.1" 403 565 "-" "-"
35.187.118.51 - - [01/Aug/2019:16:53:15 +0100] "GET / HTTP/1.1" 403 565 "-" "-"
63.143.42.250 - - [01/Aug/2019:16:54:30 +0100] "HEAD /index.php HTTP/1.1" 200 0 "https://www.petersweb.me.uk/index.php" "Mozilla/5.0+(compatible; UptimeRobot/2.0; http://www.uptimerobot.com/)"
35.187.118.51 - - [01/Aug/2019:16:57:11 +0100] "GET / HTTP/1.1" 403 565 "-" "-"
35.187.118.51 - - [01/Aug/2019:16:57:12 +0100] "GET / HTTP/1.1" 403 565 "-" "-"
207.46.13.37 - - [01/Aug/2019:16:57:19 +0100] "GET /announcements HTTP/1.1" 200 6128 "-" "Mozilla/5.0 (compatible; bingbot/2.0; +http://www.bing.com/bingbot.htm)"
63.143.42.250 - - [01/Aug/2019:16:59:26 +0100] "HEAD /index.php HTTP/1.1" 200 0 "https://www.petersweb.me.uk/index.php" "Mozilla/5.0+(compatible; UptimeRobot/2.0; http://www.uptimerobot.com/)"
35.187.118.51 - - [01/Aug/2019:17:01:13 +0100] "GET / HTTP/1.1" 403 565 "-" "-"
35.187.118.51 - - [01/Aug/2019:17:01:13 +0100] "GET / HTTP/1.1" 403 565 "-" "-"
35.187.118.51 - - [01/Aug/2019:17:04:18 +0100] "GET / HTTP/1.1" 403 565 "-" "-"
35.187.118.51 - - [01/Aug/2019:17:04:18 +0100] "GET / HTTP/1.1" 403 565 "-" "-"
63.143.42.250 - - [01/Aug/2019:17:04:26 +0100] "HEAD /index.php HTTP/1.1" 200 0 "https://www.petersweb.me.uk/index.php" "Mozilla/5.0+(compatible; UptimeRobot/2.0; http://www.uptimerobot.com/)"
46.229.168.145 - - [01/Aug/2019:17:07:27 +0100] "GET /robots.txt HTTP/1.1" 304 0 "-" "Mozilla/5.0 (compatible; SemrushBot/3~bl; +http://www.semrush.com/bot.html)"
46.229.168.133 - - [01/Aug/2019:17:07:29 +0100] "GET /knowledgebase/26/What-is-FTP.html HTTP/1.1" 200 8248 "-" "Mozilla/5.0 (compatible; SemrushBot/3~bl; +http://www.semrush.com/bot.html)"
35.187.118.51 - - [01/Aug/2019:17:08:16 +0100] "GET / HTTP/1.1" 403 565 "-" "-"
35.187.118.51 - - [01/Aug/2019:17:08:16 +0100] "GET / HTTP/1.1" 403 565 "-" "-"
63.143.42.250 - - [01/Aug/2019:17:09:26 +0100] "HEAD /index.php HTTP/1.1" 200 0 "https://www.petersweb.me.uk/index.php" "Mozilla/5.0+(compatible; UptimeRobot/2.0; http://www.uptimerobot.com/)"
54.36.148.202 - - [01/Aug/2019:17:11:55 +0100] "GET /knowledgebase/45/Why-Wordpress-is-NOT-a-forum.html HTTP/1.1" 200 8080 "-" "Mozilla/5.0 (compatible; AhrefsBot/6.1; +http://ahrefs.com/robot/)"
35.187.118.51 - - [01/Aug/2019:17:12:13 +0100] "GET / HTTP/1.1" 403 565 "-" "-"
35.187.118.51 - - [01/Aug/2019:17:12:13 +0100] "GET / HTTP/1.1" 403 565 "-" "-"
63.143.42.250 - - [01/Aug/2019:17:14:26 +0100] "HEAD /index.php HTTP/1.1" 200 0 "https://www.petersweb.me.uk/index.php" "Mozilla/5.0+(compatible; UptimeRobot/2.0; http://www.uptimerobot.com/)"
35.187.118.51 - - [01/Aug/2019:17:16:16 +0100] "GET / HTTP/1.1" 403 565 "-" "-"
35.187.118.51 - - [01/Aug/2019:17:16:16 +0100] "GET / HTTP/1.1" 403 565 "-" "-"
35.187.118.51 - - [01/Aug/2019:17:19:11 +0100] "GET / HTTP/1.1" 403 565 "-" "-"
35.187.118.51 - - [01/Aug/2019:17:19:11 +0100] "GET / HTTP/1.1" 403 565 "-" "-"
63.143.42.250 - - [01/Aug/2019:17:19:26 +0100] "HEAD /index.php HTTP/1.1" 200 0 "https://www.petersweb.me.uk/index.php" "Mozilla/5.0+(compatible; UptimeRobot/2.0; http://www.uptimerobot.com/)"
35.187.118.51 - - [01/Aug/2019:17:23:15 +0100] "GET / HTTP/1.1" 403 565 "-" "-"
35.187.118.51 - - [01/Aug/2019:17:23:15 +0100] "GET / HTTP/1.1" 403 565 "-" "-"
63.143.42.250 - - [01/Aug/2019:17:24:26 +0100] "HEAD /index.php HTTP/1.1" 200 0 "https://www.petersweb.me.uk/index.php" "Mozilla/5.0+(compatible; UptimeRobot/2.0; http://www.uptimerobot.com/)"
35.187.118.51 - - [01/Aug/2019:17:27:16 +0100] "GET / HTTP/1.1" 403 565 "-" "-"
35.187.118.51 - - [01/Aug/2019:17:27:16 +0100] "GET / HTTP/1.1" 403 565 "-" "-"
63.143.42.250 - - [01/Aug/2019:17:29:26 +0100] "HEAD /index.php HTTP/1.1" 200 0 "https://www.petersweb.me.uk/index.php" "Mozilla/5.0+(compatible; UptimeRobot/2.0; http://www.uptimerobot.com/)"
35.187.118.51 - - [01/Aug/2019:17:31:14 +0100] "GET / HTTP/1.1" 403 565 "-" "-"
35.187.118.51 - - [01/Aug/2019:17:31:14 +0100] "GET / HTTP/1.1" 403 565 "-" "-"
35.187.118.51 - - [01/Aug/2019:17:34:11 +0100] "GET / HTTP/1.1" 403 565 "-" "-"
35.187.118.51 - - [01/Aug/2019:17:34:11 +0100] "GET / HTTP/1.1" 403 565 "-" "-"
63.143.42.250 - - [01/Aug/2019:17:34:30 +0100] "HEAD /index.php HTTP/1.1" 200 0 "https://www.petersweb.me.uk/index.php" "Mozilla/5.0+(compatible; UptimeRobot/2.0; http://www.uptimerobot.com/)"
46.229.168.152 - - [01/Aug/2019:17:35:16 +0100] "GET /knowledgebase/37/Adding-a-site-and-creating-packages-in-WHM.html HTTP/1.1" 302 0 "-" "Mozilla/5.0 (compatible; SemrushBot/3~bl; +http://www.semrush.com/bot.html)"
46.229.168.163 - - [01/Aug/2019:17:35:18 +0100] "GET /knowledgebase HTTP/1.1" 200 7472 "-" "Mozilla/5.0 (compatible; SemrushBot/3~bl; +http://www.semrush.com/bot.html)"
35.187.118.51 - - [01/Aug/2019:17:37:16 +0100] "GET / HTTP/1.1" 403 565 "-" "-"
35.187.118.51 - - [01/Aug/2019:17:37:16 +0100] "GET / HTTP/1.1" 403 565 "-" "-"
63.143.42.250 - - [01/Aug/2019:17:39:26 +0100] "HEAD /index.php HTTP/1.1" 200 0 "https://www.petersweb.me.uk/index.php" "Mozilla/5.0+(compatible; UptimeRobot/2.0; http://www.uptimerobot.com/)"
35.187.118.51 - - [01/Aug/2019:17:41:11 +0100] "GET / HTTP/1.1" 403 565 "-" "-"
35.187.118.51 - - [01/Aug/2019:17:41:11 +0100] "GET / HTTP/1.1" 403 565 "-" "-"
35.187.118.51 - - [01/Aug/2019:17:44:11 +0100] "GET / HTTP/1.1" 403 565 "-" "-"
35.187.118.51 - - [01/Aug/2019:17:44:11 +0100] "GET / HTTP/1.1" 403 565 "-" "-"
63.143.42.250 - - [01/Aug/2019:17:44:26 +0100] "HEAD /index.php HTTP/1.1" 200 0 "https://www.petersweb.me.uk/index.php" "Mozilla/5.0+(compatible; UptimeRobot/2.0; http://www.uptimerobot.com/)"
46.229.168.145 - - [01/Aug/2019:17:46:36 +0100] "GET /robots.txt HTTP/1.1" 304 0 "-" "Mozilla/5.0 (compatible; SemrushBot/3~bl; +http://www.semrush.com/bot.html)"
46.229.168.153 - - [01/Aug/2019:17:46:36 +0100] "GET /knowledgebase/3/Advanced-webhosting-topics HTTP/1.1" 200 7230 "-" "Mozilla/5.0 (compatible; SemrushBot/3~bl; +http://www.semrush.com/bot.html)"
35.187.118.51 - - [01/Aug/2019:17:48:14 +0100] "GET / HTTP/1.1" 403 565 "-" "-"
35.187.118.51 - - [01/Aug/2019:17:48:14 +0100] "GET / HTTP/1.1" 403 565 "-" "-"
63.143.42.250 - - [01/Aug/2019:17:49:26 +0100] "HEAD /index.php HTTP/1.1" 200 0 "https://www.petersweb.me.uk/index.php" "Mozilla/5.0+(compatible; UptimeRobot/2.0; http://www.uptimerobot.com/)"
35.187.118.51 - - [01/Aug/2019:17:51:18 +0100] "GET / HTTP/1.1" 403 565 "-" "-"
35.187.118.51 - - [01/Aug/2019:17:51:18 +0100] "GET / HTTP/1.1" 403 565 "-" "-"
35.187.118.51 - - [01/Aug/2019:17:54:22 +0100] "GET / HTTP/1.1" 403 565 "-" "-"
35.187.118.51 - - [01/Aug/2019:17:54:22 +0100] "GET / HTTP/1.1" 403 565 "-" "-"
63.143.42.250 - - [01/Aug/2019:17:54:26 +0100] "HEAD /index.php HTTP/1.1" 200 0 "https://www.petersweb.me.uk/index.php" "Mozilla/5.0+(compatible; UptimeRobot/2.0; http://www.uptimerobot.com/)"
63.143.42.250 - - [01/Aug/2019:18:09:26 +0100] "HEAD /index.php HTTP/1.1" 200 0 "https://www.petersweb.me.uk/index.php" "Mozilla/5.0+(compatible; UptimeRobot/2.0; http://www.uptimerobot.com/)"
35.187.118.51 - - [01/Aug/2019:18:10:17 +0100] "GET / HTTP/1.1" 403 565 "-" "-"
35.187.118.51 - - [01/Aug/2019:18:10:18 +0100] "GET / HTTP/1.1" 403 565 "-" "-"
35.187.118.51 - - [01/Aug/2019:17:58:12 +0100] "GET / HTTP/1.1" 403 565 "-" "-"
35.187.118.51 - - [01/Aug/2019:17:58:12 +0100] "GET / HTTP/1.1" 403 565 "-" "-"
63.143.42.250 - - [01/Aug/2019:17:59:26 +0100] "HEAD /index.php HTTP/1.1" 200 0 "https://www.petersweb.me.uk/index.php" "Mozilla/5.0+(compatible; UptimeRobot/2.0; http://www.uptimerobot.com/)"
66.249.79.26 - - [01/Aug/2019:18:01:55 +0100] "GET /knowledgebase/48/ HTTP/1.1" 200 8679 "-" "Mozilla/5.0 (compatible; Googlebot/2.1; +http://www.google.com/bot.html)"
35.187.118.51 - - [01/Aug/2019:18:02:14 +0100] "GET / HTTP/1.1" 403 565 "-" "-"
35.187.118.51 - - [01/Aug/2019:18:02:14 +0100] "GET / HTTP/1.1" 403 565 "-" "-"
63.143.42.250 - - [01/Aug/2019:18:04:26 +0100] "HEAD /index.php HTTP/1.1" 200 0 "https://www.petersweb.me.uk/index.php" "Mozilla/5.0+(compatible; UptimeRobot/2.0; http://www.uptimerobot.com/)"
35.187.118.51 - - [01/Aug/2019:18:06:13 +0100] "GET / HTTP/1.1" 403 565 "-" "-"
35.187.118.51 - - [01/Aug/2019:18:06:13 +0100] "GET / HTTP/1.1" 403 565 "-" "-"
46.229.168.153 - - [01/Aug/2019:18:10:53 +0100] "GET /knowledgebase/tag/dot-file HTTP/1.1" 200 6890 "-" "Mozilla/5.0 (compatible; SemrushBot/3~bl; +http://www.semrush.com/bot.html)"
35.187.118.51 - - [01/Aug/2019:18:13:12 +0100] "GET / HTTP/1.1" 403 565 "-" "-"
35.187.118.51 - - [01/Aug/2019:18:13:12 +0100] "GET / HTTP/1.1" 403 565 "-" "-"
63.143.42.250 - - [01/Aug/2019:18:14:30 +0100] "HEAD /index.php HTTP/1.1" 200 0 "https://www.petersweb.me.uk/index.php" "Mozilla/5.0+(compatible; UptimeRobot/2.0; http://www.uptimerobot.com/)"
35.187.118.51 - - [01/Aug/2019:18:17:13 +0100] "GET / HTTP/1.1" 403 565 "-" "-"
35.187.118.51 - - [01/Aug/2019:18:17:13 +0100] "GET / HTTP/1.1" 403 565 "-" "-"
63.143.42.250 - - [01/Aug/2019:18:19:26 +0100] "HEAD /index.php HTTP/1.1" 200 0 "https://www.petersweb.me.uk/index.php" "Mozilla/5.0+(compatible; UptimeRobot/2.0; http://www.uptimerobot.com/)"
35.187.118.51 - - [01/Aug/2019:18:21:11 +0100] "GET / HTTP/1.1" 403 565 "-" "-"
35.187.118.51 - - [01/Aug/2019:18:21:12 +0100] "GET / HTTP/1.1" 403 565 "-" "-"
35.187.118.51 - - [01/Aug/2019:18:24:16 +0100] "GET / HTTP/1.1" 403 565 "-" "-"
35.187.118.51 - - [01/Aug/2019:18:24:16 +0100] "GET / HTTP/1.1" 403 565 "-" "-"
63.143.42.250 - - [01/Aug/2019:18:24:26 +0100] "HEAD /index.php HTTP/1.1" 200 0 "https://www.petersweb.me.uk/index.php" "Mozilla/5.0+(compatible; UptimeRobot/2.0; http://www.uptimerobot.com/)"
46.229.168.150 - - [01/Aug/2019:18:26:16 +0100] "GET /robots.txt HTTP/1.1" 304 0 "-" "Mozilla/5.0 (compatible; SemrushBot/3~bl; +http://www.semrush.com/bot.html)"
46.229.168.142 - - [01/Aug/2019:18:26:17 +0100] "GET /knowledgebase/70/What-is-a-DDOS.html HTTP/1.1" 200 8438 "-" "Mozilla/5.0 (compatible; SemrushBot/3~bl; +http://www.semrush.com/bot.html)"
5.196.56.126 - - [01/Aug/2019:18:27:54 +0100] "GET / HTTP/1.1" 200 12197 "-" "Mozilla/5.0 (Windows NT 6.3; WOW64; rv:59.0) Gecko/20100101 Firefox/59.0"
5.196.56.99 - - [01/Aug/2019:18:27:54 +0100] "GET /contact.php HTTP/1.1" 200 4796 "http://www.petersweb.me.uk/" "Mozilla/5.0 (Windows NT 6.3; WOW64; rv:59.0) Gecko/20100101 Firefox/59.0"
35.187.118.51 - - [01/Aug/2019:18:28:11 +0100] "GET / HTTP/1.1" 403 565 "-" "-"
35.187.118.51 - - [01/Aug/2019:18:28:12 +0100] "GET / HTTP/1.1" 403 565 "-" "-"
5.196.56.99 - - [01/Aug/2019:18:29:21 +0100] "POST /contact.php HTTP/1.1" 200 6208 "https://www.petersweb.me.uk/contact.php" "Mozilla/5.0 (Windows NT 6.3; WOW64; rv:59.0) Gecko/20100101 Firefox/59.0"
63.143.42.250 - - [01/Aug/2019:18:29:30 +0100] "HEAD /index.php HTTP/1.1" 200 0 "https://www.petersweb.me.uk/index.php" "Mozilla/5.0+(compatible; UptimeRobot/2.0; http://www.uptimerobot.com/)"
216.244.66.197 - - [01/Aug/2019:18:29:32 +0100] "GET /robots.txt HTTP/1.1" 304 0 "-" "Mozilla/5.0 (compatible; DotBot/1.1; http://www.opensiteexplorer.org/dotbot, help@moz.com)"
35.187.118.51 - - [01/Aug/2019:18:32:14 +0100] "GET / HTTP/1.1" 403 565 "-" "-"
35.187.118.51 - - [01/Aug/2019:18:32:14 +0100] "GET / HTTP/1.1" 403 565 "-" "-"
63.143.42.250 - - [01/Aug/2019:18:34:26 +0100] "HEAD /index.php HTTP/1.1" 200 0 "https://www.petersweb.me.uk/index.php" "Mozilla/5.0+(compatible; UptimeRobot/2.0; http://www.uptimerobot.com/)"
35.187.118.51 - - [01/Aug/2019:18:36:18 +0100] "GET / HTTP/1.1" 403 565 "-" "-"
35.187.118.51 - - [01/Aug/2019:18:36:18 +0100] "GET / HTTP/1.1" 403 565 "-" "-"
2a03:2880:20ff:7::face:b00c - - [01/Aug/2019:18:37:24 +0100] "GET /knowledgebase/10/Information-on-SSL-.html HTTP/1.1" 200 8754 "-" "facebookexternalhit/1.1 (+http://www.facebook.com/externalhit_uatext.php)"
2a03:2880:20ff:10::face:b00c - - [01/Aug/2019:18:37:25 +0100] "GET /knowledgebase/10/Information-on-SSL-.html HTTP/1.1" 200 8755 "-" "facebookexternalhit/1.1 (+http://www.facebook.com/externalhit_uatext.php)"
35.187.118.51 - - [01/Aug/2019:18:39:12 +0100] "GET / HTTP/1.1" 403 565 "-" "-"
35.187.118.51 - - [01/Aug/2019:18:39:12 +0100] "GET / HTTP/1.1" 403 565 "-" "-"
63.143.42.250 - - [01/Aug/2019:18:39:31 +0100] "HEAD /index.php HTTP/1.1" 200 0 "https://www.petersweb.me.uk/index.php" "Mozilla/5.0+(compatible; UptimeRobot/2.0; http://www.uptimerobot.com/)"
35.187.118.51 - - [01/Aug/2019:18:43:17 +0100] "GET / HTTP/1.1" 403 565 "-" "-"
35.187.118.51 - - [01/Aug/2019:18:43:17 +0100] "GET / HTTP/1.1" 403 565 "-" "-"
63.143.42.250 - - [01/Aug/2019:18:44:26 +0100] "HEAD /index.php HTTP/1.1" 200 0 "https://www.petersweb.me.uk/index.php" "Mozilla/5.0+(compatible; UptimeRobot/2.0; http://www.uptimerobot.com/)"
35.187.118.51 - - [01/Aug/2019:18:47:14 +0100] "GET / HTTP/1.1" 403 565 "-" "-"
35.187.118.51 - - [01/Aug/2019:18:47:14 +0100] "GET / HTTP/1.1" 403 565 "-" "-"
54.36.150.46 - - [01/Aug/2019:18:50:57 +0100] "GET /invoicing/announcements/4/Like-us-on-face-book.html HTTP/1.1" 404 4375 "-" "Mozilla/5.0 (compatible; AhrefsBot/6.1; +http://ahrefs.com/robot/)"
35.187.118.51 - - [01/Aug/2019:18:51:11 +0100] "GET / HTTP/1.1" 403 565 "-" "-"
207.46.13.156 - - [01/Aug/2019:18:48:58 +0100] "GET /knowledgebase/tag/Google-Analytics HTTP/1.1" 200 6883 "-" "Mozilla/5.0 (compatible; bingbot/2.0; +http://www.bing.com/bingbot.htm)"
63.143.42.250 - - [01/Aug/2019:18:49:26 +0100] "HEAD /index.php HTTP/1.1" 200 0 "https://www.petersweb.me.uk/index.php" "Mozilla/5.0+(compatible; UptimeRobot/2.0; http://www.uptimerobot.com/)"
35.187.118.51 - - [01/Aug/2019:18:51:11 +0100] "GET / HTTP/1.1" 403 565 "-" "-"
41.13.0.19 - - [01/Aug/2019:18:51:23 +0100] "GET /knowledgebase/43/5-unexpected-ways-in-which-slow-website-performance-can-hit-your-income.html HTTP/1.1" 200 10904 "-" "Mozilla/5.0 (Linux; Android 4.2.1; en-us; Nexus 5 Build/JOP40D) AppleWebKit/535.19 (KHTML, like Gecko; googleweblight) Chrome/38.0.1025.166 Mobile Safari/535.19"
41.13.0.19 - - [01/Aug/2019:18:51:24 +0100] "GET /assets/css/fontawesome-all.min.css HTTP/1.1" 200 14349 "-" "Mozilla/5.0 (Linux; Android 4.2.1; en-us; Nexus 5 Build/JOP40D) AppleWebKit/535.19 (KHTML, like Gecko; googleweblight) Chrome/38.0.1025.166 Mobile Safari/535.19"
41.13.0.19 - - [01/Aug/2019:18:51:24 +0100] "GET /assets/img/logo.jpg HTTP/1.1" 200 26669 "-" "Mozilla/5.0 (Linux; Android 4.2.1; en-us; Nexus 5 Build/JOP40D) AppleWebKit/535.19 (KHTML, like Gecko; googleweblight) Chrome/38.0.1025.166 Mobile Safari/535.19"
41.13.0.19 - - [01/Aug/2019:18:51:24 +0100] "GET /templates/Peterswebnew/css/all.min.css?v=224c48 HTTP/1.1" 200 45373 "-" "Mozilla/5.0 (Linux; Android 4.2.1; en-us; Nexus 5 Build/JOP40D) AppleWebKit/535.19 (KHTML, like Gecko; googleweblight) Chrome/38.0.1025.166 Mobile Safari/535.19"
41.13.0.19 - - [01/Aug/2019:18:51:23 +0100] "GET /templates/Peterswebnew/js/scripts.min.js?v=224c48 HTTP/1.1" 200 196292 "-" "Mozilla/5.0 (Linux; Android 4.2.1; en-us; Nexus 5 Build/JOP40D) AppleWebKit/535.19 (KHTML, like Gecko; googleweblight) Chrome/38.0.1025.166 Mobile Safari/535.19"
157.55.39.115 - - [01/Aug/2019:18:51:41 +0100] "GET /knowledgebase/49/What-is-a-robotstxt-file.html HTTP/1.1" 200 8240 "-" "Mozilla/5.0 (compatible; bingbot/2.0; +http://www.bing.com/bingbot.htm)"
35.187.118.51 - - [01/Aug/2019:18:54:12 +0100] "GET / HTTP/1.1" 403 565 "-" "-"
35.187.118.51 - - [01/Aug/2019:18:54:13 +0100] "GET / HTTP/1.1" 403 565 "-" "-"
63.143.42.250 - - [01/Aug/2019:18:54:26 +0100] "HEAD /index.php HTTP/1.1" 200 0 "https://www.petersweb.me.uk/index.php" "Mozilla/5.0+(compatible; UptimeRobot/2.0; http://www.uptimerobot.com/)"
35.187.118.51 - - [01/Aug/2019:18:58:17 +0100] "GET / HTTP/1.1" 403 565 "-" "-"
35.187.118.51 - - [01/Aug/2019:18:58:17 +0100] "GET / HTTP/1.1" 403 565 "-" "-"
63.143.42.250 - - [01/Aug/2019:18:59:27 +0100] "HEAD /index.php HTTP/1.1" 200 0 "https://www.petersweb.me.uk/index.php" "Mozilla/5.0+(compatible; UptimeRobot/2.0; http://www.uptimerobot.com/)"
35.187.118.51 - - [01/Aug/2019:19:02:12 +0100] "GET / HTTP/1.1" 403 565 "-" "-"
35.187.118.51 - - [01/Aug/2019:19:02:13 +0100] "GET / HTTP/1.1" 403 565 "-" "-"
63.143.42.250 - - [01/Aug/2019:19:04:26 +0100] "HEAD /index.php HTTP/1.1" 200 0 "https://www.petersweb.me.uk/index.php" "Mozilla/5.0+(compatible; UptimeRobot/2.0; http://www.uptimerobot.com/)"
35.187.118.51 - - [01/Aug/2019:19:06:12 +0100] "GET / HTTP/1.1" 403 565 "-" "-"
35.187.118.51 - - [01/Aug/2019:19:06:12 +0100] "GET / HTTP/1.1" 403 565 "-" "-"
35.187.118.51 - - [01/Aug/2019:19:09:11 +0100] "GET / HTTP/1.1" 403 565 "-" "-"
35.187.118.51 - - [01/Aug/2019:19:09:11 +0100] "GET / HTTP/1.1" 403 565 "-" "-"
63.143.42.250 - - [01/Aug/2019:19:09:26 +0100] "HEAD /index.php HTTP/1.1" 200 0 "https://www.petersweb.me.uk/index.php" "Mozilla/5.0+(compatible; UptimeRobot/2.0; http://www.uptimerobot.com/)"
46.229.168.136 - - [01/Aug/2019:19:11:50 +0100] "GET /robots.txt HTTP/1.1" 304 0 "-" "Mozilla/5.0 (compatible; SemrushBot/3~bl; +http://www.semrush.com/bot.html)"
46.229.168.136 - - [01/Aug/2019:19:11:52 +0100] "GET /knowledgebase/tag/social-media HTTP/1.1" 200 6930 "-" "Mozilla/5.0 (compatible; SemrushBot/3~bl; +http://www.semrush.com/bot.html)"
35.187.118.51 - - [01/Aug/2019:19:13:10 +0100] "GET / HTTP/1.1" 403 565 "-" "-"
35.187.118.51 - - [01/Aug/2019:19:13:12 +0100] "GET / HTTP/1.1" 403 565 "-" "-"
63.143.42.250 - - [01/Aug/2019:19:14:26 +0100] "HEAD /index.php HTTP/1.1" 200 0 "https://www.petersweb.me.uk/index.php" "Mozilla/5.0+(compatible; UptimeRobot/2.0; http://www.uptimerobot.com/)"
35.187.118.51 - - [01/Aug/2019:19:16:11 +0100] "GET / HTTP/1.1" 403 565 "-" "-"
35.187.118.51 - - [01/Aug/2019:19:16:12 +0100] "GET / HTTP/1.1" 403 565 "-" "-"
216.244.66.197 - - [01/Aug/2019:19:18:43 +0100] "GET /robots.txt HTTP/1.1" 304 0 "-" "Mozilla/5.0 (compatible; DotBot/1.1; http://www.opensiteexplorer.org/dotbot, help@moz.com)"
35.187.118.51 - - [01/Aug/2019:19:19:11 +0100] "GET / HTTP/1.1" 403 565 "-" "-"
35.187.118.51 - - [01/Aug/2019:19:19:11 +0100] "GET / HTTP/1.1" 403 565 "-" "-"
63.143.42.250 - - [01/Aug/2019:19:19:26 +0100] "HEAD /index.php HTTP/1.1" 200 0 "https://www.petersweb.me.uk/index.php" "Mozilla/5.0+(compatible; UptimeRobot/2.0; http://www.uptimerobot.com/)"
2a02:c7f:b01a:f000:80b0:62b0:6476:184c - - [01/Aug/2019:19:19:51 +0100] "GET / HTTP/1.1" 200 12201 "-" "Mozilla/5.0 (X11; Linux x86_64) AppleWebKit/537.36 (KHTML, like Gecko) Chrome/49.0.2623.75 Safari/537.36 Google Favicon"
2a02:c7f:b01a:f000:80b0:62b0:6476:184c - - [01/Aug/2019:19:19:52 +0100] "GET /images/icons/favicon-16x16.png HTTP/1.1" 200 985 "-" "Mozilla/5.0 (X11; Linux x86_64) AppleWebKit/537.36 (KHTML, like Gecko) Chrome/49.0.2623.75 Safari/537.36 Google Favicon"
216.244.66.197 - - [01/Aug/2019:19:21:38 +0100] "GET /knowledgebase/tag/organise HTTP/1.1" 200 6903 "-" "Mozilla/5.0 (compatible; DotBot/1.1; http://www.opensiteexplorer.org/dotbot, help@moz.com)"
35.187.118.51 - - [01/Aug/2019:19:23:12 +0100] "GET / HTTP/1.1" 403 565 "-" "-"
35.187.118.51 - - [01/Aug/2019:19:23:12 +0100] "GET / HTTP/1.1" 403 565 "-" "-"
63.143.42.250 - - [01/Aug/2019:19:24:26 +0100] "HEAD /index.php HTTP/1.1" 200 0 "https://www.petersweb.me.uk/index.php" "Mozilla/5.0+(compatible; UptimeRobot/2.0; http://www.uptimerobot.com/)"
35.187.118.51 - - [01/Aug/2019:19:26:11 +0100] "GET / HTTP/1.1" 403 565 "-" "-"
35.187.118.51 - - [01/Aug/2019:19:26:11 +0100] "GET / HTTP/1.1" 403 565 "-" "-"
35.187.118.51 - - [01/Aug/2019:19:29:19 +0100] "GET / HTTP/1.1" 403 565 "-" "-"
35.187.118.51 - - [01/Aug/2019:19:29:19 +0100] "GET / HTTP/1.1" 403 565 "-" "-"
63.143.42.250 - - [01/Aug/2019:19:29:26 +0100] "HEAD /index.php HTTP/1.1" 200 0 "https://www.petersweb.me.uk/index.php" "Mozilla/5.0+(compatible; UptimeRobot/2.0; http://www.uptimerobot.com/)"
35.187.118.51 - - [01/Aug/2019:19:32:42 +0100] "GET / HTTP/1.1" 403 565 "-" "-"
35.187.118.51 - - [01/Aug/2019:19:32:42 +0100] "GET / HTTP/1.1" 403 565 "-" "-"
63.143.42.250 - - [01/Aug/2019:19:34:26 +0100] "HEAD /index.php HTTP/1.1" 200 0 "https://www.petersweb.me.uk/index.php" "Mozilla/5.0+(compatible; UptimeRobot/2.0; http://www.uptimerobot.com/)"
35.187.118.51 - - [01/Aug/2019:19:36:29 +0100] "GET / HTTP/1.1" 403 565 "-" "-"
35.187.118.51 - - [01/Aug/2019:19:36:29 +0100] "GET / HTTP/1.1" 403 565 "-" "-"
63.143.42.250 - - [01/Aug/2019:19:39:27 +0100] "HEAD /index.php HTTP/1.1" 200 0 "https://www.petersweb.me.uk/index.php" "Mozilla/5.0+(compatible; UptimeRobot/2.0; http://www.uptimerobot.com/)"
35.187.118.51 - - [01/Aug/2019:19:39:51 +0100] "GET / HTTP/1.1" 403 565 "-" "-"
35.187.118.51 - - [01/Aug/2019:19:39:51 +0100] "GET / HTTP/1.1" 403 565 "-" "-"
77.88.5.41 - - [01/Aug/2019:19:40:41 +0100] "GET /robots.txt HTTP/1.1" 304 0 "-" "Mozilla/5.0 (compatible; YandexBot/3.0; +http://yandex.com/bots)"
77.88.47.20 - - [01/Aug/2019:19:40:45 +0100] "GET /images/icons/favicon-32x32.png HTTP/1.1" 200 1526 "-" "Mozilla/5.0 (compatible; YandexBot/3.0; +http://yandex.com/bots)"
35.187.118.51 - - [01/Aug/2019:19:43:34 +0100] "GET / HTTP/1.1" 403 565 "-" "-"
35.187.118.51 - - [01/Aug/2019:19:43:34 +0100] "GET / HTTP/1.1" 403 565 "-" "-"
66.249.79.28 - - [01/Aug/2019:19:44:02 +0100] "GET /knowledgebase/26/What-is-FTP.html HTTP/1.1" 200 8252 "-" "Mozilla/5.0 (Linux; Android 6.0.1; Nexus 5X Build/MMB29P) AppleWebKit/537.36 (KHTML, like Gecko) Chrome/41.0.2272.96 Mobile Safari/537.36 (compatible; Googlebot/2.1; +http://www.google.com/bot.html)"
66.249.79.28 - - [01/Aug/2019:19:44:06 +0100] "GET /assets/css/fontawesome-all.min.css HTTP/1.1" 200 14349 "https://www.petersweb.me.uk/knowledgebase/26/What-is-FTP.html" "Mozilla/5.0 (Linux; Android 6.0.1; Nexus 5X Build/MMB29P) AppleWebKit/537.36 (KHTML, like Gecko) Chrome/41.0.2272.96 Mobile Safari/537.36 (compatible; Googlebot/2.1; +http://www.google.com/bot.html)"
