162.158.64.244 - - [01/Aug/2019:01:49:56 +0100] "GET /assets/img/blogs/96.jpg HTTP/1.1" 200 8415588 "https://www.petersweb.me.uk/" "Mozilla/5.0 (compatible; CloudFlare-AlwaysOnline/1.0; +http://www.cloudflare.com/always-online) AppleWebKit/534.34"
162.158.64.244 - - [01/Aug/2019:01:49:57 +0100] "GET /assets/webfonts/fa-brands-400.woff HTTP/1.1" 200 75012 "https://www.petersweb.me.uk/" "Mozilla/5.0 (compatible; CloudFlare-AlwaysOnline/1.0; +http://www.cloudflare.com/always-online) AppleWebKit/534.34"
162.158.64.244 - - [01/Aug/2019:01:49:56 +0100] "GET /assets/webfonts/fa-light-300.woff HTTP/1.1" 200 139684 "https://www.petersweb.me.uk/" "Mozilla/5.0 (compatible; CloudFlare-AlwaysOnline/1.0; +http://www.cloudflare.com/always-online) AppleWebKit/534.34"
162.158.64.244 - - [01/Aug/2019:01:49:57 +0100] "GET /cart.php?a=add&domain=transfer HTTP/1.1" 200 6178 "-" "Mozilla/5.0 (compatible; CloudFlare-AlwaysOnline/1.0; +http://www.cloudflare.com/always-online) AppleWebKit/534.34"
162.158.64.244 - - [01/Aug/2019:01:49:58 +0100] "GET /templates/Peterswebnew/css/all.min.css?v=224c48 HTTP/1.1" 200 45373 "https://www.petersweb.me.uk/cart.php?a=add&domain=transfer" "Mozilla/5.0 (compatible; CloudFlare-AlwaysOnline/1.0; +http://www.cloudflare.com/always-online) AppleWebKit/534.34"
162.158.64.244 - - [01/Aug/2019:01:49:58 +0100] "GET /templates/orderforms/standard_cart/css/all.min.css?v=224c48 HTTP/1.1" 200 5545 "https://www.petersweb.me.uk/cart.php?a=add&domain=transfer" "Mozilla/5.0 (compatible; CloudFlare-AlwaysOnline/1.0; +http://www.cloudflare.com/always-online) AppleWebKit/534.34"
162.158.64.244 - - [01/Aug/2019:01:49:59 +0100] "GET /templates/orderforms/standard_cart/js/scripts.min.js?v=224c48 HTTP/1.1" 200 15271 "https://www.petersweb.me.uk/cart.php?a=add&domain=transfer" "Mozilla/5.0 (compatible; CloudFlare-AlwaysOnline/1.0; +http://www.cloudflare.com/always-online) AppleWebKit/534.34"
162.158.64.244 - - [01/Aug/2019:01:49:58 +0100] "GET /templates/Peterswebnew/js/scripts.min.js?v=224c48 HTTP/1.1" 200 196292 "https://www.petersweb.me.uk/cart.php?a=add&domain=transfer" "Mozilla/5.0 (compatible; CloudFlare-AlwaysOnline/1.0; +http://www.cloudflare.com/always-online) AppleWebKit/534.34"
162.158.64.244 - - [01/Aug/2019:01:49:59 +0100] "GET /cart.php?a=add&domain=register HTTP/1.1" 200 8287 "-" "Mozilla/5.0 (compatible; CloudFlare-AlwaysOnline/1.0; +http://www.cloudflare.com/always-online) AppleWebKit/534.34"
162.158.64.244 - - [01/Aug/2019:01:50:00 +0100] "GET /templates/Peterswebnew/img/globe.png HTTP/1.1" 200 85380 "https://www.petersweb.me.uk/cart.php?a=add&domain=register" "Mozilla/5.0 (compatible; CloudFlare-AlwaysOnline/1.0; +http://www.cloudflare.com/always-online) AppleWebKit/534.34"
162.158.64.244 - - [01/Aug/2019:01:50:01 +0100] "GET /store/codeguard HTTP/1.1" 200 8351 "-" "Mozilla/5.0 (compatible; CloudFlare-AlwaysOnline/1.0; +http://www.cloudflare.com/always-online) AppleWebKit/534.34"
162.158.64.244 - - [01/Aug/2019:01:50:01 +0100] "GET /assets/css/ion.rangeSlider.css HTTP/1.1" 200 930 "https://www.petersweb.me.uk/store/codeguard" "Mozilla/5.0 (compatible; CloudFlare-AlwaysOnline/1.0; +http://www.cloudflare.com/always-online) AppleWebKit/534.34"
162.158.64.244 - - [01/Aug/2019:01:50:02 +0100] "GET /assets/img/marketconnect/codeguard/logo.png HTTP/1.1" 200 24466 "https://www.petersweb.me.uk/store/codeguard" "Mozilla/5.0 (compatible; CloudFlare-AlwaysOnline/1.0; +http://www.cloudflare.com/always-online) AppleWebKit/534.34"
162.158.64.244 - - [01/Aug/2019:01:50:02 +0100] "GET /assets/css/ion.rangeSlider.skinHTML5.css HTTP/1.1" 200 922 "https://www.petersweb.me.uk/store/codeguard" "Mozilla/5.0 (compatible; CloudFlare-AlwaysOnline/1.0; +http://www.cloudflare.com/always-online) AppleWebKit/534.34"
162.158.64.244 - - [01/Aug/2019:01:50:02 +0100] "GET /templates/Peterswebnew/store/css/style.css HTTP/1.1" 200 5450 "https://www.petersweb.me.uk/store/codeguard" "Mozilla/5.0 (compatible; CloudFlare-AlwaysOnline/1.0; +http://www.cloudflare.com/always-online) AppleWebKit/534.34"
162.158.64.244 - - [01/Aug/2019:01:50:02 +0100] "GET /assets/img/marketconnect/codeguard/hero-image-a.png HTTP/1.1" 200 43391 "https://www.petersweb.me.uk/store/codeguard" "Mozilla/5.0 (compatible; CloudFlare-AlwaysOnline/1.0; +http://www.cloudflare.com/always-online) AppleWebKit/534.34"
162.158.64.244 - - [01/Aug/2019:01:50:02 +0100] "GET /assets/img/marketconnect/codeguard/icons/client-icon.png HTTP/1.1" 200 4045 "https://www.petersweb.me.uk/store/codeguard" "Mozilla/5.0 (compatible; CloudFlare-AlwaysOnline/1.0; +http://www.cloudflare.com/always-online) AppleWebKit/534.34"
162.158.64.244 - - [01/Aug/2019:01:50:02 +0100] "GET /assets/img/marketconnect/codeguard/icons/backup-icon.png HTTP/1.1" 200 3962 "https://www.petersweb.me.uk/store/codeguard" "Mozilla/5.0 (compatible; CloudFlare-AlwaysOnline/1.0; +http://www.cloudflare.com/always-online) AppleWebKit/534.34"
162.158.64.244 - - [01/Aug/2019:01:50:02 +0100] "GET /assets/img/marketconnect/codeguard/icons/wp-icon.png HTTP/1.1" 200 3892 "https://www.petersweb.me.uk/store/codeguard" "Mozilla/5.0 (compatible; CloudFlare-AlwaysOnline/1.0; +http://www.cloudflare.com/always-online) AppleWebKit/534.34"
162.158.64.244 - - [01/Aug/2019:01:50:02 +0100] "GET /assets/img/marketconnect/codeguard/icons/alert-icon.png HTTP/1.1" 200 4130 "https://www.petersweb.me.uk/store/codeguard" "Mozilla/5.0 (compatible; CloudFlare-AlwaysOnline/1.0; +http://www.cloudflare.com/always-online) AppleWebKit/534.34"
162.158.64.244 - - [01/Aug/2019:01:50:02 +0100] "GET /assets/img/marketconnect/codeguard/icons/malware-icon.png HTTP/1.1" 200 4567 "https://www.petersweb.me.uk/store/codeguard" "Mozilla/5.0 (compatible; CloudFlare-AlwaysOnline/1.0; +http://www.cloudflare.com/always-online) AppleWebKit/534.34"
162.158.64.244 - - [01/Aug/2019:01:50:02 +0100] "GET /assets/img/marketconnect/codeguard/features/daily-backups-feature.png HTTP/1.1" 200 9537 "https://www.petersweb.me.uk/store/codeguard" "Mozilla/5.0 (compatible; CloudFlare-AlwaysOnline/1.0; +http://www.cloudflare.com/always-online) AppleWebKit/534.34"
162.158.64.244 - - [01/Aug/2019:01:50:02 +0100] "GET /assets/img/marketconnect/codeguard/pick-backup.png HTTP/1.1" 200 9282 "https://www.petersweb.me.uk/store/codeguard" "Mozilla/5.0 (compatible; CloudFlare-AlwaysOnline/1.0; +http://www.cloudflare.com/always-online) AppleWebKit/534.34"
162.158.64.244 - - [01/Aug/2019:01:50:02 +0100] "GET /assets/img/marketconnect/codeguard/features/unlimited-files-feature.png HTTP/1.1" 200 6939 "https://www.petersweb.me.uk/store/codeguard" "Mozilla/5.0 (compatible; CloudFlare-AlwaysOnline/1.0; +http://www.cloudflare.com/always-online) AppleWebKit/534.34"
162.158.64.244 - - [01/Aug/2019:01:50:02 +0100] "GET /assets/img/marketconnect/codeguard/features/click-restore-feature.png HTTP/1.1" 200 7697 "https://www.petersweb.me.uk/store/codeguard" "Mozilla/5.0 (compatible; CloudFlare-AlwaysOnline/1.0; +http://www.cloudflare.com/always-online) AppleWebKit/534.34"
162.158.64.244 - - [01/Aug/2019:01:50:02 +0100] "GET /assets/img/marketconnect/codeguard/features/malware-feature.png HTTP/1.1" 200 11624 "https://www.petersweb.me.uk/store/codeguard" "Mozilla/5.0 (compatible; CloudFlare-AlwaysOnline/1.0; +http://www.cloudflare.com/always-online) AppleWebKit/534.34"
162.158.64.244 - - [01/Aug/2019:01:50:02 +0100] "GET /assets/img/marketconnect/codeguard/features/wp-feature.png HTTP/1.1" 200 7483 "https://www.petersweb.me.uk/store/codeguard" "Mozilla/5.0 (compatible; CloudFlare-AlwaysOnline/1.0; +http://www.cloudflare.com/always-online) AppleWebKit/534.34"
162.158.64.244 - - [01/Aug/2019:01:50:02 +0100] "GET /assets/img/marketconnect/codeguard/features/file-monitoring-feature.png HTTP/1.1" 200 8132 "https://www.petersweb.me.uk/store/codeguard" "Mozilla/5.0 (compatible; CloudFlare-AlwaysOnline/1.0; +http://www.cloudflare.com/always-online) AppleWebKit/534.34"
162.158.64.244 - - [01/Aug/2019:01:50:02 +0100] "GET /assets/img/marketconnect/codeguard/features/servers-feature.png HTTP/1.1" 200 9158 "https://www.petersweb.me.uk/store/codeguard" "Mozilla/5.0 (compatible; CloudFlare-AlwaysOnline/1.0; +http://www.cloudflare.com/always-online) AppleWebKit/534.34"
162.158.64.244 - - [01/Aug/2019:01:50:03 +0100] "GET /assets/img/marketconnect/codeguard/features/email-feature.png HTTP/1.1" 200 8320 "https://www.petersweb.me.uk/store/codeguard" "Mozilla/5.0 (compatible; CloudFlare-AlwaysOnline/1.0; +http://www.cloudflare.com/always-online) AppleWebKit/534.34"
162.158.64.244 - - [01/Aug/2019:01:50:03 +0100] "GET /assets/img/marketconnect/codeguard/features/api-feature.png HTTP/1.1" 200 6636 "https://www.petersweb.me.uk/store/codeguard" "Mozilla/5.0 (compatible; CloudFlare-AlwaysOnline/1.0; +http://www.cloudflare.com/always-online) AppleWebKit/534.34"
162.158.64.244 - - [01/Aug/2019:01:50:03 +0100] "GET /assets/img/marketconnect/codeguard/pricing-bg.gif HTTP/1.1" 200 1108 "https://www.petersweb.me.uk/store/codeguard" "Mozilla/5.0 (compatible; CloudFlare-AlwaysOnline/1.0; +http://www.cloudflare.com/always-online) AppleWebKit/534.34"
162.158.64.244 - - [01/Aug/2019:01:50:03 +0100] "GET /store/website-builder HTTP/1.1" 200 7921 "-" "Mozilla/5.0 (compatible; CloudFlare-AlwaysOnline/1.0; +http://www.cloudflare.com/always-online) AppleWebKit/534.34"
162.158.64.244 - - [01/Aug/2019:01:50:04 +0100] "GET /assets/img/marketconnect/weebly/logo.png HTTP/1.1" 200 38660 "https://www.petersweb.me.uk/store/website-builder" "Mozilla/5.0 (compatible; CloudFlare-AlwaysOnline/1.0; +http://www.cloudflare.com/always-online) AppleWebKit/534.34"
162.158.64.244 - - [01/Aug/2019:01:50:04 +0100] "GET /assets/img/marketconnect/weebly/dragdropeditor.png HTTP/1.1" 200 35246 "https://www.petersweb.me.uk/store/website-builder" "Mozilla/5.0 (compatible; CloudFlare-AlwaysOnline/1.0; +http://www.cloudflare.com/always-online) AppleWebKit/534.34"
162.158.64.244 - - [01/Aug/2019:01:50:04 +0100] "GET /assets/img/marketconnect/weebly/icons/builder.png HTTP/1.1" 200 681 "https://www.petersweb.me.uk/store/website-builder" "Mozilla/5.0 (compatible; CloudFlare-AlwaysOnline/1.0; +http://www.cloudflare.com/always-online) AppleWebKit/534.34"
162.158.64.244 - - [01/Aug/2019:01:50:04 +0100] "GET /assets/img/marketconnect/weebly/icons/ecommerce.png HTTP/1.1" 200 2915 "https://www.petersweb.me.uk/store/website-builder" "Mozilla/5.0 (compatible; CloudFlare-AlwaysOnline/1.0; +http://www.cloudflare.com/always-online) AppleWebKit/534.34"
162.158.64.244 - - [01/Aug/2019:01:50:04 +0100] "GET /assets/img/marketconnect/weebly/icons/forms.png HTTP/1.1" 200 719 "https://www.petersweb.me.uk/store/website-builder" "Mozilla/5.0 (compatible; CloudFlare-AlwaysOnline/1.0; +http://www.cloudflare.com/always-online) AppleWebKit/534.34"
162.158.64.244 - - [01/Aug/2019:01:50:04 +0100] "GET /assets/img/marketconnect/weebly/icons/templates.png HTTP/1.1" 200 661 "https://www.petersweb.me.uk/store/website-builder" "Mozilla/5.0 (compatible; CloudFlare-AlwaysOnline/1.0; +http://www.cloudflare.com/always-online) AppleWebKit/534.34"
162.158.64.244 - - [01/Aug/2019:01:50:04 +0100] "GET /assets/img/marketconnect/weebly/icons/gallery.png HTTP/1.1" 200 3432 "https://www.petersweb.me.uk/store/website-builder" "Mozilla/5.0 (compatible; CloudFlare-AlwaysOnline/1.0; +http://www.cloudflare.com/always-online) AppleWebKit/534.34"
162.158.64.244 - - [01/Aug/2019:01:50:05 +0100] "GET /assets/img/marketconnect/weebly/icons/blogging.png HTTP/1.1" 200 1312 "https://www.petersweb.me.uk/store/website-builder" "Mozilla/5.0 (compatible; CloudFlare-AlwaysOnline/1.0; +http://www.cloudflare.com/always-online) AppleWebKit/534.34"
162.158.64.244 - - [01/Aug/2019:01:50:05 +0100] "GET /assets/img/marketconnect/weebly/icons/video.png HTTP/1.1" 200 1944 "https://www.petersweb.me.uk/store/website-builder" "Mozilla/5.0 (compatible; CloudFlare-AlwaysOnline/1.0; +http://www.cloudflare.com/always-online) AppleWebKit/534.34"
162.158.64.244 - - [01/Aug/2019:01:50:05 +0100] "GET /assets/img/marketconnect/weebly/icons/seo.png HTTP/1.1" 200 2502 "https://www.petersweb.me.uk/store/website-builder" "Mozilla/5.0 (compatible; CloudFlare-AlwaysOnline/1.0; +http://www.cloudflare.com/always-online) AppleWebKit/534.34"
162.158.64.244 - - [01/Aug/2019:01:50:05 +0100] "GET /cart.php?gid=1 HTTP/1.1" 200 6340 "-" "Mozilla/5.0 (compatible; CloudFlare-AlwaysOnline/1.0; +http://www.cloudflare.com/always-online) AppleWebKit/534.34"
162.158.64.244 - - [01/Aug/2019:01:50:06 +0100] "GET /templates/orderforms/pure_comparison/css/style.css HTTP/1.1" 200 2769 "https://www.petersweb.me.uk/cart.php?gid=1" "Mozilla/5.0 (compatible; CloudFlare-AlwaysOnline/1.0; +http://www.cloudflare.com/always-online) AppleWebKit/534.34"
162.158.64.244 - - [01/Aug/2019:01:50:06 +0100] "GET /templates/orderforms/pure_comparison/img/shadow-btm.png HTTP/1.1" 200 375 "https://www.petersweb.me.uk/cart.php?gid=1" "Mozilla/5.0 (compatible; CloudFlare-AlwaysOnline/1.0; +http://www.cloudflare.com/always-online) AppleWebKit/534.34"
162.158.64.244 - - [01/Aug/2019:01:50:07 +0100] "GET /templates/orderforms/pure_comparison/img/shadow-left.png HTTP/1.1" 200 359 "https://www.petersweb.me.uk/cart.php?gid=1" "Mozilla/5.0 (compatible; CloudFlare-AlwaysOnline/1.0; +http://www.cloudflare.com/always-online) AppleWebKit/534.34"
162.158.64.244 - - [01/Aug/2019:01:50:07 +0100] "GET /templates/orderforms/pure_comparison/img/head-bg.png HTTP/1.1" 200 2970 "https://www.petersweb.me.uk/cart.php?gid=1" "Mozilla/5.0 (compatible; CloudFlare-AlwaysOnline/1.0; +http://www.cloudflare.com/always-online) AppleWebKit/534.34"
162.158.64.244 - - [01/Aug/2019:01:50:07 +0100] "GET /templates/orderforms/pure_comparison/img/tick.png HTTP/1.1" 200 522 "https://www.petersweb.me.uk/cart.php?gid=1" "Mozilla/5.0 (compatible; CloudFlare-AlwaysOnline/1.0; +http://www.cloudflare.com/always-online) AppleWebKit/534.34"
162.158.64.244 - - [01/Aug/2019:01:50:07 +0100] "GET /cart.php HTTP/1.1" 200 6340 "-" "Mozilla/5.0 (compatible; CloudFlare-AlwaysOnline/1.0; +http://www.cloudflare.com/always-online) AppleWebKit/534.34"
162.158.64.244 - - [01/Aug/2019:01:50:08 +0100] "GET /index.php HTTP/1.1" 200 12096 "-" "Mozilla/5.0 (compatible; CloudFlare-AlwaysOnline/1.0; +http://www.cloudflare.com/always-online) AppleWebKit/534.34"
162.158.64.244 - - [01/Aug/2019:01:50:10 +0100] "GET /cart.php?a=view HTTP/1.1" 200 10872 "-" "Mozilla/5.0 (compatible; CloudFlare-AlwaysOnline/1.0; +http://www.cloudflare.com/always-online) AppleWebKit/534.34"
162.158.64.244 - - [01/Aug/2019:01:50:11 +0100] "GET /templates/Peterswebnew/css/all.min.css?v=224c48 HTTP/1.1" 200 45373 "https://www.petersweb.me.uk/cart.php?a=view" "Mozilla/5.0 (compatible; CloudFlare-AlwaysOnline/1.0; +http://www.cloudflare.com/always-online) AppleWebKit/534.34"
162.158.64.244 - - [01/Aug/2019:01:50:11 +0100] "GET /templates/orderforms/standard_cart/js/scripts.min.js?v=224c48 HTTP/1.1" 200 15271 "https://www.petersweb.me.uk/cart.php?a=view" "Mozilla/5.0 (compatible; CloudFlare-AlwaysOnline/1.0; +http://www.cloudflare.com/always-online) AppleWebKit/534.34"
162.158.64.244 - - [01/Aug/2019:01:50:11 +0100] "GET /templates/orderforms/standard_cart/css/all.min.css?v=224c48 HTTP/1.1" 200 5545 "https://www.petersweb.me.uk/cart.php?a=view" "Mozilla/5.0 (compatible; CloudFlare-AlwaysOnline/1.0; +http://www.cloudflare.com/always-online) AppleWebKit/534.34"
162.158.64.244 - - [01/Aug/2019:01:50:11 +0100] "GET /assets/js/StatesDropdown.js HTTP/1.1" 200 4895 "https://www.petersweb.me.uk/cart.php?a=view" "Mozilla/5.0 (compatible; CloudFlare-AlwaysOnline/1.0; +http://www.cloudflare.com/always-online) AppleWebKit/534.34"
162.158.64.244 - - [01/Aug/2019:01:50:11 +0100] "GET /templates/Peterswebnew/js/scripts.min.js?v=224c48 HTTP/1.1" 200 196292 "https://www.petersweb.me.uk/cart.php?a=view" "Mozilla/5.0 (compatible; CloudFlare-AlwaysOnline/1.0; +http://www.cloudflare.com/always-online) AppleWebKit/534.34"
162.158.64.244 - - [01/Aug/2019:01:50:12 +0100] "GET /register.php HTTP/1.1" 200 10832 "-" "Mozilla/5.0 (compatible; CloudFlare-AlwaysOnline/1.0; +http://www.cloudflare.com/always-online) AppleWebKit/534.34"
162.158.64.244 - - [01/Aug/2019:01:50:13 +0100] "GET /templates/Peterswebnew/fonts/glyphicons-halflings-regular.woff HTTP/1.1" 200 23424 "https://www.petersweb.me.uk/register.php" "Mozilla/5.0 (compatible; CloudFlare-AlwaysOnline/1.0; +http://www.cloudflare.com/always-online) AppleWebKit/534.34"
162.158.64.244 - - [01/Aug/2019:01:50:13 +0100] "GET /clientarea.php HTTP/1.1" 200 4685 "-" "Mozilla/5.0 (compatible; CloudFlare-AlwaysOnline/1.0; +http://www.cloudflare.com/always-online) AppleWebKit/534.34"
162.158.64.244 - - [01/Aug/2019:01:50:14 +0100] "GET /login.php HTTP/1.1" 302 0 "-" "Mozilla/5.0 (compatible; CloudFlare-AlwaysOnline/1.0; +http://www.cloudflare.com/always-online) AppleWebKit/534.34"
162.158.64.244 - - [01/Aug/2019:01:50:15 +0100] "GET /clientarea.php HTTP/1.1" 200 4685 "-" "Mozilla/5.0 (compatible; CloudFlare-AlwaysOnline/1.0; +http://www.cloudflare.com/always-online) AppleWebKit/534.34"
162.158.64.244 - - [01/Aug/2019:01:50:15 +0100] "GET /cart.php?a=checkout HTTP/1.1" 200 10915 "-" "Mozilla/5.0 (compatible; CloudFlare-AlwaysOnline/1.0; +http://www.cloudflare.com/always-online) AppleWebKit/534.34"
162.158.64.244 - - [01/Aug/2019:01:50:17 +0100] "GET /knowledgebase/96/Organise-your-emails-with-ease.html HTTP/1.1" 200 10314 "-" "Mozilla/5.0 (compatible; CloudFlare-AlwaysOnline/1.0; +http://www.cloudflare.com/always-online) AppleWebKit/534.34"
162.158.64.244 - - [01/Aug/2019:01:50:18 +0100] "GET /knowledgebase/13/What-is-a-name-server.html HTTP/1.1" 200 9619 "-" "Mozilla/5.0 (compatible; CloudFlare-AlwaysOnline/1.0; +http://www.cloudflare.com/always-online) AppleWebKit/534.34"
162.158.64.244 - - [01/Aug/2019:01:50:19 +0100] "GET /knowledgebase/97/Setting-up-on-a-domain-service-with-us-here-at-Peters-Web.html HTTP/1.1" 200 9101 "-" "Mozilla/5.0 (compatible; CloudFlare-AlwaysOnline/1.0; +http://www.cloudflare.com/always-online) AppleWebKit/534.34"
162.158.64.244 - - [01/Aug/2019:01:50:20 +0100] "GET /submitticket.php?step=2&deptid=1 HTTP/1.1" 302 0 "-" "Mozilla/5.0 (compatible; CloudFlare-AlwaysOnline/1.0; +http://www.cloudflare.com/always-online) AppleWebKit/534.34"
162.158.64.244 - - [01/Aug/2019:01:50:20 +0100] "GET /submitticket.php HTTP/1.1" 302 0 "-" "Mozilla/5.0 (compatible; CloudFlare-AlwaysOnline/1.0; +http://www.cloudflare.com/always-online) AppleWebKit/534.34"
162.158.64.244 - - [01/Aug/2019:01:50:21 +0100] "GET /submitticket.php?step=2&deptid=3 HTTP/1.1" 200 5341 "-" "Mozilla/5.0 (compatible; CloudFlare-AlwaysOnline/1.0; +http://www.cloudflare.com/always-online) AppleWebKit/534.34"
162.158.64.244 - - [01/Aug/2019:01:50:22 +0100] "GET /knowledgebase/98/What-is-Memcached-.html HTTP/1.1" 200 9021 "-" "Mozilla/5.0 (compatible; CloudFlare-AlwaysOnline/1.0; +http://www.cloudflare.com/always-online) AppleWebKit/534.34"
162.158.64.244 - - [01/Aug/2019:01:50:23 +0100] "GET /cart.php?a=add&pid=3 HTTP/1.1" 200 7861 "-" "Mozilla/5.0 (compatible; CloudFlare-AlwaysOnline/1.0; +http://www.cloudflare.com/always-online) AppleWebKit/534.34"
162.158.64.244 - - [01/Aug/2019:01:50:23 +0100] "GET /cart.php?a=add&pid=7 HTTP/1.1" 200 7854 "-" "Mozilla/5.0 (compatible; CloudFlare-AlwaysOnline/1.0; +http://www.cloudflare.com/always-online) AppleWebKit/534.34"
162.158.64.244 - - [01/Aug/2019:01:50:24 +0100] "GET /cart.php?a=add&pid=8 HTTP/1.1" 200 7855 "-" "Mozilla/5.0 (compatible; CloudFlare-AlwaysOnline/1.0; +http://www.cloudflare.com/always-online) AppleWebKit/534.34"
162.158.64.244 - - [01/Aug/2019:01:50:25 +0100] "GET /policies/Charity_Hosting_Policy.pdf HTTP/1.1" 200 40093 "-" "Mozilla/5.0 (compatible; CloudFlare-AlwaysOnline/1.0; +http://www.cloudflare.com/always-online) AppleWebKit/534.34"
162.158.64.244 - - [01/Aug/2019:01:50:26 +0100] "GET /policies/Startup_Hosting_Policy.pdf HTTP/1.1" 200 39211 "-" "Mozilla/5.0 (compatible; CloudFlare-AlwaysOnline/1.0; +http://www.cloudflare.com/always-online) AppleWebKit/534.34"
162.158.64.244 - - [01/Aug/2019:01:50:27 +0100] "GET /policies/Refund_Policy.pdf HTTP/1.1" 200 49549 "-" "Mozilla/5.0 (compatible; CloudFlare-AlwaysOnline/1.0; +http://www.cloudflare.com/always-online) AppleWebKit/534.34"
162.158.64.244 - - [01/Aug/2019:01:50:27 +0100] "GET /policies/Terms_and_Conditions.pdf HTTP/1.1" 200 130376 "-" "Mozilla/5.0 (compatible; CloudFlare-AlwaysOnline/1.0; +http://www.cloudflare.com/always-online) AppleWebKit/534.34"
162.158.64.244 - - [01/Aug/2019:01:50:28 +0100] "GET /policies/PrivacyPolicyFinal.pdf HTTP/1.1" 200 101215 "-" "Mozilla/5.0 (compatible; CloudFlare-AlwaysOnline/1.0; +http://www.cloudflare.com/always-online) AppleWebKit/534.34"
162.158.64.244 - - [01/Aug/2019:01:50:29 +0100] "GET /pwreset.php HTTP/1.1" 200 4501 "-" "Mozilla/5.0 (compatible; CloudFlare-AlwaysOnline/1.0; +http://www.cloudflare.com/always-online) AppleWebKit/534.34"
162.158.64.244 - - [01/Aug/2019:01:50:30 +0100] "GET /policies.php HTTP/1.1" 200 4716 "-" "Mozilla/5.0 (compatible; CloudFlare-AlwaysOnline/1.0; +http://www.cloudflare.com/always-online) AppleWebKit/534.34"
162.158.64.244 - - [01/Aug/2019:01:50:31 +0100] "GET /about.php HTTP/1.1" 200 6537 "-" "Mozilla/5.0 (compatible; CloudFlare-AlwaysOnline/1.0; +http://www.cloudflare.com/always-online) AppleWebKit/534.34"
162.158.64.244 - - [01/Aug/2019:01:50:31 +0100] "GET /assets/img/profile.jpg HTTP/1.1" 200 42233 "https://www.petersweb.me.uk/about.php" "Mozilla/5.0 (compatible; CloudFlare-AlwaysOnline/1.0; +http://www.cloudflare.com/always-online) AppleWebKit/534.34"
162.158.64.244 - - [01/Aug/2019:01:50:31 +0100] "GET /assets/img/server.png HTTP/1.1" 200 692581 "https://www.petersweb.me.uk/about.php" "Mozilla/5.0 (compatible; CloudFlare-AlwaysOnline/1.0; +http://www.cloudflare.com/always-online) AppleWebKit/534.34"
162.158.64.244 - - [01/Aug/2019:01:50:31 +0100] "GET /templates/Peterswebnew/css/img/telescope.png HTTP/1.1" 404 4376 "https://www.petersweb.me.uk/about.php" "Mozilla/5.0 (compatible; CloudFlare-AlwaysOnline/1.0; +http://www.cloudflare.com/always-online) AppleWebKit/534.34"
162.158.64.244 - - [01/Aug/2019:01:50:32 +0100] "GET /contact.php HTTP/1.1" 200 4804 "-" "Mozilla/5.0 (compatible; CloudFlare-AlwaysOnline/1.0; +http://www.cloudflare.com/always-online) AppleWebKit/534.34"
162.158.64.244 - - [01/Aug/2019:01:50:33 +0100] "GET /serverstatus.php HTTP/1.1" 200 5530 "-" "Mozilla/5.0 (compatible; CloudFlare-AlwaysOnline/1.0; +http://www.cloudflare.com/always-online) AppleWebKit/534.34"
162.158.64.244 - - [01/Aug/2019:01:50:34 +0100] "GET /knowledgebase HTTP/1.1" 200 7472 "-" "Mozilla/5.0 (compatible; CloudFlare-AlwaysOnline/1.0; +http://www.cloudflare.com/always-online) AppleWebKit/534.34"
162.158.64.244 - - [01/Aug/2019:01:50:35 +0100] "GET /announcements HTTP/1.1" 200 6131 "-" "Mozilla/5.0 (compatible; CloudFlare-AlwaysOnline/1.0; +http://www.cloudflare.com/always-online) AppleWebKit/534.34"
35.187.118.51 - - [01/Aug/2019:01:53:13 +0100] "GET / HTTP/1.1" 403 565 "-" "-"
35.187.118.51 - - [01/Aug/2019:01:53:14 +0100] "GET / HTTP/1.1" 403 565 "-" "-"
63.143.42.250 - - [01/Aug/2019:01:53:51 +0100] "HEAD /index.php HTTP/1.1" 200 0 "https://www.petersweb.me.uk/index.php" "Mozilla/5.0+(compatible; UptimeRobot/2.0; http://www.uptimerobot.com/)"
46.229.168.144 - - [01/Aug/2019:01:54:13 +0100] "GET /robots.txt HTTP/1.1" 304 0 "-" "Mozilla/5.0 (compatible; SemrushBot/3~bl; +http://www.semrush.com/bot.html)"
46.229.168.147 - - [01/Aug/2019:01:54:14 +0100] "GET /knowledgebase/40/What-is-a-cron-job-and-how-to-set-one-up.html HTTP/1.1" 200 8445 "-" "Mozilla/5.0 (compatible; SemrushBot/3~bl; +http://www.semrush.com/bot.html)"
35.187.118.51 - - [01/Aug/2019:01:57:20 +0100] "GET / HTTP/1.1" 403 565 "-" "-"
35.187.118.51 - - [01/Aug/2019:01:57:20 +0100] "GET / HTTP/1.1" 403 565 "-" "-"
63.143.42.250 - - [01/Aug/2019:01:58:50 +0100] "HEAD /index.php HTTP/1.1" 200 0 "https://www.petersweb.me.uk/index.php" "Mozilla/5.0+(compatible; UptimeRobot/2.0; http://www.uptimerobot.com/)"
35.187.118.51 - - [01/Aug/2019:02:00:19 +0100] "GET / HTTP/1.1" 403 565 "-" "-"
35.187.118.51 - - [01/Aug/2019:02:00:22 +0100] "GET / HTTP/1.1" 403 565 "-" "-"
209.17.97.50 - - [01/Aug/2019:02:03:18 +0100] "GET / HTTP/1.1" 200 12203 "-" "Mozilla/5.0 (compatible; Nimbostratus-Bot/v1.3.2; http://cloudsystemnetworks.com)"
35.187.118.51 - - [01/Aug/2019:02:03:27 +0100] "GET / HTTP/1.1" 403 565 "-" "-"
35.187.118.51 - - [01/Aug/2019:02:03:28 +0100] "GET / HTTP/1.1" 403 565 "-" "-"
63.143.42.250 - - [01/Aug/2019:02:03:51 +0100] "HEAD /index.php HTTP/1.1" 200 0 "https://www.petersweb.me.uk/index.php" "Mozilla/5.0+(compatible; UptimeRobot/2.0; http://www.uptimerobot.com/)"
35.187.118.51 - - [01/Aug/2019:02:07:32 +0100] "GET / HTTP/1.1" 403 565 "-" "-"
35.187.118.51 - - [01/Aug/2019:02:07:32 +0100] "GET / HTTP/1.1" 403 565 "-" "-"
216.244.66.197 - - [01/Aug/2019:02:07:53 +0100] "GET /robots.txt HTTP/1.1" 304 0 "-" "Mozilla/5.0 (compatible; DotBot/1.1; http://www.opensiteexplorer.org/dotbot, help@moz.com)"
63.143.42.250 - - [01/Aug/2019:02:08:50 +0100] "HEAD /index.php HTTP/1.1" 200 0 "https://www.petersweb.me.uk/index.php" "Mozilla/5.0+(compatible; UptimeRobot/2.0; http://www.uptimerobot.com/)"
35.187.118.51 - - [01/Aug/2019:02:11:19 +0100] "GET / HTTP/1.1" 403 565 "-" "-"
35.187.118.51 - - [01/Aug/2019:02:11:19 +0100] "GET / HTTP/1.1" 403 565 "-" "-"
63.143.42.250 - - [01/Aug/2019:02:13:51 +0100] "HEAD /index.php HTTP/1.1" 200 0 "https://www.petersweb.me.uk/index.php" "Mozilla/5.0+(compatible; UptimeRobot/2.0; http://www.uptimerobot.com/)"
35.187.118.51 - - [01/Aug/2019:02:14:16 +0100] "GET / HTTP/1.1" 403 565 "-" "-"
35.187.118.51 - - [01/Aug/2019:02:14:20 +0100] "GET / HTTP/1.1" 403 565 "-" "-"
46.229.168.163 - - [01/Aug/2019:02:18:10 +0100] "GET /knowledgebase/35/Changing-the-length-of-your-billing-cycle-.html HTTP/1.1" 200 7878 "-" "Mozilla/5.0 (compatible; SemrushBot/3~bl; +http://www.semrush.com/bot.html)"
35.187.118.51 - - [01/Aug/2019:02:18:13 +0100] "GET / HTTP/1.1" 403 565 "-" "-"
35.187.118.51 - - [01/Aug/2019:02:18:14 +0100] "GET / HTTP/1.1" 403 565 "-" "-"
63.143.42.250 - - [01/Aug/2019:02:18:50 +0100] "HEAD /index.php HTTP/1.1" 200 0 "https://www.petersweb.me.uk/index.php" "Mozilla/5.0+(compatible; UptimeRobot/2.0; http://www.uptimerobot.com/)"
35.187.118.51 - - [01/Aug/2019:02:21:15 +0100] "GET / HTTP/1.1" 403 565 "-" "-"
35.187.118.51 - - [01/Aug/2019:02:21:15 +0100] "GET / HTTP/1.1" 403 565 "-" "-"
63.143.42.250 - - [01/Aug/2019:02:23:51 +0100] "HEAD /index.php HTTP/1.1" 200 0 "https://www.petersweb.me.uk/index.php" "Mozilla/5.0+(compatible; UptimeRobot/2.0; http://www.uptimerobot.com/)"
35.187.118.51 - - [01/Aug/2019:02:24:15 +0100] "GET / HTTP/1.1" 403 565 "-" "-"
35.187.118.51 - - [01/Aug/2019:02:24:15 +0100] "GET / HTTP/1.1" 403 565 "-" "-"
35.187.118.51 - - [01/Aug/2019:02:28:19 +0100] "GET / HTTP/1.1" 403 565 "-" "-"
35.187.118.51 - - [01/Aug/2019:02:28:19 +0100] "GET / HTTP/1.1" 403 565 "-" "-"
63.143.42.250 - - [01/Aug/2019:02:28:50 +0100] "HEAD /index.php HTTP/1.1" 200 0 "https://www.petersweb.me.uk/index.php" "Mozilla/5.0+(compatible; UptimeRobot/2.0; http://www.uptimerobot.com/)"
35.187.118.51 - - [01/Aug/2019:02:32:19 +0100] "GET / HTTP/1.1" 403 565 "-" "-"
35.187.118.51 - - [01/Aug/2019:02:32:19 +0100] "GET / HTTP/1.1" 403 565 "-" "-"
180.76.15.143 - - [01/Aug/2019:02:33:49 +0100] "GET /cart.php?gid=1 HTTP/1.1" 200 6338 "-" "Mozilla/5.0 (compatible; Baiduspider/2.0; +http://www.baidu.com/search/spider.html)"
63.143.42.250 - - [01/Aug/2019:02:33:50 +0100] "HEAD /index.php HTTP/1.1" 200 0 "https://www.petersweb.me.uk/index.php" "Mozilla/5.0+(compatible; UptimeRobot/2.0; http://www.uptimerobot.com/)"
35.187.118.51 - - [01/Aug/2019:02:36:13 +0100] "GET / HTTP/1.1" 403 565 "-" "-"
35.187.118.51 - - [01/Aug/2019:02:36:14 +0100] "GET / HTTP/1.1" 403 565 "-" "-"
63.143.42.250 - - [01/Aug/2019:02:38:50 +0100] "HEAD /index.php HTTP/1.1" 200 0 "https://www.petersweb.me.uk/index.php" "Mozilla/5.0+(compatible; UptimeRobot/2.0; http://www.uptimerobot.com/)"
35.187.118.51 - - [01/Aug/2019:02:39:13 +0100] "GET / HTTP/1.1" 403 565 "-" "-"
35.187.118.51 - - [01/Aug/2019:02:39:15 +0100] "GET / HTTP/1.1" 403 565 "-" "-"
35.187.118.51 - - [01/Aug/2019:02:43:17 +0100] "GET / HTTP/1.1" 403 565 "-" "-"
35.187.118.51 - - [01/Aug/2019:02:43:17 +0100] "GET / HTTP/1.1" 403 565 "-" "-"
63.143.42.250 - - [01/Aug/2019:02:43:50 +0100] "HEAD /index.php HTTP/1.1" 200 0 "https://www.petersweb.me.uk/index.php" "Mozilla/5.0+(compatible; UptimeRobot/2.0; http://www.uptimerobot.com/)"
35.187.118.51 - - [01/Aug/2019:02:47:15 +0100] "GET / HTTP/1.1" 403 565 "-" "-"
35.187.118.51 - - [01/Aug/2019:02:47:16 +0100] "GET / HTTP/1.1" 403 565 "-" "-"
63.143.42.250 - - [01/Aug/2019:02:48:50 +0100] "HEAD /index.php HTTP/1.1" 200 0 "https://www.petersweb.me.uk/index.php" "Mozilla/5.0+(compatible; UptimeRobot/2.0; http://www.uptimerobot.com/)"
35.187.118.51 - - [01/Aug/2019:02:51:17 +0100] "GET / HTTP/1.1" 403 565 "-" "-"
35.187.118.51 - - [01/Aug/2019:02:51:17 +0100] "GET / HTTP/1.1" 403 565 "-" "-"
63.143.42.250 - - [01/Aug/2019:02:53:50 +0100] "HEAD /index.php HTTP/1.1" 200 0 "https://www.petersweb.me.uk/index.php" "Mozilla/5.0+(compatible; UptimeRobot/2.0; http://www.uptimerobot.com/)"
35.187.118.51 - - [01/Aug/2019:02:54:13 +0100] "GET / HTTP/1.1" 403 565 "-" "-"
35.187.118.51 - - [01/Aug/2019:02:54:14 +0100] "GET / HTTP/1.1" 403 565 "-" "-"
216.244.66.197 - - [01/Aug/2019:02:56:29 +0100] "GET /robots.txt HTTP/1.1" 304 0 "-" "Mozilla/5.0 (compatible; DotBot/1.1; http://www.opensiteexplorer.org/dotbot, help@moz.com)"
35.187.118.51 - - [01/Aug/2019:02:58:13 +0100] "GET / HTTP/1.1" 403 565 "-" "-"
35.187.118.51 - - [01/Aug/2019:02:58:13 +0100] "GET / HTTP/1.1" 403 565 "-" "-"
63.143.42.250 - - [01/Aug/2019:02:58:50 +0100] "HEAD /index.php HTTP/1.1" 200 0 "https://www.petersweb.me.uk/index.php" "Mozilla/5.0+(compatible; UptimeRobot/2.0; http://www.uptimerobot.com/)"
35.187.118.51 - - [01/Aug/2019:03:02:17 +0100] "GET / HTTP/1.1" 403 565 "-" "-"
35.187.118.51 - - [01/Aug/2019:03:02:18 +0100] "GET / HTTP/1.1" 403 565 "-" "-"
63.143.42.250 - - [01/Aug/2019:03:03:50 +0100] "HEAD /index.php HTTP/1.1" 200 0 "https://www.petersweb.me.uk/index.php" "Mozilla/5.0+(compatible; UptimeRobot/2.0; http://www.uptimerobot.com/)"
35.187.118.51 - - [01/Aug/2019:03:06:13 +0100] "GET / HTTP/1.1" 403 565 "-" "-"
35.187.118.51 - - [01/Aug/2019:03:06:15 +0100] "GET / HTTP/1.1" 403 565 "-" "-"
63.143.42.250 - - [01/Aug/2019:03:08:50 +0100] "HEAD /index.php HTTP/1.1" 200 0 "https://www.petersweb.me.uk/index.php" "Mozilla/5.0+(compatible; UptimeRobot/2.0; http://www.uptimerobot.com/)"
35.187.118.51 - - [01/Aug/2019:03:09:14 +0100] "GET / HTTP/1.1" 403 565 "-" "-"
35.187.118.51 - - [01/Aug/2019:03:09:16 +0100] "GET / HTTP/1.1" 403 565 "-" "-"
35.187.118.51 - - [01/Aug/2019:03:13:15 +0100] "GET / HTTP/1.1" 403 565 "-" "-"
35.187.118.51 - - [01/Aug/2019:03:13:16 +0100] "GET / HTTP/1.1" 403 565 "-" "-"
63.143.42.250 - - [01/Aug/2019:03:13:50 +0100] "HEAD /index.php HTTP/1.1" 200 0 "https://www.petersweb.me.uk/index.php" "Mozilla/5.0+(compatible; UptimeRobot/2.0; http://www.uptimerobot.com/)"
35.187.118.51 - - [01/Aug/2019:03:16:21 +0100] "GET / HTTP/1.1" 403 565 "-" "-"
35.187.118.51 - - [01/Aug/2019:03:16:21 +0100] "GET / HTTP/1.1" 403 565 "-" "-"
63.143.42.250 - - [01/Aug/2019:03:18:50 +0100] "HEAD /index.php HTTP/1.1" 200 0 "https://www.petersweb.me.uk/index.php" "Mozilla/5.0+(compatible; UptimeRobot/2.0; http://www.uptimerobot.com/)"
35.187.118.51 - - [01/Aug/2019:03:20:14 +0100] "GET / HTTP/1.1" 403 565 "-" "-"
35.187.118.51 - - [01/Aug/2019:03:20:14 +0100] "GET / HTTP/1.1" 403 565 "-" "-"
35.187.118.51 - - [01/Aug/2019:03:23:15 +0100] "GET / HTTP/1.1" 403 565 "-" "-"
35.187.118.51 - - [01/Aug/2019:03:23:15 +0100] "GET / HTTP/1.1" 403 565 "-" "-"
63.143.42.250 - - [01/Aug/2019:03:23:50 +0100] "HEAD /index.php HTTP/1.1" 200 0 "https://www.petersweb.me.uk/index.php" "Mozilla/5.0+(compatible; UptimeRobot/2.0; http://www.uptimerobot.com/)"
35.187.118.51 - - [01/Aug/2019:03:27:13 +0100] "GET / HTTP/1.1" 403 565 "-" "-"
35.187.118.51 - - [01/Aug/2019:03:27:14 +0100] "GET / HTTP/1.1" 403 565 "-" "-"
63.143.42.250 - - [01/Aug/2019:03:28:50 +0100] "HEAD /index.php HTTP/1.1" 200 0 "https://www.petersweb.me.uk/index.php" "Mozilla/5.0+(compatible; UptimeRobot/2.0; http://www.uptimerobot.com/)"
54.36.149.14 - - [01/Aug/2019:03:30:26 +0100] "GET /download HTTP/1.1" 200 5266 "-" "Mozilla/5.0 (compatible; AhrefsBot/6.1; +http://ahrefs.com/robot/)"
35.187.118.51 - - [01/Aug/2019:03:31:14 +0100] "GET / HTTP/1.1" 403 565 "-" "-"
35.187.118.51 - - [01/Aug/2019:03:31:14 +0100] "GET / HTTP/1.1" 403 565 "-" "-"
54.36.148.96 - - [01/Aug/2019:03:31:30 +0100] "GET /invoicing/knowledgebase/43/How-site-speeds-impact-sales.html HTTP/1.1" 404 4374 "-" "Mozilla/5.0 (compatible; AhrefsBot/6.1; +http://ahrefs.com/robot/)"
17.58.98.63 - - [01/Aug/2019:03:33:05 +0100] "GET /knowledgebase HTTP/1.1" 200 7470 "-" "Mozilla/5.0 (Macintosh; Intel Mac OS X 10_10_1) AppleWebKit/600.2.5 (KHTML, like Gecko) Version/8.0.2 Safari/600.2.5 (Applebot/0.1; +http://www.apple.com/go/applebot)"
63.143.42.250 - - [01/Aug/2019:03:33:50 +0100] "HEAD /index.php HTTP/1.1" 200 0 "https://www.petersweb.me.uk/index.php" "Mozilla/5.0+(compatible; UptimeRobot/2.0; http://www.uptimerobot.com/)"
35.187.118.51 - - [01/Aug/2019:03:34:20 +0100] "GET / HTTP/1.1" 403 565 "-" "-"
35.187.118.51 - - [01/Aug/2019:03:34:20 +0100] "GET / HTTP/1.1" 403 565 "-" "-"
35.187.118.51 - - [01/Aug/2019:03:38:18 +0100] "GET / HTTP/1.1" 403 565 "-" "-"
35.187.118.51 - - [01/Aug/2019:03:38:18 +0100] "GET / HTTP/1.1" 403 565 "-" "-"
63.143.42.250 - - [01/Aug/2019:03:38:50 +0100] "HEAD /index.php HTTP/1.1" 200 0 "https://www.petersweb.me.uk/index.php" "Mozilla/5.0+(compatible; UptimeRobot/2.0; http://www.uptimerobot.com/)"
35.187.118.51 - - [01/Aug/2019:03:42:16 +0100] "GET / HTTP/1.1" 403 565 "-" "-"
35.187.118.51 - - [01/Aug/2019:03:42:16 +0100] "GET / HTTP/1.1" 403 565 "-" "-"
63.143.42.250 - - [01/Aug/2019:03:43:50 +0100] "HEAD /index.php HTTP/1.1" 200 0 "https://www.petersweb.me.uk/index.php" "Mozilla/5.0+(compatible; UptimeRobot/2.0; http://www.uptimerobot.com/)"
35.187.118.51 - - [01/Aug/2019:03:46:15 +0100] "GET / HTTP/1.1" 403 565 "-" "-"
35.187.118.51 - - [01/Aug/2019:03:46:15 +0100] "GET / HTTP/1.1" 403 565 "-" "-"
63.143.42.250 - - [01/Aug/2019:03:48:50 +0100] "HEAD /index.php HTTP/1.1" 200 0 "https://www.petersweb.me.uk/index.php" "Mozilla/5.0+(compatible; UptimeRobot/2.0; http://www.uptimerobot.com/)"
35.187.118.51 - - [01/Aug/2019:03:49:14 +0100] "GET / HTTP/1.1" 403 565 "-" "-"
35.187.118.51 - - [01/Aug/2019:03:49:14 +0100] "GET / HTTP/1.1" 403 565 "-" "-"
35.187.118.51 - - [01/Aug/2019:03:52:13 +0100] "GET / HTTP/1.1" 403 565 "-" "-"
35.187.118.51 - - [01/Aug/2019:03:52:14 +0100] "GET / HTTP/1.1" 403 565 "-" "-"
63.143.42.250 - - [01/Aug/2019:03:53:50 +0100] "HEAD /index.php HTTP/1.1" 200 0 "https://www.petersweb.me.uk/index.php" "Mozilla/5.0+(compatible; UptimeRobot/2.0; http://www.uptimerobot.com/)"
63.143.42.250 - - [01/Aug/2019:03:55:42 +0100] "HEAD /?998 HTTP/1.1" 200 0 "-" "Mozilla/5.0+(compatible; UptimeRobot/2.0; http://www.uptimerobot.com/)"
35.187.118.51 - - [01/Aug/2019:03:56:17 +0100] "GET / HTTP/1.1" 403 565 "-" "-"
35.187.118.51 - - [01/Aug/2019:03:56:18 +0100] "GET / HTTP/1.1" 403 565 "-" "-"
63.143.42.250 - - [01/Aug/2019:03:58:50 +0100] "HEAD /index.php HTTP/1.1" 200 0 "https://www.petersweb.me.uk/index.php" "Mozilla/5.0+(compatible; UptimeRobot/2.0; http://www.uptimerobot.com/)"
35.187.118.51 - - [01/Aug/2019:03:59:13 +0100] "GET / HTTP/1.1" 403 565 "-" "-"
35.187.118.51 - - [01/Aug/2019:03:59:13 +0100] "GET / HTTP/1.1" 403 565 "-" "-"
35.187.118.51 - - [01/Aug/2019:04:03:13 +0100] "GET / HTTP/1.1" 403 565 "-" "-"
35.187.118.51 - - [01/Aug/2019:04:03:14 +0100] "GET / HTTP/1.1" 403 565 "-" "-"
63.143.42.250 - - [01/Aug/2019:04:03:51 +0100] "HEAD /index.php HTTP/1.1" 200 0 "https://www.petersweb.me.uk/index.php" "Mozilla/5.0+(compatible; UptimeRobot/2.0; http://www.uptimerobot.com/)"
35.187.118.51 - - [01/Aug/2019:04:06:16 +0100] "GET / HTTP/1.1" 403 565 "-" "-"
35.187.118.51 - - [01/Aug/2019:04:06:16 +0100] "GET / HTTP/1.1" 403 565 "-" "-"
63.143.42.250 - - [01/Aug/2019:04:08:50 +0100] "HEAD /index.php HTTP/1.1" 200 0 "https://www.petersweb.me.uk/index.php" "Mozilla/5.0+(compatible; UptimeRobot/2.0; http://www.uptimerobot.com/)"
35.187.118.51 - - [01/Aug/2019:04:09:16 +0100] "GET / HTTP/1.1" 403 565 "-" "-"
35.187.118.51 - - [01/Aug/2019:04:09:17 +0100] "GET / HTTP/1.1" 403 565 "-" "-"
35.187.118.51 - - [01/Aug/2019:04:13:13 +0100] "GET / HTTP/1.1" 403 565 "-" "-"
35.187.118.51 - - [01/Aug/2019:04:13:14 +0100] "GET / HTTP/1.1" 403 565 "-" "-"
63.143.42.250 - - [01/Aug/2019:04:13:50 +0100] "HEAD /index.php HTTP/1.1" 200 0 "https://www.petersweb.me.uk/index.php" "Mozilla/5.0+(compatible; UptimeRobot/2.0; http://www.uptimerobot.com/)"
35.187.118.51 - - [01/Aug/2019:04:16:18 +0100] "GET / HTTP/1.1" 403 565 "-" "-"
35.187.118.51 - - [01/Aug/2019:04:16:18 +0100] "GET / HTTP/1.1" 403 565 "-" "-"
63.143.42.250 - - [01/Aug/2019:04:18:50 +0100] "HEAD /index.php HTTP/1.1" 200 0 "https://www.petersweb.me.uk/index.php" "Mozilla/5.0+(compatible; UptimeRobot/2.0; http://www.uptimerobot.com/)"
35.187.118.51 - - [01/Aug/2019:04:19:13 +0100] "GET / HTTP/1.1" 403 565 "-" "-"
35.187.118.51 - - [01/Aug/2019:04:19:14 +0100] "GET / HTTP/1.1" 403 565 "-" "-"
46.229.168.138 - - [01/Aug/2019:04:21:46 +0100] "GET /robots.txt HTTP/1.1" 304 0 "-" "Mozilla/5.0 (compatible; SemrushBot/3~bl; +http://www.semrush.com/bot.html)"
46.229.168.163 - - [01/Aug/2019:04:21:46 +0100] "GET /knowledgebase/43/ HTTP/1.1" 200 10904 "-" "Mozilla/5.0 (compatible; SemrushBot/3~bl; +http://www.semrush.com/bot.html)"
35.187.118.51 - - [01/Aug/2019:04:23:15 +0100] "GET / HTTP/1.1" 403 565 "-" "-"
35.187.118.51 - - [01/Aug/2019:04:23:15 +0100] "GET / HTTP/1.1" 403 565 "-" "-"
63.143.42.250 - - [01/Aug/2019:04:23:50 +0100] "HEAD /index.php HTTP/1.1" 200 0 "https://www.petersweb.me.uk/index.php" "Mozilla/5.0+(compatible; UptimeRobot/2.0; http://www.uptimerobot.com/)"
35.187.118.51 - - [01/Aug/2019:04:27:16 +0100] "GET / HTTP/1.1" 403 565 "-" "-"
35.187.118.51 - - [01/Aug/2019:04:27:16 +0100] "GET / HTTP/1.1" 403 565 "-" "-"
63.143.42.250 - - [01/Aug/2019:04:28:50 +0100] "HEAD /index.php HTTP/1.1" 200 0 "https://www.petersweb.me.uk/index.php" "Mozilla/5.0+(compatible; UptimeRobot/2.0; http://www.uptimerobot.com/)"
35.187.118.51 - - [01/Aug/2019:04:31:13 +0100] "GET / HTTP/1.1" 403 565 "-" "-"
35.187.118.51 - - [01/Aug/2019:04:31:13 +0100] "GET / HTTP/1.1" 403 565 "-" "-"
216.244.66.197 - - [01/Aug/2019:04:33:20 +0100] "GET /robots.txt HTTP/1.1" 304 0 "-" "Mozilla/5.0 (compatible; DotBot/1.1; http://www.opensiteexplorer.org/dotbot, help@moz.com)"
63.143.42.250 - - [01/Aug/2019:04:33:50 +0100] "HEAD /index.php HTTP/1.1" 200 0 "https://www.petersweb.me.uk/index.php" "Mozilla/5.0+(compatible; UptimeRobot/2.0; http://www.uptimerobot.com/)"
35.187.118.51 - - [01/Aug/2019:04:34:17 +0100] "GET / HTTP/1.1" 403 565 "-" "-"
35.187.118.51 - - [01/Aug/2019:04:34:17 +0100] "GET / HTTP/1.1" 403 565 "-" "-"
46.229.168.134 - - [01/Aug/2019:04:37:27 +0100] "GET /knowledgebase/tag/speed HTTP/1.1" 200 6942 "-" "Mozilla/5.0 (compatible; SemrushBot/3~bl; +http://www.semrush.com/bot.html)"
178.221.238.210 - - [01/Aug/2019:04:37:28 +0100] "GET /wp-login.php HTTP/1.1" 404 4372 "-" "Mozilla/5.0 (Windows NT 6.1; WOW64; rv:40.0) Gecko/20100101 Firefox/40.1"
178.221.238.210 - - [01/Aug/2019:04:37:28 +0100] "GET / HTTP/1.1" 200 12194 "-" "Mozilla/5.0 (Windows NT 6.1; WOW64; rv:40.0) Gecko/20100101 Firefox/40.1"
35.187.118.51 - - [01/Aug/2019:04:38:17 +0100] "GET / HTTP/1.1" 403 565 "-" "-"
35.187.118.51 - - [01/Aug/2019:04:38:17 +0100] "GET / HTTP/1.1" 403 565 "-" "-"
63.143.42.250 - - [01/Aug/2019:04:38:50 +0100] "HEAD /index.php HTTP/1.1" 200 0 "https://www.petersweb.me.uk/index.php" "Mozilla/5.0+(compatible; UptimeRobot/2.0; http://www.uptimerobot.com/)"
35.187.118.51 - - [01/Aug/2019:04:42:13 +0100] "GET / HTTP/1.1" 403 565 "-" "-"
35.187.118.51 - - [01/Aug/2019:04:42:13 +0100] "GET / HTTP/1.1" 403 565 "-" "-"
63.143.42.250 - - [01/Aug/2019:04:43:50 +0100] "HEAD /index.php HTTP/1.1" 200 0 "https://www.petersweb.me.uk/index.php" "Mozilla/5.0+(compatible; UptimeRobot/2.0; http://www.uptimerobot.com/)"
35.187.118.51 - - [01/Aug/2019:04:46:14 +0100] "GET / HTTP/1.1" 403 565 "-" "-"
35.187.118.51 - - [01/Aug/2019:04:46:14 +0100] "GET / HTTP/1.1" 403 565 "-" "-"
63.143.42.250 - - [01/Aug/2019:04:48:50 +0100] "HEAD /index.php HTTP/1.1" 200 0 "https://www.petersweb.me.uk/index.php" "Mozilla/5.0+(compatible; UptimeRobot/2.0; http://www.uptimerobot.com/)"
35.187.118.51 - - [01/Aug/2019:04:49:13 +0100] "GET / HTTP/1.1" 403 565 "-" "-"
35.187.118.51 - - [01/Aug/2019:04:49:14 +0100] "GET / HTTP/1.1" 403 565 "-" "-"
40.77.167.44 - - [01/Aug/2019:04:51:53 +0100] "GET /knowledgebase/tag/invoices HTTP/1.1" 200 6910 "-" "Mozilla/5.0 (compatible; bingbot/2.0; +http://www.bing.com/bingbot.htm)"
35.187.118.51 - - [01/Aug/2019:04:53:12 +0100] "GET / HTTP/1.1" 403 565 "-" "-"
35.187.118.51 - - [01/Aug/2019:04:53:13 +0100] "GET / HTTP/1.1" 403 565 "-" "-"
63.143.42.250 - - [01/Aug/2019:04:53:51 +0100] "HEAD /index.php HTTP/1.1" 200 0 "https://www.petersweb.me.uk/index.php" "Mozilla/5.0+(compatible; UptimeRobot/2.0; http://www.uptimerobot.com/)"
35.187.118.51 - - [01/Aug/2019:04:57:13 +0100] "GET / HTTP/1.1" 403 565 "-" "-"
35.187.118.51 - - [01/Aug/2019:04:57:13 +0100] "GET / HTTP/1.1" 403 565 "-" "-"
66.249.69.60 - - [01/Aug/2019:04:58:50 +0100] "GET /robots.txt HTTP/1.1" 304 0 "-" "Mozilla/5.0 (compatible; Googlebot/2.1; +http://www.google.com/bot.html)"
63.143.42.250 - - [01/Aug/2019:04:58:50 +0100] "HEAD /index.php HTTP/1.1" 200 0 "https://www.petersweb.me.uk/index.php" "Mozilla/5.0+(compatible; UptimeRobot/2.0; http://www.uptimerobot.com/)"
66.249.69.62 - - [01/Aug/2019:04:58:50 +0100] "GET /favicon.ico?_=1555632000080 HTTP/1.1" 404 4374 "https://www.petersweb.me.uk/knowledgebase/25/Back-up-your-Wordpress-site.html" "Mozilla/5.0 (Linux; Android 6.0.1; Nexus 5X Build/MMB29P) AppleWebKit/537.36 (KHTML, like Gecko) Chrome/41.0.2272.96 Mobile Safari/537.36 (compatible; Googlebot/2.1; +http://www.google.com/bot.html)"
35.187.118.51 - - [01/Aug/2019:05:00:21 +0100] "GET / HTTP/1.1" 403 565 "-" "-"
35.187.118.51 - - [01/Aug/2019:05:00:21 +0100] "GET / HTTP/1.1" 403 565 "-" "-"
40.77.167.160 - - [01/Aug/2019:05:00:26 +0100] "GET /invoicing/link.php?id=3 HTTP/1.1" 404 4373 "-" "Mozilla/5.0 (compatible; bingbot/2.0; +http://www.bing.com/bingbot.htm)"
54.36.150.0 - - [01/Aug/2019:05:01:49 +0100] "GET /knowledgebase/62/What-is-a-protocol-.html HTTP/1.1" 200 8092 "-" "Mozilla/5.0 (compatible; AhrefsBot/6.1; +http://ahrefs.com/robot/)"
35.187.118.51 - - [01/Aug/2019:05:03:21 +0100] "GET / HTTP/1.1" 403 565 "-" "-"
35.187.118.51 - - [01/Aug/2019:05:03:22 +0100] "GET / HTTP/1.1" 403 565 "-" "-"
63.143.42.250 - - [01/Aug/2019:05:03:50 +0100] "HEAD /index.php HTTP/1.1" 200 0 "https://www.petersweb.me.uk/index.php" "Mozilla/5.0+(compatible; UptimeRobot/2.0; http://www.uptimerobot.com/)"
35.187.118.51 - - [01/Aug/2019:05:07:18 +0100] "GET / HTTP/1.1" 403 565 "-" "-"
35.187.118.51 - - [01/Aug/2019:05:07:22 +0100] "GET / HTTP/1.1" 403 565 "-" "-"
63.143.42.250 - - [01/Aug/2019:05:08:50 +0100] "HEAD /index.php HTTP/1.1" 200 0 "https://www.petersweb.me.uk/index.php" "Mozilla/5.0+(compatible; UptimeRobot/2.0; http://www.uptimerobot.com/)"
35.187.118.51 - - [01/Aug/2019:05:11:18 +0100] "GET / HTTP/1.1" 403 565 "-" "-"
35.187.118.51 - - [01/Aug/2019:05:11:18 +0100] "GET / HTTP/1.1" 403 565 "-" "-"
63.143.42.250 - - [01/Aug/2019:05:13:50 +0100] "HEAD /index.php HTTP/1.1" 200 0 "https://www.petersweb.me.uk/index.php" "Mozilla/5.0+(compatible; UptimeRobot/2.0; http://www.uptimerobot.com/)"
35.187.118.51 - - [01/Aug/2019:05:15:13 +0100] "GET / HTTP/1.1" 403 565 "-" "-"
35.187.118.51 - - [01/Aug/2019:05:15:13 +0100] "GET / HTTP/1.1" 403 565 "-" "-"
46.229.168.138 - - [01/Aug/2019:05:17:29 +0100] "GET /robots.txt HTTP/1.1" 304 0 "-" "Mozilla/5.0 (compatible; SemrushBot/3~bl; +http://www.semrush.com/bot.html)"
46.229.168.131 - - [01/Aug/2019:05:17:30 +0100] "GET /store/email-services HTTP/1.1" 302 0 "-" "Mozilla/5.0 (compatible; SemrushBot/3~bl; +http://www.semrush.com/bot.html)"
46.229.168.147 - - [01/Aug/2019:05:17:34 +0100] "GET /store/index.php HTTP/1.1" 404 4374 "-" "Mozilla/5.0 (compatible; SemrushBot/3~bl; +http://www.semrush.com/bot.html)"
63.143.42.250 - - [01/Aug/2019:05:18:50 +0100] "HEAD /index.php HTTP/1.1" 200 0 "https://www.petersweb.me.uk/index.php" "Mozilla/5.0+(compatible; UptimeRobot/2.0; http://www.uptimerobot.com/)"
35.187.118.51 - - [01/Aug/2019:05:19:15 +0100] "GET / HTTP/1.1" 403 565 "-" "-"
35.187.118.51 - - [01/Aug/2019:05:19:15 +0100] "GET / HTTP/1.1" 403 565 "-" "-"
35.187.118.51 - - [01/Aug/2019:05:23:13 +0100] "GET / HTTP/1.1" 403 565 "-" "-"
35.187.118.51 - - [01/Aug/2019:05:23:13 +0100] "GET / HTTP/1.1" 403 565 "-" "-"
63.143.42.250 - - [01/Aug/2019:05:23:50 +0100] "HEAD /index.php HTTP/1.1" 200 0 "https://www.petersweb.me.uk/index.php" "Mozilla/5.0+(compatible; UptimeRobot/2.0; http://www.uptimerobot.com/)"
46.229.168.136 - - [01/Aug/2019:05:25:26 +0100] "GET /knowledgebase/tag/Hack HTTP/1.1" 200 6871 "-" "Mozilla/5.0 (compatible; SemrushBot/3~bl; +http://www.semrush.com/bot.html)"
35.187.118.51 - - [01/Aug/2019:05:27:13 +0100] "GET / HTTP/1.1" 403 565 "-" "-"
35.187.118.51 - - [01/Aug/2019:05:27:14 +0100] "GET / HTTP/1.1" 403 565 "-" "-"
40.77.167.150 - - [01/Aug/2019:05:28:25 +0100] "GET / HTTP/1.1" 200 12198 "-" "Mozilla/5.0 (compatible; bingbot/2.0; +http://www.bing.com/bingbot.htm)"
63.143.42.250 - - [01/Aug/2019:05:28:51 +0100] "HEAD /index.php HTTP/1.1" 200 0 "https://www.petersweb.me.uk/index.php" "Mozilla/5.0+(compatible; UptimeRobot/2.0; http://www.uptimerobot.com/)"
35.187.118.51 - - [01/Aug/2019:05:31:24 +0100] "GET / HTTP/1.1" 403 565 "-" "-"
35.187.118.51 - - [01/Aug/2019:05:31:24 +0100] "GET / HTTP/1.1" 403 565 "-" "-"
63.143.42.250 - - [01/Aug/2019:05:33:50 +0100] "HEAD /index.php HTTP/1.1" 200 0 "https://www.petersweb.me.uk/index.php" "Mozilla/5.0+(compatible; UptimeRobot/2.0; http://www.uptimerobot.com/)"
35.187.118.51 - - [01/Aug/2019:05:34:16 +0100] "GET / HTTP/1.1" 403 565 "-" "-"
35.187.118.51 - - [01/Aug/2019:05:34:21 +0100] "GET / HTTP/1.1" 403 565 "-" "-"
35.187.118.51 - - [01/Aug/2019:05:38:13 +0100] "GET / HTTP/1.1" 403 565 "-" "-"
35.187.118.51 - - [01/Aug/2019:05:38:13 +0100] "GET / HTTP/1.1" 403 565 "-" "-"
63.143.42.250 - - [01/Aug/2019:05:38:50 +0100] "HEAD /index.php HTTP/1.1" 200 0 "https://www.petersweb.me.uk/index.php" "Mozilla/5.0+(compatible; UptimeRobot/2.0; http://www.uptimerobot.com/)"
35.187.118.51 - - [01/Aug/2019:05:42:13 +0100] "GET / HTTP/1.1" 403 565 "-" "-"
35.187.118.51 - - [01/Aug/2019:05:42:14 +0100] "GET / HTTP/1.1" 403 565 "-" "-"
63.143.42.250 - - [01/Aug/2019:05:43:50 +0100] "HEAD /index.php HTTP/1.1" 200 0 "https://www.petersweb.me.uk/index.php" "Mozilla/5.0+(compatible; UptimeRobot/2.0; http://www.uptimerobot.com/)"
35.187.118.51 - - [01/Aug/2019:05:46:18 +0100] "GET / HTTP/1.1" 403 565 "-" "-"
35.187.118.51 - - [01/Aug/2019:05:46:18 +0100] "GET / HTTP/1.1" 403 565 "-" "-"
63.143.42.250 - - [01/Aug/2019:05:48:55 +0100] "HEAD /index.php HTTP/1.1" 200 0 "https://www.petersweb.me.uk/index.php" "Mozilla/5.0+(compatible; UptimeRobot/2.0; http://www.uptimerobot.com/)"
35.187.118.51 - - [01/Aug/2019:05:49:15 +0100] "GET / HTTP/1.1" 403 565 "-" "-"
35.187.118.51 - - [01/Aug/2019:05:49:15 +0100] "GET / HTTP/1.1" 403 565 "-" "-"
35.187.118.51 - - [01/Aug/2019:05:53:15 +0100] "GET / HTTP/1.1" 403 565 "-" "-"
35.187.118.51 - - [01/Aug/2019:05:53:16 +0100] "GET / HTTP/1.1" 403 565 "-" "-"
63.143.42.250 - - [01/Aug/2019:05:53:51 +0100] "HEAD /index.php HTTP/1.1" 200 0 "https://www.petersweb.me.uk/index.php" "Mozilla/5.0+(compatible; UptimeRobot/2.0; http://www.uptimerobot.com/)"
35.187.118.51 - - [01/Aug/2019:05:57:13 +0100] "GET / HTTP/1.1" 403 565 "-" "-"
35.187.118.51 - - [01/Aug/2019:05:57:14 +0100] "GET / HTTP/1.1" 403 565 "-" "-"
63.143.42.250 - - [01/Aug/2019:05:58:50 +0100] "HEAD /index.php HTTP/1.1" 200 0 "https://www.petersweb.me.uk/index.php" "Mozilla/5.0+(compatible; UptimeRobot/2.0; http://www.uptimerobot.com/)"
37.9.87.181 - - [01/Aug/2019:06:01:08 +0100] "GET /robots.txt HTTP/1.1" 304 0 "-" "Mozilla/5.0 (compatible; YandexBot/3.0; +http://yandex.com/bots)"
37.9.87.181 - - [01/Aug/2019:06:01:15 +0100] "GET /knowledgebase/83/ HTTP/1.1" 200 10402 "-" "Mozilla/5.0 (compatible; YandexBot/3.0; +http://yandex.com/bots)"
35.187.118.51 - - [01/Aug/2019:06:01:23 +0100] "GET / HTTP/1.1" 403 565 "-" "-"
35.187.118.51 - - [01/Aug/2019:06:01:23 +0100] "GET / HTTP/1.1" 403 565 "-" "-"
63.143.42.250 - - [01/Aug/2019:06:03:50 +0100] "HEAD /index.php HTTP/1.1" 200 0 "https://www.petersweb.me.uk/index.php" "Mozilla/5.0+(compatible; UptimeRobot/2.0; http://www.uptimerobot.com/)"
35.187.118.51 - - [01/Aug/2019:06:04:18 +0100] "GET / HTTP/1.1" 403 565 "-" "-"
35.187.118.51 - - [01/Aug/2019:06:04:19 +0100] "GET / HTTP/1.1" 403 565 "-" "-"
35.187.118.51 - - [01/Aug/2019:06:08:15 +0100] "GET / HTTP/1.1" 403 565 "-" "-"
35.187.118.51 - - [01/Aug/2019:06:08:20 +0100] "GET / HTTP/1.1" 403 565 "-" "-"
63.143.42.250 - - [01/Aug/2019:06:08:50 +0100] "HEAD /index.php HTTP/1.1" 200 0 "https://www.petersweb.me.uk/index.php" "Mozilla/5.0+(compatible; UptimeRobot/2.0; http://www.uptimerobot.com/)"
35.187.118.51 - - [01/Aug/2019:06:12:16 +0100] "GET / HTTP/1.1" 403 565 "-" "-"
35.187.118.51 - - [01/Aug/2019:06:12:17 +0100] "GET / HTTP/1.1" 403 565 "-" "-"
63.143.42.250 - - [01/Aug/2019:06:13:51 +0100] "HEAD /index.php HTTP/1.1" 200 0 "https://www.petersweb.me.uk/index.php" "Mozilla/5.0+(compatible; UptimeRobot/2.0; http://www.uptimerobot.com/)"
