216.244.66.197 - - [31/Jul/2019:19:48:43 +0100] "GET /invoicing/knowledgebase/7/MYSQL-host.html HTTP/1.1" 404 4372 "-" "Mozilla/5.0 (compatible; DotBot/1.1; http://www.opensiteexplorer.org/dotbot, help@moz.com)"
63.143.42.250 - - [31/Jul/2019:19:48:50 +0100] "HEAD /index.php HTTP/1.1" 200 0 "https://www.petersweb.me.uk/index.php" "Mozilla/5.0+(compatible; UptimeRobot/2.0; http://www.uptimerobot.com/)"
35.187.118.51 - - [31/Jul/2019:19:51:36 +0100] "GET / HTTP/1.1" 403 565 "-" "-"
35.187.118.51 - - [31/Jul/2019:19:51:36 +0100] "GET / HTTP/1.1" 403 565 "-" "-"
63.143.42.250 - - [31/Jul/2019:19:53:50 +0100] "HEAD /index.php HTTP/1.1" 200 0 "https://www.petersweb.me.uk/index.php" "Mozilla/5.0+(compatible; UptimeRobot/2.0; http://www.uptimerobot.com/)"
35.187.118.51 - - [31/Jul/2019:19:55:14 +0100] "GET / HTTP/1.1" 403 565 "-" "-"
35.187.118.51 - - [31/Jul/2019:19:55:15 +0100] "GET / HTTP/1.1" 403 565 "-" "-"
199.59.150.180 - - [31/Jul/2019:19:58:53 +0100] "GET /robots.txt HTTP/1.1" 304 0 "-" "Twitterbot/1.0"
63.143.42.250 - - [31/Jul/2019:19:58:52 +0100] "HEAD /index.php HTTP/1.1" 200 0 "https://www.petersweb.me.uk/index.php" "Mozilla/5.0+(compatible; UptimeRobot/2.0; http://www.uptimerobot.com/)"
199.59.150.180 - - [31/Jul/2019:19:58:53 +0100] "GET /knowledgebase/18/5-easy-steps-to-keep-your-Wordpress-site-safe.html HTTP/1.1" 200 8927 "-" "Twitterbot/1.0"
35.187.118.51 - - [31/Jul/2019:19:59:37 +0100] "GET / HTTP/1.1" 403 565 "-" "-"
35.187.118.51 - - [31/Jul/2019:19:59:37 +0100] "GET / HTTP/1.1" 403 565 "-" "-"
2605:e000:160e:cb10:14df:934f:429b:9c4c - - [31/Jul/2019:20:02:55 +0100] "GET / HTTP/1.1" 200 12198 "https://www.google.com/" "Mozilla/5.0 (Macintosh; Intel Mac OS X 10_12_6) AppleWebKit/537.36 (KHTML, like Gecko) Chrome/75.0.3770.100 Safari/537.36"
2605:e000:160e:cb10:14df:934f:429b:9c4c - - [31/Jul/2019:20:02:56 +0100] "GET /templates/Peterswebnew/css/all.min.css?v=224c48 HTTP/1.1" 200 45373 "https://www.petersweb.me.uk/" "Mozilla/5.0 (Macintosh; Intel Mac OS X 10_12_6) AppleWebKit/537.36 (KHTML, like Gecko) Chrome/75.0.3770.100 Safari/537.36"
2605:e000:160e:cb10:14df:934f:429b:9c4c - - [31/Jul/2019:20:02:56 +0100] "GET /templates/Peterswebnew/css/custom.css HTTP/1.1" 304 0 "https://www.petersweb.me.uk/" "Mozilla/5.0 (Macintosh; Intel Mac OS X 10_12_6) AppleWebKit/537.36 (KHTML, like Gecko) Chrome/75.0.3770.100 Safari/537.36"
2605:e000:160e:cb10:14df:934f:429b:9c4c - - [31/Jul/2019:20:02:56 +0100] "GET /assets/img/Clouds.PNG HTTP/1.1" 200 362114 "https://www.petersweb.me.uk/" "Mozilla/5.0 (Macintosh; Intel Mac OS X 10_12_6) AppleWebKit/537.36 (KHTML, like Gecko) Chrome/75.0.3770.100 Safari/537.36"
2605:e000:160e:cb10:14df:934f:429b:9c4c - - [31/Jul/2019:20:02:57 +0100] "GET /assets/img/blogs/97.jpg HTTP/1.1" 200 2067710 "https://www.petersweb.me.uk/" "Mozilla/5.0 (Macintosh; Intel Mac OS X 10_12_6) AppleWebKit/537.36 (KHTML, like Gecko) Chrome/75.0.3770.100 Safari/537.36"
2605:e000:160e:cb10:14df:934f:429b:9c4c - - [31/Jul/2019:20:02:57 +0100] "GET /assets/img/blogs/98.jpg HTTP/1.1" 200 2881140 "https://www.petersweb.me.uk/" "Mozilla/5.0 (Macintosh; Intel Mac OS X 10_12_6) AppleWebKit/537.36 (KHTML, like Gecko) Chrome/75.0.3770.100 Safari/537.36"
2605:e000:160e:cb10:14df:934f:429b:9c4c - - [31/Jul/2019:20:02:58 +0100] "GET /assets/webfonts/fa-brands-400.woff2 HTTP/1.1" 200 64224 "https://www.petersweb.me.uk/assets/css/fontawesome-all.min.css" "Mozilla/5.0 (Macintosh; Intel Mac OS X 10_12_6) AppleWebKit/537.36 (KHTML, like Gecko) Chrome/75.0.3770.100 Safari/537.36"
2605:e000:160e:cb10:14df:934f:429b:9c4c - - [31/Jul/2019:20:02:58 +0100] "GET /assets/webfonts/fa-solid-900.woff2 HTTP/1.1" 200 83144 "https://www.petersweb.me.uk/assets/css/fontawesome-all.min.css" "Mozilla/5.0 (Macintosh; Intel Mac OS X 10_12_6) AppleWebKit/537.36 (KHTML, like Gecko) Chrome/75.0.3770.100 Safari/537.36"
2605:e000:160e:cb10:14df:934f:429b:9c4c - - [31/Jul/2019:20:02:57 +0100] "GET /assets/img/blogs/96.jpg HTTP/1.1" 200 8415588 "https://www.petersweb.me.uk/" "Mozilla/5.0 (Macintosh; Intel Mac OS X 10_12_6) AppleWebKit/537.36 (KHTML, like Gecko) Chrome/75.0.3770.100 Safari/537.36"
2605:e000:160e:cb10:14df:934f:429b:9c4c - - [31/Jul/2019:20:02:58 +0100] "GET /templates/Peterswebnew/js/scripts.min.js?v=224c48 HTTP/1.1" 200 196292 "https://www.petersweb.me.uk/" "Mozilla/5.0 (Macintosh; Intel Mac OS X 10_12_6) AppleWebKit/537.36 (KHTML, like Gecko) Chrome/75.0.3770.100 Safari/537.36"
2605:e000:160e:cb10:14df:934f:429b:9c4c - - [31/Jul/2019:20:03:01 +0100] "GET /images/icons/site.webmanifest HTTP/1.1" 404 4374 "https://www.petersweb.me.uk/" "Mozilla/5.0 (Macintosh; Intel Mac OS X 10_12_6) AppleWebKit/537.36 (KHTML, like Gecko) Chrome/75.0.3770.100 Safari/537.36"
35.187.118.51 - - [31/Jul/2019:20:03:17 +0100] "GET / HTTP/1.1" 403 565 "-" "-"
35.187.118.51 - - [31/Jul/2019:20:03:17 +0100] "GET / HTTP/1.1" 403 565 "-" "-"
63.143.42.250 - - [31/Jul/2019:20:03:50 +0100] "HEAD /index.php HTTP/1.1" 200 0 "https://www.petersweb.me.uk/index.php" "Mozilla/5.0+(compatible; UptimeRobot/2.0; http://www.uptimerobot.com/)"
46.229.168.136 - - [31/Jul/2019:20:04:39 +0100] "GET /robots.txt HTTP/1.1" 304 0 "-" "Mozilla/5.0 (compatible; SemrushBot/3~bl; +http://www.semrush.com/bot.html)"
46.229.168.152 - - [31/Jul/2019:20:04:40 +0100] "GET /knowledgebase/62/What-is-a-protocol-.html HTTP/1.1" 200 8097 "-" "Mozilla/5.0 (compatible; SemrushBot/3~bl; +http://www.semrush.com/bot.html)"
35.187.118.51 - - [31/Jul/2019:20:07:15 +0100] "GET / HTTP/1.1" 403 565 "-" "-"
35.187.118.51 - - [31/Jul/2019:20:07:15 +0100] "GET / HTTP/1.1" 403 565 "-" "-"
63.143.42.250 - - [31/Jul/2019:20:08:50 +0100] "HEAD /index.php HTTP/1.1" 200 0 "https://www.petersweb.me.uk/index.php" "Mozilla/5.0+(compatible; UptimeRobot/2.0; http://www.uptimerobot.com/)"
35.187.118.51 - - [31/Jul/2019:20:11:14 +0100] "GET / HTTP/1.1" 403 565 "-" "-"
35.187.118.51 - - [31/Jul/2019:20:11:15 +0100] "GET / HTTP/1.1" 403 565 "-" "-"
63.143.42.250 - - [31/Jul/2019:20:13:50 +0100] "HEAD /index.php HTTP/1.1" 200 0 "https://www.petersweb.me.uk/index.php" "Mozilla/5.0+(compatible; UptimeRobot/2.0; http://www.uptimerobot.com/)"
35.187.118.51 - - [31/Jul/2019:20:14:16 +0100] "GET / HTTP/1.1" 403 565 "-" "-"
35.187.118.51 - - [31/Jul/2019:20:14:16 +0100] "GET / HTTP/1.1" 403 565 "-" "-"
35.187.118.51 - - [31/Jul/2019:20:18:17 +0100] "GET / HTTP/1.1" 403 565 "-" "-"
35.187.118.51 - - [31/Jul/2019:20:18:18 +0100] "GET / HTTP/1.1" 403 565 "-" "-"
63.143.42.250 - - [31/Jul/2019:20:18:51 +0100] "HEAD /index.php HTTP/1.1" 200 0 "https://www.petersweb.me.uk/index.php" "Mozilla/5.0+(compatible; UptimeRobot/2.0; http://www.uptimerobot.com/)"
35.187.118.51 - - [31/Jul/2019:20:21:20 +0100] "GET / HTTP/1.1" 403 565 "-" "-"
35.187.118.51 - - [31/Jul/2019:20:21:20 +0100] "GET / HTTP/1.1" 403 565 "-" "-"
63.143.42.250 - - [31/Jul/2019:20:23:50 +0100] "HEAD /index.php HTTP/1.1" 200 0 "https://www.petersweb.me.uk/index.php" "Mozilla/5.0+(compatible; UptimeRobot/2.0; http://www.uptimerobot.com/)"
35.187.118.51 - - [31/Jul/2019:20:24:14 +0100] "GET / HTTP/1.1" 403 565 "-" "-"
35.187.118.51 - - [31/Jul/2019:20:24:14 +0100] "GET / HTTP/1.1" 403 565 "-" "-"
46.229.168.132 - - [31/Jul/2019:20:25:42 +0100] "GET /knowledgebase/69/ HTTP/1.1" 200 8122 "-" "Mozilla/5.0 (compatible; SemrushBot/3~bl; +http://www.semrush.com/bot.html)"
35.187.118.51 - - [31/Jul/2019:20:28:21 +0100] "GET / HTTP/1.1" 403 565 "-" "-"
35.187.118.51 - - [31/Jul/2019:20:28:21 +0100] "GET / HTTP/1.1" 403 565 "-" "-"
63.143.42.250 - - [31/Jul/2019:20:28:50 +0100] "HEAD /index.php HTTP/1.1" 200 0 "https://www.petersweb.me.uk/index.php" "Mozilla/5.0+(compatible; UptimeRobot/2.0; http://www.uptimerobot.com/)"
35.187.118.51 - - [31/Jul/2019:20:32:19 +0100] "GET / HTTP/1.1" 403 565 "-" "-"
35.187.118.51 - - [31/Jul/2019:20:32:19 +0100] "GET / HTTP/1.1" 403 565 "-" "-"
63.143.42.250 - - [31/Jul/2019:20:33:50 +0100] "HEAD /index.php HTTP/1.1" 200 0 "https://www.petersweb.me.uk/index.php" "Mozilla/5.0+(compatible; UptimeRobot/2.0; http://www.uptimerobot.com/)"
35.187.118.51 - - [31/Jul/2019:20:36:14 +0100] "GET / HTTP/1.1" 403 565 "-" "-"
35.187.118.51 - - [31/Jul/2019:20:36:15 +0100] "GET / HTTP/1.1" 403 565 "-" "-"
63.143.42.250 - - [31/Jul/2019:20:38:50 +0100] "HEAD /index.php HTTP/1.1" 200 0 "https://www.petersweb.me.uk/index.php" "Mozilla/5.0+(compatible; UptimeRobot/2.0; http://www.uptimerobot.com/)"
35.187.118.51 - - [31/Jul/2019:20:39:15 +0100] "GET / HTTP/1.1" 403 565 "-" "-"
35.187.118.51 - - [31/Jul/2019:20:39:15 +0100] "GET / HTTP/1.1" 403 565 "-" "-"
54.36.148.35 - - [31/Jul/2019:20:41:06 +0100] "GET /knowledgebase/tag/Scheduling HTTP/1.1" 200 7038 "-" "Mozilla/5.0 (compatible; AhrefsBot/6.1; +http://ahrefs.com/robot/)"
35.187.118.51 - - [31/Jul/2019:20:43:14 +0100] "GET / HTTP/1.1" 403 565 "-" "-"
35.187.118.51 - - [31/Jul/2019:20:43:15 +0100] "GET / HTTP/1.1" 403 565 "-" "-"
63.143.42.250 - - [31/Jul/2019:20:43:50 +0100] "HEAD /index.php HTTP/1.1" 200 0 "https://www.petersweb.me.uk/index.php" "Mozilla/5.0+(compatible; UptimeRobot/2.0; http://www.uptimerobot.com/)"
35.187.118.51 - - [31/Jul/2019:20:47:19 +0100] "GET / HTTP/1.1" 403 565 "-" "-"
35.187.118.51 - - [31/Jul/2019:20:47:19 +0100] "GET / HTTP/1.1" 403 565 "-" "-"
63.143.42.250 - - [31/Jul/2019:20:48:50 +0100] "HEAD /index.php HTTP/1.1" 200 0 "https://www.petersweb.me.uk/index.php" "Mozilla/5.0+(compatible; UptimeRobot/2.0; http://www.uptimerobot.com/)"
35.187.118.51 - - [31/Jul/2019:20:51:18 +0100] "GET / HTTP/1.1" 403 565 "-" "-"
35.187.118.51 - - [31/Jul/2019:20:51:18 +0100] "GET / HTTP/1.1" 403 565 "-" "-"
63.143.42.250 - - [31/Jul/2019:20:53:50 +0100] "HEAD /index.php HTTP/1.1" 200 0 "https://www.petersweb.me.uk/index.php" "Mozilla/5.0+(compatible; UptimeRobot/2.0; http://www.uptimerobot.com/)"
35.187.118.51 - - [31/Jul/2019:20:54:23 +0100] "GET / HTTP/1.1" 403 565 "-" "-"
35.187.118.51 - - [31/Jul/2019:20:54:23 +0100] "GET / HTTP/1.1" 403 565 "-" "-"
35.187.118.51 - - [31/Jul/2019:20:58:16 +0100] "GET / HTTP/1.1" 403 565 "-" "-"
35.187.118.51 - - [31/Jul/2019:20:58:17 +0100] "GET / HTTP/1.1" 403 565 "-" "-"
63.143.42.250 - - [31/Jul/2019:20:58:50 +0100] "HEAD /index.php HTTP/1.1" 200 0 "https://www.petersweb.me.uk/index.php" "Mozilla/5.0+(compatible; UptimeRobot/2.0; http://www.uptimerobot.com/)"
35.187.118.51 - - [31/Jul/2019:21:01:14 +0100] "GET / HTTP/1.1" 403 565 "-" "-"
35.187.118.51 - - [31/Jul/2019:21:01:15 +0100] "GET / HTTP/1.1" 403 565 "-" "-"
63.143.42.250 - - [31/Jul/2019:21:03:50 +0100] "HEAD /index.php HTTP/1.1" 200 0 "https://www.petersweb.me.uk/index.php" "Mozilla/5.0+(compatible; UptimeRobot/2.0; http://www.uptimerobot.com/)"
35.187.118.51 - - [31/Jul/2019:21:04:19 +0100] "GET / HTTP/1.1" 403 565 "-" "-"
35.187.118.51 - - [31/Jul/2019:21:04:19 +0100] "GET / HTTP/1.1" 403 565 "-" "-"
46.229.168.147 - - [31/Jul/2019:21:06:29 +0100] "GET /robots.txt HTTP/1.1" 304 0 "-" "Mozilla/5.0 (compatible; SemrushBot/3~bl; +http://www.semrush.com/bot.html)"
46.229.168.131 - - [31/Jul/2019:21:06:30 +0100] "GET /supporttickets.php HTTP/1.1" 200 4687 "-" "Mozilla/5.0 (compatible; SemrushBot/3~bl; +http://www.semrush.com/bot.html)"
35.187.118.51 - - [31/Jul/2019:21:08:15 +0100] "GET / HTTP/1.1" 403 565 "-" "-"
35.187.118.51 - - [31/Jul/2019:21:08:16 +0100] "GET / HTTP/1.1" 403 565 "-" "-"
63.143.42.250 - - [31/Jul/2019:21:08:50 +0100] "HEAD /index.php HTTP/1.1" 200 0 "https://www.petersweb.me.uk/index.php" "Mozilla/5.0+(compatible; UptimeRobot/2.0; http://www.uptimerobot.com/)"
35.187.118.51 - - [31/Jul/2019:21:11:21 +0100] "GET / HTTP/1.1" 403 565 "-" "-"
35.187.118.51 - - [31/Jul/2019:21:11:21 +0100] "GET / HTTP/1.1" 403 565 "-" "-"
63.143.42.250 - - [31/Jul/2019:21:13:51 +0100] "HEAD /index.php HTTP/1.1" 200 0 "https://www.petersweb.me.uk/index.php" "Mozilla/5.0+(compatible; UptimeRobot/2.0; http://www.uptimerobot.com/)"
35.187.118.51 - - [31/Jul/2019:21:14:17 +0100] "GET / HTTP/1.1" 403 565 "-" "-"
35.187.118.51 - - [31/Jul/2019:21:14:17 +0100] "GET / HTTP/1.1" 403 565 "-" "-"
35.187.118.51 - - [31/Jul/2019:21:18:18 +0100] "GET / HTTP/1.1" 403 565 "-" "-"
35.187.118.51 - - [31/Jul/2019:21:18:18 +0100] "GET / HTTP/1.1" 403 565 "-" "-"
63.143.42.250 - - [31/Jul/2019:21:18:50 +0100] "HEAD /index.php HTTP/1.1" 200 0 "https://www.petersweb.me.uk/index.php" "Mozilla/5.0+(compatible; UptimeRobot/2.0; http://www.uptimerobot.com/)"
35.187.118.51 - - [31/Jul/2019:21:22:15 +0100] "GET / HTTP/1.1" 403 565 "-" "-"
35.187.118.51 - - [31/Jul/2019:21:22:15 +0100] "GET / HTTP/1.1" 403 565 "-" "-"
63.143.42.250 - - [31/Jul/2019:21:23:50 +0100] "HEAD /index.php HTTP/1.1" 200 0 "https://www.petersweb.me.uk/index.php" "Mozilla/5.0+(compatible; UptimeRobot/2.0; http://www.uptimerobot.com/)"
35.187.118.51 - - [31/Jul/2019:21:26:17 +0100] "GET / HTTP/1.1" 403 565 "-" "-"
35.187.118.51 - - [31/Jul/2019:21:26:21 +0100] "GET / HTTP/1.1" 403 565 "-" "-"
63.143.42.250 - - [31/Jul/2019:21:28:50 +0100] "HEAD /index.php HTTP/1.1" 200 0 "https://www.petersweb.me.uk/index.php" "Mozilla/5.0+(compatible; UptimeRobot/2.0; http://www.uptimerobot.com/)"
35.187.118.51 - - [31/Jul/2019:21:29:23 +0100] "GET / HTTP/1.1" 403 565 "-" "-"
35.187.118.51 - - [31/Jul/2019:21:29:24 +0100] "GET / HTTP/1.1" 403 565 "-" "-"
35.187.118.51 - - [31/Jul/2019:21:37:19 +0100] "GET / HTTP/1.1" 403 565 "-" "-"
35.187.118.51 - - [31/Jul/2019:21:37:19 +0100] "GET / HTTP/1.1" 403 565 "-" "-"
63.143.42.250 - - [31/Jul/2019:21:38:50 +0100] "HEAD /index.php HTTP/1.1" 200 0 "https://www.petersweb.me.uk/index.php" "Mozilla/5.0+(compatible; UptimeRobot/2.0; http://www.uptimerobot.com/)"
2607:fcc0:6::119 - - [31/Jul/2019:21:39:33 +0100] "GET / HTTP/1.1" 200 12194 "-" "Mozilla/5.0 (X11; Linux x86_64; GTmetrix https://gtmetrix.com/) AppleWebKit/537.36 (KHTML, like Gecko) Chrome/75.0.3770.100 Safari/537.36"
199.10.31.194 - - [31/Jul/2019:21:39:35 +0100] "GET / HTTP/1.1" 200 12198 "-" "Mozilla/5.0 (X11; Linux x86_64) AppleWebKit/537.36 (KHTML, like Gecko) Chrome/75.0.3770.100 Safari/537.36"
199.10.31.194 - - [31/Jul/2019:21:39:36 +0100] "GET /assets/css/fontawesome-all.min.css HTTP/1.1" 200 14349 "https://www.petersweb.me.uk/" "Mozilla/5.0 (X11; Linux x86_64) AppleWebKit/537.36 (KHTML, like Gecko) Chrome/75.0.3770.100 Safari/537.36"
199.10.31.194 - - [31/Jul/2019:21:39:36 +0100] "GET /templates/Peterswebnew/css/custom.css HTTP/1.1" 200 2678 "https://www.petersweb.me.uk/" "Mozilla/5.0 (X11; Linux x86_64) AppleWebKit/537.36 (KHTML, like Gecko) Chrome/75.0.3770.100 Safari/537.36"
199.10.31.194 - - [31/Jul/2019:21:39:36 +0100] "GET /templates/Peterswebnew/css/all.min.css?v=224c48 HTTP/1.1" 200 45373 "https://www.petersweb.me.uk/" "Mozilla/5.0 (X11; Linux x86_64) AppleWebKit/537.36 (KHTML, like Gecko) Chrome/75.0.3770.100 Safari/537.36"
199.10.31.194 - - [31/Jul/2019:21:39:36 +0100] "GET /assets/img/logo.jpg HTTP/1.1" 200 26669 "https://www.petersweb.me.uk/" "Mozilla/5.0 (X11; Linux x86_64) AppleWebKit/537.36 (KHTML, like Gecko) Chrome/75.0.3770.100 Safari/537.36"
199.10.31.194 - - [31/Jul/2019:21:39:36 +0100] "GET /assets/img/Clouds.PNG HTTP/1.1" 200 362114 "https://www.petersweb.me.uk/" "Mozilla/5.0 (X11; Linux x86_64) AppleWebKit/537.36 (KHTML, like Gecko) Chrome/75.0.3770.100 Safari/537.36"
199.10.31.194 - - [31/Jul/2019:21:39:36 +0100] "GET /templates/Peterswebnew/js/scripts.min.js?v=224c48 HTTP/1.1" 200 196292 "https://www.petersweb.me.uk/" "Mozilla/5.0 (X11; Linux x86_64) AppleWebKit/537.36 (KHTML, like Gecko) Chrome/75.0.3770.100 Safari/537.36"
199.10.31.194 - - [31/Jul/2019:21:39:36 +0100] "GET /assets/img/blogs/97.jpg HTTP/1.1" 200 2067710 "https://www.petersweb.me.uk/" "Mozilla/5.0 (X11; Linux x86_64) AppleWebKit/537.36 (KHTML, like Gecko) Chrome/75.0.3770.100 Safari/537.36"
199.10.31.194 - - [31/Jul/2019:21:39:36 +0100] "GET /assets/img/blogs/98.jpg HTTP/1.1" 200 2881140 "https://www.petersweb.me.uk/" "Mozilla/5.0 (X11; Linux x86_64) AppleWebKit/537.36 (KHTML, like Gecko) Chrome/75.0.3770.100 Safari/537.36"
199.10.31.194 - - [31/Jul/2019:21:39:36 +0100] "GET /assets/img/blogs/boat.jpg HTTP/1.1" 200 3172256 "https://www.petersweb.me.uk/" "Mozilla/5.0 (X11; Linux x86_64) AppleWebKit/537.36 (KHTML, like Gecko) Chrome/75.0.3770.100 Safari/537.36"
199.10.31.194 - - [31/Jul/2019:21:39:37 +0100] "GET /assets/webfonts/fa-brands-400.woff2 HTTP/1.1" 200 64224 "https://www.petersweb.me.uk/assets/css/fontawesome-all.min.css" "Mozilla/5.0 (X11; Linux x86_64) AppleWebKit/537.36 (KHTML, like Gecko) Chrome/75.0.3770.100 Safari/537.36"
199.10.31.194 - - [31/Jul/2019:21:39:37 +0100] "GET /assets/webfonts/fa-solid-900.woff2 HTTP/1.1" 200 83144 "https://www.petersweb.me.uk/assets/css/fontawesome-all.min.css" "Mozilla/5.0 (X11; Linux x86_64) AppleWebKit/537.36 (KHTML, like Gecko) Chrome/75.0.3770.100 Safari/537.36"
199.10.31.194 - - [31/Jul/2019:21:39:36 +0100] "GET /assets/img/blogs/96.jpg HTTP/1.1" 200 8415588 "https://www.petersweb.me.uk/" "Mozilla/5.0 (X11; Linux x86_64) AppleWebKit/537.36 (KHTML, like Gecko) Chrome/75.0.3770.100 Safari/537.36"
199.10.31.194 - - [31/Jul/2019:21:39:39 +0100] "GET /images/icons/favicon.ico HTTP/1.1" 200 1150 "https://www.petersweb.me.uk/" "Mozilla/5.0 (X11; Linux x86_64) AppleWebKit/537.36 (KHTML, like Gecko) Chrome/75.0.3770.100 Safari/537.36"
35.187.118.51 - - [31/Jul/2019:21:33:15 +0100] "GET / HTTP/1.1" 403 565 "-" "-"
35.187.118.51 - - [31/Jul/2019:21:33:15 +0100] "GET / HTTP/1.1" 403 565 "-" "-"
63.143.42.250 - - [31/Jul/2019:21:33:50 +0100] "HEAD /index.php HTTP/1.1" 200 0 "https://www.petersweb.me.uk/index.php" "Mozilla/5.0+(compatible; UptimeRobot/2.0; http://www.uptimerobot.com/)"
46.229.168.133 - - [31/Jul/2019:21:35:49 +0100] "GET /robots.txt HTTP/1.1" 200 48 "-" "Mozilla/5.0 (compatible; SemrushBot/3~bl; +http://www.semrush.com/bot.html)"
46.229.168.149 - - [31/Jul/2019:21:35:50 +0100] "GET /knowledgebase/65/What-is-andsharp039hot-linkingandsharp039.html HTTP/1.1" 200 9059 "-" "Mozilla/5.0 (compatible; SemrushBot/3~bl; +http://www.semrush.com/bot.html)"
199.10.31.194 - - [31/Jul/2019:21:39:39 +0100] "GET /images/icons/site.webmanifest HTTP/1.1" 404 4373 "https://www.petersweb.me.uk/" "Mozilla/5.0 (X11; Linux x86_64) AppleWebKit/537.36 (KHTML, like Gecko) Chrome/75.0.3770.100 Safari/537.36"
199.10.31.194 - - [31/Jul/2019:21:39:39 +0100] "GET /images/icons/favicon-32x32.png HTTP/1.1" 200 1526 "https://www.petersweb.me.uk/" "Mozilla/5.0 (X11; Linux x86_64) AppleWebKit/537.36 (KHTML, like Gecko) Chrome/75.0.3770.100 Safari/537.36"
180.76.15.160 - - [31/Jul/2019:21:40:04 +0100] "GET /cart.php HTTP/1.1" 200 6340 "-" "Mozilla/5.0 (compatible; Baiduspider/2.0; +http://www.baidu.com/search/spider.html)"
35.187.118.51 - - [31/Jul/2019:21:41:14 +0100] "GET / HTTP/1.1" 403 565 "-" "-"
35.187.118.51 - - [31/Jul/2019:21:41:15 +0100] "GET / HTTP/1.1" 403 565 "-" "-"
63.143.42.250 - - [31/Jul/2019:21:43:51 +0100] "HEAD /index.php HTTP/1.1" 200 0 "https://www.petersweb.me.uk/index.php" "Mozilla/5.0+(compatible; UptimeRobot/2.0; http://www.uptimerobot.com/)"
35.187.118.51 - - [31/Jul/2019:21:44:16 +0100] "GET / HTTP/1.1" 403 565 "-" "-"
35.187.118.51 - - [31/Jul/2019:21:44:16 +0100] "GET / HTTP/1.1" 403 565 "-" "-"
35.187.118.51 - - [31/Jul/2019:21:48:21 +0100] "GET / HTTP/1.1" 403 565 "-" "-"
35.187.118.51 - - [31/Jul/2019:21:48:22 +0100] "GET / HTTP/1.1" 403 565 "-" "-"
63.143.42.250 - - [31/Jul/2019:21:48:50 +0100] "HEAD /index.php HTTP/1.1" 200 0 "https://www.petersweb.me.uk/index.php" "Mozilla/5.0+(compatible; UptimeRobot/2.0; http://www.uptimerobot.com/)"
35.187.118.51 - - [31/Jul/2019:21:52:14 +0100] "GET / HTTP/1.1" 403 565 "-" "-"
35.187.118.51 - - [31/Jul/2019:21:52:15 +0100] "GET / HTTP/1.1" 403 565 "-" "-"
63.143.42.250 - - [31/Jul/2019:21:53:50 +0100] "HEAD /index.php HTTP/1.1" 200 0 "https://www.petersweb.me.uk/index.php" "Mozilla/5.0+(compatible; UptimeRobot/2.0; http://www.uptimerobot.com/)"
35.187.118.51 - - [31/Jul/2019:21:56:17 +0100] "GET / HTTP/1.1" 403 565 "-" "-"
35.187.118.51 - - [31/Jul/2019:21:56:17 +0100] "GET / HTTP/1.1" 403 565 "-" "-"
63.143.42.250 - - [31/Jul/2019:21:58:50 +0100] "HEAD /index.php HTTP/1.1" 200 0 "https://www.petersweb.me.uk/index.php" "Mozilla/5.0+(compatible; UptimeRobot/2.0; http://www.uptimerobot.com/)"
35.187.118.51 - - [31/Jul/2019:21:59:14 +0100] "GET / HTTP/1.1" 403 565 "-" "-"
35.187.118.51 - - [31/Jul/2019:21:59:15 +0100] "GET / HTTP/1.1" 403 565 "-" "-"
35.187.118.51 - - [31/Jul/2019:22:03:16 +0100] "GET / HTTP/1.1" 403 565 "-" "-"
35.187.118.51 - - [31/Jul/2019:22:03:18 +0100] "GET / HTTP/1.1" 403 565 "-" "-"
63.143.42.250 - - [31/Jul/2019:22:03:50 +0100] "HEAD /index.php HTTP/1.1" 200 0 "https://www.petersweb.me.uk/index.php" "Mozilla/5.0+(compatible; UptimeRobot/2.0; http://www.uptimerobot.com/)"
216.244.66.197 - - [31/Jul/2019:22:06:21 +0100] "GET /robots.txt HTTP/1.1" 304 0 "-" "Mozilla/5.0 (compatible; DotBot/1.1; http://www.opensiteexplorer.org/dotbot, help@moz.com)"
35.187.118.51 - - [31/Jul/2019:22:07:23 +0100] "GET / HTTP/1.1" 403 565 "-" "-"
35.187.118.51 - - [31/Jul/2019:22:07:24 +0100] "GET / HTTP/1.1" 403 565 "-" "-"
63.143.42.250 - - [31/Jul/2019:22:08:50 +0100] "HEAD /index.php HTTP/1.1" 200 0 "https://www.petersweb.me.uk/index.php" "Mozilla/5.0+(compatible; UptimeRobot/2.0; http://www.uptimerobot.com/)"
35.187.118.51 - - [31/Jul/2019:22:11:17 +0100] "GET / HTTP/1.1" 403 565 "-" "-"
35.187.118.51 - - [31/Jul/2019:22:11:18 +0100] "GET / HTTP/1.1" 403 565 "-" "-"
63.143.42.250 - - [31/Jul/2019:22:13:50 +0100] "HEAD /index.php HTTP/1.1" 200 0 "https://www.petersweb.me.uk/index.php" "Mozilla/5.0+(compatible; UptimeRobot/2.0; http://www.uptimerobot.com/)"
35.187.118.51 - - [31/Jul/2019:22:14:14 +0100] "GET / HTTP/1.1" 403 565 "-" "-"
35.187.118.51 - - [31/Jul/2019:22:14:14 +0100] "GET / HTTP/1.1" 403 565 "-" "-"
35.187.118.51 - - [31/Jul/2019:22:18:14 +0100] "GET / HTTP/1.1" 403 565 "-" "-"
35.187.118.51 - - [31/Jul/2019:22:18:15 +0100] "GET / HTTP/1.1" 403 565 "-" "-"
63.143.42.250 - - [31/Jul/2019:22:18:50 +0100] "HEAD /index.php HTTP/1.1" 200 0 "https://www.petersweb.me.uk/index.php" "Mozilla/5.0+(compatible; UptimeRobot/2.0; http://www.uptimerobot.com/)"
35.187.118.51 - - [31/Jul/2019:22:21:16 +0100] "GET / HTTP/1.1" 403 565 "-" "-"
35.187.118.51 - - [31/Jul/2019:22:21:18 +0100] "GET / HTTP/1.1" 403 565 "-" "-"
63.143.42.250 - - [31/Jul/2019:22:23:50 +0100] "HEAD /index.php HTTP/1.1" 200 0 "https://www.petersweb.me.uk/index.php" "Mozilla/5.0+(compatible; UptimeRobot/2.0; http://www.uptimerobot.com/)"
35.187.118.51 - - [31/Jul/2019:22:24:14 +0100] "GET / HTTP/1.1" 403 565 "-" "-"
35.187.118.51 - - [31/Jul/2019:22:24:15 +0100] "GET / HTTP/1.1" 403 565 "-" "-"
2a03:2880:20ff:a::face:b00c - - [31/Jul/2019:22:27:04 +0100] "GET /knowledgebase/10/Information-on-SSL-.html HTTP/1.1" 200 8754 "-" "facebookexternalhit/1.1 (+http://www.facebook.com/externalhit_uatext.php)"
2a03:2880:20ff:28::face:b00c - - [31/Jul/2019:22:27:05 +0100] "GET /knowledgebase/10/Information-on-SSL-.html HTTP/1.1" 200 8754 "-" "facebookexternalhit/1.1 (+http://www.facebook.com/externalhit_uatext.php)"
2a03:2880:30ff:7::face:b00c - - [31/Jul/2019:22:27:25 +0100] "GET /knowledgebase/10/Information-on-SSL-.html?fbclid=IwAR0AaZtOw2_FcX26nSaZqMg9svDIRajJSMcq8Xt919dGHDYseOKeys-kVlY HTTP/1.1" 200 8753 "-" "Mozilla/5.0 (iPhone; CPU iPhone OS 12_3_2 like Mac OS X) AppleWebKit/605.1.15 (KHTML, like Gecko) Version/12.1.1 Mobile/15E148 Safari/604.1"
2a03:2880:30ff:10::face:b00c - - [31/Jul/2019:22:27:26 +0100] "GET /templates/Peterswebnew/css/all.min.css?v=224c48 HTTP/1.1" 200 45373 "-" "Mozilla/5.0 (iPhone; CPU iPhone OS 12_3_2 like Mac OS X) AppleWebKit/605.1.15 (KHTML, like Gecko) Version/12.1.1 Mobile/15E148 Safari/604.1"
2a03:2880:30ff:7::face:b00c - - [31/Jul/2019:22:27:26 +0100] "GET /templates/Peterswebnew/css/custom.css HTTP/1.1" 200 2678 "-" "Mozilla/5.0 (iPhone; CPU iPhone OS 12_3_2 like Mac OS X) AppleWebKit/605.1.15 (KHTML, like Gecko) Version/12.1.1 Mobile/15E148 Safari/604.1"
2a03:2880:30ff:7::face:b00c - - [31/Jul/2019:22:27:26 +0100] "GET /assets/css/fontawesome-all.min.css HTTP/1.1" 200 14349 "-" "Mozilla/5.0 (iPhone; CPU iPhone OS 12_3_2 like Mac OS X) AppleWebKit/605.1.15 (KHTML, like Gecko) Version/12.1.1 Mobile/15E148 Safari/604.1"
2a03:2880:30ff:7::face:b00c - - [31/Jul/2019:22:27:26 +0100] "GET /templates/Peterswebnew/js/scripts.min.js?v=224c48 HTTP/1.1" 200 196292 "-" "Mozilla/5.0 (iPhone; CPU iPhone OS 12_3_2 like Mac OS X) AppleWebKit/605.1.15 (KHTML, like Gecko) Version/12.1.1 Mobile/15E148 Safari/604.1"
2a03:2880:30ff:10::face:b00c - - [31/Jul/2019:22:27:27 +0100] "GET /assets/webfonts/fa-solid-900.woff2 HTTP/1.1" 200 83144 "-" "Mozilla/5.0 (iPhone; CPU iPhone OS 12_3_2 like Mac OS X) AppleWebKit/605.1.15 (KHTML, like Gecko) Version/12.1.1 Mobile/15E148 Safari/604.1"
2a03:2880:30ff:7::face:b00c - - [31/Jul/2019:22:27:27 +0100] "GET /assets/webfonts/fa-regular-400.woff2 HTTP/1.1" 200 99900 "-" "Mozilla/5.0 (iPhone; CPU iPhone OS 12_3_2 like Mac OS X) AppleWebKit/605.1.15 (KHTML, like Gecko) Version/12.1.1 Mobile/15E148 Safari/604.1"
2a03:2880:30ff:7::face:b00c - - [31/Jul/2019:22:27:27 +0100] "GET /templates/Peterswebnew/fonts/glyphicons-halflings-regular.woff2 HTTP/1.1" 200 18028 "-" "Mozilla/5.0 (iPhone; CPU iPhone OS 12_3_2 like Mac OS X) AppleWebKit/605.1.15 (KHTML, like Gecko) Version/12.1.1 Mobile/15E148 Safari/604.1"
2a03:2880:30ff:7::face:b00c - - [31/Jul/2019:22:27:27 +0100] "GET /assets/webfonts/fa-brands-400.woff2 HTTP/1.1" 200 64224 "-" "Mozilla/5.0 (iPhone; CPU iPhone OS 12_3_2 like Mac OS X) AppleWebKit/605.1.15 (KHTML, like Gecko) Version/12.1.1 Mobile/15E148 Safari/604.1"
2a03:2880:30ff:7::face:b00c - - [31/Jul/2019:22:27:27 +0100] "GET /images/icons/favicon-32x32.png HTTP/1.1" 200 1526 "-" "Mozilla/5.0 (iPhone; CPU iPhone OS 12_3_2 like Mac OS X) AppleWebKit/605.1.15 (KHTML, like Gecko) Version/12.1.1 Mobile/15E148 Safari/604.1"
35.187.118.51 - - [31/Jul/2019:22:28:14 +0100] "GET / HTTP/1.1" 403 565 "-" "-"
35.187.118.51 - - [31/Jul/2019:22:28:14 +0100] "GET / HTTP/1.1" 403 565 "-" "-"
63.143.42.250 - - [31/Jul/2019:22:28:50 +0100] "HEAD /index.php HTTP/1.1" 200 0 "https://www.petersweb.me.uk/index.php" "Mozilla/5.0+(compatible; UptimeRobot/2.0; http://www.uptimerobot.com/)"
35.187.118.51 - - [31/Jul/2019:22:32:16 +0100] "GET / HTTP/1.1" 403 565 "-" "-"
35.187.118.51 - - [31/Jul/2019:22:32:16 +0100] "GET / HTTP/1.1" 403 565 "-" "-"
63.143.42.250 - - [31/Jul/2019:22:33:50 +0100] "HEAD /index.php HTTP/1.1" 200 0 "https://www.petersweb.me.uk/index.php" "Mozilla/5.0+(compatible; UptimeRobot/2.0; http://www.uptimerobot.com/)"
35.187.118.51 - - [31/Jul/2019:22:36:19 +0100] "GET / HTTP/1.1" 403 565 "-" "-"
35.187.118.51 - - [31/Jul/2019:22:36:19 +0100] "GET / HTTP/1.1" 403 565 "-" "-"
216.244.66.197 - - [31/Jul/2019:22:37:33 +0100] "GET /knowledgebase/54/Opening-a-support-ticket--hosting-department.html HTTP/1.1" 200 8566 "-" "Mozilla/5.0 (compatible; DotBot/1.1; http://www.opensiteexplorer.org/dotbot, help@moz.com)"
63.143.42.250 - - [31/Jul/2019:22:38:50 +0100] "HEAD /index.php HTTP/1.1" 200 0 "https://www.petersweb.me.uk/index.php" "Mozilla/5.0+(compatible; UptimeRobot/2.0; http://www.uptimerobot.com/)"
35.187.118.51 - - [31/Jul/2019:22:39:14 +0100] "GET / HTTP/1.1" 403 565 "-" "-"
35.187.118.51 - - [31/Jul/2019:22:39:14 +0100] "GET / HTTP/1.1" 403 565 "-" "-"
35.187.118.51 - - [31/Jul/2019:22:43:18 +0100] "GET / HTTP/1.1" 403 565 "-" "-"
35.187.118.51 - - [31/Jul/2019:22:43:19 +0100] "GET / HTTP/1.1" 403 565 "-" "-"
63.143.42.250 - - [31/Jul/2019:22:43:50 +0100] "HEAD /index.php HTTP/1.1" 200 0 "https://www.petersweb.me.uk/index.php" "Mozilla/5.0+(compatible; UptimeRobot/2.0; http://www.uptimerobot.com/)"
35.187.118.51 - - [31/Jul/2019:22:47:18 +0100] "GET / HTTP/1.1" 403 565 "-" "-"
35.187.118.51 - - [31/Jul/2019:22:47:18 +0100] "GET / HTTP/1.1" 403 565 "-" "-"
63.143.42.250 - - [31/Jul/2019:22:48:50 +0100] "HEAD /index.php HTTP/1.1" 200 0 "https://www.petersweb.me.uk/index.php" "Mozilla/5.0+(compatible; UptimeRobot/2.0; http://www.uptimerobot.com/)"
46.229.168.130 - - [31/Jul/2019:22:49:38 +0100] "GET /robots.txt HTTP/1.1" 304 0 "-" "Mozilla/5.0 (compatible; SemrushBot/3~bl; +http://www.semrush.com/bot.html)"
46.229.168.138 - - [31/Jul/2019:22:49:39 +0100] "GET /knowledgebase/94/Information-on-Litespeed.html HTTP/1.1" 200 10047 "-" "Mozilla/5.0 (compatible; SemrushBot/3~bl; +http://www.semrush.com/bot.html)"
35.187.118.51 - - [31/Jul/2019:22:51:17 +0100] "GET / HTTP/1.1" 403 565 "-" "-"
35.187.118.51 - - [31/Jul/2019:22:51:17 +0100] "GET / HTTP/1.1" 403 565 "-" "-"
63.143.42.250 - - [31/Jul/2019:22:53:50 +0100] "HEAD /index.php HTTP/1.1" 200 0 "https://www.petersweb.me.uk/index.php" "Mozilla/5.0+(compatible; UptimeRobot/2.0; http://www.uptimerobot.com/)"
35.187.118.51 - - [31/Jul/2019:22:54:15 +0100] "GET / HTTP/1.1" 403 565 "-" "-"
35.187.118.51 - - [31/Jul/2019:22:54:17 +0100] "GET / HTTP/1.1" 403 565 "-" "-"
199.59.150.181 - - [31/Jul/2019:22:56:04 +0100] "GET /robots.txt HTTP/1.1" 304 0 "-" "Twitterbot/1.0"
199.59.150.181 - - [31/Jul/2019:22:56:05 +0100] "GET /knowledgebase/2/Setting-up-email-accounts.html HTTP/1.1" 200 8269 "-" "Twitterbot/1.0"
35.187.118.51 - - [31/Jul/2019:22:57:16 +0100] "GET / HTTP/1.1" 403 565 "-" "-"
35.187.118.51 - - [31/Jul/2019:22:57:17 +0100] "GET / HTTP/1.1" 403 565 "-" "-"
63.143.42.250 - - [31/Jul/2019:22:58:50 +0100] "HEAD /index.php HTTP/1.1" 200 0 "https://www.petersweb.me.uk/index.php" "Mozilla/5.0+(compatible; UptimeRobot/2.0; http://www.uptimerobot.com/)"
35.187.118.51 - - [31/Jul/2019:23:00:23 +0100] "GET / HTTP/1.1" 403 565 "-" "-"
35.187.118.51 - - [31/Jul/2019:23:00:23 +0100] "GET / HTTP/1.1" 403 565 "-" "-"
40.77.167.112 - - [31/Jul/2019:23:00:24 +0100] "GET / HTTP/1.1" 200 12197 "-" "Mozilla/5.0 (compatible; bingbot/2.0; +http://www.bing.com/bingbot.htm)"
63.143.42.250 - - [31/Jul/2019:23:03:50 +0100] "HEAD /index.php HTTP/1.1" 200 0 "https://www.petersweb.me.uk/index.php" "Mozilla/5.0+(compatible; UptimeRobot/2.0; http://www.uptimerobot.com/)"
35.187.118.51 - - [31/Jul/2019:23:04:18 +0100] "GET / HTTP/1.1" 403 565 "-" "-"
35.187.118.51 - - [31/Jul/2019:23:04:18 +0100] "GET / HTTP/1.1" 403 565 "-" "-"
35.187.118.51 - - [31/Jul/2019:23:07:14 +0100] "GET / HTTP/1.1" 403 565 "-" "-"
35.187.118.51 - - [31/Jul/2019:23:07:14 +0100] "GET / HTTP/1.1" 403 565 "-" "-"
63.143.42.250 - - [31/Jul/2019:23:08:50 +0100] "HEAD /index.php HTTP/1.1" 200 0 "https://www.petersweb.me.uk/index.php" "Mozilla/5.0+(compatible; UptimeRobot/2.0; http://www.uptimerobot.com/)"
35.187.118.51 - - [31/Jul/2019:23:11:14 +0100] "GET / HTTP/1.1" 403 565 "-" "-"
35.187.118.51 - - [31/Jul/2019:23:11:14 +0100] "GET / HTTP/1.1" 403 565 "-" "-"
63.143.42.250 - - [31/Jul/2019:23:13:50 +0100] "HEAD /index.php HTTP/1.1" 200 0 "https://www.petersweb.me.uk/index.php" "Mozilla/5.0+(compatible; UptimeRobot/2.0; http://www.uptimerobot.com/)"
35.187.118.51 - - [31/Jul/2019:23:14:17 +0100] "GET / HTTP/1.1" 403 565 "-" "-"
35.187.118.51 - - [31/Jul/2019:23:14:17 +0100] "GET / HTTP/1.1" 403 565 "-" "-"
35.187.118.51 - - [31/Jul/2019:23:18:16 +0100] "GET / HTTP/1.1" 403 565 "-" "-"
35.187.118.51 - - [31/Jul/2019:23:18:16 +0100] "GET / HTTP/1.1" 403 565 "-" "-"
63.143.42.250 - - [31/Jul/2019:23:18:51 +0100] "HEAD /index.php HTTP/1.1" 200 0 "https://www.petersweb.me.uk/index.php" "Mozilla/5.0+(compatible; UptimeRobot/2.0; http://www.uptimerobot.com/)"
35.187.118.51 - - [31/Jul/2019:23:22:16 +0100] "GET / HTTP/1.1" 403 565 "-" "-"
35.187.118.51 - - [31/Jul/2019:23:22:16 +0100] "GET / HTTP/1.1" 403 565 "-" "-"
63.143.42.250 - - [31/Jul/2019:23:23:51 +0100] "HEAD /index.php HTTP/1.1" 200 0 "https://www.petersweb.me.uk/index.php" "Mozilla/5.0+(compatible; UptimeRobot/2.0; http://www.uptimerobot.com/)"
35.187.118.51 - - [31/Jul/2019:23:26:18 +0100] "GET / HTTP/1.1" 403 565 "-" "-"
35.187.118.51 - - [31/Jul/2019:23:26:18 +0100] "GET / HTTP/1.1" 403 565 "-" "-"
63.143.42.250 - - [31/Jul/2019:23:28:50 +0100] "HEAD /index.php HTTP/1.1" 200 0 "https://www.petersweb.me.uk/index.php" "Mozilla/5.0+(compatible; UptimeRobot/2.0; http://www.uptimerobot.com/)"
35.187.118.51 - - [31/Jul/2019:23:29:17 +0100] "GET / HTTP/1.1" 403 565 "-" "-"
35.187.118.51 - - [31/Jul/2019:23:29:17 +0100] "GET / HTTP/1.1" 403 565 "-" "-"
35.187.118.51 - - [31/Jul/2019:23:33:14 +0100] "GET / HTTP/1.1" 403 565 "-" "-"
35.187.118.51 - - [31/Jul/2019:23:33:14 +0100] "GET / HTTP/1.1" 403 565 "-" "-"
63.143.42.250 - - [31/Jul/2019:23:33:50 +0100] "HEAD /index.php HTTP/1.1" 200 0 "https://www.petersweb.me.uk/index.php" "Mozilla/5.0+(compatible; UptimeRobot/2.0; http://www.uptimerobot.com/)"
35.187.118.51 - - [31/Jul/2019:23:36:18 +0100] "GET / HTTP/1.1" 403 565 "-" "-"
35.187.118.51 - - [31/Jul/2019:23:36:19 +0100] "GET / HTTP/1.1" 403 565 "-" "-"
63.143.42.250 - - [31/Jul/2019:23:38:50 +0100] "HEAD /index.php HTTP/1.1" 200 0 "https://www.petersweb.me.uk/index.php" "Mozilla/5.0+(compatible; UptimeRobot/2.0; http://www.uptimerobot.com/)"
35.187.118.51 - - [31/Jul/2019:23:39:21 +0100] "GET / HTTP/1.1" 403 565 "-" "-"
35.187.118.51 - - [31/Jul/2019:23:39:21 +0100] "GET / HTTP/1.1" 403 565 "-" "-"
35.187.118.51 - - [31/Jul/2019:23:43:23 +0100] "GET / HTTP/1.1" 403 565 "-" "-"
35.187.118.51 - - [31/Jul/2019:23:43:23 +0100] "GET / HTTP/1.1" 403 565 "-" "-"
63.143.42.250 - - [31/Jul/2019:23:43:51 +0100] "HEAD /index.php HTTP/1.1" 200 0 "https://www.petersweb.me.uk/index.php" "Mozilla/5.0+(compatible; UptimeRobot/2.0; http://www.uptimerobot.com/)"
46.229.168.140 - - [31/Jul/2019:23:46:25 +0100] "GET /robots.txt HTTP/1.1" 304 0 "-" "Mozilla/5.0 (compatible; SemrushBot/3~bl; +http://www.semrush.com/bot.html)"
46.229.168.152 - - [31/Jul/2019:23:46:25 +0100] "GET /download/search HTTP/1.1" 302 0 "-" "Mozilla/5.0 (compatible; SemrushBot/3~bl; +http://www.semrush.com/bot.html)"
46.229.168.134 - - [31/Jul/2019:23:46:27 +0100] "GET /download HTTP/1.1" 200 5268 "-" "Mozilla/5.0 (compatible; SemrushBot/3~bl; +http://www.semrush.com/bot.html)"
35.187.118.51 - - [31/Jul/2019:23:47:20 +0100] "GET / HTTP/1.1" 403 565 "-" "-"
35.187.118.51 - - [31/Jul/2019:23:47:20 +0100] "GET / HTTP/1.1" 403 565 "-" "-"
17.58.101.134 - - [31/Jul/2019:23:48:07 +0100] "GET /cart.php?a=view HTTP/1.1" 200 10863 "-" "Mozilla/5.0 (Macintosh; Intel Mac OS X 10_10_1) AppleWebKit/600.2.5 (KHTML, like Gecko) Version/8.0.2 Safari/600.2.5 (Applebot/0.1; +http://www.apple.com/go/applebot)"
63.143.42.250 - - [31/Jul/2019:23:48:50 +0100] "HEAD /index.php HTTP/1.1" 200 0 "https://www.petersweb.me.uk/index.php" "Mozilla/5.0+(compatible; UptimeRobot/2.0; http://www.uptimerobot.com/)"
35.187.118.51 - - [31/Jul/2019:23:51:17 +0100] "GET / HTTP/1.1" 403 565 "-" "-"
35.187.118.51 - - [31/Jul/2019:23:51:17 +0100] "GET / HTTP/1.1" 403 565 "-" "-"
63.143.42.250 - - [31/Jul/2019:23:53:50 +0100] "HEAD /index.php HTTP/1.1" 200 0 "https://www.petersweb.me.uk/index.php" "Mozilla/5.0+(compatible; UptimeRobot/2.0; http://www.uptimerobot.com/)"
35.187.118.51 - - [31/Jul/2019:23:54:14 +0100] "GET / HTTP/1.1" 403 565 "-" "-"
35.187.118.51 - - [31/Jul/2019:23:54:14 +0100] "GET / HTTP/1.1" 403 565 "-" "-"
35.187.118.51 - - [31/Jul/2019:23:58:14 +0100] "GET / HTTP/1.1" 403 565 "-" "-"
35.187.118.51 - - [31/Jul/2019:23:58:14 +0100] "GET / HTTP/1.1" 403 565 "-" "-"
63.143.42.250 - - [31/Jul/2019:23:58:50 +0100] "HEAD /index.php HTTP/1.1" 200 0 "https://www.petersweb.me.uk/index.php" "Mozilla/5.0+(compatible; UptimeRobot/2.0; http://www.uptimerobot.com/)"
35.187.118.51 - - [01/Aug/2019:00:02:22 +0100] "GET / HTTP/1.1" 403 565 "-" "-"
35.187.118.51 - - [01/Aug/2019:00:02:22 +0100] "GET / HTTP/1.1" 403 565 "-" "-"
46.229.168.137 - - [01/Aug/2019:00:02:31 +0100] "GET /robots.txt HTTP/1.1" 200 48 "-" "Mozilla/5.0 (compatible; SemrushBot/6~bl; +http://www.semrush.com/bot.html)"
46.229.168.136 - - [01/Aug/2019:00:02:32 +0100] "GET /announcements HTTP/1.1" 200 6128 "-" "Mozilla/5.0 (compatible; SemrushBot/3~bl; +http://www.semrush.com/bot.html)"
63.143.42.250 - - [01/Aug/2019:00:03:51 +0100] "HEAD /index.php HTTP/1.1" 200 0 "https://www.petersweb.me.uk/index.php" "Mozilla/5.0+(compatible; UptimeRobot/2.0; http://www.uptimerobot.com/)"
35.187.118.51 - - [01/Aug/2019:00:06:18 +0100] "GET / HTTP/1.1" 403 565 "-" "-"
35.187.118.51 - - [01/Aug/2019:00:06:18 +0100] "GET / HTTP/1.1" 403 565 "-" "-"
63.143.42.250 - - [01/Aug/2019:00:08:50 +0100] "HEAD /index.php HTTP/1.1" 200 0 "https://www.petersweb.me.uk/index.php" "Mozilla/5.0+(compatible; UptimeRobot/2.0; http://www.uptimerobot.com/)"
35.187.118.51 - - [01/Aug/2019:00:09:14 +0100] "GET / HTTP/1.1" 403 565 "-" "-"
35.187.118.51 - - [01/Aug/2019:00:09:14 +0100] "GET / HTTP/1.1" 403 565 "-" "-"
77.88.47.81 - - [01/Aug/2019:00:11:55 +0100] "GET /robots.txt HTTP/1.1" 304 0 "-" "Mozilla/5.0 (compatible; YandexBot/3.0; +http://yandex.com/bots)"
93.158.166.138 - - [01/Aug/2019:00:11:59 +0100] "GET /knowledgebase/tag/cPanel HTTP/1.1" 200 9157 "-" "Mozilla/5.0 (compatible; YandexBot/3.0; +http://yandex.com/bots)"
35.187.118.51 - - [01/Aug/2019:00:13:14 +0100] "GET / HTTP/1.1" 403 565 "-" "-"
35.187.118.51 - - [01/Aug/2019:00:13:14 +0100] "GET / HTTP/1.1" 403 565 "-" "-"
63.143.42.250 - - [01/Aug/2019:00:13:51 +0100] "HEAD /index.php HTTP/1.1" 200 0 "https://www.petersweb.me.uk/index.php" "Mozilla/5.0+(compatible; UptimeRobot/2.0; http://www.uptimerobot.com/)"
35.187.118.51 - - [01/Aug/2019:00:17:15 +0100] "GET / HTTP/1.1" 403 565 "-" "-"
35.187.118.51 - - [01/Aug/2019:00:17:15 +0100] "GET / HTTP/1.1" 403 565 "-" "-"
63.143.42.250 - - [01/Aug/2019:00:18:51 +0100] "HEAD /index.php HTTP/1.1" 200 0 "https://www.petersweb.me.uk/index.php" "Mozilla/5.0+(compatible; UptimeRobot/2.0; http://www.uptimerobot.com/)"
35.187.118.51 - - [01/Aug/2019:00:21:16 +0100] "GET / HTTP/1.1" 403 565 "-" "-"
35.187.118.51 - - [01/Aug/2019:00:21:19 +0100] "GET / HTTP/1.1" 403 565 "-" "-"
63.143.42.250 - - [01/Aug/2019:00:23:50 +0100] "HEAD /index.php HTTP/1.1" 200 0 "https://www.petersweb.me.uk/index.php" "Mozilla/5.0+(compatible; UptimeRobot/2.0; http://www.uptimerobot.com/)"
35.187.118.51 - - [01/Aug/2019:00:24:19 +0100] "GET / HTTP/1.1" 403 565 "-" "-"
35.187.118.51 - - [01/Aug/2019:00:24:19 +0100] "GET / HTTP/1.1" 403 565 "-" "-"
54.36.148.223 - - [01/Aug/2019:00:26:42 +0100] "GET /knowledgebase/2/Billing HTTP/1.1" 200 7259 "-" "Mozilla/5.0 (compatible; AhrefsBot/6.1; +http://ahrefs.com/robot/)"
35.187.118.51 - - [01/Aug/2019:00:28:14 +0100] "GET / HTTP/1.1" 403 565 "-" "-"
35.187.118.51 - - [01/Aug/2019:00:28:15 +0100] "GET / HTTP/1.1" 403 565 "-" "-"
63.143.42.250 - - [01/Aug/2019:00:28:50 +0100] "HEAD /index.php HTTP/1.1" 200 0 "https://www.petersweb.me.uk/index.php" "Mozilla/5.0+(compatible; UptimeRobot/2.0; http://www.uptimerobot.com/)"
35.187.118.51 - - [01/Aug/2019:00:31:18 +0100] "GET / HTTP/1.1" 403 565 "-" "-"
35.187.118.51 - - [01/Aug/2019:00:31:18 +0100] "GET / HTTP/1.1" 403 565 "-" "-"
216.244.66.197 - - [01/Aug/2019:00:31:51 +0100] "GET /robots.txt HTTP/1.1" 304 0 "-" "Mozilla/5.0 (compatible; DotBot/1.1; http://www.opensiteexplorer.org/dotbot, help@moz.com)"
63.143.42.250 - - [01/Aug/2019:00:33:50 +0100] "HEAD /index.php HTTP/1.1" 200 0 "https://www.petersweb.me.uk/index.php" "Mozilla/5.0+(compatible; UptimeRobot/2.0; http://www.uptimerobot.com/)"
35.187.118.51 - - [01/Aug/2019:00:34:20 +0100] "GET / HTTP/1.1" 403 565 "-" "-"
35.187.118.51 - - [01/Aug/2019:00:34:20 +0100] "GET / HTTP/1.1" 403 565 "-" "-"
35.187.118.51 - - [01/Aug/2019:00:38:13 +0100] "GET / HTTP/1.1" 403 565 "-" "-"
35.187.118.51 - - [01/Aug/2019:00:38:13 +0100] "GET / HTTP/1.1" 403 565 "-" "-"
63.143.42.250 - - [01/Aug/2019:00:38:50 +0100] "HEAD /index.php HTTP/1.1" 200 0 "https://www.petersweb.me.uk/index.php" "Mozilla/5.0+(compatible; UptimeRobot/2.0; http://www.uptimerobot.com/)"
35.187.118.51 - - [01/Aug/2019:00:41:15 +0100] "GET / HTTP/1.1" 403 565 "-" "-"
35.187.118.51 - - [01/Aug/2019:00:41:15 +0100] "GET / HTTP/1.1" 403 565 "-" "-"
63.143.42.250 - - [01/Aug/2019:00:43:51 +0100] "HEAD /index.php HTTP/1.1" 200 0 "https://www.petersweb.me.uk/index.php" "Mozilla/5.0+(compatible; UptimeRobot/2.0; http://www.uptimerobot.com/)"
35.187.118.51 - - [01/Aug/2019:00:44:13 +0100] "GET / HTTP/1.1" 403 565 "-" "-"
35.187.118.51 - - [01/Aug/2019:00:44:14 +0100] "GET / HTTP/1.1" 403 565 "-" "-"
35.187.118.51 - - [01/Aug/2019:00:48:13 +0100] "GET / HTTP/1.1" 403 565 "-" "-"
35.187.118.51 - - [01/Aug/2019:00:48:14 +0100] "GET / HTTP/1.1" 403 565 "-" "-"
63.143.42.250 - - [01/Aug/2019:00:48:50 +0100] "HEAD /index.php HTTP/1.1" 200 0 "https://www.petersweb.me.uk/index.php" "Mozilla/5.0+(compatible; UptimeRobot/2.0; http://www.uptimerobot.com/)"
35.187.118.51 - - [01/Aug/2019:00:52:19 +0100] "GET / HTTP/1.1" 403 565 "-" "-"
35.187.118.51 - - [01/Aug/2019:00:52:23 +0100] "GET / HTTP/1.1" 403 565 "-" "-"
63.143.42.250 - - [01/Aug/2019:00:53:51 +0100] "HEAD /index.php HTTP/1.1" 200 0 "https://www.petersweb.me.uk/index.php" "Mozilla/5.0+(compatible; UptimeRobot/2.0; http://www.uptimerobot.com/)"
35.187.118.51 - - [01/Aug/2019:00:56:15 +0100] "GET / HTTP/1.1" 403 565 "-" "-"
35.187.118.51 - - [01/Aug/2019:00:56:15 +0100] "GET / HTTP/1.1" 403 565 "-" "-"
63.143.42.250 - - [01/Aug/2019:00:58:50 +0100] "HEAD /index.php HTTP/1.1" 200 0 "https://www.petersweb.me.uk/index.php" "Mozilla/5.0+(compatible; UptimeRobot/2.0; http://www.uptimerobot.com/)"
35.187.118.51 - - [01/Aug/2019:00:59:16 +0100] "GET / HTTP/1.1" 403 565 "-" "-"
35.187.118.51 - - [01/Aug/2019:00:59:16 +0100] "GET / HTTP/1.1" 403 565 "-" "-"
46.229.168.129 - - [01/Aug/2019:01:00:33 +0100] "GET /robots.txt HTTP/1.1" 304 0 "-" "Mozilla/5.0 (compatible; SemrushBot/3~bl; +http://www.semrush.com/bot.html)"
46.229.168.141 - - [01/Aug/2019:01:00:34 +0100] "GET /cart.php?gid=9 HTTP/1.1" 200 6281 "-" "Mozilla/5.0 (compatible; SemrushBot/3~bl; +http://www.semrush.com/bot.html)"
35.187.118.51 - - [01/Aug/2019:01:02:16 +0100] "GET / HTTP/1.1" 403 565 "-" "-"
35.187.118.51 - - [01/Aug/2019:01:02:16 +0100] "GET / HTTP/1.1" 403 565 "-" "-"
63.143.42.250 - - [01/Aug/2019:01:03:51 +0100] "HEAD /index.php HTTP/1.1" 200 0 "https://www.petersweb.me.uk/index.php" "Mozilla/5.0+(compatible; UptimeRobot/2.0; http://www.uptimerobot.com/)"
35.187.118.51 - - [01/Aug/2019:01:06:14 +0100] "GET / HTTP/1.1" 403 565 "-" "-"
35.187.118.51 - - [01/Aug/2019:01:06:14 +0100] "GET / HTTP/1.1" 403 565 "-" "-"
63.143.42.250 - - [01/Aug/2019:01:08:50 +0100] "HEAD /index.php HTTP/1.1" 200 0 "https://www.petersweb.me.uk/index.php" "Mozilla/5.0+(compatible; UptimeRobot/2.0; http://www.uptimerobot.com/)"
35.187.118.51 - - [01/Aug/2019:01:09:15 +0100] "GET / HTTP/1.1" 403 565 "-" "-"
35.187.118.51 - - [01/Aug/2019:01:09:16 +0100] "GET / HTTP/1.1" 403 565 "-" "-"
35.187.118.51 - - [01/Aug/2019:01:13:16 +0100] "GET / HTTP/1.1" 403 565 "-" "-"
35.187.118.51 - - [01/Aug/2019:01:13:16 +0100] "GET / HTTP/1.1" 403 565 "-" "-"
63.143.42.250 - - [01/Aug/2019:01:13:51 +0100] "HEAD /index.php HTTP/1.1" 200 0 "https://www.petersweb.me.uk/index.php" "Mozilla/5.0+(compatible; UptimeRobot/2.0; http://www.uptimerobot.com/)"
35.187.118.51 - - [01/Aug/2019:01:17:20 +0100] "GET / HTTP/1.1" 403 565 "-" "-"
35.187.118.51 - - [01/Aug/2019:01:17:20 +0100] "GET / HTTP/1.1" 403 565 "-" "-"
63.143.42.250 - - [01/Aug/2019:01:18:50 +0100] "HEAD /index.php HTTP/1.1" 200 0 "https://www.petersweb.me.uk/index.php" "Mozilla/5.0+(compatible; UptimeRobot/2.0; http://www.uptimerobot.com/)"
216.244.66.197 - - [01/Aug/2019:01:19:48 +0100] "GET /robots.txt HTTP/1.1" 304 0 "-" "Mozilla/5.0 (compatible; DotBot/1.1; http://www.opensiteexplorer.org/dotbot, help@moz.com)"
35.187.118.51 - - [01/Aug/2019:01:21:15 +0100] "GET / HTTP/1.1" 403 565 "-" "-"
35.187.118.51 - - [01/Aug/2019:01:21:16 +0100] "GET / HTTP/1.1" 403 565 "-" "-"
63.143.42.250 - - [01/Aug/2019:01:23:51 +0100] "HEAD /index.php HTTP/1.1" 200 0 "https://www.petersweb.me.uk/index.php" "Mozilla/5.0+(compatible; UptimeRobot/2.0; http://www.uptimerobot.com/)"
35.187.118.51 - - [01/Aug/2019:01:24:14 +0100] "GET / HTTP/1.1" 403 565 "-" "-"
35.187.118.51 - - [01/Aug/2019:01:24:14 +0100] "GET / HTTP/1.1" 403 565 "-" "-"
46.229.168.140 - - [01/Aug/2019:01:24:36 +0100] "GET /robots.txt HTTP/1.1" 200 48 "-" "Mozilla/5.0 (compatible; SemrushBot/3~bl; +http://www.semrush.com/bot.html)"
46.229.168.154 - - [01/Aug/2019:01:24:37 +0100] "GET /knowledgebase/tag/ftp HTTP/1.1" 200 6867 "-" "Mozilla/5.0 (compatible; SemrushBot/3~bl; +http://www.semrush.com/bot.html)"
54.36.148.35 - - [01/Aug/2019:01:25:23 +0100] "GET /robots.txt HTTP/1.1" 304 0 "-" "Mozilla/5.0 (compatible; AhrefsBot/6.1; +http://ahrefs.com/robot/)"
35.187.118.51 - - [01/Aug/2019:01:28:16 +0100] "GET / HTTP/1.1" 403 565 "-" "-"
35.187.118.51 - - [01/Aug/2019:01:28:16 +0100] "GET / HTTP/1.1" 403 565 "-" "-"
63.143.42.250 - - [01/Aug/2019:01:28:50 +0100] "HEAD /index.php HTTP/1.1" 200 0 "https://www.petersweb.me.uk/index.php" "Mozilla/5.0+(compatible; UptimeRobot/2.0; http://www.uptimerobot.com/)"
35.187.118.51 - - [01/Aug/2019:01:32:17 +0100] "GET / HTTP/1.1" 403 565 "-" "-"
35.187.118.51 - - [01/Aug/2019:01:32:18 +0100] "GET / HTTP/1.1" 403 565 "-" "-"
63.143.42.250 - - [01/Aug/2019:01:33:50 +0100] "HEAD /index.php HTTP/1.1" 200 0 "https://www.petersweb.me.uk/index.php" "Mozilla/5.0+(compatible; UptimeRobot/2.0; http://www.uptimerobot.com/)"
35.187.118.51 - - [01/Aug/2019:01:36:14 +0100] "GET / HTTP/1.1" 403 565 "-" "-"
35.187.118.51 - - [01/Aug/2019:01:36:14 +0100] "GET / HTTP/1.1" 403 565 "-" "-"
216.244.66.197 - - [01/Aug/2019:01:38:07 +0100] "GET /knowledgebase/68/How-to-conduct-a-virus-scan-using-Virus-Scanner-via-cPanel.html HTTP/1.1" 200 8550 "-" "Mozilla/5.0 (compatible; DotBot/1.1; http://www.opensiteexplorer.org/dotbot, help@moz.com)"
63.143.42.250 - - [01/Aug/2019:01:38:50 +0100] "HEAD /index.php HTTP/1.1" 200 0 "https://www.petersweb.me.uk/index.php" "Mozilla/5.0+(compatible; UptimeRobot/2.0; http://www.uptimerobot.com/)"
35.187.118.51 - - [01/Aug/2019:01:39:17 +0100] "GET / HTTP/1.1" 403 565 "-" "-"
35.187.118.51 - - [01/Aug/2019:01:39:18 +0100] "GET / HTTP/1.1" 403 565 "-" "-"
35.187.118.51 - - [01/Aug/2019:01:42:13 +0100] "GET / HTTP/1.1" 403 565 "-" "-"
35.187.118.51 - - [01/Aug/2019:01:42:14 +0100] "GET / HTTP/1.1" 403 565 "-" "-"
63.143.42.250 - - [01/Aug/2019:01:43:51 +0100] "HEAD /index.php HTTP/1.1" 200 0 "https://www.petersweb.me.uk/index.php" "Mozilla/5.0+(compatible; UptimeRobot/2.0; http://www.uptimerobot.com/)"
35.187.118.51 - - [01/Aug/2019:01:46:13 +0100] "GET / HTTP/1.1" 403 565 "-" "-"
35.187.118.51 - - [01/Aug/2019:01:46:14 +0100] "GET / HTTP/1.1" 403 565 "-" "-"
63.143.42.250 - - [01/Aug/2019:01:48:50 +0100] "HEAD /index.php HTTP/1.1" 200 0 "https://www.petersweb.me.uk/index.php" "Mozilla/5.0+(compatible; UptimeRobot/2.0; http://www.uptimerobot.com/)"
35.187.118.51 - - [01/Aug/2019:01:49:14 +0100] "GET / HTTP/1.1" 403 565 "-" "-"
35.187.118.51 - - [01/Aug/2019:01:49:14 +0100] "GET / HTTP/1.1" 403 565 "-" "-"
162.158.65.242 - - [01/Aug/2019:01:49:53 +0100] "HEAD / HTTP/1.1" 200 0 "-" "Mozilla/5.0 (compatible; CloudFlare-AlwaysOnline/1.0;+http://www.cloudflare.com/always-online)"
2400:cb00:36:1008::a29e:40f4 - - [01/Aug/2019:01:49:53 +0100] "HEAD / HTTP/1.1" 200 0 "-" "Mozilla/5.0 (compatible; CloudFlare-AlwaysOnline/1.0;+http://www.cloudflare.com/always-online)"
162.158.64.244 - - [01/Aug/2019:01:49:54 +0100] "GET / HTTP/1.1" 200 12198 "-" "Mozilla/5.0 (compatible; CloudFlare-AlwaysOnline/1.0; +http://www.cloudflare.com/always-online) AppleWebKit/534.34"
162.158.64.244 - - [01/Aug/2019:01:49:55 +0100] "GET /templates/Peterswebnew/css/all.min.css?v=224c48 HTTP/1.1" 200 45373 "https://www.petersweb.me.uk/" "Mozilla/5.0 (compatible; CloudFlare-AlwaysOnline/1.0; +http://www.cloudflare.com/always-online) AppleWebKit/534.34"
162.158.64.244 - - [01/Aug/2019:01:49:55 +0100] "GET /templates/Peterswebnew/css/custom.css HTTP/1.1" 200 2678 "https://www.petersweb.me.uk/" "Mozilla/5.0 (compatible; CloudFlare-AlwaysOnline/1.0; +http://www.cloudflare.com/always-online) AppleWebKit/534.34"
162.158.64.244 - - [01/Aug/2019:01:49:55 +0100] "GET /assets/css/fontawesome-all.min.css HTTP/1.1" 200 14349 "https://www.petersweb.me.uk/" "Mozilla/5.0 (compatible; CloudFlare-AlwaysOnline/1.0; +http://www.cloudflare.com/always-online) AppleWebKit/534.34"
162.158.64.244 - - [01/Aug/2019:01:49:55 +0100] "GET /templates/Peterswebnew/js/scripts.min.js?v=224c48 HTTP/1.1" 200 196292 "https://www.petersweb.me.uk/" "Mozilla/5.0 (compatible; CloudFlare-AlwaysOnline/1.0; +http://www.cloudflare.com/always-online) AppleWebKit/534.34"
162.158.64.244 - - [01/Aug/2019:01:49:56 +0100] "GET /assets/webfonts/fa-solid-900.woff HTTP/1.1" 200 108964 "https://www.petersweb.me.uk/" "Mozilla/5.0 (compatible; CloudFlare-AlwaysOnline/1.0; +http://www.cloudflare.com/always-online) AppleWebKit/534.34"
162.158.64.244 - - [01/Aug/2019:01:49:56 +0100] "GET /assets/webfonts/fa-regular-400.woff HTTP/1.1" 200 130488 "https://www.petersweb.me.uk/" "Mozilla/5.0 (compatible; CloudFlare-AlwaysOnline/1.0; +http://www.cloudflare.com/always-online) AppleWebKit/534.34"
162.158.64.244 - - [01/Aug/2019:01:49:56 +0100] "GET /assets/img/blogs/boat.jpg HTTP/1.1" 200 3172256 "https://www.petersweb.me.uk/" "Mozilla/5.0 (compatible; CloudFlare-AlwaysOnline/1.0; +http://www.cloudflare.com/always-online) AppleWebKit/534.34"
162.158.64.244 - - [01/Aug/2019:01:49:56 +0100] "GET /assets/img/blogs/97.jpg HTTP/1.1" 200 2067710 "https://www.petersweb.me.uk/" "Mozilla/5.0 (compatible; CloudFlare-AlwaysOnline/1.0; +http://www.cloudflare.com/always-online) AppleWebKit/534.34"
162.158.64.244 - - [01/Aug/2019:01:49:56 +0100] "GET /assets/img/blogs/98.jpg HTTP/1.1" 200 2881140 "https://www.petersweb.me.uk/" "Mozilla/5.0 (compatible; CloudFlare-AlwaysOnline/1.0; +http://www.cloudflare.com/always-online) AppleWebKit/534.34"
