35.187.118.51 - - [31/Jul/2019:13:03:19 +0100] "GET / HTTP/1.1" 403 565 "-" "-"
35.187.118.51 - - [31/Jul/2019:13:03:19 +0100] "GET / HTTP/1.1" 403 565 "-" "-"
63.143.42.250 - - [31/Jul/2019:13:03:50 +0100] "HEAD /index.php HTTP/1.1" 200 0 "https://www.petersweb.me.uk/index.php" "Mozilla/5.0+(compatible; UptimeRobot/2.0; http://www.uptimerobot.com/)"
35.187.118.51 - - [31/Jul/2019:13:07:22 +0100] "GET / HTTP/1.1" 403 565 "-" "-"
35.187.118.51 - - [31/Jul/2019:13:07:22 +0100] "GET / HTTP/1.1" 403 565 "-" "-"
63.143.42.250 - - [31/Jul/2019:13:08:50 +0100] "HEAD /index.php HTTP/1.1" 200 0 "https://www.petersweb.me.uk/index.php" "Mozilla/5.0+(compatible; UptimeRobot/2.0; http://www.uptimerobot.com/)"
35.187.118.51 - - [31/Jul/2019:13:11:16 +0100] "GET / HTTP/1.1" 403 565 "-" "-"
35.187.118.51 - - [31/Jul/2019:13:11:16 +0100] "GET / HTTP/1.1" 403 565 "-" "-"
63.143.42.250 - - [31/Jul/2019:13:13:50 +0100] "HEAD /index.php HTTP/1.1" 200 0 "https://www.petersweb.me.uk/index.php" "Mozilla/5.0+(compatible; UptimeRobot/2.0; http://www.uptimerobot.com/)"
35.187.118.51 - - [31/Jul/2019:13:14:17 +0100] "GET / HTTP/1.1" 403 565 "-" "-"
35.187.118.51 - - [31/Jul/2019:13:14:18 +0100] "GET / HTTP/1.1" 403 565 "-" "-"
40.77.167.6 - - [31/Jul/2019:13:17:30 +0100] "GET /knowledgebase/19/Setting-up-wordpress-in-10-steps.html HTTP/1.1" 200 8777 "-" "Mozilla/5.0 (compatible; bingbot/2.0; +http://www.bing.com/bingbot.htm)"
35.187.118.51 - - [31/Jul/2019:13:18:23 +0100] "GET / HTTP/1.1" 403 565 "-" "-"
35.187.118.51 - - [31/Jul/2019:13:18:24 +0100] "GET / HTTP/1.1" 403 565 "-" "-"
63.143.42.250 - - [31/Jul/2019:13:18:50 +0100] "HEAD /index.php HTTP/1.1" 200 0 "https://www.petersweb.me.uk/index.php" "Mozilla/5.0+(compatible; UptimeRobot/2.0; http://www.uptimerobot.com/)"
35.187.118.51 - - [31/Jul/2019:13:22:20 +0100] "GET / HTTP/1.1" 403 565 "-" "-"
35.187.118.51 - - [31/Jul/2019:13:22:20 +0100] "GET / HTTP/1.1" 403 565 "-" "-"
63.143.42.250 - - [31/Jul/2019:13:23:51 +0100] "HEAD /index.php HTTP/1.1" 200 0 "https://www.petersweb.me.uk/index.php" "Mozilla/5.0+(compatible; UptimeRobot/2.0; http://www.uptimerobot.com/)"
35.187.118.51 - - [31/Jul/2019:13:26:15 +0100] "GET / HTTP/1.1" 403 565 "-" "-"
35.187.118.51 - - [31/Jul/2019:13:26:16 +0100] "GET / HTTP/1.1" 403 565 "-" "-"
63.143.42.250 - - [31/Jul/2019:13:28:50 +0100] "HEAD /index.php HTTP/1.1" 200 0 "https://www.petersweb.me.uk/index.php" "Mozilla/5.0+(compatible; UptimeRobot/2.0; http://www.uptimerobot.com/)"
35.187.118.51 - - [31/Jul/2019:13:29:16 +0100] "GET / HTTP/1.1" 403 565 "-" "-"
35.187.118.51 - - [31/Jul/2019:13:29:18 +0100] "GET / HTTP/1.1" 403 565 "-" "-"
35.187.118.51 - - [31/Jul/2019:13:33:22 +0100] "GET / HTTP/1.1" 403 565 "-" "-"
35.187.118.51 - - [31/Jul/2019:13:33:22 +0100] "GET / HTTP/1.1" 403 565 "-" "-"
63.143.42.250 - - [31/Jul/2019:13:33:50 +0100] "HEAD /index.php HTTP/1.1" 200 0 "https://www.petersweb.me.uk/index.php" "Mozilla/5.0+(compatible; UptimeRobot/2.0; http://www.uptimerobot.com/)"
35.187.118.51 - - [31/Jul/2019:13:36:15 +0100] "GET / HTTP/1.1" 403 565 "-" "-"
35.187.118.51 - - [31/Jul/2019:13:36:15 +0100] "GET / HTTP/1.1" 403 565 "-" "-"
46.229.168.140 - - [31/Jul/2019:13:37:59 +0100] "GET /robots.txt HTTP/1.1" 304 0 "-" "Mozilla/5.0 (compatible; SemrushBot/3~bl; +http://www.semrush.com/bot.html)"
46.229.168.149 - - [31/Jul/2019:13:38:01 +0100] "GET /knowledgebase/21/5-magical-ways-in-which-Back-Links-can-help-your-website-flourish.html HTTP/1.1" 200 9351 "-" "Mozilla/5.0 (compatible; SemrushBot/3~bl; +http://www.semrush.com/bot.html)"
63.143.42.250 - - [31/Jul/2019:13:38:50 +0100] "HEAD /index.php HTTP/1.1" 200 0 "https://www.petersweb.me.uk/index.php" "Mozilla/5.0+(compatible; UptimeRobot/2.0; http://www.uptimerobot.com/)"
35.187.118.51 - - [31/Jul/2019:13:39:15 +0100] "GET / HTTP/1.1" 403 565 "-" "-"
35.187.118.51 - - [31/Jul/2019:13:39:19 +0100] "GET / HTTP/1.1" 403 565 "-" "-"
46.229.168.153 - - [31/Jul/2019:13:42:22 +0100] "GET /knowledgebase/tag/MYSQL HTTP/1.1" 200 6985 "-" "Mozilla/5.0 (compatible; SemrushBot/3~bl; +http://www.semrush.com/bot.html)"
35.187.118.51 - - [31/Jul/2019:13:43:15 +0100] "GET / HTTP/1.1" 403 565 "-" "-"
35.187.118.51 - - [31/Jul/2019:13:43:15 +0100] "GET / HTTP/1.1" 403 565 "-" "-"
63.143.42.250 - - [31/Jul/2019:13:43:50 +0100] "HEAD /index.php HTTP/1.1" 200 0 "https://www.petersweb.me.uk/index.php" "Mozilla/5.0+(compatible; UptimeRobot/2.0; http://www.uptimerobot.com/)"
35.187.118.51 - - [31/Jul/2019:13:47:24 +0100] "GET / HTTP/1.1" 403 565 "-" "-"
35.187.118.51 - - [31/Jul/2019:13:47:24 +0100] "GET / HTTP/1.1" 403 565 "-" "-"
91.242.162.66 - - [31/Jul/2019:13:48:36 +0100] "GET /robots.txt HTTP/1.1" 304 0 "-" "Mozilla/5.0 (compatible; Qwantify/2.4w; +https://www.qwant.com/)/2.4w"
91.242.162.66 - - [31/Jul/2019:13:48:36 +0100] "GET /knowledgebase/42/How-to-Disable-Directory-Listing-in-cPanel.html HTTP/1.1" 200 8373 "-" "Mozilla/5.0 (compatible; Qwantify/2.4w; +https://www.qwant.com/)/2.4w"
63.143.42.250 - - [31/Jul/2019:13:48:50 +0100] "HEAD /index.php HTTP/1.1" 200 0 "https://www.petersweb.me.uk/index.php" "Mozilla/5.0+(compatible; UptimeRobot/2.0; http://www.uptimerobot.com/)"
35.187.118.51 - - [31/Jul/2019:13:51:17 +0100] "GET / HTTP/1.1" 403 565 "-" "-"
35.187.118.51 - - [31/Jul/2019:13:51:18 +0100] "GET / HTTP/1.1" 403 565 "-" "-"
63.143.42.250 - - [31/Jul/2019:13:53:50 +0100] "HEAD /index.php HTTP/1.1" 200 0 "https://www.petersweb.me.uk/index.php" "Mozilla/5.0+(compatible; UptimeRobot/2.0; http://www.uptimerobot.com/)"
35.187.118.51 - - [31/Jul/2019:13:54:20 +0100] "GET / HTTP/1.1" 403 565 "-" "-"
35.187.118.51 - - [31/Jul/2019:13:54:21 +0100] "GET / HTTP/1.1" 403 565 "-" "-"
35.187.118.51 - - [31/Jul/2019:13:58:16 +0100] "GET / HTTP/1.1" 403 565 "-" "-"
35.187.118.51 - - [31/Jul/2019:13:58:17 +0100] "GET / HTTP/1.1" 403 565 "-" "-"
63.143.42.250 - - [31/Jul/2019:13:58:50 +0100] "HEAD /index.php HTTP/1.1" 200 0 "https://www.petersweb.me.uk/index.php" "Mozilla/5.0+(compatible; UptimeRobot/2.0; http://www.uptimerobot.com/)"
46.229.168.161 - - [31/Jul/2019:14:00:37 +0100] "GET /robots.txt HTTP/1.1" 200 48 "-" "Mozilla/5.0 (compatible; SemrushBot/3~bl; +http://www.semrush.com/bot.html)"
46.229.168.149 - - [31/Jul/2019:14:00:38 +0100] "GET /knowledgebase/tag/cookies HTTP/1.1" 200 6889 "-" "Mozilla/5.0 (compatible; SemrushBot/3~bl; +http://www.semrush.com/bot.html)"
35.187.118.51 - - [31/Jul/2019:14:02:22 +0100] "GET / HTTP/1.1" 403 565 "-" "-"
35.187.118.51 - - [31/Jul/2019:14:02:23 +0100] "GET / HTTP/1.1" 403 565 "-" "-"
63.143.42.250 - - [31/Jul/2019:14:03:50 +0100] "HEAD /index.php HTTP/1.1" 200 0 "https://www.petersweb.me.uk/index.php" "Mozilla/5.0+(compatible; UptimeRobot/2.0; http://www.uptimerobot.com/)"
35.187.118.51 - - [31/Jul/2019:14:06:22 +0100] "GET / HTTP/1.1" 403 565 "-" "-"
35.187.118.51 - - [31/Jul/2019:14:06:22 +0100] "GET / HTTP/1.1" 403 565 "-" "-"
63.143.42.250 - - [31/Jul/2019:14:08:50 +0100] "HEAD /index.php HTTP/1.1" 200 0 "https://www.petersweb.me.uk/index.php" "Mozilla/5.0+(compatible; UptimeRobot/2.0; http://www.uptimerobot.com/)"
35.187.118.51 - - [31/Jul/2019:14:09:22 +0100] "GET / HTTP/1.1" 403 565 "-" "-"
35.187.118.51 - - [31/Jul/2019:14:09:22 +0100] "GET / HTTP/1.1" 403 565 "-" "-"
35.187.118.51 - - [31/Jul/2019:14:13:15 +0100] "GET / HTTP/1.1" 403 565 "-" "-"
35.187.118.51 - - [31/Jul/2019:14:13:16 +0100] "GET / HTTP/1.1" 403 565 "-" "-"
63.143.42.250 - - [31/Jul/2019:14:13:51 +0100] "HEAD /index.php HTTP/1.1" 200 0 "https://www.petersweb.me.uk/index.php" "Mozilla/5.0+(compatible; UptimeRobot/2.0; http://www.uptimerobot.com/)"
35.187.118.51 - - [31/Jul/2019:14:16:16 +0100] "GET / HTTP/1.1" 403 565 "-" "-"
35.187.118.51 - - [31/Jul/2019:14:16:17 +0100] "GET / HTTP/1.1" 403 565 "-" "-"
63.143.42.250 - - [31/Jul/2019:14:18:50 +0100] "HEAD /index.php HTTP/1.1" 200 0 "https://www.petersweb.me.uk/index.php" "Mozilla/5.0+(compatible; UptimeRobot/2.0; http://www.uptimerobot.com/)"
35.187.118.51 - - [31/Jul/2019:14:19:15 +0100] "GET / HTTP/1.1" 403 565 "-" "-"
35.187.118.51 - - [31/Jul/2019:14:19:17 +0100] "GET / HTTP/1.1" 403 565 "-" "-"
46.229.168.142 - - [31/Jul/2019:14:20:44 +0100] "GET /robots.txt HTTP/1.1" 304 0 "-" "Mozilla/5.0 (compatible; SemrushBot/3~bl; +http://www.semrush.com/bot.html)"
46.229.168.141 - - [31/Jul/2019:14:20:44 +0100] "GET /knowledgebase/70/ HTTP/1.1" 200 8438 "-" "Mozilla/5.0 (compatible; SemrushBot/3~bl; +http://www.semrush.com/bot.html)"
35.187.118.51 - - [31/Jul/2019:14:23:21 +0100] "GET / HTTP/1.1" 403 565 "-" "-"
35.187.118.51 - - [31/Jul/2019:14:23:21 +0100] "GET / HTTP/1.1" 403 565 "-" "-"
63.143.42.250 - - [31/Jul/2019:14:23:50 +0100] "HEAD /index.php HTTP/1.1" 200 0 "https://www.petersweb.me.uk/index.php" "Mozilla/5.0+(compatible; UptimeRobot/2.0; http://www.uptimerobot.com/)"
35.187.118.51 - - [31/Jul/2019:14:26:22 +0100] "GET / HTTP/1.1" 403 565 "-" "-"
35.187.118.51 - - [31/Jul/2019:14:26:22 +0100] "GET / HTTP/1.1" 403 565 "-" "-"
63.143.42.250 - - [31/Jul/2019:14:28:51 +0100] "HEAD /index.php HTTP/1.1" 200 0 "https://www.petersweb.me.uk/index.php" "Mozilla/5.0+(compatible; UptimeRobot/2.0; http://www.uptimerobot.com/)"
46.229.168.150 - - [31/Jul/2019:14:29:04 +0100] "GET /index.php HTTP/1.1" 200 12031 "-" "Mozilla/5.0 (compatible; SemrushBot/3~bl; +http://www.semrush.com/bot.html)"
35.187.118.51 - - [31/Jul/2019:14:29:15 +0100] "GET / HTTP/1.1" 403 565 "-" "-"
35.187.118.51 - - [31/Jul/2019:14:29:16 +0100] "GET / HTTP/1.1" 403 565 "-" "-"
54.36.149.19 - - [31/Jul/2019:14:30:42 +0100] "GET /robots.txt HTTP/1.1" 200 48 "-" "Mozilla/5.0 (compatible; AhrefsBot/6.1; +http://ahrefs.com/robot/)"
54.36.150.70 - - [31/Jul/2019:14:30:43 +0100] "GET /knowledgebase/tag/invoices HTTP/1.1" 200 6910 "-" "Mozilla/5.0 (compatible; AhrefsBot/6.1; +http://ahrefs.com/robot/)"
35.187.118.51 - - [31/Jul/2019:14:33:18 +0100] "GET / HTTP/1.1" 403 565 "-" "-"
35.187.118.51 - - [31/Jul/2019:14:33:18 +0100] "GET / HTTP/1.1" 403 565 "-" "-"
63.143.42.250 - - [31/Jul/2019:14:33:50 +0100] "HEAD /index.php HTTP/1.1" 200 0 "https://www.petersweb.me.uk/index.php" "Mozilla/5.0+(compatible; UptimeRobot/2.0; http://www.uptimerobot.com/)"
35.187.118.51 - - [31/Jul/2019:14:36:23 +0100] "GET / HTTP/1.1" 403 565 "-" "-"
35.187.118.51 - - [31/Jul/2019:14:36:23 +0100] "GET / HTTP/1.1" 403 565 "-" "-"
63.143.42.250 - - [31/Jul/2019:14:38:50 +0100] "HEAD /index.php HTTP/1.1" 200 0 "https://www.petersweb.me.uk/index.php" "Mozilla/5.0+(compatible; UptimeRobot/2.0; http://www.uptimerobot.com/)"
35.187.118.51 - - [31/Jul/2019:14:39:17 +0100] "GET / HTTP/1.1" 403 565 "-" "-"
35.187.118.51 - - [31/Jul/2019:14:39:17 +0100] "GET / HTTP/1.1" 403 565 "-" "-"
35.187.118.51 - - [31/Jul/2019:14:43:21 +0100] "GET / HTTP/1.1" 403 565 "-" "-"
35.187.118.51 - - [31/Jul/2019:14:43:21 +0100] "GET / HTTP/1.1" 403 565 "-" "-"
63.143.42.250 - - [31/Jul/2019:14:43:50 +0100] "HEAD /index.php HTTP/1.1" 200 0 "https://www.petersweb.me.uk/index.php" "Mozilla/5.0+(compatible; UptimeRobot/2.0; http://www.uptimerobot.com/)"
54.36.150.48 - - [31/Jul/2019:14:45:17 +0100] "GET /knowledgebase/72/What-is-httpor2-and-why-has-it-been-developed.html HTTP/1.1" 200 10481 "-" "Mozilla/5.0 (compatible; AhrefsBot/6.1; +http://ahrefs.com/robot/)"
54.36.149.59 - - [31/Jul/2019:14:46:36 +0100] "GET /robots.txt HTTP/1.1" 200 48 "-" "Mozilla/5.0 (compatible; AhrefsBot/6.1; +http://ahrefs.com/robot/)"
54.36.149.7 - - [31/Jul/2019:14:46:37 +0100] "GET /knowledgebase/tag/nameserver HTTP/1.1" 200 6899 "-" "Mozilla/5.0 (compatible; AhrefsBot/6.1; +http://ahrefs.com/robot/)"
35.187.118.51 - - [31/Jul/2019:14:47:17 +0100] "GET / HTTP/1.1" 403 565 "-" "-"
35.187.118.51 - - [31/Jul/2019:14:47:17 +0100] "GET / HTTP/1.1" 403 565 "-" "-"
63.143.42.250 - - [31/Jul/2019:14:48:50 +0100] "HEAD /index.php HTTP/1.1" 200 0 "https://www.petersweb.me.uk/index.php" "Mozilla/5.0+(compatible; UptimeRobot/2.0; http://www.uptimerobot.com/)"
35.187.118.51 - - [31/Jul/2019:14:51:16 +0100] "GET / HTTP/1.1" 403 565 "-" "-"
35.187.118.51 - - [31/Jul/2019:14:51:17 +0100] "GET / HTTP/1.1" 403 565 "-" "-"
46.229.168.143 - - [31/Jul/2019:14:53:19 +0100] "GET /robots.txt HTTP/1.1" 200 48 "-" "Mozilla/5.0 (compatible; SemrushBot/3~bl; +http://www.semrush.com/bot.html)"
46.229.168.146 - - [31/Jul/2019:14:53:20 +0100] "GET /knowledgebase/tag/email HTTP/1.1" 200 7448 "-" "Mozilla/5.0 (compatible; SemrushBot/3~bl; +http://www.semrush.com/bot.html)"
63.143.42.250 - - [31/Jul/2019:14:53:51 +0100] "HEAD /index.php HTTP/1.1" 200 0 "https://www.petersweb.me.uk/index.php" "Mozilla/5.0+(compatible; UptimeRobot/2.0; http://www.uptimerobot.com/)"
35.187.118.51 - - [31/Jul/2019:14:54:23 +0100] "GET / HTTP/1.1" 403 565 "-" "-"
35.187.118.51 - - [31/Jul/2019:14:54:23 +0100] "GET / HTTP/1.1" 403 565 "-" "-"
35.187.118.51 - - [31/Jul/2019:14:58:19 +0100] "GET / HTTP/1.1" 403 565 "-" "-"
35.187.118.51 - - [31/Jul/2019:14:58:19 +0100] "GET / HTTP/1.1" 403 565 "-" "-"
63.143.42.250 - - [31/Jul/2019:14:58:50 +0100] "HEAD /index.php HTTP/1.1" 200 0 "https://www.petersweb.me.uk/index.php" "Mozilla/5.0+(compatible; UptimeRobot/2.0; http://www.uptimerobot.com/)"
46.229.168.143 - - [31/Jul/2019:14:59:27 +0100] "GET /robots.txt HTTP/1.1" 304 0 "-" "Mozilla/5.0 (compatible; SemrushBot/3~bl; +http://www.semrush.com/bot.html)"
46.229.168.133 - - [31/Jul/2019:14:59:28 +0100] "GET / HTTP/1.1" 200 12200 "-" "Mozilla/5.0 (compatible; SemrushBot/3~bl; +http://www.semrush.com/bot.html)"
35.187.118.51 - - [31/Jul/2019:15:02:21 +0100] "GET / HTTP/1.1" 403 565 "-" "-"
35.187.118.51 - - [31/Jul/2019:15:02:21 +0100] "GET / HTTP/1.1" 403 565 "-" "-"
63.143.42.250 - - [31/Jul/2019:15:03:50 +0100] "HEAD /index.php HTTP/1.1" 200 0 "https://www.petersweb.me.uk/index.php" "Mozilla/5.0+(compatible; UptimeRobot/2.0; http://www.uptimerobot.com/)"
35.187.118.51 - - [31/Jul/2019:15:06:21 +0100] "GET / HTTP/1.1" 403 565 "-" "-"
35.187.118.51 - - [31/Jul/2019:15:06:21 +0100] "GET / HTTP/1.1" 403 565 "-" "-"
63.143.42.250 - - [31/Jul/2019:15:08:51 +0100] "HEAD /index.php HTTP/1.1" 200 0 "https://www.petersweb.me.uk/index.php" "Mozilla/5.0+(compatible; UptimeRobot/2.0; http://www.uptimerobot.com/)"
35.187.118.51 - - [31/Jul/2019:15:09:17 +0100] "GET / HTTP/1.1" 403 565 "-" "-"
35.187.118.51 - - [31/Jul/2019:15:09:17 +0100] "GET / HTTP/1.1" 403 565 "-" "-"
35.187.118.51 - - [31/Jul/2019:15:13:21 +0100] "GET / HTTP/1.1" 403 565 "-" "-"
35.187.118.51 - - [31/Jul/2019:15:13:21 +0100] "GET / HTTP/1.1" 403 565 "-" "-"
63.143.42.250 - - [31/Jul/2019:15:13:50 +0100] "HEAD /index.php HTTP/1.1" 200 0 "https://www.petersweb.me.uk/index.php" "Mozilla/5.0+(compatible; UptimeRobot/2.0; http://www.uptimerobot.com/)"
54.36.148.214 - - [31/Jul/2019:15:14:22 +0100] "GET /knowledgebase/49/What-is-a-robotstxt-file.html HTTP/1.1" 200 8243 "-" "Mozilla/5.0 (compatible; AhrefsBot/6.1; +http://ahrefs.com/robot/)"
35.187.118.51 - - [31/Jul/2019:15:16:15 +0100] "GET / HTTP/1.1" 403 565 "-" "-"
35.187.118.51 - - [31/Jul/2019:15:16:16 +0100] "GET / HTTP/1.1" 403 565 "-" "-"
35.187.118.51 - - [31/Jul/2019:15:23:21 +0100] "GET / HTTP/1.1" 403 565 "-" "-"
35.187.118.51 - - [31/Jul/2019:15:23:21 +0100] "GET / HTTP/1.1" 403 565 "-" "-"
63.143.42.250 - - [31/Jul/2019:15:18:50 +0100] "HEAD /index.php HTTP/1.1" 200 0 "https://www.petersweb.me.uk/index.php" "Mozilla/5.0+(compatible; UptimeRobot/2.0; http://www.uptimerobot.com/)"
35.187.118.51 - - [31/Jul/2019:15:19:18 +0100] "GET / HTTP/1.1" 403 565 "-" "-"
35.187.118.51 - - [31/Jul/2019:15:19:18 +0100] "GET / HTTP/1.1" 403 565 "-" "-"
63.143.42.250 - - [31/Jul/2019:15:23:51 +0100] "HEAD /index.php HTTP/1.1" 200 0 "https://www.petersweb.me.uk/index.php" "Mozilla/5.0+(compatible; UptimeRobot/2.0; http://www.uptimerobot.com/)"
46.229.168.134 - - [31/Jul/2019:15:25:52 +0100] "GET /robots.txt HTTP/1.1" 200 48 "-" "Mozilla/5.0 (compatible; SemrushBot/3~bl; +http://www.semrush.com/bot.html)"
46.229.168.153 - - [31/Jul/2019:15:25:52 +0100] "GET /knowledgebase/tag/DDOS HTTP/1.1" 200 6874 "-" "Mozilla/5.0 (compatible; SemrushBot/3~bl; +http://www.semrush.com/bot.html)"
35.187.118.51 - - [31/Jul/2019:15:26:19 +0100] "GET / HTTP/1.1" 403 565 "-" "-"
35.187.118.51 - - [31/Jul/2019:15:26:20 +0100] "GET / HTTP/1.1" 403 565 "-" "-"
63.143.42.250 - - [31/Jul/2019:15:28:50 +0100] "HEAD /index.php HTTP/1.1" 200 0 "https://www.petersweb.me.uk/index.php" "Mozilla/5.0+(compatible; UptimeRobot/2.0; http://www.uptimerobot.com/)"
35.187.118.51 - - [31/Jul/2019:15:29:15 +0100] "GET / HTTP/1.1" 403 565 "-" "-"
35.187.118.51 - - [31/Jul/2019:15:29:16 +0100] "GET / HTTP/1.1" 403 565 "-" "-"
207.46.13.26 - - [31/Jul/2019:15:29:34 +0100] "GET /knowledgebase/43/How-site-speeds-impact-sales.html HTTP/1.1" 200 10904 "-" "Mozilla/5.0 (compatible; bingbot/2.0; +http://www.bing.com/bingbot.htm)"
46.229.168.141 - - [31/Jul/2019:15:30:06 +0100] "GET /knowledgebase/70/What-is-a-DDOS.html HTTP/1.1" 200 8436 "-" "Mozilla/5.0 (compatible; SemrushBot/3~bl; +http://www.semrush.com/bot.html)"
35.187.118.51 - - [31/Jul/2019:15:33:23 +0100] "GET / HTTP/1.1" 403 565 "-" "-"
35.187.118.51 - - [31/Jul/2019:15:33:23 +0100] "GET / HTTP/1.1" 403 565 "-" "-"
63.143.42.250 - - [31/Jul/2019:15:33:50 +0100] "HEAD /index.php HTTP/1.1" 200 0 "https://www.petersweb.me.uk/index.php" "Mozilla/5.0+(compatible; UptimeRobot/2.0; http://www.uptimerobot.com/)"
35.187.118.51 - - [31/Jul/2019:15:37:16 +0100] "GET / HTTP/1.1" 403 565 "-" "-"
35.187.118.51 - - [31/Jul/2019:15:37:16 +0100] "GET / HTTP/1.1" 403 565 "-" "-"
63.143.42.250 - - [31/Jul/2019:15:38:50 +0100] "HEAD /index.php HTTP/1.1" 200 0 "https://www.petersweb.me.uk/index.php" "Mozilla/5.0+(compatible; UptimeRobot/2.0; http://www.uptimerobot.com/)"
35.187.118.51 - - [31/Jul/2019:15:48:17 +0100] "GET / HTTP/1.1" 403 565 "-" "-"
35.187.118.51 - - [31/Jul/2019:15:48:17 +0100] "GET / HTTP/1.1" 403 565 "-" "-"
35.187.118.51 - - [31/Jul/2019:15:41:16 +0100] "GET / HTTP/1.1" 403 565 "-" "-"
35.187.118.51 - - [31/Jul/2019:15:41:17 +0100] "GET / HTTP/1.1" 403 565 "-" "-"
63.143.42.250 - - [31/Jul/2019:15:43:50 +0100] "HEAD /index.php HTTP/1.1" 200 0 "https://www.petersweb.me.uk/index.php" "Mozilla/5.0+(compatible; UptimeRobot/2.0; http://www.uptimerobot.com/)"
35.187.118.51 - - [31/Jul/2019:15:44:15 +0100] "GET / HTTP/1.1" 403 565 "-" "-"
35.187.118.51 - - [31/Jul/2019:15:44:16 +0100] "GET / HTTP/1.1" 403 565 "-" "-"
63.143.42.250 - - [31/Jul/2019:15:48:50 +0100] "HEAD /index.php HTTP/1.1" 200 0 "https://www.petersweb.me.uk/index.php" "Mozilla/5.0+(compatible; UptimeRobot/2.0; http://www.uptimerobot.com/)"
63.143.42.250 - - [31/Jul/2019:15:58:50 +0100] "HEAD /index.php HTTP/1.1" 200 0 "https://www.petersweb.me.uk/index.php" "Mozilla/5.0+(compatible; UptimeRobot/2.0; http://www.uptimerobot.com/)"
35.187.118.51 - - [31/Jul/2019:15:59:16 +0100] "GET / HTTP/1.1" 403 565 "-" "-"
35.187.118.51 - - [31/Jul/2019:15:59:16 +0100] "GET / HTTP/1.1" 403 565 "-" "-"
35.187.118.51 - - [31/Jul/2019:15:52:18 +0100] "GET / HTTP/1.1" 403 565 "-" "-"
35.187.118.51 - - [31/Jul/2019:15:52:22 +0100] "GET / HTTP/1.1" 403 565 "-" "-"
86.177.248.9 - - [31/Jul/2019:15:52:59 +0100] "GET /about.php HTTP/1.1" 200 6535 "-" "Mozilla/5.0 (Windows NT 6.3; Win64; x64) AppleWebKit/537.36 (KHTML, like Gecko) Chrome/75.0.3770.142 Safari/537.36"
86.177.248.9 - - [31/Jul/2019:15:53:00 +0100] "GET /assets/img/logo.jpg HTTP/1.1" 200 26669 "https://www.petersweb.me.uk/about.php" "Mozilla/5.0 (Windows NT 6.3; Win64; x64) AppleWebKit/537.36 (KHTML, like Gecko) Chrome/75.0.3770.142 Safari/537.36"
86.177.248.9 - - [31/Jul/2019:15:53:00 +0100] "GET /assets/img/server.png HTTP/1.1" 200 692581 "https://www.petersweb.me.uk/about.php" "Mozilla/5.0 (Windows NT 6.3; Win64; x64) AppleWebKit/537.36 (KHTML, like Gecko) Chrome/75.0.3770.142 Safari/537.36"
86.177.248.9 - - [31/Jul/2019:15:53:00 +0100] "GET /assets/img/profile.jpg HTTP/1.1" 200 42233 "https://www.petersweb.me.uk/about.php" "Mozilla/5.0 (Windows NT 6.3; Win64; x64) AppleWebKit/537.36 (KHTML, like Gecko) Chrome/75.0.3770.142 Safari/537.36"
86.177.248.9 - - [31/Jul/2019:15:53:00 +0100] "GET /templates/Peterswebnew/css/img/telescope.png HTTP/1.1" 404 4368 "https://www.petersweb.me.uk/templates/Peterswebnew/css/custom.css" "Mozilla/5.0 (Windows NT 6.3; Win64; x64) AppleWebKit/537.36 (KHTML, like Gecko) Chrome/75.0.3770.142 Safari/537.36"
86.177.248.9 - - [31/Jul/2019:15:53:02 +0100] "GET /images/icons/site.webmanifest HTTP/1.1" 404 4374 "https://www.petersweb.me.uk/about.php" "Mozilla/5.0 (Windows NT 6.3; Win64; x64) AppleWebKit/537.36 (KHTML, like Gecko) Chrome/75.0.3770.142 Safari/537.36"
63.143.42.250 - - [31/Jul/2019:15:53:51 +0100] "HEAD /index.php HTTP/1.1" 200 0 "https://www.petersweb.me.uk/index.php" "Mozilla/5.0+(compatible; UptimeRobot/2.0; http://www.uptimerobot.com/)"
35.187.118.51 - - [31/Jul/2019:15:56:20 +0100] "GET / HTTP/1.1" 403 565 "-" "-"
35.187.118.51 - - [31/Jul/2019:15:56:21 +0100] "GET / HTTP/1.1" 403 565 "-" "-"
35.187.118.51 - - [31/Jul/2019:16:03:15 +0100] "GET / HTTP/1.1" 403 565 "-" "-"
35.187.118.51 - - [31/Jul/2019:16:03:16 +0100] "GET / HTTP/1.1" 403 565 "-" "-"
63.143.42.250 - - [31/Jul/2019:16:03:50 +0100] "HEAD /index.php HTTP/1.1" 200 0 "https://www.petersweb.me.uk/index.php" "Mozilla/5.0+(compatible; UptimeRobot/2.0; http://www.uptimerobot.com/)"
35.187.118.51 - - [31/Jul/2019:16:07:25 +0100] "GET / HTTP/1.1" 403 565 "-" "-"
35.187.118.51 - - [31/Jul/2019:16:07:25 +0100] "GET / HTTP/1.1" 403 565 "-" "-"
63.143.42.250 - - [31/Jul/2019:16:08:50 +0100] "HEAD /index.php HTTP/1.1" 200 0 "https://www.petersweb.me.uk/index.php" "Mozilla/5.0+(compatible; UptimeRobot/2.0; http://www.uptimerobot.com/)"
35.187.118.51 - - [31/Jul/2019:16:11:18 +0100] "GET / HTTP/1.1" 403 565 "-" "-"
35.187.118.51 - - [31/Jul/2019:16:11:18 +0100] "GET / HTTP/1.1" 403 565 "-" "-"
63.143.42.250 - - [31/Jul/2019:16:13:50 +0100] "HEAD /index.php HTTP/1.1" 200 0 "https://www.petersweb.me.uk/index.php" "Mozilla/5.0+(compatible; UptimeRobot/2.0; http://www.uptimerobot.com/)"
35.187.118.51 - - [31/Jul/2019:16:14:15 +0100] "GET / HTTP/1.1" 403 565 "-" "-"
35.187.118.51 - - [31/Jul/2019:16:14:16 +0100] "GET / HTTP/1.1" 403 565 "-" "-"
157.55.39.143 - - [31/Jul/2019:16:15:56 +0100] "GET /knowledgebase/tag/searchengine-optimisation HTTP/1.1" 200 7199 "-" "Mozilla/5.0 (compatible; bingbot/2.0; +http://www.bing.com/bingbot.htm)"
216.244.66.197 - - [31/Jul/2019:16:18:16 +0100] "GET /robots.txt HTTP/1.1" 304 0 "-" "Mozilla/5.0 (compatible; DotBot/1.1; http://www.opensiteexplorer.org/dotbot, help@moz.com)"
35.187.118.51 - - [31/Jul/2019:16:18:17 +0100] "GET / HTTP/1.1" 403 565 "-" "-"
35.187.118.51 - - [31/Jul/2019:16:18:18 +0100] "GET / HTTP/1.1" 403 565 "-" "-"
63.143.42.250 - - [31/Jul/2019:16:18:50 +0100] "HEAD /index.php HTTP/1.1" 200 0 "https://www.petersweb.me.uk/index.php" "Mozilla/5.0+(compatible; UptimeRobot/2.0; http://www.uptimerobot.com/)"
35.187.118.51 - - [31/Jul/2019:16:22:16 +0100] "GET / HTTP/1.1" 403 565 "-" "-"
35.187.118.51 - - [31/Jul/2019:16:22:16 +0100] "GET / HTTP/1.1" 403 565 "-" "-"
46.229.168.163 - - [31/Jul/2019:16:22:34 +0100] "GET /robots.txt HTTP/1.1" 200 48 "-" "Mozilla/5.0 (compatible; SemrushBot/3~bl; +http://www.semrush.com/bot.html)"
46.229.168.143 - - [31/Jul/2019:16:22:35 +0100] "GET /knowledgebase/tag/hosting HTTP/1.1" 200 7271 "-" "Mozilla/5.0 (compatible; SemrushBot/3~bl; +http://www.semrush.com/bot.html)"
63.143.42.250 - - [31/Jul/2019:16:23:50 +0100] "HEAD /index.php HTTP/1.1" 200 0 "https://www.petersweb.me.uk/index.php" "Mozilla/5.0+(compatible; UptimeRobot/2.0; http://www.uptimerobot.com/)"
216.244.66.197 - - [31/Jul/2019:16:25:06 +0100] "GET /invoicing/knowledgebase/3/Advanced-webhosting-topics HTTP/1.1" 404 4367 "-" "Mozilla/5.0 (compatible; DotBot/1.1; http://www.opensiteexplorer.org/dotbot, help@moz.com)"
35.187.118.51 - - [31/Jul/2019:16:26:16 +0100] "GET / HTTP/1.1" 403 565 "-" "-"
35.187.118.51 - - [31/Jul/2019:16:26:16 +0100] "GET / HTTP/1.1" 403 565 "-" "-"
63.143.42.250 - - [31/Jul/2019:16:28:51 +0100] "HEAD /index.php HTTP/1.1" 200 0 "https://www.petersweb.me.uk/index.php" "Mozilla/5.0+(compatible; UptimeRobot/2.0; http://www.uptimerobot.com/)"
35.187.118.51 - - [31/Jul/2019:16:29:18 +0100] "GET / HTTP/1.1" 403 565 "-" "-"
35.187.118.51 - - [31/Jul/2019:16:29:18 +0100] "GET / HTTP/1.1" 403 565 "-" "-"
35.187.118.51 - - [31/Jul/2019:16:33:15 +0100] "GET / HTTP/1.1" 403 565 "-" "-"
35.187.118.51 - - [31/Jul/2019:16:33:16 +0100] "GET / HTTP/1.1" 403 565 "-" "-"
63.143.42.250 - - [31/Jul/2019:16:33:50 +0100] "HEAD /index.php HTTP/1.1" 200 0 "https://www.petersweb.me.uk/index.php" "Mozilla/5.0+(compatible; UptimeRobot/2.0; http://www.uptimerobot.com/)"
54.36.148.238 - - [31/Jul/2019:16:35:19 +0100] "GET /knowledgebase/tag/support HTTP/1.1" 200 6920 "-" "Mozilla/5.0 (compatible; AhrefsBot/6.1; +http://ahrefs.com/robot/)"
46.229.168.143 - - [31/Jul/2019:16:37:08 +0100] "GET /robots.txt HTTP/1.1" 304 0 "-" "Mozilla/5.0 (compatible; SemrushBot/3~bl; +http://www.semrush.com/bot.html)"
46.229.168.153 - - [31/Jul/2019:16:37:09 +0100] "GET /knowledgebase/tag/ftp HTTP/1.1" 200 6863 "-" "Mozilla/5.0 (compatible; SemrushBot/3~bl; +http://www.semrush.com/bot.html)"
35.187.118.51 - - [31/Jul/2019:16:37:18 +0100] "GET / HTTP/1.1" 403 565 "-" "-"
35.187.118.51 - - [31/Jul/2019:16:37:18 +0100] "GET / HTTP/1.1" 403 565 "-" "-"
63.143.42.250 - - [31/Jul/2019:16:38:50 +0100] "HEAD /index.php HTTP/1.1" 200 0 "https://www.petersweb.me.uk/index.php" "Mozilla/5.0+(compatible; UptimeRobot/2.0; http://www.uptimerobot.com/)"
35.187.118.51 - - [31/Jul/2019:16:41:15 +0100] "GET / HTTP/1.1" 403 565 "-" "-"
35.187.118.51 - - [31/Jul/2019:16:41:15 +0100] "GET / HTTP/1.1" 403 565 "-" "-"
63.143.42.250 - - [31/Jul/2019:16:43:50 +0100] "HEAD /index.php HTTP/1.1" 200 0 "https://www.petersweb.me.uk/index.php" "Mozilla/5.0+(compatible; UptimeRobot/2.0; http://www.uptimerobot.com/)"
35.187.118.51 - - [31/Jul/2019:16:44:22 +0100] "GET / HTTP/1.1" 403 565 "-" "-"
35.187.118.51 - - [31/Jul/2019:16:44:22 +0100] "GET / HTTP/1.1" 403 565 "-" "-"
35.187.118.51 - - [31/Jul/2019:16:47:21 +0100] "GET / HTTP/1.1" 403 565 "-" "-"
35.187.118.51 - - [31/Jul/2019:16:47:21 +0100] "GET / HTTP/1.1" 403 565 "-" "-"
63.143.42.250 - - [31/Jul/2019:16:48:50 +0100] "HEAD /index.php HTTP/1.1" 200 0 "https://www.petersweb.me.uk/index.php" "Mozilla/5.0+(compatible; UptimeRobot/2.0; http://www.uptimerobot.com/)"
185.21.208.127 - - [31/Jul/2019:16:50:18 +0100] "GET / HTTP/2" 200 10302 "https://l.facebook.com/l.php?u=https%3A%2F%2Fpetersweb.me.uk%2F&h=AT0ppJcYBOwYcEHDatsFM42Qoayz9UOzEKUOOABcHHfpaL2N7wVobX99jSVvP_7IDpnzP8cUljYA6ZGIwpL1qUqCRQGg-jhdkdYyvrsN-Tgha19rGmU3CMEuAJXy1Q" "Mozilla/5.0 (iPhone; CPU iPhone OS 12_4 like Mac OS X) AppleWebKit/605.1.15 (KHTML, like Gecko) Mobile/15E148 [FBAN/FBIOS;FBAV/231.0.0.57.117;FBBV/164277784;FBDV/iPhone11,6;FBMD/iPhone;FBSN/iOS;FBSV/12.4;FBSS/3;FBCR/vodafone UK;FBID/phone;FBLC/en_GB;FBOP/5;FBRV/165246833]"
185.21.208.127 - - [31/Jul/2019:16:50:18 +0100] "GET /assets/css/fontawesome-all.min.css HTTP/2" 200 11899 "https://petersweb.me.uk/" "Mozilla/5.0 (iPhone; CPU iPhone OS 12_4 like Mac OS X) AppleWebKit/605.1.15 (KHTML, like Gecko) Mobile/15E148 [FBAN/FBIOS;FBAV/231.0.0.57.117;FBBV/164277784;FBDV/iPhone11,6;FBMD/iPhone;FBSN/iOS;FBSV/12.4;FBSS/3;FBCR/vodafone UK;FBID/phone;FBLC/en_GB;FBOP/5;FBRV/165246833]"
185.21.208.127 - - [31/Jul/2019:16:50:18 +0100] "GET /templates/Peterswebnew/css/all.min.css?v=224c48 HTTP/2" 200 32469 "https://petersweb.me.uk/" "Mozilla/5.0 (iPhone; CPU iPhone OS 12_4 like Mac OS X) AppleWebKit/605.1.15 (KHTML, like Gecko) Mobile/15E148 [FBAN/FBIOS;FBAV/231.0.0.57.117;FBBV/164277784;FBDV/iPhone11,6;FBMD/iPhone;FBSN/iOS;FBSV/12.4;FBSS/3;FBCR/vodafone UK;FBID/phone;FBLC/en_GB;FBOP/5;FBRV/165246833]"
185.21.208.127 - - [31/Jul/2019:16:50:18 +0100] "GET /templates/Peterswebnew/css/custom.css HTTP/2" 200 2078 "https://petersweb.me.uk/" "Mozilla/5.0 (iPhone; CPU iPhone OS 12_4 like Mac OS X) AppleWebKit/605.1.15 (KHTML, like Gecko) Mobile/15E148 [FBAN/FBIOS;FBAV/231.0.0.57.117;FBBV/164277784;FBDV/iPhone11,6;FBMD/iPhone;FBSN/iOS;FBSV/12.4;FBSS/3;FBCR/vodafone UK;FBID/phone;FBLC/en_GB;FBOP/5;FBRV/165246833]"
185.21.208.127 - - [31/Jul/2019:16:50:18 +0100] "GET /assets/img/logo.jpg HTTP/2" 200 26669 "https://petersweb.me.uk/" "Mozilla/5.0 (iPhone; CPU iPhone OS 12_4 like Mac OS X) AppleWebKit/605.1.15 (KHTML, like Gecko) Mobile/15E148 [FBAN/FBIOS;FBAV/231.0.0.57.117;FBBV/164277784;FBDV/iPhone11,6;FBMD/iPhone;FBSN/iOS;FBSV/12.4;FBSS/3;FBCR/vodafone UK;FBID/phone;FBLC/en_GB;FBOP/5;FBRV/165246833]"
185.21.208.127 - - [31/Jul/2019:16:50:18 +0100] "GET /templates/Peterswebnew/js/scripts.min.js?v=224c48 HTTP/2" 200 154282 "https://petersweb.me.uk/" "Mozilla/5.0 (iPhone; CPU iPhone OS 12_4 like Mac OS X) AppleWebKit/605.1.15 (KHTML, like Gecko) Mobile/15E148 [FBAN/FBIOS;FBAV/231.0.0.57.117;FBBV/164277784;FBDV/iPhone11,6;FBMD/iPhone;FBSN/iOS;FBSV/12.4;FBSS/3;FBCR/vodafone UK;FBID/phone;FBLC/en_GB;FBOP/5;FBRV/165246833]"
185.21.208.127 - - [31/Jul/2019:16:50:19 +0100] "GET /assets/img/blogs/boat.jpg HTTP/1.1" 200 3172256 "https://petersweb.me.uk/" "Mozilla/5.0 (iPhone; CPU iPhone OS 12_4 like Mac OS X) AppleWebKit/605.1.15 (KHTML, like Gecko) Mobile/15E148 [FBAN/FBIOS;FBAV/231.0.0.57.117;FBBV/164277784;FBDV/iPhone11,6;FBMD/iPhone;FBSN/iOS;FBSV/12.4;FBSS/3;FBCR/vodafone UK;FBID/phone;FBLC/en_GB;FBOP/5;FBRV/165246833]"
185.21.208.127 - - [31/Jul/2019:16:50:18 +0100] "GET /assets/img/Clouds.PNG HTTP/2" 200 362114 "https://petersweb.me.uk/" "Mozilla/5.0 (iPhone; CPU iPhone OS 12_4 like Mac OS X) AppleWebKit/605.1.15 (KHTML, like Gecko) Mobile/15E148 [FBAN/FBIOS;FBAV/231.0.0.57.117;FBBV/164277784;FBDV/iPhone11,6;FBMD/iPhone;FBSN/iOS;FBSV/12.4;FBSS/3;FBCR/vodafone UK;FBID/phone;FBLC/en_GB;FBOP/5;FBRV/165246833]"
185.21.208.127 - - [31/Jul/2019:16:50:18 +0100] "GET /assets/img/blogs/97.jpg HTTP/2" 200 2067710 "https://petersweb.me.uk/" "Mozilla/5.0 (iPhone; CPU iPhone OS 12_4 like Mac OS X) AppleWebKit/605.1.15 (KHTML, like Gecko) Mobile/15E148 [FBAN/FBIOS;FBAV/231.0.0.57.117;FBBV/164277784;FBDV/iPhone11,6;FBMD/iPhone;FBSN/iOS;FBSV/12.4;FBSS/3;FBCR/vodafone UK;FBID/phone;FBLC/en_GB;FBOP/5;FBRV/165246833]"
185.21.208.127 - - [31/Jul/2019:16:50:18 +0100] "GET /assets/img/blogs/98.jpg HTTP/2" 200 2881140 "https://petersweb.me.uk/" "Mozilla/5.0 (iPhone; CPU iPhone OS 12_4 like Mac OS X) AppleWebKit/605.1.15 (KHTML, like Gecko) Mobile/15E148 [FBAN/FBIOS;FBAV/231.0.0.57.117;FBBV/164277784;FBDV/iPhone11,6;FBMD/iPhone;FBSN/iOS;FBSV/12.4;FBSS/3;FBCR/vodafone UK;FBID/phone;FBLC/en_GB;FBOP/5;FBRV/165246833]"
185.21.208.127 - - [31/Jul/2019:16:50:19 +0100] "GET /assets/webfonts/fa-brands-400.woff2 HTTP/2" 200 64224 "https://petersweb.me.uk/" "Mozilla/5.0 (iPhone; CPU iPhone OS 12_4 like Mac OS X) AppleWebKit/605.1.15 (KHTML, like Gecko) Mobile/15E148 [FBAN/FBIOS;FBAV/231.0.0.57.117;FBBV/164277784;FBDV/iPhone11,6;FBMD/iPhone;FBSN/iOS;FBSV/12.4;FBSS/3;FBCR/vodafone UK;FBID/phone;FBLC/en_GB;FBOP/5;FBRV/165246833]"
185.21.208.127 - - [31/Jul/2019:16:50:19 +0100] "GET /assets/webfonts/fa-solid-900.woff2 HTTP/2" 200 83144 "https://petersweb.me.uk/" "Mozilla/5.0 (iPhone; CPU iPhone OS 12_4 like Mac OS X) AppleWebKit/605.1.15 (KHTML, like Gecko) Mobile/15E148 [FBAN/FBIOS;FBAV/231.0.0.57.117;FBBV/164277784;FBDV/iPhone11,6;FBMD/iPhone;FBSN/iOS;FBSV/12.4;FBSS/3;FBCR/vodafone UK;FBID/phone;FBLC/en_GB;FBOP/5;FBRV/165246833]"
185.21.208.127 - - [31/Jul/2019:16:50:35 +0100] "GET /assets/webfonts/fa-regular-400.woff2 HTTP/2" 200 99900 "https://petersweb.me.uk/" "Mozilla/5.0 (iPhone; CPU iPhone OS 12_4 like Mac OS X) AppleWebKit/605.1.15 (KHTML, like Gecko) Mobile/15E148 [FBAN/FBIOS;FBAV/231.0.0.57.117;FBBV/164277784;FBDV/iPhone11,6;FBMD/iPhone;FBSN/iOS;FBSV/12.4;FBSS/3;FBCR/vodafone UK;FBID/phone;FBLC/en_GB;FBOP/5;FBRV/165246833]"
185.21.208.127 - - [31/Jul/2019:16:50:18 +0100] "GET /assets/img/blogs/96.jpg HTTP/2" 200 8415588 "https://petersweb.me.uk/" "Mozilla/5.0 (iPhone; CPU iPhone OS 12_4 like Mac OS X) AppleWebKit/605.1.15 (KHTML, like Gecko) Mobile/15E148 [FBAN/FBIOS;FBAV/231.0.0.57.117;FBBV/164277784;FBDV/iPhone11,6;FBMD/iPhone;FBSN/iOS;FBSV/12.4;FBSS/3;FBCR/vodafone UK;FBID/phone;FBLC/en_GB;FBOP/5;FBRV/165246833]"
185.21.208.127 - - [31/Jul/2019:16:50:38 +0100] "GET /assets/webfonts/fa-light-300.woff2 HTTP/2" 200 106624 "https://petersweb.me.uk/" "Mozilla/5.0 (iPhone; CPU iPhone OS 12_4 like Mac OS X) AppleWebKit/605.1.15 (KHTML, like Gecko) Mobile/15E148 [FBAN/FBIOS;FBAV/231.0.0.57.117;FBBV/164277784;FBDV/iPhone11,6;FBMD/iPhone;FBSN/iOS;FBSV/12.4;FBSS/3;FBCR/vodafone UK;FBID/phone;FBLC/en_GB;FBOP/5;FBRV/165246833]"
185.21.208.127 - - [31/Jul/2019:16:50:39 +0100] "GET /store/website-builder HTTP/2" 200 6496 "https://petersweb.me.uk/" "Mozilla/5.0 (iPhone; CPU iPhone OS 12_4 like Mac OS X) AppleWebKit/605.1.15 (KHTML, like Gecko) Mobile/15E148 [FBAN/FBIOS;FBAV/231.0.0.57.117;FBBV/164277784;FBDV/iPhone11,6;FBMD/iPhone;FBSN/iOS;FBSV/12.4;FBSS/3;FBCR/vodafone UK;FBID/phone;FBLC/en_GB;FBOP/5;FBRV/165246833]"
185.21.208.127 - - [31/Jul/2019:16:50:39 +0100] "GET /templates/Peterswebnew/store/css/style.css HTTP/2" 200 3983 "https://petersweb.me.uk/store/website-builder" "Mozilla/5.0 (iPhone; CPU iPhone OS 12_4 like Mac OS X) AppleWebKit/605.1.15 (KHTML, like Gecko) Mobile/15E148 [FBAN/FBIOS;FBAV/231.0.0.57.117;FBBV/164277784;FBDV/iPhone11,6;FBMD/iPhone;FBSN/iOS;FBSV/12.4;FBSS/3;FBCR/vodafone UK;FBID/phone;FBLC/en_GB;FBOP/5;FBRV/165246833]"
185.21.208.127 - - [31/Jul/2019:16:50:39 +0100] "GET /assets/img/marketconnect/weebly/logo.png HTTP/2" 200 38660 "https://petersweb.me.uk/store/website-builder" "Mozilla/5.0 (iPhone; CPU iPhone OS 12_4 like Mac OS X) AppleWebKit/605.1.15 (KHTML, like Gecko) Mobile/15E148 [FBAN/FBIOS;FBAV/231.0.0.57.117;FBBV/164277784;FBDV/iPhone11,6;FBMD/iPhone;FBSN/iOS;FBSV/12.4;FBSS/3;FBCR/vodafone UK;FBID/phone;FBLC/en_GB;FBOP/5;FBRV/165246833]"
185.21.208.127 - - [31/Jul/2019:16:50:39 +0100] "GET /assets/img/marketconnect/weebly/icons/builder.png HTTP/2" 200 681 "https://petersweb.me.uk/store/website-builder" "Mozilla/5.0 (iPhone; CPU iPhone OS 12_4 like Mac OS X) AppleWebKit/605.1.15 (KHTML, like Gecko) Mobile/15E148 [FBAN/FBIOS;FBAV/231.0.0.57.117;FBBV/164277784;FBDV/iPhone11,6;FBMD/iPhone;FBSN/iOS;FBSV/12.4;FBSS/3;FBCR/vodafone UK;FBID/phone;FBLC/en_GB;FBOP/5;FBRV/165246833]"
185.21.208.127 - - [31/Jul/2019:16:50:39 +0100] "GET /assets/img/marketconnect/weebly/dragdropeditor.png HTTP/2" 200 35246 "https://petersweb.me.uk/store/website-builder" "Mozilla/5.0 (iPhone; CPU iPhone OS 12_4 like Mac OS X) AppleWebKit/605.1.15 (KHTML, like Gecko) Mobile/15E148 [FBAN/FBIOS;FBAV/231.0.0.57.117;FBBV/164277784;FBDV/iPhone11,6;FBMD/iPhone;FBSN/iOS;FBSV/12.4;FBSS/3;FBCR/vodafone UK;FBID/phone;FBLC/en_GB;FBOP/5;FBRV/165246833]"
185.21.208.127 - - [31/Jul/2019:16:50:39 +0100] "GET /assets/img/marketconnect/weebly/icons/ecommerce.png HTTP/2" 200 2915 "https://petersweb.me.uk/store/website-builder" "Mozilla/5.0 (iPhone; CPU iPhone OS 12_4 like Mac OS X) AppleWebKit/605.1.15 (KHTML, like Gecko) Mobile/15E148 [FBAN/FBIOS;FBAV/231.0.0.57.117;FBBV/164277784;FBDV/iPhone11,6;FBMD/iPhone;FBSN/iOS;FBSV/12.4;FBSS/3;FBCR/vodafone UK;FBID/phone;FBLC/en_GB;FBOP/5;FBRV/165246833]"
185.21.208.127 - - [31/Jul/2019:16:50:39 +0100] "GET /assets/img/marketconnect/weebly/icons/forms.png HTTP/2" 200 719 "https://petersweb.me.uk/store/website-builder" "Mozilla/5.0 (iPhone; CPU iPhone OS 12_4 like Mac OS X) AppleWebKit/605.1.15 (KHTML, like Gecko) Mobile/15E148 [FBAN/FBIOS;FBAV/231.0.0.57.117;FBBV/164277784;FBDV/iPhone11,6;FBMD/iPhone;FBSN/iOS;FBSV/12.4;FBSS/3;FBCR/vodafone UK;FBID/phone;FBLC/en_GB;FBOP/5;FBRV/165246833]"
185.21.208.127 - - [31/Jul/2019:16:50:39 +0100] "GET /assets/img/marketconnect/weebly/icons/templates.png HTTP/2" 200 661 "https://petersweb.me.uk/store/website-builder" "Mozilla/5.0 (iPhone; CPU iPhone OS 12_4 like Mac OS X) AppleWebKit/605.1.15 (KHTML, like Gecko) Mobile/15E148 [FBAN/FBIOS;FBAV/231.0.0.57.117;FBBV/164277784;FBDV/iPhone11,6;FBMD/iPhone;FBSN/iOS;FBSV/12.4;FBSS/3;FBCR/vodafone UK;FBID/phone;FBLC/en_GB;FBOP/5;FBRV/165246833]"
185.21.208.127 - - [31/Jul/2019:16:50:39 +0100] "GET /assets/img/marketconnect/weebly/icons/gallery.png HTTP/2" 200 3432 "https://petersweb.me.uk/store/website-builder" "Mozilla/5.0 (iPhone; CPU iPhone OS 12_4 like Mac OS X) AppleWebKit/605.1.15 (KHTML, like Gecko) Mobile/15E148 [FBAN/FBIOS;FBAV/231.0.0.57.117;FBBV/164277784;FBDV/iPhone11,6;FBMD/iPhone;FBSN/iOS;FBSV/12.4;FBSS/3;FBCR/vodafone UK;FBID/phone;FBLC/en_GB;FBOP/5;FBRV/165246833]"
185.21.208.127 - - [31/Jul/2019:16:50:39 +0100] "GET /assets/img/marketconnect/weebly/icons/blogging.png HTTP/2" 200 1312 "https://petersweb.me.uk/store/website-builder" "Mozilla/5.0 (iPhone; CPU iPhone OS 12_4 like Mac OS X) AppleWebKit/605.1.15 (KHTML, like Gecko) Mobile/15E148 [FBAN/FBIOS;FBAV/231.0.0.57.117;FBBV/164277784;FBDV/iPhone11,6;FBMD/iPhone;FBSN/iOS;FBSV/12.4;FBSS/3;FBCR/vodafone UK;FBID/phone;FBLC/en_GB;FBOP/5;FBRV/165246833]"
185.21.208.127 - - [31/Jul/2019:16:50:39 +0100] "GET /assets/img/marketconnect/weebly/icons/video.png HTTP/2" 200 1944 "https://petersweb.me.uk/store/website-builder" "Mozilla/5.0 (iPhone; CPU iPhone OS 12_4 like Mac OS X) AppleWebKit/605.1.15 (KHTML, like Gecko) Mobile/15E148 [FBAN/FBIOS;FBAV/231.0.0.57.117;FBBV/164277784;FBDV/iPhone11,6;FBMD/iPhone;FBSN/iOS;FBSV/12.4;FBSS/3;FBCR/vodafone UK;FBID/phone;FBLC/en_GB;FBOP/5;FBRV/165246833]"
185.21.208.127 - - [31/Jul/2019:16:50:39 +0100] "GET /templates/Peterswebnew/store/weebly/master.js HTTP/2" 200 417 "https://petersweb.me.uk/store/website-builder" "Mozilla/5.0 (iPhone; CPU iPhone OS 12_4 like Mac OS X) AppleWebKit/605.1.15 (KHTML, like Gecko) Mobile/15E148 [FBAN/FBIOS;FBAV/231.0.0.57.117;FBBV/164277784;FBDV/iPhone11,6;FBMD/iPhone;FBSN/iOS;FBSV/12.4;FBSS/3;FBCR/vodafone UK;FBID/phone;FBLC/en_GB;FBOP/5;FBRV/165246833]"
185.21.208.127 - - [31/Jul/2019:16:50:39 +0100] "GET /assets/img/marketconnect/weebly/icons/seo.png HTTP/2" 200 2502 "https://petersweb.me.uk/store/website-builder" "Mozilla/5.0 (iPhone; CPU iPhone OS 12_4 like Mac OS X) AppleWebKit/605.1.15 (KHTML, like Gecko) Mobile/15E148 [FBAN/FBIOS;FBAV/231.0.0.57.117;FBBV/164277784;FBDV/iPhone11,6;FBMD/iPhone;FBSN/iOS;FBSV/12.4;FBSS/3;FBCR/vodafone UK;FBID/phone;FBLC/en_GB;FBOP/5;FBRV/165246833]"
35.187.118.51 - - [31/Jul/2019:16:51:19 +0100] "GET / HTTP/1.1" 403 565 "-" "-"
35.187.118.51 - - [31/Jul/2019:16:51:20 +0100] "GET / HTTP/1.1" 403 565 "-" "-"
157.55.39.128 - - [31/Jul/2019:16:52:20 +0100] "GET /sitemap.xml HTTP/1.1" 200 4757 "-" "Mozilla/5.0 (compatible; bingbot/2.0; +http://www.bing.com/bingbot.htm)"
46.229.168.148 - - [31/Jul/2019:16:52:57 +0100] "GET /knowledgebase/67/-What-is-Modsecurity.html HTTP/1.1" 200 8595 "-" "Mozilla/5.0 (compatible; SemrushBot/3~bl; +http://www.semrush.com/bot.html)"
63.143.42.250 - - [31/Jul/2019:16:53:51 +0100] "HEAD /index.php HTTP/1.1" 200 0 "https://www.petersweb.me.uk/index.php" "Mozilla/5.0+(compatible; UptimeRobot/2.0; http://www.uptimerobot.com/)"
35.187.118.51 - - [31/Jul/2019:16:54:15 +0100] "GET / HTTP/1.1" 403 565 "-" "-"
35.187.118.51 - - [31/Jul/2019:16:54:16 +0100] "GET / HTTP/1.1" 403 565 "-" "-"
200.10.94.171 - - [31/Jul/2019:16:55:28 +0100] "GET / HTTP/1.1" 200 12202 "-" "-"
35.187.118.51 - - [31/Jul/2019:16:58:22 +0100] "GET / HTTP/1.1" 403 565 "-" "-"
35.187.118.51 - - [31/Jul/2019:16:58:22 +0100] "GET / HTTP/1.1" 403 565 "-" "-"
63.143.42.250 - - [31/Jul/2019:16:58:51 +0100] "HEAD /index.php HTTP/1.1" 200 0 "https://www.petersweb.me.uk/index.php" "Mozilla/5.0+(compatible; UptimeRobot/2.0; http://www.uptimerobot.com/)"
194.74.151.201 - - [31/Jul/2019:16:58:54 +0100] "GET / HTTP/1.1" 200 12031 "-" "Mozilla/5.0 (X11; Linux x86_64) AppleWebKit/527.36 (KHTML, like Gecko) Ubuntu Chromium/65.0.3325.181 Chrome/65.0.3325.181 Safari/537.36"
35.187.118.51 - - [31/Jul/2019:17:01:17 +0100] "GET / HTTP/1.1" 403 565 "-" "-"
35.187.118.51 - - [31/Jul/2019:17:01:17 +0100] "GET / HTTP/1.1" 403 565 "-" "-"
63.143.42.250 - - [31/Jul/2019:17:03:50 +0100] "HEAD /index.php HTTP/1.1" 200 0 "https://www.petersweb.me.uk/index.php" "Mozilla/5.0+(compatible; UptimeRobot/2.0; http://www.uptimerobot.com/)"
35.187.118.51 - - [31/Jul/2019:17:05:17 +0100] "GET / HTTP/1.1" 403 565 "-" "-"
35.187.118.51 - - [31/Jul/2019:17:05:17 +0100] "GET / HTTP/1.1" 403 565 "-" "-"
63.143.42.250 - - [31/Jul/2019:17:08:50 +0100] "HEAD /index.php HTTP/1.1" 200 0 "https://www.petersweb.me.uk/index.php" "Mozilla/5.0+(compatible; UptimeRobot/2.0; http://www.uptimerobot.com/)"
35.187.118.51 - - [31/Jul/2019:17:09:22 +0100] "GET / HTTP/1.1" 403 565 "-" "-"
35.187.118.51 - - [31/Jul/2019:17:09:23 +0100] "GET / HTTP/1.1" 403 565 "-" "-"
46.229.168.141 - - [31/Jul/2019:17:11:51 +0100] "GET /robots.txt HTTP/1.1" 304 0 "-" "Mozilla/5.0 (compatible; SemrushBot/3~bl; +http://www.semrush.com/bot.html)"
46.229.168.130 - - [31/Jul/2019:17:11:52 +0100] "GET /knowledgebase/What-PHP-version-is-best-to-use.html HTTP/1.1" 404 4376 "-" "Mozilla/5.0 (compatible; SemrushBot/3~bl; +http://www.semrush.com/bot.html)"
35.187.118.51 - - [31/Jul/2019:17:13:17 +0100] "GET / HTTP/1.1" 403 565 "-" "-"
35.187.118.51 - - [31/Jul/2019:17:13:17 +0100] "GET / HTTP/1.1" 403 565 "-" "-"
63.143.42.250 - - [31/Jul/2019:17:13:50 +0100] "HEAD /index.php HTTP/1.1" 200 0 "https://www.petersweb.me.uk/index.php" "Mozilla/5.0+(compatible; UptimeRobot/2.0; http://www.uptimerobot.com/)"
74.214.251.194 - - [31/Jul/2019:17:15:08 +0100] "GET / HTTP/2" 200 10301 "https://l.facebook.com/" "Mozilla/5.0 (Linux; Android 9; SM-N960F Build/PPR1.180610.011; wv) AppleWebKit/537.36 (KHTML, like Gecko) Version/4.0 Chrome/75.0.3770.143 Mobile Safari/537.36 [FB_IAB/FB4A;FBAV/231.0.0.39.113;]"
74.214.251.194 - - [31/Jul/2019:17:15:09 +0100] "GET /templates/Peterswebnew/css/all.min.css?v=224c48 HTTP/2" 200 32469 "https://petersweb.me.uk/" "Mozilla/5.0 (Linux; Android 9; SM-N960F Build/PPR1.180610.011; wv) AppleWebKit/537.36 (KHTML, like Gecko) Version/4.0 Chrome/75.0.3770.143 Mobile Safari/537.36 [FB_IAB/FB4A;FBAV/231.0.0.39.113;]"
74.214.251.194 - - [31/Jul/2019:17:15:09 +0100] "GET /templates/Peterswebnew/css/custom.css HTTP/2" 200 2078 "https://petersweb.me.uk/" "Mozilla/5.0 (Linux; Android 9; SM-N960F Build/PPR1.180610.011; wv) AppleWebKit/537.36 (KHTML, like Gecko) Version/4.0 Chrome/75.0.3770.143 Mobile Safari/537.36 [FB_IAB/FB4A;FBAV/231.0.0.39.113;]"
74.214.251.194 - - [31/Jul/2019:17:15:09 +0100] "GET /assets/css/fontawesome-all.min.css HTTP/2" 200 11899 "https://petersweb.me.uk/" "Mozilla/5.0 (Linux; Android 9; SM-N960F Build/PPR1.180610.011; wv) AppleWebKit/537.36 (KHTML, like Gecko) Version/4.0 Chrome/75.0.3770.143 Mobile Safari/537.36 [FB_IAB/FB4A;FBAV/231.0.0.39.113;]"
74.214.251.194 - - [31/Jul/2019:17:15:09 +0100] "GET /templates/Peterswebnew/js/scripts.min.js?v=224c48 HTTP/2" 200 154282 "https://petersweb.me.uk/" "Mozilla/5.0 (Linux; Android 9; SM-N960F Build/PPR1.180610.011; wv) AppleWebKit/537.36 (KHTML, like Gecko) Version/4.0 Chrome/75.0.3770.143 Mobile Safari/537.36 [FB_IAB/FB4A;FBAV/231.0.0.39.113;]"
74.214.251.194 - - [31/Jul/2019:17:15:09 +0100] "GET /assets/img/logo.jpg HTTP/2" 200 26669 "https://petersweb.me.uk/" "Mozilla/5.0 (Linux; Android 9; SM-N960F Build/PPR1.180610.011; wv) AppleWebKit/537.36 (KHTML, like Gecko) Version/4.0 Chrome/75.0.3770.143 Mobile Safari/537.36 [FB_IAB/FB4A;FBAV/231.0.0.39.113;]"
74.214.251.194 - - [31/Jul/2019:17:15:09 +0100] "GET /assets/img/Clouds.PNG HTTP/2" 200 362114 "https://petersweb.me.uk/" "Mozilla/5.0 (Linux; Android 9; SM-N960F Build/PPR1.180610.011; wv) AppleWebKit/537.36 (KHTML, like Gecko) Version/4.0 Chrome/75.0.3770.143 Mobile Safari/537.36 [FB_IAB/FB4A;FBAV/231.0.0.39.113;]"
74.214.251.194 - - [31/Jul/2019:17:15:11 +0100] "GET /assets/img/blogs/boat.jpg HTTP/1.1" 200 3172256 "https://petersweb.me.uk/" "Mozilla/5.0 (Linux; Android 9; SM-N960F Build/PPR1.180610.011; wv) AppleWebKit/537.36 (KHTML, like Gecko) Version/4.0 Chrome/75.0.3770.143 Mobile Safari/537.36 [FB_IAB/FB4A;FBAV/231.0.0.39.113;]"
74.214.251.194 - - [31/Jul/2019:17:15:10 +0100] "GET /assets/webfonts/fa-solid-900.woff2 HTTP/2" 200 83144 "https://petersweb.me.uk/assets/css/fontawesome-all.min.css" "Mozilla/5.0 (Linux; Android 9; SM-N960F Build/PPR1.180610.011; wv) AppleWebKit/537.36 (KHTML, like Gecko) Version/4.0 Chrome/75.0.3770.143 Mobile Safari/537.36 [FB_IAB/FB4A;FBAV/231.0.0.39.113;]"
74.214.251.194 - - [31/Jul/2019:17:15:10 +0100] "GET /assets/webfonts/fa-brands-400.woff2 HTTP/2" 200 64224 "https://petersweb.me.uk/assets/css/fontawesome-all.min.css" "Mozilla/5.0 (Linux; Android 9; SM-N960F Build/PPR1.180610.011; wv) AppleWebKit/537.36 (KHTML, like Gecko) Version/4.0 Chrome/75.0.3770.143 Mobile Safari/537.36 [FB_IAB/FB4A;FBAV/231.0.0.39.113;]"
74.214.251.194 - - [31/Jul/2019:17:15:09 +0100] "GET /assets/img/blogs/98.jpg HTTP/2" 200 2881140 "https://petersweb.me.uk/" "Mozilla/5.0 (Linux; Android 9; SM-N960F Build/PPR1.180610.011; wv) AppleWebKit/537.36 (KHTML, like Gecko) Version/4.0 Chrome/75.0.3770.143 Mobile Safari/537.36 [FB_IAB/FB4A;FBAV/231.0.0.39.113;]"
74.214.251.194 - - [31/Jul/2019:17:15:09 +0100] "GET /assets/img/blogs/97.jpg HTTP/2" 200 2067710 "https://petersweb.me.uk/" "Mozilla/5.0 (Linux; Android 9; SM-N960F Build/PPR1.180610.011; wv) AppleWebKit/537.36 (KHTML, like Gecko) Version/4.0 Chrome/75.0.3770.143 Mobile Safari/537.36 [FB_IAB/FB4A;FBAV/231.0.0.39.113;]"
74.214.251.194 - - [31/Jul/2019:17:15:09 +0100] "GET /assets/img/blogs/96.jpg HTTP/2" 200 8415588 "https://petersweb.me.uk/" "Mozilla/5.0 (Linux; Android 9; SM-N960F Build/PPR1.180610.011; wv) AppleWebKit/537.36 (KHTML, like Gecko) Version/4.0 Chrome/75.0.3770.143 Mobile Safari/537.36 [FB_IAB/FB4A;FBAV/231.0.0.39.113;]"
35.187.118.51 - - [31/Jul/2019:17:17:15 +0100] "GET / HTTP/1.1" 403 565 "-" "-"
35.187.118.51 - - [31/Jul/2019:17:17:16 +0100] "GET / HTTP/1.1" 403 565 "-" "-"
63.143.42.250 - - [31/Jul/2019:17:18:50 +0100] "HEAD /index.php HTTP/1.1" 200 0 "https://www.petersweb.me.uk/index.php" "Mozilla/5.0+(compatible; UptimeRobot/2.0; http://www.uptimerobot.com/)"
35.187.118.51 - - [31/Jul/2019:17:21:20 +0100] "GET / HTTP/1.1" 403 565 "-" "-"
35.187.118.51 - - [31/Jul/2019:17:21:20 +0100] "GET / HTTP/1.1" 403 565 "-" "-"
63.143.42.250 - - [31/Jul/2019:17:23:50 +0100] "HEAD /index.php HTTP/1.1" 200 0 "https://www.petersweb.me.uk/index.php" "Mozilla/5.0+(compatible; UptimeRobot/2.0; http://www.uptimerobot.com/)"
35.187.118.51 - - [31/Jul/2019:17:24:17 +0100] "GET / HTTP/1.1" 403 565 "-" "-"
35.187.118.51 - - [31/Jul/2019:17:24:17 +0100] "GET / HTTP/1.1" 403 565 "-" "-"
74.214.251.194 - - [31/Jul/2019:17:26:49 +0100] "GET /images/icons/favicon-16x16.png HTTP/1.1" 200 985 "https://petersweb.me.uk/" "Mozilla/5.0 (Linux; Android 9; SM-N960F Build/PPR1.180610.011; wv) AppleWebKit/537.36 (KHTML, like Gecko) Version/4.0 Chrome/75.0.3770.143 Mobile Safari/537.36 [FB_IAB/FB4A;FBAV/231.0.0.39.113;]"
74.214.251.194 - - [31/Jul/2019:17:26:49 +0100] "GET /images/icons/favicon.ico HTTP/1.1" 200 1150 "https://petersweb.me.uk/" "Mozilla/5.0 (Linux; Android 9; SM-N960F Build/PPR1.180610.011; wv) AppleWebKit/537.36 (KHTML, like Gecko) Version/4.0 Chrome/75.0.3770.143 Mobile Safari/537.36 [FB_IAB/FB4A;FBAV/231.0.0.39.113;]"
74.214.251.194 - - [31/Jul/2019:17:26:49 +0100] "GET /images/icons/favicon-32x32.png HTTP/1.1" 200 1526 "https://petersweb.me.uk/" "Mozilla/5.0 (Linux; Android 9; SM-N960F Build/PPR1.180610.011; wv) AppleWebKit/537.36 (KHTML, like Gecko) Version/4.0 Chrome/75.0.3770.143 Mobile Safari/537.36 [FB_IAB/FB4A;FBAV/231.0.0.39.113;]"
35.187.118.51 - - [31/Jul/2019:17:28:16 +0100] "GET / HTTP/1.1" 403 565 "-" "-"
35.187.118.51 - - [31/Jul/2019:17:28:16 +0100] "GET / HTTP/1.1" 403 565 "-" "-"
63.143.42.250 - - [31/Jul/2019:17:28:50 +0100] "HEAD /index.php HTTP/1.1" 200 0 "https://www.petersweb.me.uk/index.php" "Mozilla/5.0+(compatible; UptimeRobot/2.0; http://www.uptimerobot.com/)"
35.187.118.51 - - [31/Jul/2019:17:32:19 +0100] "GET / HTTP/1.1" 403 565 "-" "-"
35.187.118.51 - - [31/Jul/2019:17:32:20 +0100] "GET / HTTP/1.1" 403 565 "-" "-"
63.143.42.250 - - [31/Jul/2019:17:33:50 +0100] "HEAD /index.php HTTP/1.1" 200 0 "https://www.petersweb.me.uk/index.php" "Mozilla/5.0+(compatible; UptimeRobot/2.0; http://www.uptimerobot.com/)"
35.187.118.51 - - [31/Jul/2019:17:36:15 +0100] "GET / HTTP/1.1" 403 565 "-" "-"
35.187.118.51 - - [31/Jul/2019:17:36:15 +0100] "GET / HTTP/1.1" 403 565 "-" "-"
46.229.168.163 - - [31/Jul/2019:17:37:02 +0100] "GET /robots.txt HTTP/1.1" 200 48 "-" "Mozilla/5.0 (compatible; SemrushBot/3~bl; +http://www.semrush.com/bot.html)"
46.229.168.152 - - [31/Jul/2019:17:37:02 +0100] "GET /knowledgebase/9/What-PHP-version-is-best-to-use.html HTTP/1.1" 200 8194 "-" "Mozilla/5.0 (compatible; SemrushBot/3~bl; +http://www.semrush.com/bot.html)"
40.77.167.6 - - [31/Jul/2019:17:54:16 +0100] "GET /knowledgebase/90/Dipping-your-toes-into-the-deep-world-of-web-hosting.html HTTP/1.1" 200 10882 "-" "Mozilla/5.0 (compatible; bingbot/2.0; +http://www.bing.com/bingbot.htm)"
63.143.42.250 - - [31/Jul/2019:17:38:50 +0100] "HEAD /index.php HTTP/1.1" 200 0 "https://www.petersweb.me.uk/index.php" "Mozilla/5.0+(compatible; UptimeRobot/2.0; http://www.uptimerobot.com/)"
35.187.118.51 - - [31/Jul/2019:17:39:15 +0100] "GET / HTTP/1.1" 403 565 "-" "-"
35.187.118.51 - - [31/Jul/2019:17:39:16 +0100] "GET / HTTP/1.1" 403 565 "-" "-"
35.187.118.51 - - [31/Jul/2019:17:42:16 +0100] "GET / HTTP/1.1" 403 565 "-" "-"
35.187.118.51 - - [31/Jul/2019:17:42:16 +0100] "GET / HTTP/1.1" 403 565 "-" "-"
63.143.42.250 - - [31/Jul/2019:17:43:50 +0100] "HEAD /index.php HTTP/1.1" 200 0 "https://www.petersweb.me.uk/index.php" "Mozilla/5.0+(compatible; UptimeRobot/2.0; http://www.uptimerobot.com/)"
35.187.118.51 - - [31/Jul/2019:17:46:16 +0100] "GET / HTTP/1.1" 403 565 "-" "-"
35.187.118.51 - - [31/Jul/2019:17:46:16 +0100] "GET / HTTP/1.1" 403 565 "-" "-"
