209.124.66.6 - - [04/May/2019:04:58:43 +0100] "GET /.well-known/acme-challenge/K1BV9S0NWRI0PA5OISA96113DWWAYX32 HTTP/1.1" 301 617 "-" "Cpanel-HTTP-Client/1.0"
209.124.66.6 - - [04/May/2019:04:58:43 +0100] "GET /.well-known/acme-challenge/K1BV9S0NWRI0PA5OISA96113DWWAYX32 HTTP/1.1" 404 45 "-" "Cpanel-HTTP-Client/1.0"
209.124.66.6 - - [04/May/2019:04:58:43 +0100] "GET /.well-known/acme-challenge/6GKFG1_B30BY90DO9QJIX-GRJ091K33_ HTTP/1.1" 404 45 "-" "Cpanel-HTTP-Client/1.0"
209.124.66.6 - - [04/May/2019:04:58:43 +0100] "GET /.well-known/acme-challenge/TVQ4-HTD4M5S07A6KW1IW6L6SBMVGHL- HTTP/1.1" 404 45 "-" "Cpanel-HTTP-Client/1.0"
209.124.66.6 - - [04/May/2019:04:58:43 +0100] "GET /.well-known/acme-challenge/9VBZ5LYL3IEIWZEVVJM7D-QVOIKAPI2A HTTP/1.1" 301 617 "-" "Cpanel-HTTP-Client/1.0"
209.124.66.6 - - [04/May/2019:04:58:43 +0100] "GET /.well-known/acme-challenge/E_A_3E1602MKXUO9_B8BWRO9FQX7R6EW HTTP/1.1" 301 617 "-" "Cpanel-HTTP-Client/1.0"
66.249.79.7 - - [04/May/2019:05:08:15 +0100] "GET /FamilyHistoryTips/ HTTP/1.1" 301 617 "-" "Mozilla/5.0 (Linux; Android 6.0.1; Nexus 5X Build/MMB29P) AppleWebKit/537.36 (KHTML, like Gecko) Chrome/41.0.2272.96 Mobile Safari/537.36 (compatible; Googlebot/2.1; +http://www.google.com/bot.html)"
66.249.79.135 - - [04/May/2019:05:08:16 +0100] "GET /FamilyHistoryTips/ HTTP/1.1" 200 1457 "-" "Mozilla/5.0 (Linux; Android 6.0.1; Nexus 5X Build/MMB29P) AppleWebKit/537.36 (KHTML, like Gecko) Chrome/41.0.2272.96 Mobile Safari/537.36 (compatible; Googlebot/2.1; +http://www.google.com/bot.html)"
209.124.66.6 - - [04/May/2019:05:28:38 +0100] "GET /.well-known/acme-challenge/P8YCE4OW9CFDZ3UKRN2LNLK4HBHNFI1N HTTP/1.1" 301 617 "-" "Cpanel-HTTP-Client/1.0"
209.124.66.6 - - [04/May/2019:05:28:38 +0100] "GET /.well-known/acme-challenge/P8YCE4OW9CFDZ3UKRN2LNLK4HBHNFI1N HTTP/1.1" 404 45 "-" "Cpanel-HTTP-Client/1.0"
209.124.66.6 - - [04/May/2019:05:28:38 +0100] "GET /.well-known/acme-challenge/TBGUM0H4CQBCDQD-M-Z-TRTWJEUUPDSR HTTP/1.1" 301 617 "-" "Cpanel-HTTP-Client/1.0"
209.124.66.6 - - [04/May/2019:05:28:38 +0100] "GET /.well-known/acme-challenge/TBGUM0H4CQBCDQD-M-Z-TRTWJEUUPDSR HTTP/1.1" 404 45 "-" "Cpanel-HTTP-Client/1.0"
209.124.66.6 - - [04/May/2019:05:28:38 +0100] "GET /.well-known/acme-challenge/2L88ES03OPGVZ7W2FPMTE1ZEG2CIV5E_ HTTP/1.1" 404 45 "-" "Cpanel-HTTP-Client/1.0"
209.124.66.6 - - [04/May/2019:05:28:38 +0100] "GET /.well-known/acme-challenge/X1AZP0P-QNL5FZVNL1NONL7LY-WTYDHH HTTP/1.1" 404 45 "-" "Cpanel-HTTP-Client/1.0"
209.124.66.6 - - [04/May/2019:05:28:38 +0100] "GET /.well-known/acme-challenge/J9X--Y3F5XM2IP9LYZW330U1M0K600FE HTTP/1.1" 301 617 "-" "Cpanel-HTTP-Client/1.0"
209.124.66.6 - - [04/May/2019:05:28:39 +0100] "GET /.well-known/acme-challenge/N6V46S5XS8WFHCD6UMPUAX_6ARXV3Y_F HTTP/1.1" 301 617 "-" "Cpanel-HTTP-Client/1.0"
46.166.186.194 - - [04/May/2019:05:40:12 +0100] "HEAD / HTTP/1.1" 200 0 "https://uptime.com/www.familyhistory4beginners.com" "Mozilla/5.0 (compatible; Uptimebot/1.0; +http://www.uptime.com/uptimebot)"
66.249.79.23 - - [04/May/2019:05:49:14 +0100] "GET /FamilyHistoryTips/gettingStarted/ HTTP/1.1" 301 617 "-" "Mozilla/5.0 (Linux; Android 6.0.1; Nexus 5X Build/MMB29P) AppleWebKit/537.36 (KHTML, like Gecko) Chrome/41.0.2272.96 Mobile Safari/537.36 (compatible; Googlebot/2.1; +http://www.google.com/bot.html)"
66.249.79.157 - - [04/May/2019:05:49:14 +0100] "GET /robots.txt HTTP/1.1" 404 45 "-" "Mozilla/5.0 (compatible; Googlebot/2.1; +http://www.google.com/bot.html)"
66.249.79.158 - - [04/May/2019:05:49:15 +0100] "GET /FamilyHistoryTips/gettingStarted/ HTTP/1.1" 200 2088 "-" "Mozilla/5.0 (Linux; Android 6.0.1; Nexus 5X Build/MMB29P) AppleWebKit/537.36 (KHTML, like Gecko) Chrome/41.0.2272.96 Mobile Safari/537.36 (compatible; Googlebot/2.1; +http://www.google.com/bot.html)"
209.124.66.6 - - [04/May/2019:05:58:18 +0100] "GET /.well-known/acme-challenge/WDI_E1NQQQ3XNXW_RBD56H549UXGTU-Y HTTP/1.1" 301 617 "-" "Cpanel-HTTP-Client/1.0"
209.124.66.6 - - [04/May/2019:05:58:18 +0100] "GET /.well-known/acme-challenge/WDI_E1NQQQ3XNXW_RBD56H549UXGTU-Y HTTP/1.1" 404 45 "-" "Cpanel-HTTP-Client/1.0"
209.124.66.6 - - [04/May/2019:05:58:18 +0100] "GET /.well-known/acme-challenge/OUZYJBXRSBQOWIW7U8Z5-R69TJGISTWR HTTP/1.1" 301 617 "-" "Cpanel-HTTP-Client/1.0"
209.124.66.6 - - [04/May/2019:05:58:18 +0100] "GET /.well-known/acme-challenge/OUZYJBXRSBQOWIW7U8Z5-R69TJGISTWR HTTP/1.1" 404 45 "-" "Cpanel-HTTP-Client/1.0"
209.124.66.6 - - [04/May/2019:05:58:18 +0100] "GET /.well-known/acme-challenge/TPJR9V5VGB59953WC1I4_QBRSNDGHMDS HTTP/1.1" 404 45 "-" "Cpanel-HTTP-Client/1.0"
209.124.66.6 - - [04/May/2019:05:58:18 +0100] "GET /.well-known/acme-challenge/YJ3-RPRB3WLX-ME5C_NXTZ-4UAIRPSAA HTTP/1.1" 404 45 "-" "Cpanel-HTTP-Client/1.0"
209.124.66.6 - - [04/May/2019:05:58:18 +0100] "GET /.well-known/acme-challenge/7T6EADAOFJO90F4_7SOITL9SW20B7Y03 HTTP/1.1" 301 617 "-" "Cpanel-HTTP-Client/1.0"
209.124.66.6 - - [04/May/2019:05:58:18 +0100] "GET /.well-known/acme-challenge/SMG0GSYK3PM0E19D-MZJIZNU94YA0S9I HTTP/1.1" 301 617 "-" "Cpanel-HTTP-Client/1.0"
209.124.66.6 - - [04/May/2019:06:28:41 +0100] "GET /.well-known/acme-challenge/PIJZPHROX20LMODNCL-W5IK8QRY84HP0 HTTP/1.1" 301 617 "-" "Cpanel-HTTP-Client/1.0"
209.124.66.6 - - [04/May/2019:06:28:41 +0100] "GET /.well-known/acme-challenge/PIJZPHROX20LMODNCL-W5IK8QRY84HP0 HTTP/1.1" 404 45 "-" "Cpanel-HTTP-Client/1.0"
209.124.66.6 - - [04/May/2019:06:28:41 +0100] "GET /.well-known/acme-challenge/HW4NZHKJS-SS9LAAG1WGB3-YRS2XDXO4 HTTP/1.1" 301 617 "-" "Cpanel-HTTP-Client/1.0"
209.124.66.6 - - [04/May/2019:06:28:41 +0100] "GET /.well-known/acme-challenge/HW4NZHKJS-SS9LAAG1WGB3-YRS2XDXO4 HTTP/1.1" 404 45 "-" "Cpanel-HTTP-Client/1.0"
209.124.66.6 - - [04/May/2019:06:28:41 +0100] "GET /.well-known/acme-challenge/CCF02N2C-6UC547F40G1IJ2D782F0XFS HTTP/1.1" 404 45 "-" "Cpanel-HTTP-Client/1.0"
209.124.66.6 - - [04/May/2019:06:28:41 +0100] "GET /.well-known/acme-challenge/C1RMI9NXFXY3YWVA38RDEQFIECWW9U6S HTTP/1.1" 404 45 "-" "Cpanel-HTTP-Client/1.0"
209.124.66.6 - - [04/May/2019:06:28:41 +0100] "GET /.well-known/acme-challenge/BTNWUUSZN2-MN2DKBW2WQ34DRAOET1NN HTTP/1.1" 301 617 "-" "Cpanel-HTTP-Client/1.0"
209.124.66.6 - - [04/May/2019:06:28:41 +0100] "GET /.well-known/acme-challenge/YMSR52TH-NB3Q7UOVE2MIVNQAX6O8CVY HTTP/1.1" 301 617 "-" "Cpanel-HTTP-Client/1.0"
54.36.148.220 - - [04/May/2019:07:31:12 +0100] "GET /robots.txt HTTP/1.1" 301 617 "-" "Mozilla/5.0 (compatible; AhrefsBot/6.1; +http://ahrefs.com/robot/)"
54.36.148.220 - - [04/May/2019:07:31:13 +0100] "GET /robots.txt HTTP/1.1" 404 45 "-" "Mozilla/5.0 (compatible; AhrefsBot/6.1; +http://ahrefs.com/robot/)"
54.36.148.51 - - [04/May/2019:07:31:13 +0100] "GET /dictionary/ HTTP/1.1" 301 617 "-" "Mozilla/5.0 (compatible; AhrefsBot/6.1; +http://ahrefs.com/robot/)"
209.124.66.6 - - [04/May/2019:06:58:11 +0100] "GET /.well-known/acme-challenge/G-N-SNF7Z57U5D__3BFXYTNY-JWPG40H HTTP/1.1" 301 617 "-" "Cpanel-HTTP-Client/1.0"
209.124.66.6 - - [04/May/2019:06:58:11 +0100] "GET /.well-known/acme-challenge/G-N-SNF7Z57U5D__3BFXYTNY-JWPG40H HTTP/1.1" 404 45 "-" "Cpanel-HTTP-Client/1.0"
209.124.66.6 - - [04/May/2019:06:58:11 +0100] "GET /.well-known/acme-challenge/22FA_CR84FW9R_G1GM11U0BB4QFRORSZ HTTP/1.1" 301 617 "-" "Cpanel-HTTP-Client/1.0"
209.124.66.6 - - [04/May/2019:06:58:11 +0100] "GET /.well-known/acme-challenge/22FA_CR84FW9R_G1GM11U0BB4QFRORSZ HTTP/1.1" 404 45 "-" "Cpanel-HTTP-Client/1.0"
209.124.66.6 - - [04/May/2019:06:58:11 +0100] "GET /.well-known/acme-challenge/2AZ5YF64WH8N0H2L-Y7PFCDZ-Y-CG3CC HTTP/1.1" 404 45 "-" "Cpanel-HTTP-Client/1.0"
209.124.66.6 - - [04/May/2019:06:58:11 +0100] "GET /.well-known/acme-challenge/B7OF14QAMVDH5D4FTI7IZ6J8NXU3BFCG HTTP/1.1" 404 45 "-" "Cpanel-HTTP-Client/1.0"
209.124.66.6 - - [04/May/2019:06:58:11 +0100] "GET /.well-known/acme-challenge/G9Q3P6UHSYC8B2V2N3P6R8SWVKV20MJE HTTP/1.1" 301 617 "-" "Cpanel-HTTP-Client/1.0"
209.124.66.6 - - [04/May/2019:06:58:11 +0100] "GET /.well-known/acme-challenge/HSBDT9BADN4WTSKL_IDDS0_6GEM6OAP_ HTTP/1.1" 301 617 "-" "Cpanel-HTTP-Client/1.0"
209.124.66.6 - - [04/May/2019:07:28:30 +0100] "GET /.well-known/acme-challenge/WFTKCLA37WJD5XMPNMPYZNZXT8UVTUDW HTTP/1.1" 301 617 "-" "Cpanel-HTTP-Client/1.0"
209.124.66.6 - - [04/May/2019:07:28:30 +0100] "GET /.well-known/acme-challenge/WFTKCLA37WJD5XMPNMPYZNZXT8UVTUDW HTTP/1.1" 404 45 "-" "Cpanel-HTTP-Client/1.0"
209.124.66.6 - - [04/May/2019:07:28:30 +0100] "GET /.well-known/acme-challenge/IQ8_P7PXGNB92FOSSJD4WMNOJFHU2JQ6 HTTP/1.1" 301 617 "-" "Cpanel-HTTP-Client/1.0"
209.124.66.6 - - [04/May/2019:07:28:30 +0100] "GET /.well-known/acme-challenge/IQ8_P7PXGNB92FOSSJD4WMNOJFHU2JQ6 HTTP/1.1" 404 45 "-" "Cpanel-HTTP-Client/1.0"
209.124.66.6 - - [04/May/2019:07:28:31 +0100] "GET /.well-known/acme-challenge/9V0VUC_K---IIT3G8QNZIR8ODZ_IVM6V HTTP/1.1" 404 45 "-" "Cpanel-HTTP-Client/1.0"
209.124.66.6 - - [04/May/2019:07:28:31 +0100] "GET /.well-known/acme-challenge/ZN6JQDV2DY9Z8W7N5TJR1VQ4Q_BVI5D0 HTTP/1.1" 404 45 "-" "Cpanel-HTTP-Client/1.0"
209.124.66.6 - - [04/May/2019:07:28:31 +0100] "GET /.well-known/acme-challenge/L1JXE39XS5-D8R7Y977QRD78U0EXM-6- HTTP/1.1" 301 617 "-" "Cpanel-HTTP-Client/1.0"
209.124.66.6 - - [04/May/2019:07:28:31 +0100] "GET /.well-known/acme-challenge/A6L9UCJL4NL94X2TEBZFOERLTXD1WWVO HTTP/1.1" 301 617 "-" "Cpanel-HTTP-Client/1.0"
157.55.39.46 - - [04/May/2019:07:44:18 +0100] "GET /robots.txt HTTP/1.1" 404 45 "-" "Mozilla/5.0 (compatible; bingbot/2.0; +http://www.bing.com/bingbot.htm)"
207.46.13.64 - - [04/May/2019:07:44:22 +0100] "GET /HistoricalArticles/docs/The%20Liberal%20Reforms%201906-1911.pdf HTTP/1.1" 304 0 "-" "Mozilla/5.0 (compatible; bingbot/2.0; +http://www.bing.com/bingbot.htm)"
66.249.79.158 - - [04/May/2019:07:48:57 +0100] "GET /FamilyHistoryTips/pushPull/ HTTP/1.1" 200 2321 "-" "Mozilla/5.0 (Linux; Android 6.0.1; Nexus 5X Build/MMB29P) AppleWebKit/537.36 (KHTML, like Gecko) Chrome/41.0.2272.96 Mobile Safari/537.36 (compatible; Googlebot/2.1; +http://www.google.com/bot.html)"
209.124.66.6 - - [04/May/2019:08:10:54 +0100] "GET /.well-known/acme-challenge/3WAR15C8ZURJEEC8UHZ09DXVR1ZXQ6VA HTTP/1.1" 301 617 "-" "Cpanel-HTTP-Client/1.0"
209.124.66.6 - - [04/May/2019:08:10:54 +0100] "GET /.well-known/acme-challenge/3WAR15C8ZURJEEC8UHZ09DXVR1ZXQ6VA HTTP/1.1" 404 45 "-" "Cpanel-HTTP-Client/1.0"
209.124.66.6 - - [04/May/2019:08:10:55 +0100] "GET /.well-known/acme-challenge/H6_1G5OXHLNSGI_T57E1Y_2PXDGZK340 HTTP/1.1" 301 617 "-" "Cpanel-HTTP-Client/1.0"
209.124.66.6 - - [04/May/2019:08:10:55 +0100] "GET /.well-known/acme-challenge/H6_1G5OXHLNSGI_T57E1Y_2PXDGZK340 HTTP/1.1" 404 45 "-" "Cpanel-HTTP-Client/1.0"
209.124.66.6 - - [04/May/2019:08:10:55 +0100] "GET /.well-known/acme-challenge/E4Z12YMB27-JXWBOLC-OYLNFIGSPUS1F HTTP/1.1" 404 45 "-" "Cpanel-HTTP-Client/1.0"
209.124.66.6 - - [04/May/2019:08:10:55 +0100] "GET /.well-known/acme-challenge/HHDO40HX1X9DY-97J-RKRHFGR16M-95Y HTTP/1.1" 404 45 "-" "Cpanel-HTTP-Client/1.0"
209.124.66.6 - - [04/May/2019:08:10:55 +0100] "GET /.well-known/acme-challenge/_RR4826K8UM86PM9YBUIRXLNL-K37FEE HTTP/1.1" 301 617 "-" "Cpanel-HTTP-Client/1.0"
209.124.66.6 - - [04/May/2019:08:10:55 +0100] "GET /.well-known/acme-challenge/5PL5-LLMVINGND1TRLDHVYBLJ4N4YLH- HTTP/1.1" 301 617 "-" "Cpanel-HTTP-Client/1.0"
209.124.66.6 - - [04/May/2019:08:48:51 +0100] "GET /.well-known/acme-challenge/AI9NSOLRZGXAZ4V16JTL1HXLXX5AF8MU HTTP/1.1" 301 617 "-" "Cpanel-HTTP-Client/1.0"
209.124.66.6 - - [04/May/2019:08:48:51 +0100] "GET /.well-known/acme-challenge/AI9NSOLRZGXAZ4V16JTL1HXLXX5AF8MU HTTP/1.1" 404 45 "-" "Cpanel-HTTP-Client/1.0"
209.124.66.6 - - [04/May/2019:08:48:51 +0100] "GET /.well-known/acme-challenge/SO0RQF60KBRKS2QC_10TY79MZ23LBWF8 HTTP/1.1" 301 617 "-" "Cpanel-HTTP-Client/1.0"
209.124.66.6 - - [04/May/2019:08:48:51 +0100] "GET /.well-known/acme-challenge/SO0RQF60KBRKS2QC_10TY79MZ23LBWF8 HTTP/1.1" 404 45 "-" "Cpanel-HTTP-Client/1.0"
209.124.66.6 - - [04/May/2019:08:48:51 +0100] "GET /.well-known/acme-challenge/3T_D3LSAF_OTC8NEYAH9_-63J6ZLSVUT HTTP/1.1" 404 45 "-" "Cpanel-HTTP-Client/1.0"
209.124.66.6 - - [04/May/2019:08:48:51 +0100] "GET /.well-known/acme-challenge/09GRFAABPS6YXQEDUNPAIC6M_7PTG6YZ HTTP/1.1" 404 45 "-" "Cpanel-HTTP-Client/1.0"
209.124.66.6 - - [04/May/2019:08:48:51 +0100] "GET /.well-known/acme-challenge/JL49VWZ-LYED-Q6N1C5FK40MYV85Q5I1 HTTP/1.1" 301 617 "-" "Cpanel-HTTP-Client/1.0"
209.124.66.6 - - [04/May/2019:08:48:51 +0100] "GET /.well-known/acme-challenge/T1TY_QTE0BNVDVNX2N5A5C849_WX6W9Q HTTP/1.1" 301 617 "-" "Cpanel-HTTP-Client/1.0"
66.249.79.137 - - [04/May/2019:08:49:33 +0100] "GET /HistoricalArticles/TheArp/ HTTP/1.1" 200 4325 "-" "Mozilla/5.0 (Linux; Android 6.0.1; Nexus 5X Build/MMB29P) AppleWebKit/537.36 (KHTML, like Gecko) Chrome/41.0.2272.96 Mobile Safari/537.36 (compatible; Googlebot/2.1; +http://www.google.com/bot.html)"
209.124.66.6 - - [04/May/2019:09:18:55 +0100] "GET /.well-known/acme-challenge/V5O2RBQ4SJ_TUEOE1UHCL99G5R01J3Q5 HTTP/1.1" 301 617 "-" "Cpanel-HTTP-Client/1.0"
209.124.66.6 - - [04/May/2019:09:18:55 +0100] "GET /.well-known/acme-challenge/V5O2RBQ4SJ_TUEOE1UHCL99G5R01J3Q5 HTTP/1.1" 404 45 "-" "Cpanel-HTTP-Client/1.0"
209.124.66.6 - - [04/May/2019:09:18:56 +0100] "GET /.well-known/acme-challenge/QUYBSUDQ4F91D0VUBZF1369YKBJQTKVA HTTP/1.1" 301 617 "-" "Cpanel-HTTP-Client/1.0"
209.124.66.6 - - [04/May/2019:09:18:56 +0100] "GET /.well-known/acme-challenge/QUYBSUDQ4F91D0VUBZF1369YKBJQTKVA HTTP/1.1" 404 45 "-" "Cpanel-HTTP-Client/1.0"
209.124.66.6 - - [04/May/2019:09:18:56 +0100] "GET /.well-known/acme-challenge/YK_VST8YV20ZY198_1IAWM_NNML88ITX HTTP/1.1" 404 45 "-" "Cpanel-HTTP-Client/1.0"
209.124.66.6 - - [04/May/2019:09:18:56 +0100] "GET /.well-known/acme-challenge/SI6Z2NYWEIRXFWEOYMN55VJ6J86RFEHR HTTP/1.1" 404 45 "-" "Cpanel-HTTP-Client/1.0"
209.124.66.6 - - [04/May/2019:09:18:56 +0100] "GET /.well-known/acme-challenge/EQW1GYG873ZHBP7BRO5GCRN5P-AXPWQ7 HTTP/1.1" 301 617 "-" "Cpanel-HTTP-Client/1.0"
209.124.66.6 - - [04/May/2019:09:18:56 +0100] "GET /.well-known/acme-challenge/HVK20CCKPE5V2EHBK_IFTQEYBUT3I9LI HTTP/1.1" 301 617 "-" "Cpanel-HTTP-Client/1.0"
54.190.197.163 - - [04/May/2019:09:44:47 +0100] "GET / HTTP/1.1" 200 1737 "-" "Mozilla/5.0 (Macintosh; Intel Mac OS X 10_10_3) AppleWebKit/537.36 (KHTML, like Gecko) Chrome/44.0.2403.89 Safari/537.36"
209.124.66.6 - - [04/May/2019:09:48:53 +0100] "GET /.well-known/acme-challenge/4FCX8WEZUHTMJMADBFFI3HN0BFDGLSSI HTTP/1.1" 301 617 "-" "Cpanel-HTTP-Client/1.0"
209.124.66.6 - - [04/May/2019:09:48:53 +0100] "GET /.well-known/acme-challenge/4FCX8WEZUHTMJMADBFFI3HN0BFDGLSSI HTTP/1.1" 404 45 "-" "Cpanel-HTTP-Client/1.0"
209.124.66.6 - - [04/May/2019:09:48:53 +0100] "GET /.well-known/acme-challenge/BKCMC5RIGDOH-MRV6U3L-M_4_GPHX3UI HTTP/1.1" 301 617 "-" "Cpanel-HTTP-Client/1.0"
209.124.66.6 - - [04/May/2019:09:48:54 +0100] "GET /.well-known/acme-challenge/BKCMC5RIGDOH-MRV6U3L-M_4_GPHX3UI HTTP/1.1" 404 45 "-" "Cpanel-HTTP-Client/1.0"
209.124.66.6 - - [04/May/2019:09:48:54 +0100] "GET /.well-known/acme-challenge/-Y3PNS5HO683-G87HTLGZK40XXFOOPRQ HTTP/1.1" 404 45 "-" "Cpanel-HTTP-Client/1.0"
209.124.66.6 - - [04/May/2019:09:48:54 +0100] "GET /.well-known/acme-challenge/-X9TPTBOOK2TR7LI7XUM1KEL_MHDTYA0 HTTP/1.1" 404 45 "-" "Cpanel-HTTP-Client/1.0"
209.124.66.6 - - [04/May/2019:09:48:54 +0100] "GET /.well-known/acme-challenge/0YJTSZRMRX90VJ3Q5S6GBEUIDWPXCMB0 HTTP/1.1" 301 617 "-" "Cpanel-HTTP-Client/1.0"
209.124.66.6 - - [04/May/2019:09:48:54 +0100] "GET /.well-known/acme-challenge/CFNE2FYDEB534DLO9QYROCJ5OECEBAEB HTTP/1.1" 301 617 "-" "Cpanel-HTTP-Client/1.0"
66.249.79.137 - - [04/May/2019:09:49:06 +0100] "GET /HistoricalArticles/ HTTP/1.1" 200 1221 "-" "Mozilla/5.0 (Linux; Android 6.0.1; Nexus 5X Build/MMB29P) AppleWebKit/537.36 (KHTML, like Gecko) Chrome/41.0.2272.96 Mobile Safari/537.36 (compatible; Googlebot/2.1; +http://www.google.com/bot.html)"
66.249.79.21 - - [04/May/2019:10:09:25 +0100] "GET /HistoricalArticles/ HTTP/1.1" 301 617 "-" "Mozilla/5.0 (Linux; Android 6.0.1; Nexus 5X Build/MMB29P) AppleWebKit/537.36 (KHTML, like Gecko) Chrome/41.0.2272.96 Mobile Safari/537.36 (compatible; Googlebot/2.1; +http://www.google.com/bot.html)"
66.249.79.137 - - [04/May/2019:10:09:26 +0100] "GET /HistoricalArticles/ HTTP/1.1" 200 1221 "-" "Mozilla/5.0 (Linux; Android 6.0.1; Nexus 5X Build/MMB29P) AppleWebKit/537.36 (KHTML, like Gecko) Chrome/41.0.2272.96 Mobile Safari/537.36 (compatible; Googlebot/2.1; +http://www.google.com/bot.html)"
209.124.66.6 - - [04/May/2019:10:18:26 +0100] "GET /.well-known/acme-challenge/_TQCVG_RQ9RDL20B-T7VTPGBEOH3O-Q0 HTTP/1.1" 301 617 "-" "Cpanel-HTTP-Client/1.0"
209.124.66.6 - - [04/May/2019:10:18:26 +0100] "GET /.well-known/acme-challenge/_TQCVG_RQ9RDL20B-T7VTPGBEOH3O-Q0 HTTP/1.1" 404 45 "-" "Cpanel-HTTP-Client/1.0"
209.124.66.6 - - [04/May/2019:10:18:26 +0100] "GET /.well-known/acme-challenge/L9-V0LVMSQ2D-4P_F4XOJZTM99N179EN HTTP/1.1" 301 617 "-" "Cpanel-HTTP-Client/1.0"
209.124.66.6 - - [04/May/2019:10:18:26 +0100] "GET /.well-known/acme-challenge/L9-V0LVMSQ2D-4P_F4XOJZTM99N179EN HTTP/1.1" 404 45 "-" "Cpanel-HTTP-Client/1.0"
209.124.66.6 - - [04/May/2019:10:18:26 +0100] "GET /.well-known/acme-challenge/RSJNSE6SW8AGXG0ZQIMAG1K522OH055Y HTTP/1.1" 404 45 "-" "Cpanel-HTTP-Client/1.0"
209.124.66.6 - - [04/May/2019:10:18:27 +0100] "GET /.well-known/acme-challenge/CPU9MRJZU1V1GXIKP9YA8LQWMFZ5W1W2 HTTP/1.1" 404 45 "-" "Cpanel-HTTP-Client/1.0"
209.124.66.6 - - [04/May/2019:10:18:27 +0100] "GET /.well-known/acme-challenge/F0RCK9DVXMZVRS00Q43DD7DXERRJA50K HTTP/1.1" 301 617 "-" "Cpanel-HTTP-Client/1.0"
209.124.66.6 - - [04/May/2019:10:18:27 +0100] "GET /.well-known/acme-challenge/T60AY1AYN595JDHOLYQG88H2YR62TT00 HTTP/1.1" 301 617 "-" "Cpanel-HTTP-Client/1.0"
66.249.79.139 - - [04/May/2019:10:29:17 +0100] "GET / HTTP/1.1" 200 1737 "-" "Mozilla/5.0 (compatible; Googlebot/2.1; +http://www.google.com/bot.html)"
157.55.39.46 - - [04/May/2019:10:47:17 +0100] "GET /robots.txt HTTP/1.1" 404 45 "-" "Mozilla/5.0 (compatible; bingbot/2.0; +http://www.bing.com/bingbot.htm)"
157.55.39.210 - - [04/May/2019:10:47:17 +0100] "GET /about/Contact.html HTTP/1.1" 301 617 "-" "Mozilla/5.0 (iPhone; CPU iPhone OS 7_0 like Mac OS X) AppleWebKit/537.51.1 (KHTML, like Gecko) Version/7.0 Mobile/11A465 Safari/9537.53 (compatible; bingbot/2.0; +http://www.bing.com/bingbot.htm)"
157.55.39.210 - - [04/May/2019:10:47:21 +0100] "GET /about/Contact.html HTTP/1.1" 404 45 "-" "Mozilla/5.0 (iPhone; CPU iPhone OS 7_0 like Mac OS X) AppleWebKit/537.51.1 (KHTML, like Gecko) Version/7.0 Mobile/11A465 Safari/9537.53 (compatible; bingbot/2.0; +http://www.bing.com/bingbot.htm)"
209.124.66.6 - - [04/May/2019:10:48:53 +0100] "GET /.well-known/acme-challenge/6GC-10XRU3TLYL6Y2DDM2ZCPCJ7F240R HTTP/1.1" 301 617 "-" "Cpanel-HTTP-Client/1.0"
209.124.66.6 - - [04/May/2019:10:48:53 +0100] "GET /.well-known/acme-challenge/6GC-10XRU3TLYL6Y2DDM2ZCPCJ7F240R HTTP/1.1" 404 45 "-" "Cpanel-HTTP-Client/1.0"
209.124.66.6 - - [04/May/2019:10:48:53 +0100] "GET /.well-known/acme-challenge/1C_XR1YNXUAVBMT_IOBGUS70AID2_FDB HTTP/1.1" 301 617 "-" "Cpanel-HTTP-Client/1.0"
209.124.66.6 - - [04/May/2019:10:48:53 +0100] "GET /.well-known/acme-challenge/1C_XR1YNXUAVBMT_IOBGUS70AID2_FDB HTTP/1.1" 404 45 "-" "Cpanel-HTTP-Client/1.0"
209.124.66.6 - - [04/May/2019:10:48:53 +0100] "GET /.well-known/acme-challenge/VMWLU7HL07RDRRYPOFS8AA25UBZ30ZXZ HTTP/1.1" 404 45 "-" "Cpanel-HTTP-Client/1.0"
209.124.66.6 - - [04/May/2019:10:48:53 +0100] "GET /.well-known/acme-challenge/P9YN0QE5NL86CCMQTGGBONKZSBS514G7 HTTP/1.1" 404 45 "-" "Cpanel-HTTP-Client/1.0"
209.124.66.6 - - [04/May/2019:10:48:54 +0100] "GET /.well-known/acme-challenge/ONGN3OFXP3QT9JZNP2NTZEQ0L6QM_2QT HTTP/1.1" 301 617 "-" "Cpanel-HTTP-Client/1.0"
209.124.66.6 - - [04/May/2019:10:48:54 +0100] "GET /.well-known/acme-challenge/EVG9U1_DO1OJ1G416G4N8NT0EQOYNW34 HTTP/1.1" 301 617 "-" "Cpanel-HTTP-Client/1.0"
66.249.79.137 - - [04/May/2019:10:49:33 +0100] "GET / HTTP/1.1" 200 1737 "-" "Mozilla/5.0 (Linux; Android 6.0.1; Nexus 5X Build/MMB29P) AppleWebKit/537.36 (KHTML, like Gecko) Chrome/41.0.2272.96 Mobile Safari/537.36 (compatible; Googlebot/2.1; +http://www.google.com/bot.html)"
209.124.66.6 - - [04/May/2019:11:18:53 +0100] "GET /.well-known/acme-challenge/5FS5LD2YYOUDX7NY_KZRL6YLG_XXAXPS HTTP/1.1" 301 617 "-" "Cpanel-HTTP-Client/1.0"
209.124.66.6 - - [04/May/2019:11:18:53 +0100] "GET /.well-known/acme-challenge/5FS5LD2YYOUDX7NY_KZRL6YLG_XXAXPS HTTP/1.1" 404 45 "-" "Cpanel-HTTP-Client/1.0"
209.124.66.6 - - [04/May/2019:11:18:53 +0100] "GET /.well-known/acme-challenge/_CQSD7MGRUBPWEDOFHIDRHZE59LEY_DO HTTP/1.1" 301 617 "-" "Cpanel-HTTP-Client/1.0"
209.124.66.6 - - [04/May/2019:11:18:53 +0100] "GET /.well-known/acme-challenge/_CQSD7MGRUBPWEDOFHIDRHZE59LEY_DO HTTP/1.1" 404 45 "-" "Cpanel-HTTP-Client/1.0"
209.124.66.6 - - [04/May/2019:11:18:53 +0100] "GET /.well-known/acme-challenge/_B0CJEZIXUG-Z-BMRBGNPAB8PQSQ-CQU HTTP/1.1" 404 45 "-" "Cpanel-HTTP-Client/1.0"
209.124.66.6 - - [04/May/2019:11:18:53 +0100] "GET /.well-known/acme-challenge/I0U-RI1LIVH91IK69L54V7LWJOVTSJ0V HTTP/1.1" 404 45 "-" "Cpanel-HTTP-Client/1.0"
209.124.66.6 - - [04/May/2019:11:18:53 +0100] "GET /.well-known/acme-challenge/YKNFZMGT3C8_QO-WDP074YI2DPM6ZJWU HTTP/1.1" 301 617 "-" "Cpanel-HTTP-Client/1.0"
209.124.66.6 - - [04/May/2019:11:18:53 +0100] "GET /.well-known/acme-challenge/56J2Q35Y1ZXE5BHLEVHH5SV4LBE21YG6 HTTP/1.1" 301 617 "-" "Cpanel-HTTP-Client/1.0"
66.249.79.159 - - [04/May/2019:11:19:25 +0100] "GET /HistoricalArticles/The1900reforms/ HTTP/1.1" 200 3881 "-" "Mozilla/5.0 (Linux; Android 6.0.1; Nexus 5X Build/MMB29P) AppleWebKit/537.36 (KHTML, like Gecko) Chrome/41.0.2272.96 Mobile Safari/537.36 (compatible; Googlebot/2.1; +http://www.google.com/bot.html)"
134.209.162.41 - - [04/May/2019:11:32:17 +0100] "GET / HTTP/1.1" 200 1737 "-" "Mozilla/5.0 (compatible; NetcraftSurveyAgent/1.0; +info@netcraft.com)"
209.124.66.6 - - [04/May/2019:11:48:50 +0100] "GET /.well-known/acme-challenge/9_RD_BQ208O85VSXKW-7ZESP2RW-PJ8E HTTP/1.1" 301 617 "-" "Cpanel-HTTP-Client/1.0"
209.124.66.6 - - [04/May/2019:11:48:50 +0100] "GET /.well-known/acme-challenge/9_RD_BQ208O85VSXKW-7ZESP2RW-PJ8E HTTP/1.1" 404 45 "-" "Cpanel-HTTP-Client/1.0"
209.124.66.6 - - [04/May/2019:11:48:50 +0100] "GET /.well-known/acme-challenge/7HNW2SD2NZ1O-7SARS4-M1WIL6W8NR0D HTTP/1.1" 301 617 "-" "Cpanel-HTTP-Client/1.0"
209.124.66.6 - - [04/May/2019:11:48:50 +0100] "GET /.well-known/acme-challenge/7HNW2SD2NZ1O-7SARS4-M1WIL6W8NR0D HTTP/1.1" 404 45 "-" "Cpanel-HTTP-Client/1.0"
209.124.66.6 - - [04/May/2019:11:48:50 +0100] "GET /.well-known/acme-challenge/1WUNO-73RAFDSAB35HA82903474UI8BY HTTP/1.1" 404 45 "-" "Cpanel-HTTP-Client/1.0"
209.124.66.6 - - [04/May/2019:11:48:50 +0100] "GET /.well-known/acme-challenge/KUZD0XPW7-9HRN56CHAG14RXYYXO4FLX HTTP/1.1" 404 45 "-" "Cpanel-HTTP-Client/1.0"
209.124.66.6 - - [04/May/2019:11:48:50 +0100] "GET /.well-known/acme-challenge/7F8NOQP-_O-Z1BTBW4W1Y1VWEGF83RU3 HTTP/1.1" 301 617 "-" "Cpanel-HTTP-Client/1.0"
209.124.66.6 - - [04/May/2019:11:48:50 +0100] "GET /.well-known/acme-challenge/P60R7TU66YNF2CI7KP_5NG2HYMZ-T_ZJ HTTP/1.1" 301 617 "-" "Cpanel-HTTP-Client/1.0"
184.154.139.52 - - [04/May/2019:11:51:06 +0100] "GET / HTTP/1.1" 200 1737 "http://www.google.com/url?url=www.familyhistory4beginners.com&yahoo.com" "Mozilla/5.0 (compatible; MSIE 9.0; Windows NT 6.1; WOW64; Trident/6.0)"
184.154.139.52 - - [04/May/2019:11:51:07 +0100] "GET /th1s_1s_a_4o4.html HTTP/1.1" 404 45 "-" "SiteLockSpider [en] (WinNT; I ;Nav)"
184.154.139.52 - - [04/May/2019:11:51:07 +0100] "GET /th1s_1s_a_4o4.html HTTP/1.1" 404 45 "https://www.familyhistory4beginners.com/th1s_1s_a_4o4.html" "Mozilla/5.0 (compatible; MSIE 9.0; Windows NT 6.1; WOW64; Trident/6.0)"
184.154.139.52 - - [04/May/2019:11:51:08 +0100] "GET /HistoricalArticles/The1900reforms HTTP/1.1" 301 617 "http://www.google.com/url?url=www.familyhistory4beginners.com&yahoo.com" "Mozilla/5.0 (compatible; MSIE 9.0; Windows NT 6.1; WOW64; Trident/6.0)"
184.154.139.52 - - [04/May/2019:11:51:08 +0100] "GET /HistoricalArticles/The1900reforms/ HTTP/1.1" 200 3881 "http://www.google.com/url?url=www.familyhistory4beginners.com&yahoo.com" "Mozilla/5.0 (compatible; MSIE 9.0; Windows NT 6.1; WOW64; Trident/6.0)"
184.154.139.52 - - [04/May/2019:11:51:09 +0100] "GET /HistoricalArticles/TheArp HTTP/1.1" 301 617 "-" "SiteLockSpider [en] (WinNT; I ;Nav)"
184.154.139.52 - - [04/May/2019:11:51:09 +0100] "GET /HistoricalArticles/TheArp/ HTTP/1.1" 200 4325 "http://www.google.com/url?url=www.familyhistory4beginners.com&yahoo.com" "Mozilla/5.0 (compatible; MSIE 9.0; Windows NT 6.1; WOW64; Trident/6.0)"
184.154.139.52 - - [04/May/2019:11:51:10 +0100] "GET /FamilyHistoryTips/pushPull HTTP/1.1" 301 617 "http://www.google.com/url?url=www.familyhistory4beginners.com&yahoo.com" "Mozilla/5.0 (compatible; MSIE 9.0; Windows NT 6.1; WOW64; Trident/6.0)"
184.154.139.52 - - [04/May/2019:11:51:10 +0100] "GET /FamilyHistoryTips/pushPull/ HTTP/1.1" 200 2321 "http://www.google.com/url?url=www.familyhistory4beginners.com&yahoo.com" "Mozilla/5.0 (compatible; MSIE 9.0; Windows NT 6.1; WOW64; Trident/6.0)"
184.154.139.52 - - [04/May/2019:11:51:11 +0100] "GET /HistoricalArticles HTTP/1.1" 301 617 "-" "SiteLockSpider [en] (WinNT; I ;Nav)"
184.154.139.52 - - [04/May/2019:11:51:12 +0100] "GET /HistoricalArticles/ HTTP/1.1" 200 1221 "-" "SiteLockSpider [en] (WinNT; I ;Nav)"
184.154.139.52 - - [04/May/2019:11:51:12 +0100] "GET /FamilyHistoryTips/ HTTP/1.1" 200 1457 "-" "SiteLockSpider [en] (WinNT; I ;Nav)"
184.154.139.52 - - [04/May/2019:11:51:13 +0100] "GET /css/main.css HTTP/1.1" 200 2104 "http://www.google.com/url?url=www.familyhistory4beginners.com&yahoo.com" "Mozilla/5.0 (compatible; MSIE 9.0; Windows NT 6.1; WOW64; Trident/6.0)"
184.154.139.52 - - [04/May/2019:11:51:13 +0100] "GET /FamilyHistoryTips/gettingStarted HTTP/1.1" 301 617 "-" "SiteLockSpider [en] (WinNT; I ;Nav)"
184.154.139.52 - - [04/May/2019:11:51:14 +0100] "GET /FamilyHistoryTips/gettingStarted/ HTTP/1.1" 200 2088 "http://www.google.com/url?url=www.familyhistory4beginners.com&yahoo.com" "Mozilla/5.0 (compatible; MSIE 9.0; Windows NT 6.1; WOW64; Trident/6.0)"
184.154.139.52 - - [04/May/2019:11:51:14 +0100] "GET /usefulLinks/ HTTP/1.1" 200 1479 "http://www.google.com/url?url=www.familyhistory4beginners.com&yahoo.com" "Mozilla/5.0 (compatible; MSIE 9.0; Windows NT 6.1; WOW64; Trident/6.0)"
184.154.139.52 - - [04/May/2019:11:51:15 +0100] "GET /FamilyHistoryTips/FamilyHistoryTips/PushandPull.html HTTP/1.1" 404 45 "http://www.google.com/url?url=www.familyhistory4beginners.com&yahoo.com" "Mozilla/5.0 (compatible; MSIE 9.0; Windows NT 6.1; WOW64; Trident/6.0)"
184.154.139.52 - - [04/May/2019:11:51:15 +0100] "GET /FamilyHistoryTips/FamilyHistoryTips/PushandPull.html HTTP/1.1" 404 45 "https://www.familyhistory4beginners.com/FamilyHistoryTips/FamilyHistoryTips/PushandPull.html" "Mozilla/5.0 (compatible; MSIE 9.0; Windows NT 6.1; WOW64; Trident/6.0)"
184.154.139.52 - - [04/May/2019:11:51:15 +0100] "GET /contact/ HTTP/1.1" 404 45 "http://www.google.com/url?url=www.familyhistory4beginners.com&yahoo.com" "Mozilla/5.0 (compatible; MSIE 9.0; Windows NT 6.1; WOW64; Trident/6.0)"
184.154.139.52 - - [04/May/2019:11:51:16 +0100] "GET /contact/ HTTP/1.1" 404 45 "https://www.familyhistory4beginners.com/contact/" "Mozilla/5.0 (compatible; MSIE 9.0; Windows NT 6.1; WOW64; Trident/6.0)"
184.154.139.52 - - [04/May/2019:11:51:16 +0100] "GET /usefulLinks/mailto=peter.smith@familyhistory4beginners.com HTTP/1.1" 404 45 "-" "SiteLockSpider [en] (WinNT; I ;Nav)"
184.154.139.52 - - [04/May/2019:11:51:17 +0100] "GET /usefulLinks/mailto=peter.smith@familyhistory4beginners.com HTTP/1.1" 404 45 "https://www.familyhistory4beginners.com/usefulLinks/mailto=peter.smith@familyhistory4beginners.com" "Mozilla/5.0 (compatible; MSIE 9.0; Windows NT 6.1; WOW64; Trident/6.0)"
184.154.139.52 - - [04/May/2019:11:51:17 +0100] "GET /usefulLinks/results.php?=SUBMIT&location=1&type=1 HTTP/1.1" 200 2167 "-" "SiteLockSpider [en] (WinNT; I ;Nav)"
184.154.139.52 - - [04/May/2019:11:51:19 +0100] "GET /usefulLinks/results.php HTTP/1.1" 200 3941 "-" "SiteLockSpider [en] (WinNT; I ;Nav)"
184.154.139.52 - - [04/May/2019:11:51:19 +0100] "GET /usefulLinks/mailto=peter.smith@familyhistory4beginners.com HTTP/1.1" 404 45 "-" "SiteLockSpider [en] (WinNT; I ;Nav)"
184.154.139.52 - - [04/May/2019:11:51:20 +0100] "GET /usefulLinks/mailto=peter.smith@familyhistory4beginners.com HTTP/1.1" 404 45 "https://www.familyhistory4beginners.com/usefulLinks/mailto=peter.smith@familyhistory4beginners.com" "Mozilla/5.0 (compatible; MSIE 9.0; Windows NT 6.1; WOW64; Trident/6.0)"
184.154.139.52 - - [04/May/2019:11:51:20 +0100] "GET /contact HTTP/1.1" 404 45 "-" "SiteLockSpider [en] (WinNT; I ;Nav)"
184.154.139.52 - - [04/May/2019:11:51:21 +0100] "GET /contact HTTP/1.1" 404 45 "https://www.familyhistory4beginners.com/contact" "Mozilla/5.0 (compatible; MSIE 9.0; Windows NT 6.1; WOW64; Trident/6.0)"
66.249.79.139 - - [04/May/2019:11:59:16 +0100] "GET / HTTP/1.1" 200 1737 "-" "Mozilla/5.0 (Linux; Android 6.0.1; Nexus 5X Build/MMB29P) AppleWebKit/537.36 (KHTML, like Gecko) Chrome/41.0.2272.96 Mobile Safari/537.36 (compatible; Googlebot/2.1; +http://www.google.com/bot.html)"
66.249.79.137 - - [04/May/2019:12:09:09 +0100] "GET /FamilyHistoryTips/ HTTP/1.1" 200 1457 "-" "Mozilla/5.0 (Linux; Android 6.0.1; Nexus 5X Build/MMB29P) AppleWebKit/537.36 (KHTML, like Gecko) Chrome/41.0.2272.96 Mobile Safari/537.36 (compatible; Googlebot/2.1; +http://www.google.com/bot.html)"
209.124.66.6 - - [04/May/2019:12:18:16 +0100] "GET /.well-known/acme-challenge/CDMA1521SYD2AFRRGX3GNSVXQ8ZM_5KZ HTTP/1.1" 301 617 "-" "Cpanel-HTTP-Client/1.0"
209.124.66.6 - - [04/May/2019:12:18:16 +0100] "GET /.well-known/acme-challenge/CDMA1521SYD2AFRRGX3GNSVXQ8ZM_5KZ HTTP/1.1" 404 45 "-" "Cpanel-HTTP-Client/1.0"
209.124.66.6 - - [04/May/2019:12:18:16 +0100] "GET /.well-known/acme-challenge/467N-WBVB-79HMYZU4KF8LDR4A_0DB0G HTTP/1.1" 301 617 "-" "Cpanel-HTTP-Client/1.0"
209.124.66.6 - - [04/May/2019:12:18:16 +0100] "GET /.well-known/acme-challenge/467N-WBVB-79HMYZU4KF8LDR4A_0DB0G HTTP/1.1" 404 45 "-" "Cpanel-HTTP-Client/1.0"
209.124.66.6 - - [04/May/2019:12:18:16 +0100] "GET /.well-known/acme-challenge/8P4PA82KHQ434-E8Z_OF3D0K1UJ-LF7W HTTP/1.1" 404 45 "-" "Cpanel-HTTP-Client/1.0"
209.124.66.6 - - [04/May/2019:12:18:17 +0100] "GET /.well-known/acme-challenge/J9YHO1M87QGZPTE_Z6832479UXHQZI-H HTTP/1.1" 404 45 "-" "Cpanel-HTTP-Client/1.0"
209.124.66.6 - - [04/May/2019:12:18:17 +0100] "GET /.well-known/acme-challenge/2ZG2A2HGYUAF7XTA1GNYJJTVV7SCCGE0 HTTP/1.1" 301 617 "-" "Cpanel-HTTP-Client/1.0"
209.124.66.6 - - [04/May/2019:12:18:17 +0100] "GET /.well-known/acme-challenge/3R10W7-S_VCQ131L3D1-LKYKEZ1Z-Y5X HTTP/1.1" 301 617 "-" "Cpanel-HTTP-Client/1.0"
66.249.79.21 - - [04/May/2019:12:40:08 +0100] "GET /usefulLinks/ HTTP/1.1" 301 617 "-" "Mozilla/5.0 (Linux; Android 6.0.1; Nexus 5X Build/MMB29P) AppleWebKit/537.36 (KHTML, like Gecko) Chrome/41.0.2272.96 Mobile Safari/537.36 (compatible; Googlebot/2.1; +http://www.google.com/bot.html)"
66.249.79.159 - - [04/May/2019:12:40:11 +0100] "GET /usefulLinks/ HTTP/1.1" 200 1479 "-" "Mozilla/5.0 (Linux; Android 6.0.1; Nexus 5X Build/MMB29P) AppleWebKit/537.36 (KHTML, like Gecko) Chrome/41.0.2272.96 Mobile Safari/537.36 (compatible; Googlebot/2.1; +http://www.google.com/bot.html)"
209.124.66.6 - - [04/May/2019:12:49:07 +0100] "GET /.well-known/acme-challenge/QM_ZWC6__Z1EX04N0QLQ641WLH63X0Q5 HTTP/1.1" 301 617 "-" "Cpanel-HTTP-Client/1.0"
209.124.66.6 - - [04/May/2019:12:49:07 +0100] "GET /.well-known/acme-challenge/QM_ZWC6__Z1EX04N0QLQ641WLH63X0Q5 HTTP/1.1" 404 45 "-" "Cpanel-HTTP-Client/1.0"
209.124.66.6 - - [04/May/2019:12:49:07 +0100] "GET /.well-known/acme-challenge/WKAMJ2NS0R82GZNQT-7ARNJVS03XBYI- HTTP/1.1" 301 617 "-" "Cpanel-HTTP-Client/1.0"
209.124.66.6 - - [04/May/2019:12:49:07 +0100] "GET /.well-known/acme-challenge/WKAMJ2NS0R82GZNQT-7ARNJVS03XBYI- HTTP/1.1" 404 45 "-" "Cpanel-HTTP-Client/1.0"
209.124.66.6 - - [04/May/2019:12:49:07 +0100] "GET /.well-known/acme-challenge/RYDBIMYFS3ZS86CN9LL96F4JFHHVU4UV HTTP/1.1" 404 45 "-" "Cpanel-HTTP-Client/1.0"
209.124.66.6 - - [04/May/2019:12:49:08 +0100] "GET /.well-known/acme-challenge/A3FJDLU9AT4BCGMKM5X_1PTCX0CDRDF3 HTTP/1.1" 404 45 "-" "Cpanel-HTTP-Client/1.0"
209.124.66.6 - - [04/May/2019:12:49:08 +0100] "GET /.well-known/acme-challenge/3UCGVHJ0O_O_ZFVPS0MJ_Q4X_0DK5DRP HTTP/1.1" 301 617 "-" "Cpanel-HTTP-Client/1.0"
209.124.66.6 - - [04/May/2019:12:49:08 +0100] "GET /.well-known/acme-challenge/8UP1LGISI1BIR6Z8W9KJMFZAGOY27XYV HTTP/1.1" 301 617 "-" "Cpanel-HTTP-Client/1.0"
66.249.79.157 - - [04/May/2019:13:09:37 +0100] "GET /robots.txt HTTP/1.1" 404 45 "-" "Mozilla/5.0 (compatible; Googlebot/2.1; +http://www.google.com/bot.html)"
66.249.79.21 - - [04/May/2019:13:09:37 +0100] "GET /FamilyHistoryTips/pushPull HTTP/1.1" 301 617 "-" "Mozilla/5.0 (Linux; Android 6.0.1; Nexus 5X Build/MMB29P) AppleWebKit/537.36 (KHTML, like Gecko) Chrome/41.0.2272.96 Mobile Safari/537.36 (compatible; Googlebot/2.1; +http://www.google.com/bot.html)"
66.249.79.158 - - [04/May/2019:13:09:39 +0100] "GET /FamilyHistoryTips/pushPull HTTP/1.1" 301 617 "-" "Mozilla/5.0 (Linux; Android 6.0.1; Nexus 5X Build/MMB29P) AppleWebKit/537.36 (KHTML, like Gecko) Chrome/41.0.2272.96 Mobile Safari/537.36 (compatible; Googlebot/2.1; +http://www.google.com/bot.html)"
66.249.79.159 - - [04/May/2019:13:09:40 +0100] "GET /FamilyHistoryTips/pushPull/ HTTP/1.1" 200 2321 "-" "Mozilla/5.0 (Linux; Android 6.0.1; Nexus 5X Build/MMB29P) AppleWebKit/537.36 (KHTML, like Gecko) Chrome/41.0.2272.96 Mobile Safari/537.36 (compatible; Googlebot/2.1; +http://www.google.com/bot.html)"
209.124.66.6 - - [04/May/2019:13:18:47 +0100] "GET /.well-known/acme-challenge/A43SUWLMWJPRBW2UK73PICOU0X8_CYFT HTTP/1.1" 301 617 "-" "Cpanel-HTTP-Client/1.0"
209.124.66.6 - - [04/May/2019:13:18:47 +0100] "GET /.well-known/acme-challenge/A43SUWLMWJPRBW2UK73PICOU0X8_CYFT HTTP/1.1" 404 45 "-" "Cpanel-HTTP-Client/1.0"
209.124.66.6 - - [04/May/2019:13:18:47 +0100] "GET /.well-known/acme-challenge/Z0C8CGBGYBY-MTHS7T8G1L9JHX7LV_67 HTTP/1.1" 301 617 "-" "Cpanel-HTTP-Client/1.0"
209.124.66.6 - - [04/May/2019:13:18:47 +0100] "GET /.well-known/acme-challenge/Z0C8CGBGYBY-MTHS7T8G1L9JHX7LV_67 HTTP/1.1" 404 45 "-" "Cpanel-HTTP-Client/1.0"
209.124.66.6 - - [04/May/2019:13:18:47 +0100] "GET /.well-known/acme-challenge/H7EO53UAMF-N00GH-E2438PF3HPNR4OZ HTTP/1.1" 404 45 "-" "Cpanel-HTTP-Client/1.0"
209.124.66.6 - - [04/May/2019:13:18:47 +0100] "GET /.well-known/acme-challenge/XORLQ283Z550DC4N5CUJYWU6N-5LH_W9 HTTP/1.1" 404 45 "-" "Cpanel-HTTP-Client/1.0"
209.124.66.6 - - [04/May/2019:13:18:47 +0100] "GET /.well-known/acme-challenge/_EADOKP4-XG7OB8C3H1Q66P1MV-045GS HTTP/1.1" 301 617 "-" "Cpanel-HTTP-Client/1.0"
209.124.66.6 - - [04/May/2019:13:18:47 +0100] "GET /.well-known/acme-challenge/C6XJD2LJOJSWD-S3OBYMT0LC9L699LQA HTTP/1.1" 301 617 "-" "Cpanel-HTTP-Client/1.0"
17.58.100.18 - - [04/May/2019:13:32:27 +0100] "GET /robots.txt HTTP/1.1" 404 45 "-" "Mozilla/5.0 (Macintosh; Intel Mac OS X 10_10_1) AppleWebKit/600.2.5 (KHTML, like Gecko) Version/8.0.2 Safari/600.2.5 (Applebot/0.1; +http://www.apple.com/go/applebot)"
17.58.100.18 - - [04/May/2019:13:32:27 +0100] "GET / HTTP/1.1" 200 1737 "-" "Mozilla/5.0 (Macintosh; Intel Mac OS X 10_10_1) AppleWebKit/600.2.5 (KHTML, like Gecko) Version/8.0.2 Safari/600.2.5 (Applebot/0.1; +http://www.apple.com/go/applebot)"
209.124.66.6 - - [04/May/2019:13:48:04 +0100] "GET /.well-known/acme-challenge/CM7X73PCPZUQZS9-ZE-Z8IVAT7FIFAOO HTTP/1.1" 301 617 "-" "Cpanel-HTTP-Client/1.0"
209.124.66.6 - - [04/May/2019:13:48:04 +0100] "GET /.well-known/acme-challenge/CM7X73PCPZUQZS9-ZE-Z8IVAT7FIFAOO HTTP/1.1" 404 45 "-" "Cpanel-HTTP-Client/1.0"
209.124.66.6 - - [04/May/2019:13:48:05 +0100] "GET /.well-known/acme-challenge/T7QM9XHE3L9EF0Y6_NJC1I3_XTUOCJ2K HTTP/1.1" 301 617 "-" "Cpanel-HTTP-Client/1.0"
209.124.66.6 - - [04/May/2019:13:48:05 +0100] "GET /.well-known/acme-challenge/T7QM9XHE3L9EF0Y6_NJC1I3_XTUOCJ2K HTTP/1.1" 404 45 "-" "Cpanel-HTTP-Client/1.0"
209.124.66.6 - - [04/May/2019:13:48:05 +0100] "GET /.well-known/acme-challenge/55CAYPBHLDWNLG5XTQWM_46ZWDZJX8J7 HTTP/1.1" 404 45 "-" "Cpanel-HTTP-Client/1.0"
209.124.66.6 - - [04/May/2019:13:48:05 +0100] "GET /.well-known/acme-challenge/Q7UA0C5G56JX17_KLVPBAXF18WHIOEH- HTTP/1.1" 404 45 "-" "Cpanel-HTTP-Client/1.0"
209.124.66.6 - - [04/May/2019:13:48:05 +0100] "GET /.well-known/acme-challenge/4S_567Y1JS4-AS7_QGFFRMXS_67EEOG6 HTTP/1.1" 301 617 "-" "Cpanel-HTTP-Client/1.0"
209.124.66.6 - - [04/May/2019:13:48:05 +0100] "GET /.well-known/acme-challenge/XBDAQ-E725-YXLZPA8569L89TA468XD3 HTTP/1.1" 301 617 "-" "Cpanel-HTTP-Client/1.0"
209.124.66.6 - - [04/May/2019:14:19:08 +0100] "GET /.well-known/acme-challenge/0KP7FXTQENCSPGMFJ0XKC7SDQQH0YM1X HTTP/1.1" 301 617 "-" "Cpanel-HTTP-Client/1.0"
209.124.66.6 - - [04/May/2019:14:19:09 +0100] "GET /.well-known/acme-challenge/0KP7FXTQENCSPGMFJ0XKC7SDQQH0YM1X HTTP/1.1" 404 45 "-" "Cpanel-HTTP-Client/1.0"
209.124.66.6 - - [04/May/2019:14:19:09 +0100] "GET /.well-known/acme-challenge/_YVV64TG4J0EV4WHJ9JHPCH23QY4BLE3 HTTP/1.1" 301 617 "-" "Cpanel-HTTP-Client/1.0"
209.124.66.6 - - [04/May/2019:14:19:09 +0100] "GET /.well-known/acme-challenge/_YVV64TG4J0EV4WHJ9JHPCH23QY4BLE3 HTTP/1.1" 404 45 "-" "Cpanel-HTTP-Client/1.0"
209.124.66.6 - - [04/May/2019:14:19:09 +0100] "GET /.well-known/acme-challenge/Y2U8N_JGNJGR2RQA17Y9YBGSONAT40FV HTTP/1.1" 404 45 "-" "Cpanel-HTTP-Client/1.0"
209.124.66.6 - - [04/May/2019:14:19:09 +0100] "GET /.well-known/acme-challenge/U1FNNMZ2UMF6G181T-NYLUUM9LDP5HAJ HTTP/1.1" 404 45 "-" "Cpanel-HTTP-Client/1.0"
209.124.66.6 - - [04/May/2019:14:19:09 +0100] "GET /.well-known/acme-challenge/6VRR6ND66UUTZMFVX1DE-78L7-VSSUHZ HTTP/1.1" 301 617 "-" "Cpanel-HTTP-Client/1.0"
209.124.66.6 - - [04/May/2019:14:19:09 +0100] "GET /.well-known/acme-challenge/XSDC3MA489G2M63UDSR_BAQ2X96FQDTR HTTP/1.1" 301 617 "-" "Cpanel-HTTP-Client/1.0"
66.249.79.11 - - [04/May/2019:14:29:15 +0100] "GET /FamilyHistoryTips/pushPull/ HTTP/1.1" 301 617 "-" "Mozilla/5.0 (Linux; Android 6.0.1; Nexus 5X Build/MMB29P) AppleWebKit/537.36 (KHTML, like Gecko) Chrome/41.0.2272.96 Mobile Safari/537.36 (compatible; Googlebot/2.1; +http://www.google.com/bot.html)"
66.249.79.135 - - [04/May/2019:14:29:16 +0100] "GET /FamilyHistoryTips/pushPull/ HTTP/1.1" 200 2321 "-" "Mozilla/5.0 (Linux; Android 6.0.1; Nexus 5X Build/MMB29P) AppleWebKit/537.36 (KHTML, like Gecko) Chrome/41.0.2272.96 Mobile Safari/537.36 (compatible; Googlebot/2.1; +http://www.google.com/bot.html)"
209.124.66.6 - - [04/May/2019:14:57:54 +0100] "GET /.well-known/acme-challenge/CG94RMEEYRUUZP0-REUL0R--UTB9L-CZ HTTP/1.1" 301 617 "-" "Cpanel-HTTP-Client/1.0"
209.124.66.6 - - [04/May/2019:14:57:54 +0100] "GET /.well-known/acme-challenge/CG94RMEEYRUUZP0-REUL0R--UTB9L-CZ HTTP/1.1" 404 45 "-" "Cpanel-HTTP-Client/1.0"
209.124.66.6 - - [04/May/2019:14:57:54 +0100] "GET /.well-known/acme-challenge/49VEGHIT2FHXZ5TMSWG37DQGVIINP0TO HTTP/1.1" 301 617 "-" "Cpanel-HTTP-Client/1.0"
209.124.66.6 - - [04/May/2019:14:57:54 +0100] "GET /.well-known/acme-challenge/49VEGHIT2FHXZ5TMSWG37DQGVIINP0TO HTTP/1.1" 404 45 "-" "Cpanel-HTTP-Client/1.0"
209.124.66.6 - - [04/May/2019:14:57:54 +0100] "GET /.well-known/acme-challenge/YQ48-U833CT0ODF1J4OR0WA5ORC7JK5L HTTP/1.1" 404 45 "-" "Cpanel-HTTP-Client/1.0"
209.124.66.6 - - [04/May/2019:14:57:54 +0100] "GET /.well-known/acme-challenge/3I4DYZ00E8TLCK3CLTYK1HZYSA69UTND HTTP/1.1" 404 45 "-" "Cpanel-HTTP-Client/1.0"
209.124.66.6 - - [04/May/2019:14:57:54 +0100] "GET /.well-known/acme-challenge/Z-JGGNCZ14A6B62-4WQL887KPSD9_YSL HTTP/1.1" 301 617 "-" "Cpanel-HTTP-Client/1.0"
209.124.66.6 - - [04/May/2019:14:57:54 +0100] "GET /.well-known/acme-challenge/87VZCB_U1WG8F-8R3VDFVJJ_02CT2NPD HTTP/1.1" 301 617 "-" "Cpanel-HTTP-Client/1.0"
66.249.79.135 - - [04/May/2019:14:59:27 +0100] "GET /FamilyHistoryTips/pushPull HTTP/1.1" 301 617 "-" "Mozilla/5.0 (Linux; Android 6.0.1; Nexus 5X Build/MMB29P) AppleWebKit/537.36 (KHTML, like Gecko) Chrome/41.0.2272.96 Mobile Safari/537.36 (compatible; Googlebot/2.1; +http://www.google.com/bot.html)"
66.249.79.135 - - [04/May/2019:14:59:27 +0100] "GET /FamilyHistoryTips/pushPull/ HTTP/1.1" 200 2321 "-" "Mozilla/5.0 (Linux; Android 6.0.1; Nexus 5X Build/MMB29P) AppleWebKit/537.36 (KHTML, like Gecko) Chrome/41.0.2272.96 Mobile Safari/537.36 (compatible; Googlebot/2.1; +http://www.google.com/bot.html)"
66.249.79.21 - - [04/May/2019:15:09:45 +0100] "GET /HistoricalArticles/TheArp HTTP/1.1" 301 617 "-" "Mozilla/5.0 (Linux; Android 6.0.1; Nexus 5X Build/MMB29P) AppleWebKit/537.36 (KHTML, like Gecko) Chrome/41.0.2272.96 Mobile Safari/537.36 (compatible; Googlebot/2.1; +http://www.google.com/bot.html)"
66.249.79.158 - - [04/May/2019:15:09:46 +0100] "GET /HistoricalArticles/TheArp HTTP/1.1" 301 617 "-" "Mozilla/5.0 (Linux; Android 6.0.1; Nexus 5X Build/MMB29P) AppleWebKit/537.36 (KHTML, like Gecko) Chrome/41.0.2272.96 Mobile Safari/537.36 (compatible; Googlebot/2.1; +http://www.google.com/bot.html)"
66.249.79.159 - - [04/May/2019:15:09:46 +0100] "GET /HistoricalArticles/TheArp/ HTTP/1.1" 200 4325 "-" "Mozilla/5.0 (Linux; Android 6.0.1; Nexus 5X Build/MMB29P) AppleWebKit/537.36 (KHTML, like Gecko) Chrome/41.0.2272.96 Mobile Safari/537.36 (compatible; Googlebot/2.1; +http://www.google.com/bot.html)"
66.249.79.7 - - [04/May/2019:15:19:37 +0100] "GET /HistoricalArticles/TheArp/ HTTP/1.1" 301 617 "-" "Mozilla/5.0 (Linux; Android 6.0.1; Nexus 5X Build/MMB29P) AppleWebKit/537.36 (KHTML, like Gecko) Chrome/41.0.2272.96 Mobile Safari/537.36 (compatible; Googlebot/2.1; +http://www.google.com/bot.html)"
66.249.79.135 - - [04/May/2019:15:19:38 +0100] "GET /HistoricalArticles/TheArp/ HTTP/1.1" 200 4325 "-" "Mozilla/5.0 (Linux; Android 6.0.1; Nexus 5X Build/MMB29P) AppleWebKit/537.36 (KHTML, like Gecko) Chrome/41.0.2272.96 Mobile Safari/537.36 (compatible; Googlebot/2.1; +http://www.google.com/bot.html)"
209.124.66.6 - - [04/May/2019:15:28:16 +0100] "GET /.well-known/acme-challenge/_2QOPOEF3DKL9S_EC1N8FCF66DSV38OQ HTTP/1.1" 301 617 "-" "Cpanel-HTTP-Client/1.0"
209.124.66.6 - - [04/May/2019:15:28:16 +0100] "GET /.well-known/acme-challenge/_2QOPOEF3DKL9S_EC1N8FCF66DSV38OQ HTTP/1.1" 404 45 "-" "Cpanel-HTTP-Client/1.0"
209.124.66.6 - - [04/May/2019:15:28:16 +0100] "GET /.well-known/acme-challenge/105DBMWH2FJJ83KBQ6XG6RYR24JCJXDI HTTP/1.1" 301 617 "-" "Cpanel-HTTP-Client/1.0"
209.124.66.6 - - [04/May/2019:15:28:16 +0100] "GET /.well-known/acme-challenge/105DBMWH2FJJ83KBQ6XG6RYR24JCJXDI HTTP/1.1" 404 45 "-" "Cpanel-HTTP-Client/1.0"
209.124.66.6 - - [04/May/2019:15:28:16 +0100] "GET /.well-known/acme-challenge/87N4BYG1QBFZ69QYXRK1DJV9ZHQOT9GW HTTP/1.1" 404 45 "-" "Cpanel-HTTP-Client/1.0"
209.124.66.6 - - [04/May/2019:15:28:16 +0100] "GET /.well-known/acme-challenge/1PI39F5WYOU8UZ0OS-IQR4YAIAHI3991 HTTP/1.1" 404 45 "-" "Cpanel-HTTP-Client/1.0"
209.124.66.6 - - [04/May/2019:15:28:16 +0100] "GET /.well-known/acme-challenge/OO3NV39Q2X2UOF0A35_GVP0OQX3ZT45S HTTP/1.1" 301 617 "-" "Cpanel-HTTP-Client/1.0"
209.124.66.6 - - [04/May/2019:15:28:16 +0100] "GET /.well-known/acme-challenge/JTT-G30ZKUMGUDE39X6B35HZ1F_0W9X3 HTTP/1.1" 301 617 "-" "Cpanel-HTTP-Client/1.0"
209.124.66.6 - - [04/May/2019:15:59:01 +0100] "GET /.well-known/acme-challenge/GO_HQL4UONTJUKEDJOU_WQAS0Y9GJ0M2 HTTP/1.1" 301 617 "-" "Cpanel-HTTP-Client/1.0"
209.124.66.6 - - [04/May/2019:15:59:01 +0100] "GET /.well-known/acme-challenge/GO_HQL4UONTJUKEDJOU_WQAS0Y9GJ0M2 HTTP/1.1" 404 45 "-" "Cpanel-HTTP-Client/1.0"
209.124.66.6 - - [04/May/2019:15:59:01 +0100] "GET /.well-known/acme-challenge/U0Q4E-3937EKBHMN6M6A2PY9JMP2MOSC HTTP/1.1" 301 617 "-" "Cpanel-HTTP-Client/1.0"
209.124.66.6 - - [04/May/2019:15:59:01 +0100] "GET /.well-known/acme-challenge/U0Q4E-3937EKBHMN6M6A2PY9JMP2MOSC HTTP/1.1" 404 45 "-" "Cpanel-HTTP-Client/1.0"
209.124.66.6 - - [04/May/2019:15:59:01 +0100] "GET /.well-known/acme-challenge/COZ62I51OL_SALUM3S0Y7I_9IPYU1PUB HTTP/1.1" 404 45 "-" "Cpanel-HTTP-Client/1.0"
209.124.66.6 - - [04/May/2019:15:59:01 +0100] "GET /.well-known/acme-challenge/DRBGT8-FN9BE1MBIPANOXP2EQIAZC91G HTTP/1.1" 404 45 "-" "Cpanel-HTTP-Client/1.0"
209.124.66.6 - - [04/May/2019:15:59:01 +0100] "GET /.well-known/acme-challenge/YC--5_5371NLVM6J0LK-1DQ3N_2C8ROG HTTP/1.1" 301 617 "-" "Cpanel-HTTP-Client/1.0"
209.124.66.6 - - [04/May/2019:15:59:01 +0100] "GET /.well-known/acme-challenge/LH4MQE2RHDOC18F85_VMSW47OG6RQFM9 HTTP/1.1" 301 617 "-" "Cpanel-HTTP-Client/1.0"
40.77.167.134 - - [04/May/2019:16:06:47 +0100] "GET /HistoricalArticles/The1900reforms.html HTTP/1.1" 404 45 "-" "Mozilla/5.0 (compatible; bingbot/2.0; +http://www.bing.com/bingbot.htm)"
66.249.79.135 - - [04/May/2019:16:23:23 +0100] "GET /about.html HTTP/1.1" 404 45 "-" "Mozilla/5.0 (Linux; Android 6.0.1; Nexus 5X Build/MMB29P) AppleWebKit/537.36 (KHTML, like Gecko) Chrome/41.0.2272.96 Mobile Safari/537.36 (compatible; Googlebot/2.1; +http://www.google.com/bot.html)"
66.249.79.135 - - [04/May/2019:16:23:44 +0100] "GET /FamilyHistoryTips.html HTTP/1.1" 404 45 "-" "Mozilla/5.0 (Linux; Android 6.0.1; Nexus 5X Build/MMB29P) AppleWebKit/537.36 (KHTML, like Gecko) Chrome/41.0.2272.96 Mobile Safari/537.36 (compatible; Googlebot/2.1; +http://www.google.com/bot.html)"
66.249.79.139 - - [04/May/2019:16:24:09 +0100] "GET /UsefulInformation.html HTTP/1.1" 404 45 "-" "Mozilla/5.0 (Linux; Android 6.0.1; Nexus 5X Build/MMB29P) AppleWebKit/537.36 (KHTML, like Gecko) Chrome/41.0.2272.96 Mobile Safari/537.36 (compatible; Googlebot/2.1; +http://www.google.com/bot.html)"
66.249.79.135 - - [04/May/2019:16:25:00 +0100] "GET /HistoricalArticles.html HTTP/1.1" 404 45 "-" "Mozilla/5.0 (Linux; Android 6.0.1; Nexus 5X Build/MMB29P) AppleWebKit/537.36 (KHTML, like Gecko) Chrome/41.0.2272.96 Mobile Safari/537.36 (compatible; Googlebot/2.1; +http://www.google.com/bot.html)"
66.249.79.135 - - [04/May/2019:16:25:44 +0100] "GET /about/Contact.html HTTP/1.1" 404 45 "-" "Mozilla/5.0 (Linux; Android 6.0.1; Nexus 5X Build/MMB29P) AppleWebKit/537.36 (KHTML, like Gecko) Chrome/41.0.2272.96 Mobile Safari/537.36 (compatible; Googlebot/2.1; +http://www.google.com/bot.html)"
209.124.66.6 - - [04/May/2019:16:29:04 +0100] "GET /.well-known/acme-challenge/S36K3V7XQU5VU7MMCJF3MRITHST9-8XM HTTP/1.1" 301 617 "-" "Cpanel-HTTP-Client/1.0"
209.124.66.6 - - [04/May/2019:16:29:04 +0100] "GET /.well-known/acme-challenge/S36K3V7XQU5VU7MMCJF3MRITHST9-8XM HTTP/1.1" 404 45 "-" "Cpanel-HTTP-Client/1.0"
209.124.66.6 - - [04/May/2019:16:29:04 +0100] "GET /.well-known/acme-challenge/CNBIVSOB7F63Q8NDT7LQIYQTG9W_3ZK3 HTTP/1.1" 301 617 "-" "Cpanel-HTTP-Client/1.0"
209.124.66.6 - - [04/May/2019:16:29:04 +0100] "GET /.well-known/acme-challenge/CNBIVSOB7F63Q8NDT7LQIYQTG9W_3ZK3 HTTP/1.1" 404 45 "-" "Cpanel-HTTP-Client/1.0"
209.124.66.6 - - [04/May/2019:16:29:04 +0100] "GET /.well-known/acme-challenge/E9JKDOJVZDNXPZE9X0WSG7SZQUHOC3IF HTTP/1.1" 404 45 "-" "Cpanel-HTTP-Client/1.0"
209.124.66.6 - - [04/May/2019:16:29:04 +0100] "GET /.well-known/acme-challenge/_RSC6RX9M8KUF_4ULIAIH7RK2I51MXUX HTTP/1.1" 404 45 "-" "Cpanel-HTTP-Client/1.0"
209.124.66.6 - - [04/May/2019:16:29:04 +0100] "GET /.well-known/acme-challenge/JQB2UFTQQTGJVD5VR2TJPC63ZTYBYD14 HTTP/1.1" 301 617 "-" "Cpanel-HTTP-Client/1.0"
209.124.66.6 - - [04/May/2019:16:29:04 +0100] "GET /.well-known/acme-challenge/HB_J1NBOGZE030745DNFZ-XKWDU90P1J HTTP/1.1" 301 617 "-" "Cpanel-HTTP-Client/1.0"
54.185.2.193 - - [04/May/2019:16:49:13 +0100] "GET / HTTP/1.1" 200 1737 "-" "Mozilla/5.0 (Windows NT 10.0; Win64; x64)AppleWebKit/537.36 (KHTML, like Gecko) Chrome/66.0.3359.181 Safari/537.36"
54.185.2.193 - - [04/May/2019:16:49:13 +0100] "GET / HTTP/1.1" 200 1737 "-" "Mozilla/5.0 (Windows NT 10.0; Win64; x64)AppleWebKit/537.36 (KHTML, like Gecko) Chrome/66.0.3359.181 Safari/537.36"
209.124.66.6 - - [04/May/2019:16:58:10 +0100] "GET /.well-known/acme-challenge/L7JXAIQC39MF3RSNFD2L0J2QZ9T8LXZF HTTP/1.1" 301 617 "-" "Cpanel-HTTP-Client/1.0"
209.124.66.6 - - [04/May/2019:16:58:10 +0100] "GET /.well-known/acme-challenge/L7JXAIQC39MF3RSNFD2L0J2QZ9T8LXZF HTTP/1.1" 404 45 "-" "Cpanel-HTTP-Client/1.0"
209.124.66.6 - - [04/May/2019:16:58:10 +0100] "GET /.well-known/acme-challenge/LT6GVNBLCOPKNRKLRGI37FNSARP-PMG0 HTTP/1.1" 301 617 "-" "Cpanel-HTTP-Client/1.0"
209.124.66.6 - - [04/May/2019:16:58:10 +0100] "GET /.well-known/acme-challenge/LT6GVNBLCOPKNRKLRGI37FNSARP-PMG0 HTTP/1.1" 404 45 "-" "Cpanel-HTTP-Client/1.0"
209.124.66.6 - - [04/May/2019:16:58:10 +0100] "GET /.well-known/acme-challenge/PQGBCP5LE8JA3GB30V8JVDP-JTT79FE5 HTTP/1.1" 404 45 "-" "Cpanel-HTTP-Client/1.0"
209.124.66.6 - - [04/May/2019:16:58:10 +0100] "GET /.well-known/acme-challenge/Q3J8BEUWWV4S_XU5AFMT24VR5HE8M2PD HTTP/1.1" 404 45 "-" "Cpanel-HTTP-Client/1.0"
209.124.66.6 - - [04/May/2019:16:58:10 +0100] "GET /.well-known/acme-challenge/Y4-OL3NWOEJ0O04I-0QVP_CBCZGN2K_9 HTTP/1.1" 301 617 "-" "Cpanel-HTTP-Client/1.0"
209.124.66.6 - - [04/May/2019:16:58:10 +0100] "GET /.well-known/acme-challenge/A0AT016CS-TUB333QHOOCIKQ-SS91Y7Y HTTP/1.1" 301 617 "-" "Cpanel-HTTP-Client/1.0"
66.249.79.155 - - [04/May/2019:17:09:45 +0100] "GET /FamilyHistoryTips/pushPull/ HTTP/1.1" 200 2321 "-" "Mozilla/5.0 (Linux; Android 6.0.1; Nexus 5X Build/MMB29P) AppleWebKit/537.36 (KHTML, like Gecko) Chrome/41.0.2272.96 Mobile Safari/537.36 (compatible; Googlebot/2.1; +http://www.google.com/bot.html)"
209.124.66.6 - - [04/May/2019:17:28:23 +0100] "GET /.well-known/acme-challenge/_Z63LICOFJJJHS_Q9DR398VWLT52IX8J HTTP/1.1" 301 617 "-" "Cpanel-HTTP-Client/1.0"
209.124.66.6 - - [04/May/2019:17:28:23 +0100] "GET /.well-known/acme-challenge/_Z63LICOFJJJHS_Q9DR398VWLT52IX8J HTTP/1.1" 404 45 "-" "Cpanel-HTTP-Client/1.0"
209.124.66.6 - - [04/May/2019:17:28:23 +0100] "GET /.well-known/acme-challenge/_AVHFEBTAUMPDAXURKNYV6SXR5XK_GUY HTTP/1.1" 301 617 "-" "Cpanel-HTTP-Client/1.0"
