192.173.3.114 - - [20/May/2019:15:14:25 +0100] "GET /wp-admin/post.php?post=10&action=edit HTTP/1.1" 200 34088 "https://marketing.petersweb.me.uk/wp-admin/post.php?post=10&action=edit" "Mozilla/5.0 (Windows NT 10.0; WOW64) AppleWebKit/537.36 (KHTML, like Gecko) Chrome/74.0.3729.157 Safari/537.36"
192.173.3.114 - - [20/May/2019:15:14:26 +0100] "GET /wp-content/plugins/cartflows/admin/assets/fonts/cartflows-logo-icon.ttf?kxnn1n HTTP/1.1" 304 0 "https://marketing.petersweb.me.uk/wp-content/plugins/cartflows/admin/assets/css/global-admin.css?ver=1.1.18" "Mozilla/5.0 (Windows NT 10.0; WOW64) AppleWebKit/537.36 (KHTML, like Gecko) Chrome/74.0.3729.157 Safari/537.36"
77.72.0.74 - - [20/May/2019:15:14:27 +0100] "POST /wp-cron.php?doing_wp_cron=1558361667.7120840549468994140625 HTTP/1.1" 200 0 "https://marketing.petersweb.me.uk/wp-cron.php?doing_wp_cron=1558361667.7120840549468994140625" "WordPress/5.2; https://marketing.petersweb.me.uk"
192.173.3.114 - - [20/May/2019:15:14:27 +0100] "POST /wp-admin/admin-ajax.php HTTP/1.1" 200 5 "https://marketing.petersweb.me.uk/wp-admin/post.php?post=10&action=edit" "Mozilla/5.0 (Windows NT 10.0; WOW64) AppleWebKit/537.36 (KHTML, like Gecko) Chrome/74.0.3729.157 Safari/537.36"
192.173.3.114 - - [20/May/2019:15:14:27 +0100] "POST /wp-admin/admin-ajax.php HTTP/1.1" 200 47 "https://marketing.petersweb.me.uk/wp-admin/edit.php?post_type=cartflows_flow" "Mozilla/5.0 (Windows NT 10.0; WOW64) AppleWebKit/537.36 (KHTML, like Gecko) Chrome/74.0.3729.157 Safari/537.36"
77.72.0.74 - - [20/May/2019:15:14:42 +0100] "POST /wp-cron.php?doing_wp_cron=1558361682.7774720191955566406250 HTTP/1.1" 200 0 "https://marketing.petersweb.me.uk/wp-cron.php?doing_wp_cron=1558361682.7774720191955566406250" "WordPress/5.2; https://marketing.petersweb.me.uk"
192.173.3.114 - - [20/May/2019:15:14:42 +0100] "POST /wp-admin/admin-ajax.php HTTP/1.1" 200 47 "https://marketing.petersweb.me.uk/wp-admin/edit.php?post_type=cartflows_flow" "Mozilla/5.0 (Windows NT 10.0; WOW64) AppleWebKit/537.36 (KHTML, like Gecko) Chrome/74.0.3729.157 Safari/537.36"
77.72.0.74 - - [20/May/2019:15:14:46 +0100] "POST /wp-cron.php?doing_wp_cron=1558361685.9943480491638183593750 HTTP/1.1" 200 0 "https://marketing.petersweb.me.uk/wp-cron.php?doing_wp_cron=1558361685.9943480491638183593750" "WordPress/5.2; https://marketing.petersweb.me.uk"
192.173.3.114 - - [20/May/2019:15:14:45 +0100] "POST /wp-admin/admin-ajax.php HTTP/1.1" 200 26 "https://marketing.petersweb.me.uk/wp-admin/edit.php?post_type=cartflows_flow" "Mozilla/5.0 (Windows NT 10.0; WOW64) AppleWebKit/537.36 (KHTML, like Gecko) Chrome/74.0.3729.157 Safari/537.36"
77.72.0.74 - - [20/May/2019:15:14:47 +0100] "POST /wp-cron.php?doing_wp_cron=1558361687.2126889228820800781250 HTTP/1.1" 200 0 "https://marketing.petersweb.me.uk/wp-cron.php?doing_wp_cron=1558361687.2126889228820800781250" "WordPress/5.2; https://marketing.petersweb.me.uk"
192.173.3.114 - - [20/May/2019:15:14:47 +0100] "POST /wp-admin/admin-ajax.php HTTP/1.1" 200 26 "https://marketing.petersweb.me.uk/wp-admin/edit.php?post_type=cartflows_flow" "Mozilla/5.0 (Windows NT 10.0; WOW64) AppleWebKit/537.36 (KHTML, like Gecko) Chrome/74.0.3729.157 Safari/537.36"
77.72.0.74 - - [20/May/2019:15:14:50 +0100] "POST /wp-admin/admin-ajax.php?action=wp_cartflows_elementor_image_process&nonce=f09f27037b HTTP/1.1" 200 0 "https://marketing.petersweb.me.uk/wp-admin/admin-ajax.php?action=wp_cartflows_elementor_image_process&nonce=f09f27037b" "WordPress/5.2; https://marketing.petersweb.me.uk"
77.72.0.74 - - [20/May/2019:15:14:55 +0100] "POST /wp-admin/admin-ajax.php?action=wp_cartflows_elementor_image_process&nonce=f09f27037b HTTP/1.1" 200 0 "https://marketing.petersweb.me.uk/wp-admin/admin-ajax.php?action=wp_cartflows_elementor_image_process&nonce=f09f27037b" "WordPress/5.2; https://marketing.petersweb.me.uk"
192.173.3.114 - - [20/May/2019:15:14:51 +0100] "POST /wp-admin/admin-ajax.php HTTP/1.1" 200 26 "https://marketing.petersweb.me.uk/wp-admin/edit.php?post_type=cartflows_flow" "Mozilla/5.0 (Windows NT 10.0; WOW64) AppleWebKit/537.36 (KHTML, like Gecko) Chrome/74.0.3729.157 Safari/537.36"
192.173.3.114 - - [20/May/2019:15:14:57 +0100] "POST /wp-admin/admin-ajax.php HTTP/1.1" 200 47 "https://marketing.petersweb.me.uk/wp-admin/edit.php?post_type=cartflows_flow" "Mozilla/5.0 (Windows NT 10.0; WOW64) AppleWebKit/537.36 (KHTML, like Gecko) Chrome/74.0.3729.157 Safari/537.36"
192.173.3.114 - - [20/May/2019:15:14:58 +0100] "GET /wp-admin/post.php?post=14&action=edit HTTP/1.1" 200 34133 "https://marketing.petersweb.me.uk/wp-admin/edit.php?post_type=cartflows_flow" "Mozilla/5.0 (Windows NT 10.0; WOW64) AppleWebKit/537.36 (KHTML, like Gecko) Chrome/74.0.3729.157 Safari/537.36"
77.72.0.74 - - [20/May/2019:15:14:50 +0100] "POST /wp-cron.php?doing_wp_cron=1558361690.5066909790039062500000 HTTP/1.1" 500 0 "https://marketing.petersweb.me.uk/wp-cron.php?doing_wp_cron=1558361690.5066909790039062500000" "WordPress/5.2; https://marketing.petersweb.me.uk"
192.173.3.114 - - [20/May/2019:15:15:11 +0100] "GET /wp-admin/post.php?post=15&action=edit HTTP/1.1" 200 55213 "https://marketing.petersweb.me.uk/wp-admin/post.php?post=14&action=edit" "Mozilla/5.0 (Windows NT 10.0; WOW64) AppleWebKit/537.36 (KHTML, like Gecko) Chrome/74.0.3729.157 Safari/537.36"
192.173.3.114 - - [20/May/2019:15:15:11 +0100] "POST /wp-admin/admin-ajax.php HTTP/1.1" 200 5 "https://marketing.petersweb.me.uk/wp-admin/post.php?post=14&action=edit" "Mozilla/5.0 (Windows NT 10.0; WOW64) AppleWebKit/537.36 (KHTML, like Gecko) Chrome/74.0.3729.157 Safari/537.36"
192.173.3.114 - - [20/May/2019:15:15:11 +0100] "GET /wp-content/plugins/woocommerce/assets/fonts/WooCommerce.woff HTTP/1.1" 304 0 "https://marketing.petersweb.me.uk/wp-content/plugins/woocommerce/assets/css/admin.css?ver=3.6.3" "Mozilla/5.0 (Windows NT 10.0; WOW64) AppleWebKit/537.36 (KHTML, like Gecko) Chrome/74.0.3729.157 Safari/537.36"
192.173.3.114 - - [20/May/2019:15:15:27 +0100] "GET /wp-admin/admin-ajax.php?term=fre&action=woocommerce_json_search_products_and_variations&security=4a50acba9e HTTP/1.1" 200 2 "https://marketing.petersweb.me.uk/wp-admin/post.php?post=15&action=edit" "Mozilla/5.0 (Windows NT 10.0; WOW64) AppleWebKit/537.36 (KHTML, like Gecko) Chrome/74.0.3729.157 Safari/537.36"
192.173.3.114 - - [20/May/2019:15:15:34 +0100] "GET /wp-admin/admin-ajax.php?term=pre&action=woocommerce_json_search_products_and_variations&security=4a50acba9e HTTP/1.1" 200 33 "https://marketing.petersweb.me.uk/wp-admin/post.php?post=15&action=edit" "Mozilla/5.0 (Windows NT 10.0; WOW64) AppleWebKit/537.36 (KHTML, like Gecko) Chrome/74.0.3729.157 Safari/537.36"
192.173.3.114 - - [20/May/2019:15:15:45 +0100] "POST /wp-admin/post.php HTTP/1.1" 302 0 "https://marketing.petersweb.me.uk/wp-admin/post.php?post=15&action=edit" "Mozilla/5.0 (Windows NT 10.0; WOW64) AppleWebKit/537.36 (KHTML, like Gecko) Chrome/74.0.3729.157 Safari/537.36"
192.173.3.114 - - [20/May/2019:15:15:45 +0100] "GET /wp-admin/post.php?post=15&action=edit&message=1 HTTP/1.1" 200 55435 "https://marketing.petersweb.me.uk/wp-admin/post.php?post=15&action=edit" "Mozilla/5.0 (Windows NT 10.0; WOW64) AppleWebKit/537.36 (KHTML, like Gecko) Chrome/74.0.3729.157 Safari/537.36"
192.173.3.114 - - [20/May/2019:15:15:46 +0100] "GET /wp-admin/admin-ajax.php?action=oembed-cache&post=15 HTTP/1.1" 200 5 "https://marketing.petersweb.me.uk/wp-admin/post.php?post=15&action=edit" "Mozilla/5.0 (Windows NT 10.0; WOW64) AppleWebKit/537.36 (KHTML, like Gecko) Chrome/74.0.3729.157 Safari/537.36"
192.173.3.114 - - [20/May/2019:15:15:48 +0100] "POST /wp-admin/post.php HTTP/1.1" 302 0 "https://marketing.petersweb.me.uk/wp-admin/post.php?post=15&action=edit" "Mozilla/5.0 (Windows NT 10.0; WOW64) AppleWebKit/537.36 (KHTML, like Gecko) Chrome/74.0.3729.157 Safari/537.36"
192.173.3.114 - - [20/May/2019:15:15:48 +0100] "GET /?cartflows_step=checkout-page-2&preview_id=15&preview_nonce=e206d9b3b5&preview=true HTTP/1.1" 200 22112 "https://marketing.petersweb.me.uk/wp-admin/post.php?post=15&action=edit" "Mozilla/5.0 (Windows NT 10.0; WOW64) AppleWebKit/537.36 (KHTML, like Gecko) Chrome/74.0.3729.157 Safari/537.36"
192.173.3.114 - - [20/May/2019:15:15:49 +0100] "GET /wp-content/plugins/woocommerce/assets/css/select2.css?ver=3.6.3 HTTP/1.1" 200 1794 "https://marketing.petersweb.me.uk/?cartflows_step=checkout-page-2&preview_id=15&preview_nonce=e206d9b3b5&preview=true" "Mozilla/5.0 (Windows NT 10.0; WOW64) AppleWebKit/537.36 (KHTML, like Gecko) Chrome/74.0.3729.157 Safari/537.36"
192.173.3.114 - - [20/May/2019:15:15:49 +0100] "GET /wp-content/uploads/elementor/css/global.css?ver=1558361748 HTTP/1.1" 200 588 "https://marketing.petersweb.me.uk/?cartflows_step=checkout-page-2&preview_id=15&preview_nonce=e206d9b3b5&preview=true" "Mozilla/5.0 (Windows NT 10.0; WOW64) AppleWebKit/537.36 (KHTML, like Gecko) Chrome/74.0.3729.157 Safari/537.36"
192.173.3.114 - - [20/May/2019:15:15:49 +0100] "GET /wp-content/uploads/elementor/css/post-15.css?ver=1558361748 HTTP/1.1" 200 2751 "https://marketing.petersweb.me.uk/?cartflows_step=checkout-page-2&preview_id=15&preview_nonce=e206d9b3b5&preview=true" "Mozilla/5.0 (Windows NT 10.0; WOW64) AppleWebKit/537.36 (KHTML, like Gecko) Chrome/74.0.3729.157 Safari/537.36"
192.173.3.114 - - [20/May/2019:15:15:49 +0100] "GET /wp-content/plugins/cartflows/assets/css/checkout-template.css?ver=1.1.18 HTTP/1.1" 200 4386 "https://marketing.petersweb.me.uk/?cartflows_step=checkout-page-2&preview_id=15&preview_nonce=e206d9b3b5&preview=true" "Mozilla/5.0 (Windows NT 10.0; WOW64) AppleWebKit/537.36 (KHTML, like Gecko) Chrome/74.0.3729.157 Safari/537.36"
192.173.3.114 - - [20/May/2019:15:15:49 +0100] "GET /wp-content/plugins/woocommerce/assets/js/frontend/country-select.min.js?ver=3.6.3 HTTP/1.1" 200 922 "https://marketing.petersweb.me.uk/?cartflows_step=checkout-page-2&preview_id=15&preview_nonce=e206d9b3b5&preview=true" "Mozilla/5.0 (Windows NT 10.0; WOW64) AppleWebKit/537.36 (KHTML, like Gecko) Chrome/74.0.3729.157 Safari/537.36"
192.173.3.114 - - [20/May/2019:15:15:49 +0100] "GET /wp-content/plugins/woocommerce/assets/js/frontend/address-i18n.min.js?ver=3.6.3 HTTP/1.1" 200 793 "https://marketing.petersweb.me.uk/?cartflows_step=checkout-page-2&preview_id=15&preview_nonce=e206d9b3b5&preview=true" "Mozilla/5.0 (Windows NT 10.0; WOW64) AppleWebKit/537.36 (KHTML, like Gecko) Chrome/74.0.3729.157 Safari/537.36"
192.173.3.114 - - [20/May/2019:15:15:49 +0100] "GET /wp-content/plugins/woocommerce/assets/js/frontend/checkout.min.js?ver=3.6.3 HTTP/1.1" 200 3398 "https://marketing.petersweb.me.uk/?cartflows_step=checkout-page-2&preview_id=15&preview_nonce=e206d9b3b5&preview=true" "Mozilla/5.0 (Windows NT 10.0; WOW64) AppleWebKit/537.36 (KHTML, like Gecko) Chrome/74.0.3729.157 Safari/537.36"
192.173.3.114 - - [20/May/2019:15:15:49 +0100] "GET /wp-content/plugins/cartflows/assets/js/checkout-template.js?ver=1.1.18 HTTP/1.1" 200 2224 "https://marketing.petersweb.me.uk/?cartflows_step=checkout-page-2&preview_id=15&preview_nonce=e206d9b3b5&preview=true" "Mozilla/5.0 (Windows NT 10.0; WOW64) AppleWebKit/537.36 (KHTML, like Gecko) Chrome/74.0.3729.157 Safari/537.36"
77.72.0.74 - - [20/May/2019:15:15:58 +0100] "POST /wp-cron.php?doing_wp_cron=1558361758.7838931083679199218750 HTTP/1.1" 200 0 "https://marketing.petersweb.me.uk/wp-cron.php?doing_wp_cron=1558361758.7838931083679199218750" "WordPress/5.2; https://marketing.petersweb.me.uk"
192.173.3.114 - - [20/May/2019:15:15:58 +0100] "POST /wp-admin/admin-ajax.php HTTP/1.1" 200 5 "https://marketing.petersweb.me.uk/wp-admin/post.php?post=15&action=edit" "Mozilla/5.0 (Windows NT 10.0; WOW64) AppleWebKit/537.36 (KHTML, like Gecko) Chrome/74.0.3729.157 Safari/537.36"
77.72.0.74 - - [20/May/2019:15:15:58 +0100] "POST /wp-cron.php?doing_wp_cron=1558361758.8050720691680908203125 HTTP/1.1" 200 0 "https://marketing.petersweb.me.uk/wp-cron.php?doing_wp_cron=1558361758.8050720691680908203125" "WordPress/5.2; https://marketing.petersweb.me.uk"
192.173.3.114 - - [20/May/2019:15:15:58 +0100] "GET /wp-admin/post.php?post=15&action=edit HTTP/1.1" 200 55657 "https://marketing.petersweb.me.uk/wp-admin/post.php?post=15&action=edit" "Mozilla/5.0 (Windows NT 10.0; WOW64) AppleWebKit/537.36 (KHTML, like Gecko) Chrome/74.0.3729.157 Safari/537.36"
77.72.0.74 - - [20/May/2019:15:16:01 +0100] "POST /wp-cron.php?doing_wp_cron=1558361761.5477330684661865234375 HTTP/1.1" 200 0 "https://marketing.petersweb.me.uk/wp-cron.php?doing_wp_cron=1558361761.5477330684661865234375" "WordPress/5.2; https://marketing.petersweb.me.uk"
192.173.3.114 - - [20/May/2019:15:16:01 +0100] "GET /wp-admin/post.php?post=14&action=edit HTTP/1.1" 200 34051 "https://marketing.petersweb.me.uk/wp-admin/post.php?post=14&action=edit" "Mozilla/5.0 (Windows NT 10.0; WOW64) AppleWebKit/537.36 (KHTML, like Gecko) Chrome/74.0.3729.157 Safari/537.36"
192.173.3.114 - - [20/May/2019:15:16:01 +0100] "POST /wp-admin/admin-ajax.php HTTP/1.1" 200 5 "https://marketing.petersweb.me.uk/wp-admin/post.php?post=15&action=edit" "Mozilla/5.0 (Windows NT 10.0; WOW64) AppleWebKit/537.36 (KHTML, like Gecko) Chrome/74.0.3729.157 Safari/537.36"
192.173.3.114 - - [20/May/2019:15:16:02 +0100] "POST /wp-admin/admin-ajax.php HTTP/1.1" 200 47 "https://marketing.petersweb.me.uk/wp-admin/edit.php?post_type=cartflows_flow" "Mozilla/5.0 (Windows NT 10.0; WOW64) AppleWebKit/537.36 (KHTML, like Gecko) Chrome/74.0.3729.157 Safari/537.36"
77.72.0.74 - - [20/May/2019:15:16:02 +0100] "POST /wp-cron.php?doing_wp_cron=1558361762.8584039211273193359375 HTTP/1.1" 200 0 "https://marketing.petersweb.me.uk/wp-cron.php?doing_wp_cron=1558361762.8584039211273193359375" "WordPress/5.2; https://marketing.petersweb.me.uk"
192.173.3.114 - - [20/May/2019:15:16:02 +0100] "POST /wp-admin/admin-ajax.php HTTP/1.1" 200 5 "https://marketing.petersweb.me.uk/wp-admin/post.php?post=14&action=edit" "Mozilla/5.0 (Windows NT 10.0; WOW64) AppleWebKit/537.36 (KHTML, like Gecko) Chrome/74.0.3729.157 Safari/537.36"
77.72.0.74 - - [20/May/2019:15:16:06 +0100] "POST /wp-cron.php?doing_wp_cron=1558361766.5296359062194824218750 HTTP/1.1" 200 0 "https://marketing.petersweb.me.uk/wp-cron.php?doing_wp_cron=1558361766.5296359062194824218750" "WordPress/5.2; https://marketing.petersweb.me.uk"
192.173.3.114 - - [20/May/2019:15:16:06 +0100] "GET /wp-admin/edit.php?post_type=cartflows_flow HTTP/1.1" 200 21028 "https://marketing.petersweb.me.uk/wp-admin/post.php?post=7&action=edit" "Mozilla/5.0 (Windows NT 10.0; WOW64) AppleWebKit/537.36 (KHTML, like Gecko) Chrome/74.0.3729.157 Safari/537.36"
192.173.3.114 - - [20/May/2019:15:16:06 +0100] "GET /wp-includes/js/dist/hooks.min.js?ver=2.2.0 HTTP/1.1" 200 1635 "https://marketing.petersweb.me.uk/wp-admin/edit.php?post_type=cartflows_flow" "Mozilla/5.0 (Windows NT 10.0; WOW64) AppleWebKit/537.36 (KHTML, like Gecko) Chrome/74.0.3729.157 Safari/537.36"
192.173.3.114 - - [20/May/2019:15:16:06 +0100] "GET /wp-includes/js/heartbeat.min.js?ver=5.2 HTTP/1.1" 200 1939 "https://marketing.petersweb.me.uk/wp-admin/edit.php?post_type=cartflows_flow" "Mozilla/5.0 (Windows NT 10.0; WOW64) AppleWebKit/537.36 (KHTML, like Gecko) Chrome/74.0.3729.157 Safari/537.36"
77.72.0.74 - - [20/May/2019:15:16:07 +0100] "POST /wp-cron.php?doing_wp_cron=1558361767.1319448947906494140625 HTTP/1.1" 200 0 "https://marketing.petersweb.me.uk/wp-cron.php?doing_wp_cron=1558361767.1319448947906494140625" "WordPress/5.2; https://marketing.petersweb.me.uk"
192.173.3.114 - - [20/May/2019:15:16:07 +0100] "POST /wp-admin/admin-ajax.php HTTP/1.1" 200 47 "https://marketing.petersweb.me.uk/wp-admin/edit.php?post_type=cartflows_flow" "Mozilla/5.0 (Windows NT 10.0; WOW64) AppleWebKit/537.36 (KHTML, like Gecko) Chrome/74.0.3729.157 Safari/537.36"
77.72.0.74 - - [20/May/2019:15:16:18 +0100] "POST /wp-cron.php?doing_wp_cron=1558361778.8726260662078857421875 HTTP/1.1" 200 0 "https://marketing.petersweb.me.uk/wp-cron.php?doing_wp_cron=1558361778.8726260662078857421875" "WordPress/5.2; https://marketing.petersweb.me.uk"
192.173.3.114 - - [20/May/2019:15:16:18 +0100] "GET /?cartflows_step=checkout-page-2 HTTP/1.1" 200 25647 "https://marketing.petersweb.me.uk/wp-admin/edit.php?post_type=cartflows_flow" "Mozilla/5.0 (Windows NT 10.0; WOW64) AppleWebKit/537.36 (KHTML, like Gecko) Chrome/74.0.3729.157 Safari/537.36"
192.173.3.114 - - [20/May/2019:15:16:19 +0100] "GET /wp-content/uploads/2019/05/logo-regular-free-img.png HTTP/1.1" 200 761 "https://marketing.petersweb.me.uk/?cartflows_step=checkout-page-2" "Mozilla/5.0 (Windows NT 10.0; WOW64) AppleWebKit/537.36 (KHTML, like Gecko) Chrome/74.0.3729.157 Safari/537.36"
192.173.3.114 - - [20/May/2019:15:16:19 +0100] "GET /wp-content/uploads/2019/05/atom01-free-img.png HTTP/1.1" 200 1300 "https://marketing.petersweb.me.uk/?cartflows_step=checkout-page-2" "Mozilla/5.0 (Windows NT 10.0; WOW64) AppleWebKit/537.36 (KHTML, like Gecko) Chrome/74.0.3729.157 Safari/537.36"
192.173.3.114 - - [20/May/2019:15:16:19 +0100] "GET /wp-content/uploads/2019/05/dna-free-img.png HTTP/1.1" 200 1082 "https://marketing.petersweb.me.uk/?cartflows_step=checkout-page-2" "Mozilla/5.0 (Windows NT 10.0; WOW64) AppleWebKit/537.36 (KHTML, like Gecko) Chrome/74.0.3729.157 Safari/537.36"
192.173.3.114 - - [20/May/2019:15:16:19 +0100] "GET /wp-content/uploads/2019/05/system-free-img.png HTTP/1.1" 200 1277 "https://marketing.petersweb.me.uk/?cartflows_step=checkout-page-2" "Mozilla/5.0 (Windows NT 10.0; WOW64) AppleWebKit/537.36 (KHTML, like Gecko) Chrome/74.0.3729.157 Safari/537.36"
192.173.3.114 - - [20/May/2019:15:16:19 +0100] "GET /wp-content/uploads/2019/05/5stars-free-img.png HTTP/1.1" 200 456 "https://marketing.petersweb.me.uk/?cartflows_step=checkout-page-2" "Mozilla/5.0 (Windows NT 10.0; WOW64) AppleWebKit/537.36 (KHTML, like Gecko) Chrome/74.0.3729.157 Safari/537.36"
192.173.3.114 - - [20/May/2019:15:16:19 +0100] "GET /wp-content/uploads/2019/05/clip-free-img.png HTTP/1.1" 200 745 "https://marketing.petersweb.me.uk/?cartflows_step=checkout-page-2" "Mozilla/5.0 (Windows NT 10.0; WOW64) AppleWebKit/537.36 (KHTML, like Gecko) Chrome/74.0.3729.157 Safari/537.36"
192.173.3.114 - - [20/May/2019:15:16:19 +0100] "GET /wp-content/uploads/2019/05/magnify-free-img.png HTTP/1.1" 200 889 "https://marketing.petersweb.me.uk/?cartflows_step=checkout-page-2" "Mozilla/5.0 (Windows NT 10.0; WOW64) AppleWebKit/537.36 (KHTML, like Gecko) Chrome/74.0.3729.157 Safari/537.36"
192.173.3.114 - - [20/May/2019:15:16:19 +0100] "GET /wp-content/uploads/2019/05/testtube-free-img.png HTTP/1.1" 200 906 "https://marketing.petersweb.me.uk/?cartflows_step=checkout-page-2" "Mozilla/5.0 (Windows NT 10.0; WOW64) AppleWebKit/537.36 (KHTML, like Gecko) Chrome/74.0.3729.157 Safari/537.36"
192.173.3.114 - - [20/May/2019:15:16:19 +0100] "GET /wp-content/uploads/2019/05/working-free-img.jpg HTTP/1.1" 200 16925 "https://marketing.petersweb.me.uk/?cartflows_step=checkout-page-2" "Mozilla/5.0 (Windows NT 10.0; WOW64) AppleWebKit/537.36 (KHTML, like Gecko) Chrome/74.0.3729.157 Safari/537.36"
192.173.3.114 - - [20/May/2019:15:16:19 +0100] "GET /wp-content/uploads/2019/05/mobile-shop-free-img.jpg HTTP/1.1" 200 12887 "https://marketing.petersweb.me.uk/?cartflows_step=checkout-page-2" "Mozilla/5.0 (Windows NT 10.0; WOW64) AppleWebKit/537.36 (KHTML, like Gecko) Chrome/74.0.3729.157 Safari/537.36"
192.173.3.114 - - [20/May/2019:15:16:19 +0100] "GET /wp-content/uploads/2019/05/working-clock-free-img.jpg HTTP/1.1" 200 20779 "https://marketing.petersweb.me.uk/?cartflows_step=checkout-page-2" "Mozilla/5.0 (Windows NT 10.0; WOW64) AppleWebKit/537.36 (KHTML, like Gecko) Chrome/74.0.3729.157 Safari/537.36"
192.173.3.114 - - [20/May/2019:15:16:19 +0100] "GET /wp-content/uploads/2019/05/client1-free-img-4.png HTTP/1.1" 200 11080 "https://marketing.petersweb.me.uk/?cartflows_step=checkout-page-2" "Mozilla/5.0 (Windows NT 10.0; WOW64) AppleWebKit/537.36 (KHTML, like Gecko) Chrome/74.0.3729.157 Safari/537.36"
192.173.3.114 - - [20/May/2019:15:16:19 +0100] "GET /wp-content/uploads/2019/05/client4-free-img-4.png HTTP/1.1" 200 9153 "https://marketing.petersweb.me.uk/?cartflows_step=checkout-page-2" "Mozilla/5.0 (Windows NT 10.0; WOW64) AppleWebKit/537.36 (KHTML, like Gecko) Chrome/74.0.3729.157 Safari/537.36"
192.173.3.114 - - [20/May/2019:15:16:19 +0100] "GET /wp-content/uploads/2019/05/client3-free-img-4.png HTTP/1.1" 200 9045 "https://marketing.petersweb.me.uk/?cartflows_step=checkout-page-2" "Mozilla/5.0 (Windows NT 10.0; WOW64) AppleWebKit/537.36 (KHTML, like Gecko) Chrome/74.0.3729.157 Safari/537.36"
192.173.3.114 - - [20/May/2019:15:16:19 +0100] "GET /wp-content/uploads/2019/05/quote-grey-free-img-1.png HTTP/1.1" 200 539 "https://marketing.petersweb.me.uk/wp-content/uploads/elementor/css/post-15.css?ver=1558361748" "Mozilla/5.0 (Windows NT 10.0; WOW64) AppleWebKit/537.36 (KHTML, like Gecko) Chrome/74.0.3729.157 Safari/537.36"
192.173.3.114 - - [20/May/2019:15:16:34 +0100] "GET /wp-includes/js/dist/vendor/wp-polyfill.min.js?ver=7.0.0 HTTP/1.1" 200 31381 "https://marketing.petersweb.me.uk/wp-admin/edit.php?post_type=cartflows_flow" "Mozilla/5.0 (Windows NT 10.0; WOW64) AppleWebKit/537.36 (KHTML, like Gecko) Chrome/74.0.3729.157 Safari/537.36"
77.72.0.74 - - [20/May/2019:15:16:34 +0100] "POST /wp-cron.php?doing_wp_cron=1558361794.3896689414978027343750 HTTP/1.1" 200 0 "https://marketing.petersweb.me.uk/wp-cron.php?doing_wp_cron=1558361794.3896689414978027343750" "WordPress/5.2; https://marketing.petersweb.me.uk"
192.173.3.114 - - [20/May/2019:15:16:34 +0100] "POST /wp-admin/admin-ajax.php HTTP/1.1" 200 47 "https://marketing.petersweb.me.uk/wp-admin/edit.php?post_type=cartflows_flow" "Mozilla/5.0 (Windows NT 10.0; WOW64) AppleWebKit/537.36 (KHTML, like Gecko) Chrome/74.0.3729.157 Safari/537.36"
77.72.0.74 - - [20/May/2019:15:16:44 +0100] "POST /wp-cron.php?doing_wp_cron=1558361804.2673730850219726562500 HTTP/1.1" 200 0 "https://marketing.petersweb.me.uk/wp-cron.php?doing_wp_cron=1558361804.2673730850219726562500" "WordPress/5.2; https://marketing.petersweb.me.uk"
192.173.3.114 - - [20/May/2019:15:16:44 +0100] "GET /wp-admin/edit.php?post_type=product HTTP/1.1" 200 37694 "https://marketing.petersweb.me.uk/wp-admin/edit.php?post_type=cartflows_flow" "Mozilla/5.0 (Windows NT 10.0; WOW64) AppleWebKit/537.36 (KHTML, like Gecko) Chrome/74.0.3729.157 Safari/537.36"
192.173.3.114 - - [20/May/2019:15:16:44 +0100] "GET /wp-content/plugins/woocommerce/assets/js/round/round.min.js?ver=3.6.3 HTTP/1.1" 200 195 "https://marketing.petersweb.me.uk/wp-admin/edit.php?post_type=product" "Mozilla/5.0 (Windows NT 10.0; WOW64) AppleWebKit/537.36 (KHTML, like Gecko) Chrome/74.0.3729.157 Safari/537.36"
192.173.3.114 - - [20/May/2019:15:16:44 +0100] "GET /wp-content/plugins/woocommerce/assets/js/jquery-tiptip/jquery.tipTip.min.js?ver=3.6.3 HTTP/1.1" 200 1002 "https://marketing.petersweb.me.uk/wp-admin/edit.php?post_type=product" "Mozilla/5.0 (Windows NT 10.0; WOW64) AppleWebKit/537.36 (KHTML, like Gecko) Chrome/74.0.3729.157 Safari/537.36"
192.173.3.114 - - [20/May/2019:15:16:44 +0100] "GET /wp-content/plugins/woocommerce/assets/js/admin/woocommerce_admin.min.js?ver=3.6.3 HTTP/1.1" 200 2068 "https://marketing.petersweb.me.uk/wp-admin/edit.php?post_type=product" "Mozilla/5.0 (Windows NT 10.0; WOW64) AppleWebKit/537.36 (KHTML, like Gecko) Chrome/74.0.3729.157 Safari/537.36"
192.173.3.114 - - [20/May/2019:15:16:44 +0100] "GET /wp-includes/js/jquery/ui/datepicker.min.js?ver=1.11.4 HTTP/1.1" 200 10624 "https://marketing.petersweb.me.uk/wp-admin/edit.php?post_type=product" "Mozilla/5.0 (Windows NT 10.0; WOW64) AppleWebKit/537.36 (KHTML, like Gecko) Chrome/74.0.3729.157 Safari/537.36"
192.173.3.114 - - [20/May/2019:15:16:44 +0100] "GET /wp-content/plugins/woocommerce/assets/js/accounting/accounting.min.js?ver=0.4.2 HTTP/1.1" 200 1345 "https://marketing.petersweb.me.uk/wp-admin/edit.php?post_type=product" "Mozilla/5.0 (Windows NT 10.0; WOW64) AppleWebKit/537.36 (KHTML, like Gecko) Chrome/74.0.3729.157 Safari/537.36"
192.173.3.114 - - [20/May/2019:15:16:44 +0100] "GET /wp-content/plugins/woocommerce/assets/js/stupidtable/stupidtable.min.js?ver=3.6.3 HTTP/1.1" 200 606 "https://marketing.petersweb.me.uk/wp-admin/edit.php?post_type=product" "Mozilla/5.0 (Windows NT 10.0; WOW64) AppleWebKit/537.36 (KHTML, like Gecko) Chrome/74.0.3729.157 Safari/537.36"
192.173.3.114 - - [20/May/2019:15:16:44 +0100] "GET /wp-content/plugins/woocommerce/assets/js/admin/meta-boxes.min.js?ver=3.6.3 HTTP/1.1" 200 599 "https://marketing.petersweb.me.uk/wp-admin/edit.php?post_type=product" "Mozilla/5.0 (Windows NT 10.0; WOW64) AppleWebKit/537.36 (KHTML, like Gecko) Chrome/74.0.3729.157 Safari/537.36"
192.173.3.114 - - [20/May/2019:15:16:44 +0100] "GET /wp-admin/load-scripts.php?c=1&load%5B%5D=hoverIntent,common,admin-bar,jquery-ui-resizable,jquery-ui-draggable,jquery-ui-button,jquery-ui-position,jquery-ui-dialog,jquery&load%5B%5D=-ui-menu,wp-a11y,jquery-ui-autocomplete,tags-suggest,inline-edit-post&ver=5.2 HTTP/1.1" 200 32067 "https://marketing.petersweb.me.uk/wp-admin/edit.php?post_type=product" "Mozilla/5.0 (Windows NT 10.0; WOW64) AppleWebKit/537.36 (KHTML, like Gecko) Chrome/74.0.3729.157 Safari/537.36"
192.173.3.114 - - [20/May/2019:15:16:44 +0100] "GET /wp-content/uploads/woocommerce-placeholder-150x150.png HTTP/1.1" 200 4228 "https://marketing.petersweb.me.uk/wp-admin/edit.php?post_type=product" "Mozilla/5.0 (Windows NT 10.0; WOW64) AppleWebKit/537.36 (KHTML, like Gecko) Chrome/74.0.3729.157 Safari/537.36"
77.72.0.74 - - [20/May/2019:15:16:44 +0100] "POST /wp-cron.php?doing_wp_cron=1558361804.7489581108093261718750 HTTP/1.1" 200 0 "https://marketing.petersweb.me.uk/wp-cron.php?doing_wp_cron=1558361804.7489581108093261718750" "WordPress/5.2; https://marketing.petersweb.me.uk"
192.173.3.114 - - [20/May/2019:15:16:44 +0100] "POST /wp-admin/admin-ajax.php HTTP/1.1" 200 47 "https://marketing.petersweb.me.uk/wp-admin/edit.php?post_type=product" "Mozilla/5.0 (Windows NT 10.0; WOW64) AppleWebKit/537.36 (KHTML, like Gecko) Chrome/74.0.3729.157 Safari/537.36"
77.72.0.74 - - [20/May/2019:15:16:49 +0100] "POST /wp-cron.php?doing_wp_cron=1558361808.9897100925445556640625 HTTP/1.1" 200 0 "https://marketing.petersweb.me.uk/wp-cron.php?doing_wp_cron=1558361808.9897100925445556640625" "WordPress/5.2; https://marketing.petersweb.me.uk"
192.173.3.114 - - [20/May/2019:15:16:48 +0100] "GET /wp-admin/post.php?post=6&action=edit HTTP/1.1" 200 47230 "https://marketing.petersweb.me.uk/wp-admin/edit.php?post_type=product" "Mozilla/5.0 (Windows NT 10.0; WOW64) AppleWebKit/537.36 (KHTML, like Gecko) Chrome/74.0.3729.157 Safari/537.36"
192.173.3.114 - - [20/May/2019:15:16:49 +0100] "GET /wp-content/plugins/woocommerce/assets/fonts/WooCommerce.woff HTTP/1.1" 304 0 "https://marketing.petersweb.me.uk/wp-content/plugins/woocommerce/assets/css/menu.css?ver=3.6.3" "Mozilla/5.0 (Windows NT 10.0; WOW64) AppleWebKit/537.36 (KHTML, like Gecko) Chrome/74.0.3729.157 Safari/537.36"
77.72.0.74 - - [20/May/2019:15:17:49 +0100] "POST /wp-cron.php?doing_wp_cron=1558361869.6538479328155517578125 HTTP/1.1" 200 0 "https://marketing.petersweb.me.uk/wp-cron.php?doing_wp_cron=1558361869.6538479328155517578125" "WordPress/5.2; https://marketing.petersweb.me.uk"
192.173.3.114 - - [20/May/2019:15:17:49 +0100] "POST /wp-admin/admin-ajax.php HTTP/1.1" 200 47 "https://marketing.petersweb.me.uk/wp-admin/post.php?post=6&action=edit" "Mozilla/5.0 (Windows NT 10.0; WOW64) AppleWebKit/537.36 (KHTML, like Gecko) Chrome/74.0.3729.157 Safari/537.36"
77.72.0.74 - - [20/May/2019:15:17:55 +0100] "POST /wp-cron.php?doing_wp_cron=1558361875.9450399875640869140625 HTTP/1.1" 200 0 "https://marketing.petersweb.me.uk/wp-cron.php?doing_wp_cron=1558361875.9450399875640869140625" "WordPress/5.2; https://marketing.petersweb.me.uk"
192.173.3.114 - - [20/May/2019:15:17:55 +0100] "POST /wp-admin/admin-ajax.php HTTP/1.1" 200 5 "https://marketing.petersweb.me.uk/wp-admin/post.php?post=6&action=edit" "Mozilla/5.0 (Windows NT 10.0; WOW64) AppleWebKit/537.36 (KHTML, like Gecko) Chrome/74.0.3729.157 Safari/537.36"
77.72.0.74 - - [20/May/2019:15:17:56 +0100] "POST /wp-cron.php?doing_wp_cron=1558361876.0979270935058593750000 HTTP/1.1" 200 0 "https://marketing.petersweb.me.uk/wp-cron.php?doing_wp_cron=1558361876.0979270935058593750000" "WordPress/5.2; https://marketing.petersweb.me.uk"
192.173.3.114 - - [20/May/2019:15:17:56 +0100] "POST /wp-admin/admin-ajax.php HTTP/1.1" 200 47 "https://marketing.petersweb.me.uk/wp-admin/edit.php?post_type=product" "Mozilla/5.0 (Windows NT 10.0; WOW64) AppleWebKit/537.36 (KHTML, like Gecko) Chrome/74.0.3729.157 Safari/537.36"
77.72.0.74 - - [20/May/2019:15:17:57 +0100] "POST /wp-cron.php?doing_wp_cron=1558361877.2978661060333251953125 HTTP/1.1" 200 0 "https://marketing.petersweb.me.uk/wp-cron.php?doing_wp_cron=1558361877.2978661060333251953125" "WordPress/5.2; https://marketing.petersweb.me.uk"
192.173.3.114 - - [20/May/2019:15:17:57 +0100] "POST /wp-admin/admin-ajax.php HTTP/1.1" 200 47 "https://marketing.petersweb.me.uk/wp-admin/edit.php?post_type=cartflows_flow" "Mozilla/5.0 (Windows NT 10.0; WOW64) AppleWebKit/537.36 (KHTML, like Gecko) Chrome/74.0.3729.157 Safari/537.36"
77.72.0.74 - - [20/May/2019:15:18:05 +0100] "POST /wp-cron.php?doing_wp_cron=1558361885.8129858970642089843750 HTTP/1.1" 200 0 "https://marketing.petersweb.me.uk/wp-cron.php?doing_wp_cron=1558361885.8129858970642089843750" "WordPress/5.2; https://marketing.petersweb.me.uk"
192.173.3.114 - - [20/May/2019:15:18:05 +0100] "GET /wp-admin/post.php?post=14&action=edit HTTP/1.1" 200 34032 "https://marketing.petersweb.me.uk/wp-admin/edit.php?post_type=cartflows_flow" "Mozilla/5.0 (Windows NT 10.0; WOW64) AppleWebKit/537.36 (KHTML, like Gecko) Chrome/74.0.3729.157 Safari/537.36"
192.173.3.114 - - [20/May/2019:15:18:06 +0100] "GET /wp-content/plugins/cartflows/admin/assets/fonts/cartflows-logo-icon.ttf?kxnn1n HTTP/1.1" 304 0 "https://marketing.petersweb.me.uk/wp-content/plugins/cartflows/admin/assets/css/global-admin.css?ver=1.1.18" "Mozilla/5.0 (Windows NT 10.0; WOW64) AppleWebKit/537.36 (KHTML, like Gecko) Chrome/74.0.3729.157 Safari/537.36"
77.72.0.74 - - [20/May/2019:15:18:12 +0100] "POST /wp-cron.php?doing_wp_cron=1558361892.0344169139862060546875 HTTP/1.1" 200 0 "https://marketing.petersweb.me.uk/wp-cron.php?doing_wp_cron=1558361892.0344169139862060546875" "WordPress/5.2; https://marketing.petersweb.me.uk"
192.173.3.114 - - [20/May/2019:15:18:11 +0100] "GET /wp-admin/post.php?post=15&action=edit HTTP/1.1" 200 55570 "https://marketing.petersweb.me.uk/wp-admin/post.php?post=14&action=edit" "Mozilla/5.0 (Windows NT 10.0; WOW64) AppleWebKit/537.36 (KHTML, like Gecko) Chrome/74.0.3729.157 Safari/537.36"
77.72.0.74 - - [20/May/2019:15:18:12 +0100] "POST /wp-cron.php?doing_wp_cron=1558361892.3064060211181640625000 HTTP/1.1" 200 0 "https://marketing.petersweb.me.uk/wp-cron.php?doing_wp_cron=1558361892.3064060211181640625000" "WordPress/5.2; https://marketing.petersweb.me.uk"
192.173.3.114 - - [20/May/2019:15:18:12 +0100] "POST /wp-admin/admin-ajax.php HTTP/1.1" 200 5 "https://marketing.petersweb.me.uk/wp-admin/post.php?post=14&action=edit" "Mozilla/5.0 (Windows NT 10.0; WOW64) AppleWebKit/537.36 (KHTML, like Gecko) Chrome/74.0.3729.157 Safari/537.36"
77.72.0.74 - - [20/May/2019:15:18:45 +0100] "POST /wp-cron.php?doing_wp_cron=1558361925.0032229423522949218750 HTTP/1.1" 200 0 "https://marketing.petersweb.me.uk/wp-cron.php?doing_wp_cron=1558361925.0032229423522949218750" "WordPress/5.2; https://marketing.petersweb.me.uk"
192.173.3.114 - - [20/May/2019:15:18:44 +0100] "GET /wp-admin/post.php?post=15&action=elementor HTTP/1.1" 200 84260 "https://marketing.petersweb.me.uk/wp-admin/post.php?post=15&action=edit" "Mozilla/5.0 (Windows NT 10.0; WOW64) AppleWebKit/537.36 (KHTML, like Gecko) Chrome/74.0.3729.157 Safari/537.36"
77.72.0.74 - - [20/May/2019:15:18:45 +0100] "POST /wp-cron.php?doing_wp_cron=1558361925.2352049350738525390625 HTTP/1.1" 200 0 "https://marketing.petersweb.me.uk/wp-cron.php?doing_wp_cron=1558361925.2352049350738525390625" "WordPress/5.2; https://marketing.petersweb.me.uk"
192.173.3.114 - - [20/May/2019:15:18:45 +0100] "POST /wp-admin/admin-ajax.php HTTP/1.1" 200 5 "https://marketing.petersweb.me.uk/wp-admin/post.php?post=15&action=edit" "Mozilla/5.0 (Windows NT 10.0; WOW64) AppleWebKit/537.36 (KHTML, like Gecko) Chrome/74.0.3729.157 Safari/537.36"
77.72.0.74 - - [20/May/2019:15:18:45 +0100] "POST /wp-cron.php?doing_wp_cron=1558361925.4343318939208984375000 HTTP/1.1" 200 0 "https://marketing.petersweb.me.uk/wp-cron.php?doing_wp_cron=1558361925.4343318939208984375000" "WordPress/5.2; https://marketing.petersweb.me.uk"
192.173.3.114 - - [20/May/2019:15:18:45 +0100] "GET /?cartflows_step=checkout-page-2&elementor-preview=15&ver=1558361925 HTTP/1.1" 200 18719 "https://marketing.petersweb.me.uk/wp-admin/post.php?post=15&action=elementor" "Mozilla/5.0 (Windows NT 10.0; WOW64) AppleWebKit/537.36 (KHTML, like Gecko) Chrome/74.0.3729.157 Safari/537.36"
77.72.0.74 - - [20/May/2019:15:18:45 +0100] "POST /wp-cron.php?doing_wp_cron=1558361925.9313170909881591796875 HTTP/1.1" 200 0 "https://marketing.petersweb.me.uk/wp-cron.php?doing_wp_cron=1558361925.9313170909881591796875" "WordPress/5.2; https://marketing.petersweb.me.uk"
192.173.3.114 - - [20/May/2019:15:18:45 +0100] "POST /wp-admin/admin-ajax.php HTTP/1.1" 200 37786 "https://marketing.petersweb.me.uk/wp-admin/post.php?post=15&action=elementor" "Mozilla/5.0 (Windows NT 10.0; WOW64) AppleWebKit/537.36 (KHTML, like Gecko) Chrome/74.0.3729.157 Safari/537.36"
77.72.0.74 - - [20/May/2019:15:18:50 +0100] "POST /wp-cron.php?doing_wp_cron=1558361930.0046250820159912109375 HTTP/1.1" 200 0 "https://marketing.petersweb.me.uk/wp-cron.php?doing_wp_cron=1558361930.0046250820159912109375" "WordPress/5.2; https://marketing.petersweb.me.uk"
192.173.3.114 - - [20/May/2019:15:18:49 +0100] "POST /wp-admin/admin-ajax.php HTTP/1.1" 200 71 "https://marketing.petersweb.me.uk/wp-admin/post.php?post=15&action=elementor" "Mozilla/5.0 (Windows NT 10.0; WOW64) AppleWebKit/537.36 (KHTML, like Gecko) Chrome/74.0.3729.157 Safari/537.36"
77.72.0.74 - - [20/May/2019:15:18:54 +0100] "POST /wp-cron.php?doing_wp_cron=1558361934.4978229999542236328125 HTTP/1.1" 200 0 "https://marketing.petersweb.me.uk/wp-cron.php?doing_wp_cron=1558361934.4978229999542236328125" "WordPress/5.2; https://marketing.petersweb.me.uk"
192.173.3.114 - - [20/May/2019:15:18:54 +0100] "GET /wp-admin/post.php?post=15&action=edit HTTP/1.1" 200 55603 "https://marketing.petersweb.me.uk/wp-admin/post.php?post=15&action=edit" "Mozilla/5.0 (Windows NT 10.0; WOW64) AppleWebKit/537.36 (KHTML, like Gecko) Chrome/74.0.3729.157 Safari/537.36"
192.173.3.114 - - [20/May/2019:15:18:54 +0100] "GET /wp-content/plugins/woocommerce/assets/fonts/WooCommerce.woff HTTP/1.1" 200 14176 "https://marketing.petersweb.me.uk/wp-content/plugins/woocommerce/assets/css/menu.css?ver=3.6.3" "Mozilla/5.0 (Windows NT 10.0; WOW64) AppleWebKit/537.36 (KHTML, like Gecko) Chrome/74.0.3729.157 Safari/537.36"
77.72.0.74 - - [20/May/2019:15:19:04 +0100] "POST /wp-cron.php?doing_wp_cron=1558361944.8056681156158447265625 HTTP/1.1" 200 0 "https://marketing.petersweb.me.uk/wp-cron.php?doing_wp_cron=1558361944.8056681156158447265625" "WordPress/5.2; https://marketing.petersweb.me.uk"
192.173.3.114 - - [20/May/2019:15:19:04 +0100] "GET /?cartflows_step=checkout-page-2 HTTP/1.1" 200 25652 "https://marketing.petersweb.me.uk/wp-admin/post.php?post=15&action=edit" "Mozilla/5.0 (Windows NT 10.0; WOW64) AppleWebKit/537.36 (KHTML, like Gecko) Chrome/74.0.3729.157 Safari/537.36"
192.173.3.114 - - [20/May/2019:15:19:05 +0100] "GET /wp-content/uploads/elementor/css/post-15.css?ver=1558361945 HTTP/1.1" 200 35579 "https://marketing.petersweb.me.uk/?cartflows_step=checkout-page-2" "Mozilla/5.0 (Windows NT 10.0; WOW64) AppleWebKit/537.36 (KHTML, like Gecko) Chrome/74.0.3729.157 Safari/537.36"
77.72.0.74 - - [20/May/2019:15:19:05 +0100] "POST /wp-cron.php?doing_wp_cron=1558361945.2586610317230224609375 HTTP/1.1" 200 0 "https://marketing.petersweb.me.uk/wp-cron.php?doing_wp_cron=1558361945.2586610317230224609375" "WordPress/5.2; https://marketing.petersweb.me.uk"
192.173.3.114 - - [20/May/2019:15:19:05 +0100] "POST /wp-admin/admin-ajax.php HTTP/1.1" 200 5 "https://marketing.petersweb.me.uk/wp-admin/post.php?post=15&action=edit" "Mozilla/5.0 (Windows NT 10.0; WOW64) AppleWebKit/537.36 (KHTML, like Gecko) Chrome/74.0.3729.157 Safari/537.36"
77.72.0.74 - - [20/May/2019:15:19:08 +0100] "POST /wp-cron.php?doing_wp_cron=1558361948.2063689231872558593750 HTTP/1.1" 200 0 "https://marketing.petersweb.me.uk/wp-cron.php?doing_wp_cron=1558361948.2063689231872558593750" "WordPress/5.2; https://marketing.petersweb.me.uk"
192.173.3.114 - - [20/May/2019:15:19:08 +0100] "GET /wp-admin/post.php?post=15&action=elementor HTTP/1.1" 200 84275 "https://marketing.petersweb.me.uk/?cartflows_step=checkout-page-2" "Mozilla/5.0 (Windows NT 10.0; WOW64) AppleWebKit/537.36 (KHTML, like Gecko) Chrome/74.0.3729.157 Safari/537.36"
77.72.0.74 - - [20/May/2019:15:19:08 +0100] "POST /wp-cron.php?doing_wp_cron=1558361948.6345360279083251953125 HTTP/1.1" 200 0 "https://marketing.petersweb.me.uk/wp-cron.php?doing_wp_cron=1558361948.6345360279083251953125" "WordPress/5.2; https://marketing.petersweb.me.uk"
192.173.3.114 - - [20/May/2019:15:19:08 +0100] "GET /?cartflows_step=checkout-page-2&elementor-preview=15&ver=1558361948 HTTP/1.1" 200 18718 "https://marketing.petersweb.me.uk/wp-admin/post.php?post=15&action=elementor" "Mozilla/5.0 (Windows NT 10.0; WOW64) AppleWebKit/537.36 (KHTML, like Gecko) Chrome/74.0.3729.157 Safari/537.36"
77.72.0.74 - - [20/May/2019:15:19:09 +0100] "POST /wp-cron.php?doing_wp_cron=1558361949.1479690074920654296875 HTTP/1.1" 200 0 "https://marketing.petersweb.me.uk/wp-cron.php?doing_wp_cron=1558361949.1479690074920654296875" "WordPress/5.2; https://marketing.petersweb.me.uk"
192.173.3.114 - - [20/May/2019:15:19:09 +0100] "POST /wp-admin/admin-ajax.php HTTP/1.1" 200 37838 "https://marketing.petersweb.me.uk/wp-admin/post.php?post=15&action=elementor" "Mozilla/5.0 (Windows NT 10.0; WOW64) AppleWebKit/537.36 (KHTML, like Gecko) Chrome/74.0.3729.157 Safari/537.36"
77.72.0.74 - - [20/May/2019:15:19:18 +0100] "POST /wp-cron.php?doing_wp_cron=1558361958.0812189579010009765625 HTTP/1.1" 200 0 "https://marketing.petersweb.me.uk/wp-cron.php?doing_wp_cron=1558361958.0812189579010009765625" "WordPress/5.2; https://marketing.petersweb.me.uk"
192.173.3.114 - - [20/May/2019:15:19:18 +0100] "GET /wp-admin/post.php?post=15&action=edit HTTP/1.1" 200 55588 "https://marketing.petersweb.me.uk/wp-admin/post.php?post=15&action=edit" "Mozilla/5.0 (Windows NT 10.0; WOW64) AppleWebKit/537.36 (KHTML, like Gecko) Chrome/74.0.3729.157 Safari/537.36"
77.72.0.74 - - [20/May/2019:15:19:20 +0100] "POST /wp-cron.php?doing_wp_cron=1558361960.5670239925384521484375 HTTP/1.1" 200 0 "https://marketing.petersweb.me.uk/wp-cron.php?doing_wp_cron=1558361960.5670239925384521484375" "WordPress/5.2; https://marketing.petersweb.me.uk"
192.173.3.114 - - [20/May/2019:15:19:20 +0100] "POST /wp-admin/admin-ajax.php HTTP/1.1" 200 5 "https://marketing.petersweb.me.uk/wp-admin/post.php?post=15&action=edit" "Mozilla/5.0 (Windows NT 10.0; WOW64) AppleWebKit/537.36 (KHTML, like Gecko) Chrome/74.0.3729.157 Safari/537.36"
192.173.3.114 - - [20/May/2019:15:19:20 +0100] "GET /wp-admin/post.php?post=14&action=edit HTTP/1.1" 200 34051 "https://marketing.petersweb.me.uk/wp-admin/post.php?post=14&action=edit" "Mozilla/5.0 (Windows NT 10.0; WOW64) AppleWebKit/537.36 (KHTML, like Gecko) Chrome/74.0.3729.157 Safari/537.36"
192.173.3.114 - - [20/May/2019:15:19:20 +0100] "GET /wp-content/plugins/cartflows/admin/assets/fonts/cartflows-logo-icon.ttf?kxnn1n HTTP/1.1" 304 0 "https://marketing.petersweb.me.uk/wp-content/plugins/cartflows/admin/assets/css/global-admin.css?ver=1.1.18" "Mozilla/5.0 (Windows NT 10.0; WOW64) AppleWebKit/537.36 (KHTML, like Gecko) Chrome/74.0.3729.157 Safari/537.36"
77.72.0.74 - - [20/May/2019:15:19:22 +0100] "POST /wp-cron.php?doing_wp_cron=1558361962.3641579151153564453125 HTTP/1.1" 200 0 "https://marketing.petersweb.me.uk/wp-cron.php?doing_wp_cron=1558361962.3641579151153564453125" "WordPress/5.2; https://marketing.petersweb.me.uk"
192.173.3.114 - - [20/May/2019:15:19:22 +0100] "POST /wp-admin/admin-ajax.php HTTP/1.1" 200 5 "https://marketing.petersweb.me.uk/wp-admin/post.php?post=14&action=edit" "Mozilla/5.0 (Windows NT 10.0; WOW64) AppleWebKit/537.36 (KHTML, like Gecko) Chrome/74.0.3729.157 Safari/537.36"
77.72.0.74 - - [20/May/2019:15:19:22 +0100] "POST /wp-cron.php?doing_wp_cron=1558361962.5140910148620605468750 HTTP/1.1" 200 0 "https://marketing.petersweb.me.uk/wp-cron.php?doing_wp_cron=1558361962.5140910148620605468750" "WordPress/5.2; https://marketing.petersweb.me.uk"
192.173.3.114 - - [20/May/2019:15:19:22 +0100] "POST /wp-admin/admin-ajax.php HTTP/1.1" 200 47 "https://marketing.petersweb.me.uk/wp-admin/edit.php?post_type=cartflows_flow" "Mozilla/5.0 (Windows NT 10.0; WOW64) AppleWebKit/537.36 (KHTML, like Gecko) Chrome/74.0.3729.157 Safari/537.36"
77.72.0.74 - - [20/May/2019:15:19:35 +0100] "POST /wp-cron.php?doing_wp_cron=1558361975.3408019542694091796875 HTTP/1.1" 200 0 "https://marketing.petersweb.me.uk/wp-cron.php?doing_wp_cron=1558361975.3408019542694091796875" "WordPress/5.2; https://marketing.petersweb.me.uk"
192.173.3.114 - - [20/May/2019:15:19:35 +0100] "GET /wp-admin/edit.php?s=&post_status=all&post_type=cartflows_flow&_wpnonce=caf0e38bbb&_wp_http_referer=%2Fwp-admin%2Fedit.php%3Fpost_type%3Dcartflows_flow&action=trash&m=0&paged=1&post%5B%5D=14&post%5B%5D=10&action2=-1 HTTP/1.1" 302 0 "https://marketing.petersweb.me.uk/wp-admin/edit.php?post_type=cartflows_flow" "Mozilla/5.0 (Windows NT 10.0; WOW64) AppleWebKit/537.36 (KHTML, like Gecko) Chrome/74.0.3729.157 Safari/537.36"
77.72.0.74 - - [20/May/2019:15:19:35 +0100] "POST /wp-cron.php?doing_wp_cron=1558361975.6244680881500244140625 HTTP/1.1" 200 0 "https://marketing.petersweb.me.uk/wp-cron.php?doing_wp_cron=1558361975.6244680881500244140625" "WordPress/5.2; https://marketing.petersweb.me.uk"
192.173.3.114 - - [20/May/2019:15:19:35 +0100] "GET /wp-admin/edit.php?post_type=cartflows_flow&paged=1&trashed=2&ids=14%2C10&locked=0 HTTP/1.1" 200 19030 "https://marketing.petersweb.me.uk/wp-admin/edit.php?post_type=cartflows_flow" "Mozilla/5.0 (Windows NT 10.0; WOW64) AppleWebKit/537.36 (KHTML, like Gecko) Chrome/74.0.3729.157 Safari/537.36"
77.72.0.74 - - [20/May/2019:15:19:35 +0100] "POST /wp-cron.php?doing_wp_cron=1558361975.9343569278717041015625 HTTP/1.1" 200 0 "https://marketing.petersweb.me.uk/wp-cron.php?doing_wp_cron=1558361975.9343569278717041015625" "WordPress/5.2; https://marketing.petersweb.me.uk"
192.173.3.114 - - [20/May/2019:15:19:35 +0100] "POST /wp-admin/admin-ajax.php HTTP/1.1" 200 47 "https://marketing.petersweb.me.uk/wp-admin/edit.php?post_type=cartflows_flow&paged=1&ids=14%2C10" "Mozilla/5.0 (Windows NT 10.0; WOW64) AppleWebKit/537.36 (KHTML, like Gecko) Chrome/74.0.3729.157 Safari/537.36"
77.72.0.74 - - [20/May/2019:15:19:46 +0100] "POST /wp-cron.php?doing_wp_cron=1558361986.8300709724426269531250 HTTP/1.1" 200 0 "https://marketing.petersweb.me.uk/wp-cron.php?doing_wp_cron=1558361986.8300709724426269531250" "WordPress/5.2; https://marketing.petersweb.me.uk"
192.173.3.114 - - [20/May/2019:15:19:46 +0100] "POST /wp-admin/admin-ajax.php HTTP/1.1" 200 26 "https://marketing.petersweb.me.uk/wp-admin/edit.php?post_type=cartflows_flow&paged=1&ids=14%2C10" "Mozilla/5.0 (Windows NT 10.0; WOW64) AppleWebKit/537.36 (KHTML, like Gecko) Chrome/74.0.3729.157 Safari/537.36"
77.72.0.74 - - [20/May/2019:15:19:50 +0100] "POST /wp-cron.php?doing_wp_cron=1558361990.8486180305480957031250 HTTP/1.1" 200 0 "https://marketing.petersweb.me.uk/wp-cron.php?doing_wp_cron=1558361990.8486180305480957031250" "WordPress/5.2; https://marketing.petersweb.me.uk"
192.173.3.114 - - [20/May/2019:15:19:50 +0100] "POST /wp-admin/admin-ajax.php HTTP/1.1" 200 47 "https://marketing.petersweb.me.uk/wp-admin/edit.php?post_type=cartflows_flow&paged=1&ids=14%2C10" "Mozilla/5.0 (Windows NT 10.0; WOW64) AppleWebKit/537.36 (KHTML, like Gecko) Chrome/74.0.3729.157 Safari/537.36"
192.173.3.114 - - [20/May/2019:15:19:50 +0100] "GET /wp-admin/post.php?post=39&action=edit HTTP/1.1" 200 34238 "https://marketing.petersweb.me.uk/wp-admin/edit.php?post_type=cartflows_flow&paged=1&ids=14%2C10" "Mozilla/5.0 (Windows NT 10.0; WOW64) AppleWebKit/537.36 (KHTML, like Gecko) Chrome/74.0.3729.157 Safari/537.36"
77.72.0.74 - - [20/May/2019:15:20:21 +0100] "POST /wp-cron.php?doing_wp_cron=1558362021.5536038875579833984375 HTTP/1.1" 200 0 "https://marketing.petersweb.me.uk/wp-cron.php?doing_wp_cron=1558362021.5536038875579833984375" "WordPress/5.2; https://marketing.petersweb.me.uk"
192.173.3.114 - - [20/May/2019:15:20:21 +0100] "POST /wp-admin/post.php HTTP/1.1" 302 0 "https://marketing.petersweb.me.uk/wp-admin/post.php?post=39&action=edit" "Mozilla/5.0 (Windows NT 10.0; WOW64) AppleWebKit/537.36 (KHTML, like Gecko) Chrome/74.0.3729.157 Safari/537.36"
77.72.0.74 - - [20/May/2019:15:20:21 +0100] "POST /wp-cron.php?doing_wp_cron=1558362021.7429969310760498046875 HTTP/1.1" 200 0 "https://marketing.petersweb.me.uk/wp-cron.php?doing_wp_cron=1558362021.7429969310760498046875" "WordPress/5.2; https://marketing.petersweb.me.uk"
192.173.3.114 - - [20/May/2019:15:20:21 +0100] "GET /wp-admin/post.php?post=39&action=edit&message=1 HTTP/1.1" 200 34184 "https://marketing.petersweb.me.uk/wp-admin/post.php?post=39&action=edit" "Mozilla/5.0 (Windows NT 10.0; WOW64) AppleWebKit/537.36 (KHTML, like Gecko) Chrome/74.0.3729.157 Safari/537.36"
77.72.0.74 - - [20/May/2019:15:20:22 +0100] "POST /wp-cron.php?doing_wp_cron=1558362022.0898749828338623046875 HTTP/1.1" 200 0 "https://marketing.petersweb.me.uk/wp-cron.php?doing_wp_cron=1558362022.0898749828338623046875" "WordPress/5.2; https://marketing.petersweb.me.uk"
192.173.3.114 - - [20/May/2019:15:20:22 +0100] "GET /wp-admin/admin-ajax.php?action=oembed-cache&post=39 HTTP/1.1" 200 5 "https://marketing.petersweb.me.uk/wp-admin/post.php?post=39&action=edit" "Mozilla/5.0 (Windows NT 10.0; WOW64) AppleWebKit/537.36 (KHTML, like Gecko) Chrome/74.0.3729.157 Safari/537.36"
77.72.0.74 - - [20/May/2019:15:20:34 +0100] "POST /wp-cron.php?doing_wp_cron=1558362034.5239338874816894531250 HTTP/1.1" 200 0 "https://marketing.petersweb.me.uk/wp-cron.php?doing_wp_cron=1558362034.5239338874816894531250" "WordPress/5.2; https://marketing.petersweb.me.uk"
192.173.3.114 - - [20/May/2019:15:20:34 +0100] "GET /wp-admin/post.php?post=40&action=edit HTTP/1.1" 200 44532 "https://marketing.petersweb.me.uk/wp-admin/post.php?post=39&action=edit" "Mozilla/5.0 (Windows NT 10.0; WOW64) AppleWebKit/537.36 (KHTML, like Gecko) Chrome/74.0.3729.157 Safari/537.36"
77.72.0.74 - - [20/May/2019:15:20:34 +0100] "POST /wp-cron.php?doing_wp_cron=1558362034.7718799114227294921875 HTTP/1.1" 200 0 "https://marketing.petersweb.me.uk/wp-cron.php?doing_wp_cron=1558362034.7718799114227294921875" "WordPress/5.2; https://marketing.petersweb.me.uk"
192.173.3.114 - - [20/May/2019:15:20:34 +0100] "POST /wp-admin/admin-ajax.php HTTP/1.1" 200 5 "https://marketing.petersweb.me.uk/wp-admin/post.php?post=39&action=edit" "Mozilla/5.0 (Windows NT 10.0; WOW64) AppleWebKit/537.36 (KHTML, like Gecko) Chrome/74.0.3729.157 Safari/537.36"
77.72.0.74 - - [20/May/2019:15:20:41 +0100] "POST /wp-cron.php?doing_wp_cron=1558362041.5966169834136962890625 HTTP/1.1" 200 0 "https://marketing.petersweb.me.uk/wp-cron.php?doing_wp_cron=1558362041.5966169834136962890625" "WordPress/5.2; https://marketing.petersweb.me.uk"
192.173.3.114 - - [20/May/2019:15:20:41 +0100] "GET /wp-admin/post.php?post=39&action=edit HTTP/1.1" 200 34102 "https://marketing.petersweb.me.uk/wp-admin/post.php?post=40&action=edit" "Mozilla/5.0 (Windows NT 10.0; WOW64) AppleWebKit/537.36 (KHTML, like Gecko) Chrome/74.0.3729.157 Safari/537.36"
77.72.0.74 - - [20/May/2019:15:20:41 +0100] "POST /wp-cron.php?doing_wp_cron=1558362041.8423008918762207031250 HTTP/1.1" 200 0 "https://marketing.petersweb.me.uk/wp-cron.php?doing_wp_cron=1558362041.8423008918762207031250" "WordPress/5.2; https://marketing.petersweb.me.uk"
192.173.3.114 - - [20/May/2019:15:20:41 +0100] "POST /wp-admin/admin-ajax.php HTTP/1.1" 200 5 "https://marketing.petersweb.me.uk/wp-admin/post.php?post=40&action=edit" "Mozilla/5.0 (Windows NT 10.0; WOW64) AppleWebKit/537.36 (KHTML, like Gecko) Chrome/74.0.3729.157 Safari/537.36"
77.72.0.74 - - [20/May/2019:15:20:59 +0100] "POST /wp-cron.php?doing_wp_cron=1558362059.2161738872528076171875 HTTP/1.1" 200 0 "https://marketing.petersweb.me.uk/wp-cron.php?doing_wp_cron=1558362059.2161738872528076171875" "WordPress/5.2; https://marketing.petersweb.me.uk"
192.173.3.114 - - [20/May/2019:15:20:59 +0100] "POST /wp-admin/admin-ajax.php HTTP/1.1" 200 26 "https://marketing.petersweb.me.uk/wp-admin/post.php?post=39&action=edit" "Mozilla/5.0 (Windows NT 10.0; WOW64) AppleWebKit/537.36 (KHTML, like Gecko) Chrome/74.0.3729.157 Safari/537.36"
77.72.0.74 - - [20/May/2019:15:21:01 +0100] "POST /wp-admin/admin-ajax.php?action=wp_cartflows_elementor_image_process&nonce=f09f27037b HTTP/1.1" 200 0 "https://marketing.petersweb.me.uk/wp-admin/admin-ajax.php?action=wp_cartflows_elementor_image_process&nonce=f09f27037b" "WordPress/5.2; https://marketing.petersweb.me.uk"
192.173.3.114 - - [20/May/2019:15:21:05 +0100] "GET /wp-admin/post.php?post=39&action=edit&highlight-step-id=43 HTTP/1.1" 200 34138 "https://marketing.petersweb.me.uk/wp-admin/post.php?post=39&action=edit" "Mozilla/5.0 (Windows NT 10.0; WOW64) AppleWebKit/537.36 (KHTML, like Gecko) Chrome/74.0.3729.157 Safari/537.36"
192.173.3.114 - - [20/May/2019:15:21:06 +0100] "POST /wp-admin/admin-ajax.php HTTP/1.1" 200 5 "https://marketing.petersweb.me.uk/wp-admin/post.php?post=39&action=edit" "Mozilla/5.0 (Windows NT 10.0; WOW64) AppleWebKit/537.36 (KHTML, like Gecko) Chrome/74.0.3729.157 Safari/537.36"
