77.72.0.74 - - [20/May/2019:15:21:02 +0100] "POST /wp-cron.php?doing_wp_cron=1558362062.0326240062713623046875 HTTP/1.1" 500 0 "https://marketing.petersweb.me.uk/wp-cron.php?doing_wp_cron=1558362062.0326240062713623046875" "WordPress/5.2; https://marketing.petersweb.me.uk"
192.173.3.114 - - [20/May/2019:15:21:19 +0100] "POST /wp-admin/admin-ajax.php HTTP/1.1" 200 51 "https://marketing.petersweb.me.uk/wp-admin/post.php?post=39&action=edit&highlight-step-id=43" "Mozilla/5.0 (Windows NT 10.0; WOW64) AppleWebKit/537.36 (KHTML, like Gecko) Chrome/74.0.3729.157 Safari/537.36"
192.173.3.114 - - [20/May/2019:15:21:25 +0100] "POST /wp-admin/admin-ajax.php HTTP/1.1" 200 51 "https://marketing.petersweb.me.uk/wp-admin/post.php?post=39&action=edit&highlight-step-id=43" "Mozilla/5.0 (Windows NT 10.0; WOW64) AppleWebKit/537.36 (KHTML, like Gecko) Chrome/74.0.3729.157 Safari/537.36"
192.173.3.114 - - [20/May/2019:15:21:29 +0100] "GET /wp-admin/post.php?post=41&action=edit HTTP/1.1" 200 55227 "https://marketing.petersweb.me.uk/wp-admin/post.php?post=39&action=edit&highlight-step-id=43" "Mozilla/5.0 (Windows NT 10.0; WOW64) AppleWebKit/537.36 (KHTML, like Gecko) Chrome/74.0.3729.157 Safari/537.36"
192.173.3.114 - - [20/May/2019:15:21:30 +0100] "POST /wp-admin/admin-ajax.php HTTP/1.1" 200 5 "https://marketing.petersweb.me.uk/wp-admin/post.php?post=39&action=edit&highlight-step-id=43" "Mozilla/5.0 (Windows NT 10.0; WOW64) AppleWebKit/537.36 (KHTML, like Gecko) Chrome/74.0.3729.157 Safari/537.36"
192.173.3.114 - - [20/May/2019:15:21:30 +0100] "GET /wp-content/plugins/woocommerce/assets/fonts/WooCommerce.woff HTTP/1.1" 304 0 "https://marketing.petersweb.me.uk/wp-content/plugins/woocommerce/assets/css/admin.css?ver=3.6.3" "Mozilla/5.0 (Windows NT 10.0; WOW64) AppleWebKit/537.36 (KHTML, like Gecko) Chrome/74.0.3729.157 Safari/537.36"
192.173.3.114 - - [20/May/2019:15:21:51 +0100] "GET /wp-admin/admin-ajax.php?term=pre&action=woocommerce_json_search_products_and_variations&security=4a50acba9e HTTP/1.1" 200 33 "https://marketing.petersweb.me.uk/wp-admin/post.php?post=41&action=edit" "Mozilla/5.0 (Windows NT 10.0; WOW64) AppleWebKit/537.36 (KHTML, like Gecko) Chrome/74.0.3729.157 Safari/537.36"
192.173.3.114 - - [20/May/2019:15:21:58 +0100] "POST /wp-admin/post.php HTTP/1.1" 302 0 "https://marketing.petersweb.me.uk/wp-admin/post.php?post=41&action=edit" "Mozilla/5.0 (Windows NT 10.0; WOW64) AppleWebKit/537.36 (KHTML, like Gecko) Chrome/74.0.3729.157 Safari/537.36"
192.173.3.114 - - [20/May/2019:15:21:58 +0100] "GET /wp-admin/post.php?post=41&action=edit&message=1 HTTP/1.1" 200 55380 "https://marketing.petersweb.me.uk/wp-admin/post.php?post=41&action=edit" "Mozilla/5.0 (Windows NT 10.0; WOW64) AppleWebKit/537.36 (KHTML, like Gecko) Chrome/74.0.3729.157 Safari/537.36"
192.173.3.114 - - [20/May/2019:15:21:58 +0100] "POST /wp-admin/admin-ajax.php HTTP/1.1" 200 5 "https://marketing.petersweb.me.uk/wp-admin/post.php?post=41&action=edit" "Mozilla/5.0 (Windows NT 10.0; WOW64) AppleWebKit/537.36 (KHTML, like Gecko) Chrome/74.0.3729.157 Safari/537.36"
192.173.3.114 - - [20/May/2019:15:21:59 +0100] "GET /wp-admin/admin-ajax.php?action=oembed-cache&post=41 HTTP/1.1" 200 5 "https://marketing.petersweb.me.uk/wp-admin/post.php?post=41&action=edit" "Mozilla/5.0 (Windows NT 10.0; WOW64) AppleWebKit/537.36 (KHTML, like Gecko) Chrome/74.0.3729.157 Safari/537.36"
77.72.0.74 - - [20/May/2019:15:22:04 +0100] "POST /wp-cron.php?doing_wp_cron=1558362124.3916499614715576171875 HTTP/1.1" 200 0 "https://marketing.petersweb.me.uk/wp-cron.php?doing_wp_cron=1558362124.3916499614715576171875" "WordPress/5.2; https://marketing.petersweb.me.uk"
192.173.3.114 - - [20/May/2019:15:22:04 +0100] "GET /?cartflows_step=checkout-page HTTP/1.1" 200 21523 "https://marketing.petersweb.me.uk/wp-admin/post.php?post=41&action=edit" "Mozilla/5.0 (Windows NT 10.0; WOW64) AppleWebKit/537.36 (KHTML, like Gecko) Chrome/74.0.3729.157 Safari/537.36"
77.72.0.74 - - [20/May/2019:15:22:04 +0100] "POST /wp-cron.php?doing_wp_cron=1558362124.6942210197448730468750 HTTP/1.1" 200 0 "https://marketing.petersweb.me.uk/wp-cron.php?doing_wp_cron=1558362124.6942210197448730468750" "WordPress/5.2; https://marketing.petersweb.me.uk"
192.173.3.114 - - [20/May/2019:15:22:04 +0100] "POST /wp-admin/admin-ajax.php HTTP/1.1" 200 5 "https://marketing.petersweb.me.uk/wp-admin/post.php?post=41&action=edit" "Mozilla/5.0 (Windows NT 10.0; WOW64) AppleWebKit/537.36 (KHTML, like Gecko) Chrome/74.0.3729.157 Safari/537.36"
77.72.0.74 - - [20/May/2019:15:22:09 +0100] "POST /wp-cron.php?doing_wp_cron=1558362129.4891860485076904296875 HTTP/1.1" 200 0 "https://marketing.petersweb.me.uk/wp-cron.php?doing_wp_cron=1558362129.4891860485076904296875" "WordPress/5.2; https://marketing.petersweb.me.uk"
192.173.3.114 - - [20/May/2019:15:22:09 +0100] "GET /wp-admin/post.php?post=41&action=edit HTTP/1.1" 200 55237 "https://marketing.petersweb.me.uk/?cartflows_step=checkout-page" "Mozilla/5.0 (Windows NT 10.0; WOW64) AppleWebKit/537.36 (KHTML, like Gecko) Chrome/74.0.3729.157 Safari/537.36"
77.72.0.74 - - [20/May/2019:15:22:13 +0100] "POST /wp-cron.php?doing_wp_cron=1558362132.9975049495697021484375 HTTP/1.1" 200 0 "https://marketing.petersweb.me.uk/wp-cron.php?doing_wp_cron=1558362132.9975049495697021484375" "WordPress/5.2; https://marketing.petersweb.me.uk"
192.173.3.114 - - [20/May/2019:15:22:12 +0100] "GET /wp-admin/post.php?post=39&action=edit HTTP/1.1" 200 34124 "https://marketing.petersweb.me.uk/wp-admin/post.php?post=41&action=edit" "Mozilla/5.0 (Windows NT 10.0; WOW64) AppleWebKit/537.36 (KHTML, like Gecko) Chrome/74.0.3729.157 Safari/537.36"
77.72.0.74 - - [20/May/2019:15:22:13 +0100] "POST /wp-cron.php?doing_wp_cron=1558362133.1978559494018554687500 HTTP/1.1" 200 0 "https://marketing.petersweb.me.uk/wp-cron.php?doing_wp_cron=1558362133.1978559494018554687500" "WordPress/5.2; https://marketing.petersweb.me.uk"
192.173.3.114 - - [20/May/2019:15:22:13 +0100] "GET /wp-content/plugins/cartflows/admin/assets/fonts/cartflows-logo-icon.ttf?kxnn1n HTTP/1.1" 304 0 "https://marketing.petersweb.me.uk/wp-content/plugins/cartflows/admin/assets/css/global-admin.css?ver=1.1.18" "Mozilla/5.0 (Windows NT 10.0; WOW64) AppleWebKit/537.36 (KHTML, like Gecko) Chrome/74.0.3729.157 Safari/537.36"
192.173.3.114 - - [20/May/2019:15:22:13 +0100] "POST /wp-admin/admin-ajax.php HTTP/1.1" 200 5 "https://marketing.petersweb.me.uk/wp-admin/post.php?post=41&action=edit" "Mozilla/5.0 (Windows NT 10.0; WOW64) AppleWebKit/537.36 (KHTML, like Gecko) Chrome/74.0.3729.157 Safari/537.36"
77.72.0.74 - - [20/May/2019:15:22:19 +0100] "POST /wp-cron.php?doing_wp_cron=1558362139.8187890052795410156250 HTTP/1.1" 200 0 "https://marketing.petersweb.me.uk/wp-cron.php?doing_wp_cron=1558362139.8187890052795410156250" "WordPress/5.2; https://marketing.petersweb.me.uk"
192.173.3.114 - - [20/May/2019:15:22:19 +0100] "GET /?cartflows_step=landing-2 HTTP/1.1" 200 12066 "https://marketing.petersweb.me.uk/wp-admin/post.php?post=39&action=edit" "Mozilla/5.0 (Windows NT 10.0; WOW64) AppleWebKit/537.36 (KHTML, like Gecko) Chrome/74.0.3729.157 Safari/537.36"
192.173.3.114 - - [20/May/2019:15:22:20 +0100] "GET /wp-content/uploads/elementor/css/global.css?ver=1558362139 HTTP/1.1" 200 588 "https://marketing.petersweb.me.uk/?cartflows_step=landing-2" "Mozilla/5.0 (Windows NT 10.0; WOW64) AppleWebKit/537.36 (KHTML, like Gecko) Chrome/74.0.3729.157 Safari/537.36"
192.173.3.114 - - [20/May/2019:15:22:20 +0100] "GET /wp-content/uploads/elementor/css/post-43.css?ver=1558362140 HTTP/1.1" 200 48571 "https://marketing.petersweb.me.uk/?cartflows_step=landing-2" "Mozilla/5.0 (Windows NT 10.0; WOW64) AppleWebKit/537.36 (KHTML, like Gecko) Chrome/74.0.3729.157 Safari/537.36"
192.173.3.114 - - [20/May/2019:15:22:20 +0100] "GET /wp-content/uploads/2019/05/world-space-free-img.png HTTP/1.1" 200 762 "https://marketing.petersweb.me.uk/?cartflows_step=landing-2" "Mozilla/5.0 (Windows NT 10.0; WOW64) AppleWebKit/537.36 (KHTML, like Gecko) Chrome/74.0.3729.157 Safari/537.36"
192.173.3.114 - - [20/May/2019:15:22:20 +0100] "GET /wp-content/uploads/2019/05/threefree-img.png HTTP/1.1" 200 15088 "https://marketing.petersweb.me.uk/?cartflows_step=landing-2" "Mozilla/5.0 (Windows NT 10.0; WOW64) AppleWebKit/537.36 (KHTML, like Gecko) Chrome/74.0.3729.157 Safari/537.36"
192.173.3.114 - - [20/May/2019:15:22:20 +0100] "GET /wp-content/uploads/2019/05/harvard-1.svg HTTP/1.1" 200 6786 "https://marketing.petersweb.me.uk/?cartflows_step=landing-2" "Mozilla/5.0 (Windows NT 10.0; WOW64) AppleWebKit/537.36 (KHTML, like Gecko) Chrome/74.0.3729.157 Safari/537.36"
192.173.3.114 - - [20/May/2019:15:22:20 +0100] "GET /wp-content/uploads/2019/05/forbes-1.svg HTTP/1.1" 200 4941 "https://marketing.petersweb.me.uk/?cartflows_step=landing-2" "Mozilla/5.0 (Windows NT 10.0; WOW64) AppleWebKit/537.36 (KHTML, like Gecko) Chrome/74.0.3729.157 Safari/537.36"
192.173.3.114 - - [20/May/2019:15:22:20 +0100] "GET /wp-content/uploads/2019/05/echos-1.svg HTTP/1.1" 200 2561 "https://marketing.petersweb.me.uk/?cartflows_step=landing-2" "Mozilla/5.0 (Windows NT 10.0; WOW64) AppleWebKit/537.36 (KHTML, like Gecko) Chrome/74.0.3729.157 Safari/537.36"
192.173.3.114 - - [20/May/2019:15:22:20 +0100] "GET /wp-content/uploads/2019/05/tribune-1.svg HTTP/1.1" 200 3264 "https://marketing.petersweb.me.uk/?cartflows_step=landing-2" "Mozilla/5.0 (Windows NT 10.0; WOW64) AppleWebKit/537.36 (KHTML, like Gecko) Chrome/74.0.3729.157 Safari/537.36"
192.173.3.114 - - [20/May/2019:15:22:20 +0100] "GET /wp-content/uploads/2019/05/cyberspace.png HTTP/1.1" 200 2141 "https://marketing.petersweb.me.uk/?cartflows_step=landing-2" "Mozilla/5.0 (Windows NT 10.0; WOW64) AppleWebKit/537.36 (KHTML, like Gecko) Chrome/74.0.3729.157 Safari/537.36"
192.173.3.114 - - [20/May/2019:15:22:20 +0100] "GET /wp-content/uploads/2019/05/stats-file-free-img.png HTTP/1.1" 200 1703 "https://marketing.petersweb.me.uk/?cartflows_step=landing-2" "Mozilla/5.0 (Windows NT 10.0; WOW64) AppleWebKit/537.36 (KHTML, like Gecko) Chrome/74.0.3729.157 Safari/537.36"
192.173.3.114 - - [20/May/2019:15:22:20 +0100] "GET /wp-content/uploads/2019/05/settings.png HTTP/1.1" 200 3630 "https://marketing.petersweb.me.uk/?cartflows_step=landing-2" "Mozilla/5.0 (Windows NT 10.0; WOW64) AppleWebKit/537.36 (KHTML, like Gecko) Chrome/74.0.3729.157 Safari/537.36"
192.173.3.114 - - [20/May/2019:15:22:20 +0100] "GET /wp-content/uploads/2019/05/manage-wheel-free-img.png HTTP/1.1" 200 1694 "https://marketing.petersweb.me.uk/?cartflows_step=landing-2" "Mozilla/5.0 (Windows NT 10.0; WOW64) AppleWebKit/537.36 (KHTML, like Gecko) Chrome/74.0.3729.157 Safari/537.36"
192.173.3.114 - - [20/May/2019:15:22:20 +0100] "GET /wp-content/uploads/2019/05/clouds.png HTTP/1.1" 200 2391 "https://marketing.petersweb.me.uk/?cartflows_step=landing-2" "Mozilla/5.0 (Windows NT 10.0; WOW64) AppleWebKit/537.36 (KHTML, like Gecko) Chrome/74.0.3729.157 Safari/537.36"
192.173.3.114 - - [20/May/2019:15:22:20 +0100] "GET /wp-content/uploads/2019/05/technology-free-img.png HTTP/1.1" 200 1654 "https://marketing.petersweb.me.uk/?cartflows_step=landing-2" "Mozilla/5.0 (Windows NT 10.0; WOW64) AppleWebKit/537.36 (KHTML, like Gecko) Chrome/74.0.3729.157 Safari/537.36"
192.173.3.114 - - [20/May/2019:15:22:20 +0100] "GET /wp-content/uploads/2019/05/author-1.png HTTP/1.1" 200 9260 "https://marketing.petersweb.me.uk/?cartflows_step=landing-2" "Mozilla/5.0 (Windows NT 10.0; WOW64) AppleWebKit/537.36 (KHTML, like Gecko) Chrome/74.0.3729.157 Safari/537.36"
192.173.3.114 - - [20/May/2019:15:22:20 +0100] "GET /wp-content/uploads/2019/05/author-2.png HTTP/1.1" 200 9961 "https://marketing.petersweb.me.uk/?cartflows_step=landing-2" "Mozilla/5.0 (Windows NT 10.0; WOW64) AppleWebKit/537.36 (KHTML, like Gecko) Chrome/74.0.3729.157 Safari/537.36"
192.173.3.114 - - [20/May/2019:15:22:20 +0100] "GET /wp-content/uploads/2019/05/overlay-graphic2-free-img.png HTTP/1.1" 200 12896 "https://marketing.petersweb.me.uk/wp-content/uploads/elementor/css/post-43.css?ver=1558362140" "Mozilla/5.0 (Windows NT 10.0; WOW64) AppleWebKit/537.36 (KHTML, like Gecko) Chrome/74.0.3729.157 Safari/537.36"
192.173.3.114 - - [20/May/2019:15:22:20 +0100] "GET /wp-content/uploads/2019/05/bg-vector.png HTTP/1.1" 200 2323 "https://marketing.petersweb.me.uk/wp-content/uploads/elementor/css/post-43.css?ver=1558362140" "Mozilla/5.0 (Windows NT 10.0; WOW64) AppleWebKit/537.36 (KHTML, like Gecko) Chrome/74.0.3729.157 Safari/537.36"
192.173.3.114 - - [20/May/2019:15:22:20 +0100] "GET /wp-content/plugins/elementor/assets/lib/font-awesome/fonts/fontawesome-webfont.woff2?v=4.7.0 HTTP/1.1" 304 0 "https://marketing.petersweb.me.uk/wp-content/plugins/elementor/assets/lib/font-awesome/css/font-awesome.min.css?ver=4.7.0" "Mozilla/5.0 (Windows NT 10.0; WOW64) AppleWebKit/537.36 (KHTML, like Gecko) Chrome/74.0.3729.157 Safari/537.36"
77.72.0.74 - - [20/May/2019:15:22:38 +0100] "POST /wp-cron.php?doing_wp_cron=1558362158.8239679336547851562500 HTTP/1.1" 200 0 "https://marketing.petersweb.me.uk/wp-cron.php?doing_wp_cron=1558362158.8239679336547851562500" "WordPress/5.2; https://marketing.petersweb.me.uk"
192.173.3.114 - - [20/May/2019:15:22:38 +0100] "GET /?cartflows_step=checkout-page HTTP/1.1" 200 21523 "https://marketing.petersweb.me.uk/?cartflows_step=landing-2" "Mozilla/5.0 (Windows NT 10.0; WOW64) AppleWebKit/537.36 (KHTML, like Gecko) Chrome/74.0.3729.157 Safari/537.36"
77.72.0.74 - - [20/May/2019:15:22:55 +0100] "POST /wp-cron.php?doing_wp_cron=1558362175.7187080383300781250000 HTTP/1.1" 200 0 "https://marketing.petersweb.me.uk/wp-cron.php?doing_wp_cron=1558362175.7187080383300781250000" "WordPress/5.2; https://marketing.petersweb.me.uk"
192.173.3.114 - - [20/May/2019:15:22:55 +0100] "GET /wp-admin/post.php?post=41&action=edit HTTP/1.1" 200 55254 "https://marketing.petersweb.me.uk/wp-admin/post.php?post=39&action=edit" "Mozilla/5.0 (Windows NT 10.0; WOW64) AppleWebKit/537.36 (KHTML, like Gecko) Chrome/74.0.3729.157 Safari/537.36"
77.72.0.74 - - [20/May/2019:15:22:56 +0100] "POST /wp-cron.php?doing_wp_cron=1558362175.9841470718383789062500 HTTP/1.1" 200 0 "https://marketing.petersweb.me.uk/wp-cron.php?doing_wp_cron=1558362175.9841470718383789062500" "WordPress/5.2; https://marketing.petersweb.me.uk"
192.173.3.114 - - [20/May/2019:15:22:55 +0100] "POST /wp-admin/admin-ajax.php HTTP/1.1" 200 5 "https://marketing.petersweb.me.uk/wp-admin/post.php?post=39&action=edit" "Mozilla/5.0 (Windows NT 10.0; WOW64) AppleWebKit/537.36 (KHTML, like Gecko) Chrome/74.0.3729.157 Safari/537.36"
77.72.0.74 - - [20/May/2019:15:23:09 +0100] "POST /wp-cron.php?doing_wp_cron=1558362189.6205000877380371093750 HTTP/1.1" 200 0 "https://marketing.petersweb.me.uk/wp-cron.php?doing_wp_cron=1558362189.6205000877380371093750" "WordPress/5.2; https://marketing.petersweb.me.uk"
192.173.3.114 - - [20/May/2019:15:23:09 +0100] "POST /wp-admin/admin-ajax.php HTTP/1.1" 200 5 "https://marketing.petersweb.me.uk/wp-admin/post.php?post=41&action=edit" "Mozilla/5.0 (Windows NT 10.0; WOW64) AppleWebKit/537.36 (KHTML, like Gecko) Chrome/74.0.3729.157 Safari/537.36"
192.173.3.114 - - [20/May/2019:15:23:09 +0100] "GET /wp-admin/post.php?post=39&action=edit HTTP/1.1" 200 34053 "https://marketing.petersweb.me.uk/wp-admin/post.php?post=39&action=edit" "Mozilla/5.0 (Windows NT 10.0; WOW64) AppleWebKit/537.36 (KHTML, like Gecko) Chrome/74.0.3729.157 Safari/537.36"
77.72.0.74 - - [20/May/2019:15:23:17 +0100] "POST /wp-cron.php?doing_wp_cron=1558362197.5546050071716308593750 HTTP/1.1" 200 0 "https://marketing.petersweb.me.uk/wp-cron.php?doing_wp_cron=1558362197.5546050071716308593750" "WordPress/5.2; https://marketing.petersweb.me.uk"
77.72.0.74 - - [20/May/2019:15:24:28 +0100] "POST /wp-cron.php?doing_wp_cron=1558362268.4827411174774169921875 HTTP/1.1" 200 0 "https://marketing.petersweb.me.uk/wp-cron.php?doing_wp_cron=1558362268.4827411174774169921875" "WordPress/5.2; https://marketing.petersweb.me.uk"
77.72.0.74 - - [20/May/2019:15:24:29 +0100] "POST /wp-cron.php?doing_wp_cron=1558362269.2573809623718261718750 HTTP/1.1" 200 0 "https://marketing.petersweb.me.uk/wp-cron.php?doing_wp_cron=1558362269.2573809623718261718750" "WordPress/5.2; https://marketing.petersweb.me.uk"
192.173.3.114 - - [20/May/2019:15:24:29 +0100] "POST /wp-admin/admin-ajax.php HTTP/1.1" 200 47 "https://marketing.petersweb.me.uk/wp-admin/post.php?post=39&action=edit" "Mozilla/5.0 (Windows NT 10.0; WOW64) AppleWebKit/537.36 (KHTML, like Gecko) Chrome/74.0.3729.157 Safari/537.36"
192.173.3.114 - - [20/May/2019:15:24:28 +0100] "POST /wp-admin/admin-ajax.php HTTP/1.1" 200 26 "https://marketing.petersweb.me.uk/wp-admin/post.php?post=39&action=edit" "Mozilla/5.0 (Windows NT 10.0; WOW64) AppleWebKit/537.36 (KHTML, like Gecko) Chrome/74.0.3729.157 Safari/537.36"
77.72.0.74 - - [20/May/2019:15:24:29 +0100] "POST /wp-admin/admin-ajax.php?action=wp_cartflows_elementor_image_process&nonce=f09f27037b HTTP/1.1" 200 0 "https://marketing.petersweb.me.uk/wp-admin/admin-ajax.php?action=wp_cartflows_elementor_image_process&nonce=f09f27037b" "WordPress/5.2; https://marketing.petersweb.me.uk"
77.72.0.74 - - [20/May/2019:15:24:29 +0100] "POST /wp-cron.php?doing_wp_cron=1558362269.9439549446105957031250 HTTP/1.1" 500 0 "https://marketing.petersweb.me.uk/wp-cron.php?doing_wp_cron=1558362269.9439549446105957031250" "WordPress/5.2; https://marketing.petersweb.me.uk"
192.173.3.114 - - [20/May/2019:15:24:33 +0100] "GET /wp-admin/post.php?post=39&action=edit&highlight-step-id=61 HTTP/1.1" 200 34030 "https://marketing.petersweb.me.uk/wp-admin/post.php?post=39&action=edit" "Mozilla/5.0 (Windows NT 10.0; WOW64) AppleWebKit/537.36 (KHTML, like Gecko) Chrome/74.0.3729.157 Safari/537.36"
192.173.3.114 - - [20/May/2019:15:24:34 +0100] "POST /wp-admin/admin-ajax.php HTTP/1.1" 200 5 "https://marketing.petersweb.me.uk/wp-admin/post.php?post=39&action=edit" "Mozilla/5.0 (Windows NT 10.0; WOW64) AppleWebKit/537.36 (KHTML, like Gecko) Chrome/74.0.3729.157 Safari/537.36"
192.173.3.114 - - [20/May/2019:15:24:44 +0100] "GET /wp-admin/post.php?post=61&action=edit HTTP/1.1" 200 55215 "https://marketing.petersweb.me.uk/wp-admin/post.php?post=39&action=edit&highlight-step-id=61" "Mozilla/5.0 (Windows NT 10.0; WOW64) AppleWebKit/537.36 (KHTML, like Gecko) Chrome/74.0.3729.157 Safari/537.36"
192.173.3.114 - - [20/May/2019:15:24:44 +0100] "POST /wp-admin/admin-ajax.php HTTP/1.1" 200 5 "https://marketing.petersweb.me.uk/wp-admin/post.php?post=39&action=edit&highlight-step-id=61" "Mozilla/5.0 (Windows NT 10.0; WOW64) AppleWebKit/537.36 (KHTML, like Gecko) Chrome/74.0.3729.157 Safari/537.36"
192.173.3.114 - - [20/May/2019:15:24:44 +0100] "GET /wp-content/plugins/woocommerce/assets/fonts/WooCommerce.woff HTTP/1.1" 304 0 "https://marketing.petersweb.me.uk/wp-content/plugins/woocommerce/assets/css/admin.css?ver=3.6.3" "Mozilla/5.0 (Windows NT 10.0; WOW64) AppleWebKit/537.36 (KHTML, like Gecko) Chrome/74.0.3729.157 Safari/537.36"
192.173.3.114 - - [20/May/2019:15:24:58 +0100] "GET /wp-admin/admin-ajax.php?term=pre&action=woocommerce_json_search_products_and_variations&security=4a50acba9e HTTP/1.1" 200 33 "https://marketing.petersweb.me.uk/wp-admin/post.php?post=61&action=edit" "Mozilla/5.0 (Windows NT 10.0; WOW64) AppleWebKit/537.36 (KHTML, like Gecko) Chrome/74.0.3729.157 Safari/537.36"
192.173.3.114 - - [20/May/2019:15:25:06 +0100] "POST /wp-admin/post.php HTTP/1.1" 302 0 "https://marketing.petersweb.me.uk/wp-admin/post.php?post=61&action=edit" "Mozilla/5.0 (Windows NT 10.0; WOW64) AppleWebKit/537.36 (KHTML, like Gecko) Chrome/74.0.3729.157 Safari/537.36"
192.173.3.114 - - [20/May/2019:15:25:06 +0100] "GET /wp-admin/post.php?post=61&action=edit&message=1 HTTP/1.1" 200 55412 "https://marketing.petersweb.me.uk/wp-admin/post.php?post=61&action=edit" "Mozilla/5.0 (Windows NT 10.0; WOW64) AppleWebKit/537.36 (KHTML, like Gecko) Chrome/74.0.3729.157 Safari/537.36"
192.173.3.114 - - [20/May/2019:15:25:06 +0100] "POST /wp-admin/admin-ajax.php HTTP/1.1" 200 5 "https://marketing.petersweb.me.uk/wp-admin/post.php?post=61&action=edit" "Mozilla/5.0 (Windows NT 10.0; WOW64) AppleWebKit/537.36 (KHTML, like Gecko) Chrome/74.0.3729.157 Safari/537.36"
192.173.3.114 - - [20/May/2019:15:25:06 +0100] "GET /wp-admin/admin-ajax.php?action=oembed-cache&post=61 HTTP/1.1" 200 5 "https://marketing.petersweb.me.uk/wp-admin/post.php?post=61&action=edit" "Mozilla/5.0 (Windows NT 10.0; WOW64) AppleWebKit/537.36 (KHTML, like Gecko) Chrome/74.0.3729.157 Safari/537.36"
192.173.3.114 - - [20/May/2019:15:25:13 +0100] "GET /?cartflows_step=checkout-2 HTTP/1.1" 200 24119 "https://marketing.petersweb.me.uk/wp-admin/post.php?post=61&action=edit" "Mozilla/5.0 (Windows NT 10.0; WOW64) AppleWebKit/537.36 (KHTML, like Gecko) Chrome/74.0.3729.157 Safari/537.36"
192.173.3.114 - - [20/May/2019:15:25:13 +0100] "POST /wp-admin/admin-ajax.php HTTP/1.1" 200 5 "https://marketing.petersweb.me.uk/wp-admin/post.php?post=61&action=edit" "Mozilla/5.0 (Windows NT 10.0; WOW64) AppleWebKit/537.36 (KHTML, like Gecko) Chrome/74.0.3729.157 Safari/537.36"
192.173.3.114 - - [20/May/2019:15:25:13 +0100] "GET /wp-content/uploads/elementor/css/global.css?ver=1558362313 HTTP/1.1" 200 4801 "https://marketing.petersweb.me.uk/?cartflows_step=checkout-2" "Mozilla/5.0 (Windows NT 10.0; WOW64) AppleWebKit/537.36 (KHTML, like Gecko) Chrome/74.0.3729.157 Safari/537.36"
192.173.3.114 - - [20/May/2019:15:25:13 +0100] "GET /wp-content/uploads/elementor/css/post-61.css?ver=1558362313 HTTP/1.1" 200 12830 "https://marketing.petersweb.me.uk/?cartflows_step=checkout-2" "Mozilla/5.0 (Windows NT 10.0; WOW64) AppleWebKit/537.36 (KHTML, like Gecko) Chrome/74.0.3729.157 Safari/537.36"
192.173.3.114 - - [20/May/2019:15:25:13 +0100] "GET /wp-content/uploads/2019/05/your-product.png HTTP/1.1" 200 1859 "https://marketing.petersweb.me.uk/?cartflows_step=checkout-2" "Mozilla/5.0 (Windows NT 10.0; WOW64) AppleWebKit/537.36 (KHTML, like Gecko) Chrome/74.0.3729.157 Safari/537.36"
192.173.3.114 - - [20/May/2019:15:25:13 +0100] "GET /wp-content/uploads/2019/05/30-Day-Guarantee.png HTTP/1.1" 200 14567 "https://marketing.petersweb.me.uk/?cartflows_step=checkout-2" "Mozilla/5.0 (Windows NT 10.0; WOW64) AppleWebKit/537.36 (KHTML, like Gecko) Chrome/74.0.3729.157 Safari/537.36"
192.173.3.114 - - [20/May/2019:15:25:25 +0100] "GET /wp-admin/post.php?post=61&action=edit HTTP/1.1" 200 55239 "https://marketing.petersweb.me.uk/wp-admin/post.php?post=61&action=edit" "Mozilla/5.0 (Windows NT 10.0; WOW64) AppleWebKit/537.36 (KHTML, like Gecko) Chrome/74.0.3729.157 Safari/537.36"
77.72.0.74 - - [20/May/2019:15:25:33 +0100] "POST /wp-cron.php?doing_wp_cron=1558362333.5240399837493896484375 HTTP/1.1" 200 0 "https://marketing.petersweb.me.uk/wp-cron.php?doing_wp_cron=1558362333.5240399837493896484375" "WordPress/5.2; https://marketing.petersweb.me.uk"
192.173.3.114 - - [20/May/2019:15:25:33 +0100] "GET /wp-admin/post.php?post=39&action=edit HTTP/1.1" 200 34027 "https://marketing.petersweb.me.uk/wp-admin/post.php?post=61&action=edit" "Mozilla/5.0 (Windows NT 10.0; WOW64) AppleWebKit/537.36 (KHTML, like Gecko) Chrome/74.0.3729.157 Safari/537.36"
77.72.0.74 - - [20/May/2019:15:25:33 +0100] "POST /wp-cron.php?doing_wp_cron=1558362333.7500948905944824218750 HTTP/1.1" 200 0 "https://marketing.petersweb.me.uk/wp-cron.php?doing_wp_cron=1558362333.7500948905944824218750" "WordPress/5.2; https://marketing.petersweb.me.uk"
192.173.3.114 - - [20/May/2019:15:25:33 +0100] "POST /wp-admin/admin-ajax.php HTTP/1.1" 200 5 "https://marketing.petersweb.me.uk/wp-admin/post.php?post=61&action=edit" "Mozilla/5.0 (Windows NT 10.0; WOW64) AppleWebKit/537.36 (KHTML, like Gecko) Chrome/74.0.3729.157 Safari/537.36"
192.173.3.114 - - [20/May/2019:15:25:33 +0100] "GET /wp-content/plugins/cartflows/admin/assets/fonts/cartflows-logo-icon.ttf?kxnn1n HTTP/1.1" 304 0 "https://marketing.petersweb.me.uk/wp-content/plugins/cartflows/admin/assets/css/global-admin.css?ver=1.1.18" "Mozilla/5.0 (Windows NT 10.0; WOW64) AppleWebKit/537.36 (KHTML, like Gecko) Chrome/74.0.3729.157 Safari/537.36"
77.72.0.74 - - [20/May/2019:15:25:43 +0100] "POST /wp-cron.php?doing_wp_cron=1558362343.7895920276641845703125 HTTP/1.1" 200 0 "https://marketing.petersweb.me.uk/wp-cron.php?doing_wp_cron=1558362343.7895920276641845703125" "WordPress/5.2; https://marketing.petersweb.me.uk"
192.173.3.114 - - [20/May/2019:15:25:43 +0100] "GET /wp-admin/post.php?post=61&action=edit HTTP/1.1" 200 55275 "https://marketing.petersweb.me.uk/wp-admin/post.php?post=39&action=edit" "Mozilla/5.0 (Windows NT 10.0; WOW64) AppleWebKit/537.36 (KHTML, like Gecko) Chrome/74.0.3729.157 Safari/537.36"
77.72.0.74 - - [20/May/2019:15:25:44 +0100] "POST /wp-cron.php?doing_wp_cron=1558362344.0520930290222167968750 HTTP/1.1" 200 0 "https://marketing.petersweb.me.uk/wp-cron.php?doing_wp_cron=1558362344.0520930290222167968750" "WordPress/5.2; https://marketing.petersweb.me.uk"
192.173.3.114 - - [20/May/2019:15:25:43 +0100] "POST /wp-admin/admin-ajax.php HTTP/1.1" 200 5 "https://marketing.petersweb.me.uk/wp-admin/post.php?post=39&action=edit" "Mozilla/5.0 (Windows NT 10.0; WOW64) AppleWebKit/537.36 (KHTML, like Gecko) Chrome/74.0.3729.157 Safari/537.36"
77.72.0.74 - - [20/May/2019:15:25:52 +0100] "POST /wp-cron.php?doing_wp_cron=1558362352.4942040443420410156250 HTTP/1.1" 200 0 "https://marketing.petersweb.me.uk/wp-cron.php?doing_wp_cron=1558362352.4942040443420410156250" "WordPress/5.2; https://marketing.petersweb.me.uk"
192.173.3.114 - - [20/May/2019:15:25:52 +0100] "POST /wp-admin/post.php HTTP/1.1" 302 0 "https://marketing.petersweb.me.uk/wp-admin/post.php?post=61&action=edit" "Mozilla/5.0 (Windows NT 10.0; WOW64) AppleWebKit/537.36 (KHTML, like Gecko) Chrome/74.0.3729.157 Safari/537.36"
77.72.0.74 - - [20/May/2019:15:25:52 +0100] "POST /wp-cron.php?doing_wp_cron=1558362352.6595299243927001953125 HTTP/1.1" 200 0 "https://marketing.petersweb.me.uk/wp-cron.php?doing_wp_cron=1558362352.6595299243927001953125" "WordPress/5.2; https://marketing.petersweb.me.uk"
192.173.3.114 - - [20/May/2019:15:25:52 +0100] "GET /wp-admin/post.php?post=61&action=edit&message=1 HTTP/1.1" 200 55413 "https://marketing.petersweb.me.uk/wp-admin/post.php?post=61&action=edit" "Mozilla/5.0 (Windows NT 10.0; WOW64) AppleWebKit/537.36 (KHTML, like Gecko) Chrome/74.0.3729.157 Safari/537.36"
77.72.0.74 - - [20/May/2019:15:25:53 +0100] "POST /wp-cron.php?doing_wp_cron=1558362353.0869159698486328125000 HTTP/1.1" 200 0 "https://marketing.petersweb.me.uk/wp-cron.php?doing_wp_cron=1558362353.0869159698486328125000" "WordPress/5.2; https://marketing.petersweb.me.uk"
192.173.3.114 - - [20/May/2019:15:25:53 +0100] "GET /wp-admin/admin-ajax.php?action=oembed-cache&post=61 HTTP/1.1" 200 5 "https://marketing.petersweb.me.uk/wp-admin/post.php?post=61&action=edit" "Mozilla/5.0 (Windows NT 10.0; WOW64) AppleWebKit/537.36 (KHTML, like Gecko) Chrome/74.0.3729.157 Safari/537.36"
77.72.0.74 - - [20/May/2019:15:26:00 +0100] "POST /wp-cron.php?doing_wp_cron=1558362360.5208749771118164062500 HTTP/1.1" 200 0 "https://marketing.petersweb.me.uk/wp-cron.php?doing_wp_cron=1558362360.5208749771118164062500" "WordPress/5.2; https://marketing.petersweb.me.uk"
192.173.3.114 - - [20/May/2019:15:26:00 +0100] "GET /?cartflows_step=checkout-2 HTTP/1.1" 200 24114 "https://marketing.petersweb.me.uk/wp-admin/post.php?post=61&action=edit" "Mozilla/5.0 (Windows NT 10.0; WOW64) AppleWebKit/537.36 (KHTML, like Gecko) Chrome/74.0.3729.157 Safari/537.36"
77.72.0.74 - - [20/May/2019:15:26:00 +0100] "POST /wp-cron.php?doing_wp_cron=1558362360.8601799011230468750000 HTTP/1.1" 200 0 "https://marketing.petersweb.me.uk/wp-cron.php?doing_wp_cron=1558362360.8601799011230468750000" "WordPress/5.2; https://marketing.petersweb.me.uk"
192.173.3.114 - - [20/May/2019:15:26:00 +0100] "POST /wp-admin/admin-ajax.php HTTP/1.1" 200 5 "https://marketing.petersweb.me.uk/wp-admin/post.php?post=61&action=edit" "Mozilla/5.0 (Windows NT 10.0; WOW64) AppleWebKit/537.36 (KHTML, like Gecko) Chrome/74.0.3729.157 Safari/537.36"
77.72.0.74 - - [20/May/2019:15:26:06 +0100] "POST /wp-cron.php?doing_wp_cron=1558362366.0044960975646972656250 HTTP/1.1" 200 0 "https://marketing.petersweb.me.uk/wp-cron.php?doing_wp_cron=1558362366.0044960975646972656250" "WordPress/5.2; https://marketing.petersweb.me.uk"
192.173.3.114 - - [20/May/2019:15:26:05 +0100] "GET /wp-admin/post.php?post=61&action=edit HTTP/1.1" 200 55240 "https://marketing.petersweb.me.uk/wp-admin/post.php?post=61&action=edit" "Mozilla/5.0 (Windows NT 10.0; WOW64) AppleWebKit/537.36 (KHTML, like Gecko) Chrome/74.0.3729.157 Safari/537.36"
77.72.0.74 - - [20/May/2019:15:26:08 +0100] "POST /wp-cron.php?doing_wp_cron=1558362368.9112679958343505859375 HTTP/1.1" 200 0 "https://marketing.petersweb.me.uk/wp-cron.php?doing_wp_cron=1558362368.9112679958343505859375" "WordPress/5.2; https://marketing.petersweb.me.uk"
192.173.3.114 - - [20/May/2019:15:26:08 +0100] "GET /wp-admin/post.php?post=39&action=edit HTTP/1.1" 200 34030 "https://marketing.petersweb.me.uk/wp-admin/post.php?post=61&action=edit" "Mozilla/5.0 (Windows NT 10.0; WOW64) AppleWebKit/537.36 (KHTML, like Gecko) Chrome/74.0.3729.157 Safari/537.36"
77.72.0.74 - - [20/May/2019:15:26:09 +0100] "POST /wp-cron.php?doing_wp_cron=1558362369.1755759716033935546875 HTTP/1.1" 200 0 "https://marketing.petersweb.me.uk/wp-cron.php?doing_wp_cron=1558362369.1755759716033935546875" "WordPress/5.2; https://marketing.petersweb.me.uk"
192.173.3.114 - - [20/May/2019:15:26:09 +0100] "POST /wp-admin/admin-ajax.php HTTP/1.1" 200 5 "https://marketing.petersweb.me.uk/wp-admin/post.php?post=61&action=edit" "Mozilla/5.0 (Windows NT 10.0; WOW64) AppleWebKit/537.36 (KHTML, like Gecko) Chrome/74.0.3729.157 Safari/537.36"
77.72.0.74 - - [20/May/2019:15:26:16 +0100] "POST /wp-cron.php?doing_wp_cron=1558362376.0270121097564697265625 HTTP/1.1" 200 0 "https://marketing.petersweb.me.uk/wp-cron.php?doing_wp_cron=1558362376.0270121097564697265625" "WordPress/5.2; https://marketing.petersweb.me.uk"
192.173.3.114 - - [20/May/2019:15:26:15 +0100] "GET /?cartflows_step=landing-2 HTTP/1.1" 200 12044 "https://marketing.petersweb.me.uk/wp-admin/post.php?post=39&action=edit" "Mozilla/5.0 (Windows NT 10.0; WOW64) AppleWebKit/537.36 (KHTML, like Gecko) Chrome/74.0.3729.157 Safari/537.36"
192.173.3.114 - - [20/May/2019:15:26:16 +0100] "GET /wp-content/uploads/elementor/css/post-43.css?ver=1558362376 HTTP/1.1" 200 48571 "https://marketing.petersweb.me.uk/?cartflows_step=landing-2" "Mozilla/5.0 (Windows NT 10.0; WOW64) AppleWebKit/537.36 (KHTML, like Gecko) Chrome/74.0.3729.157 Safari/537.36"
77.72.0.74 - - [20/May/2019:15:26:20 +0100] "POST /wp-cron.php?doing_wp_cron=1558362380.9558999538421630859375 HTTP/1.1" 200 0 "https://marketing.petersweb.me.uk/wp-cron.php?doing_wp_cron=1558362380.9558999538421630859375" "WordPress/5.2; https://marketing.petersweb.me.uk"
192.173.3.114 - - [20/May/2019:15:26:20 +0100] "GET /?cartflows_step=checkout-2 HTTP/1.1" 200 24115 "https://marketing.petersweb.me.uk/?cartflows_step=landing-2" "Mozilla/5.0 (Windows NT 10.0; WOW64) AppleWebKit/537.36 (KHTML, like Gecko) Chrome/74.0.3729.157 Safari/537.36"
77.72.0.74 - - [20/May/2019:15:26:37 +0100] "POST /wp-cron.php?doing_wp_cron=1558362397.3856840133666992187500 HTTP/1.1" 200 0 "https://marketing.petersweb.me.uk/wp-cron.php?doing_wp_cron=1558362397.3856840133666992187500" "WordPress/5.2; https://marketing.petersweb.me.uk"
192.173.3.114 - - [20/May/2019:15:26:37 +0100] "GET /wp-admin/edit.php?post_type=product HTTP/1.1" 200 37678 "https://marketing.petersweb.me.uk/wp-admin/post.php?post=39&action=edit" "Mozilla/5.0 (Windows NT 10.0; WOW64) AppleWebKit/537.36 (KHTML, like Gecko) Chrome/74.0.3729.157 Safari/537.36"
77.72.0.74 - - [20/May/2019:15:26:37 +0100] "POST /wp-cron.php?doing_wp_cron=1558362397.6396200656890869140625 HTTP/1.1" 200 0 "https://marketing.petersweb.me.uk/wp-cron.php?doing_wp_cron=1558362397.6396200656890869140625" "WordPress/5.2; https://marketing.petersweb.me.uk"
192.173.3.114 - - [20/May/2019:15:26:37 +0100] "POST /wp-admin/admin-ajax.php HTTP/1.1" 200 5 "https://marketing.petersweb.me.uk/wp-admin/post.php?post=39&action=edit" "Mozilla/5.0 (Windows NT 10.0; WOW64) AppleWebKit/537.36 (KHTML, like Gecko) Chrome/74.0.3729.157 Safari/537.36"
77.72.0.74 - - [20/May/2019:15:26:37 +0100] "POST /wp-cron.php?doing_wp_cron=1558362397.8194100856781005859375 HTTP/1.1" 200 0 "https://marketing.petersweb.me.uk/wp-cron.php?doing_wp_cron=1558362397.8194100856781005859375" "WordPress/5.2; https://marketing.petersweb.me.uk"
192.173.3.114 - - [20/May/2019:15:26:37 +0100] "POST /wp-admin/admin-ajax.php HTTP/1.1" 200 47 "https://marketing.petersweb.me.uk/wp-admin/edit.php?post_type=product" "Mozilla/5.0 (Windows NT 10.0; WOW64) AppleWebKit/537.36 (KHTML, like Gecko) Chrome/74.0.3729.157 Safari/537.36"
77.72.0.74 - - [20/May/2019:15:26:41 +0100] "POST /wp-cron.php?doing_wp_cron=1558362401.2041120529174804687500 HTTP/1.1" 200 0 "https://marketing.petersweb.me.uk/wp-cron.php?doing_wp_cron=1558362401.2041120529174804687500" "WordPress/5.2; https://marketing.petersweb.me.uk"
192.173.3.114 - - [20/May/2019:15:26:41 +0100] "GET /wp-admin/post.php?post=6&action=edit HTTP/1.1" 200 47192 "https://marketing.petersweb.me.uk/wp-admin/edit.php?post_type=product" "Mozilla/5.0 (Windows NT 10.0; WOW64) AppleWebKit/537.36 (KHTML, like Gecko) Chrome/74.0.3729.157 Safari/537.36"
192.173.3.114 - - [20/May/2019:15:27:03 +0100] "GET /wp-includes/images/spinner.gif HTTP/1.1" 200 3656 "https://marketing.petersweb.me.uk/wp-admin/load-styles.php?c=1&dir=ltr&load%5B%5D=dashicons,admin-bar,wp-jquery-ui-dialog,buttons,media-views,common,forms,admin-menu,dashboard,list-tables,edit,revisions,media,t&load%5B%5D=hemes,about,nav-menus,wp-pointer,widgets,site-icon,l10n,wp-auth-check,wp-color-picker&ver=5.2" "Mozilla/5.0 (Windows NT 10.0; WOW64) AppleWebKit/537.36 (KHTML, like Gecko) Chrome/74.0.3729.157 Safari/537.36"
192.173.3.114 - - [20/May/2019:15:27:03 +0100] "GET /wp-includes/images/uploader-icons.png HTTP/1.1" 200 1556 "https://marketing.petersweb.me.uk/wp-admin/load-styles.php?c=1&dir=ltr&load%5B%5D=dashicons,admin-bar,wp-jquery-ui-dialog,buttons,media-views,common,forms,admin-menu,dashboard,list-tables,edit,revisions,media,t&load%5B%5D=hemes,about,nav-menus,wp-pointer,widgets,site-icon,l10n,wp-auth-check,wp-color-picker&ver=5.2" "Mozilla/5.0 (Windows NT 10.0; WOW64) AppleWebKit/537.36 (KHTML, like Gecko) Chrome/74.0.3729.157 Safari/537.36"
77.72.0.74 - - [20/May/2019:15:27:03 +0100] "POST /wp-cron.php?doing_wp_cron=1558362423.8226389884948730468750 HTTP/1.1" 200 0 "https://marketing.petersweb.me.uk/wp-cron.php?doing_wp_cron=1558362423.8226389884948730468750" "WordPress/5.2; https://marketing.petersweb.me.uk"
192.173.3.114 - - [20/May/2019:15:27:03 +0100] "POST /wp-admin/admin-ajax.php HTTP/1.1" 200 42669 "https://marketing.petersweb.me.uk/wp-admin/post.php?post=6&action=edit" "Mozilla/5.0 (Windows NT 10.0; WOW64) AppleWebKit/537.36 (KHTML, like Gecko) Chrome/74.0.3729.157 Safari/537.36"
192.173.3.114 - - [20/May/2019:15:27:04 +0100] "GET /wp-content/uploads/2019/05/30-Day-Guarantee-300x248.png HTTP/1.1" 200 44605 "https://marketing.petersweb.me.uk/wp-admin/post.php?post=6&action=edit" "Mozilla/5.0 (Windows NT 10.0; WOW64) AppleWebKit/537.36 (KHTML, like Gecko) Chrome/74.0.3729.157 Safari/537.36"
192.173.3.114 - - [20/May/2019:15:27:04 +0100] "GET /wp-content/uploads/2019/05/your-product-150x150.png HTTP/1.1" 200 14318 "https://marketing.petersweb.me.uk/wp-admin/post.php?post=6&action=edit" "Mozilla/5.0 (Windows NT 10.0; WOW64) AppleWebKit/537.36 (KHTML, like Gecko) Chrome/74.0.3729.157 Safari/537.36"
192.173.3.114 - - [20/May/2019:15:27:04 +0100] "GET /wp-content/uploads/2019/05/bg-vector-300x76.png HTTP/1.1" 200 2993 "https://marketing.petersweb.me.uk/wp-admin/post.php?post=6&action=edit" "Mozilla/5.0 (Windows NT 10.0; WOW64) AppleWebKit/537.36 (KHTML, like Gecko) Chrome/74.0.3729.157 Safari/537.36"
192.173.3.114 - - [20/May/2019:15:27:04 +0100] "GET /wp-content/uploads/2019/05/settings-300x300.png HTTP/1.1" 200 43343 "https://marketing.petersweb.me.uk/wp-admin/post.php?post=6&action=edit" "Mozilla/5.0 (Windows NT 10.0; WOW64) AppleWebKit/537.36 (KHTML, like Gecko) Chrome/74.0.3729.157 Safari/537.36"
192.173.3.114 - - [20/May/2019:15:27:04 +0100] "GET /wp-content/uploads/2019/05/overlay-graphic2-free-img-300x141.png HTTP/1.1" 200 6638 "https://marketing.petersweb.me.uk/wp-admin/post.php?post=6&action=edit" "Mozilla/5.0 (Windows NT 10.0; WOW64) AppleWebKit/537.36 (KHTML, like Gecko) Chrome/74.0.3729.157 Safari/537.36"
192.173.3.114 - - [20/May/2019:15:27:04 +0100] "GET /wp-includes/images/media/default.png HTTP/1.1" 200 168 "https://marketing.petersweb.me.uk/wp-admin/post.php?post=6&action=edit" "Mozilla/5.0 (Windows NT 10.0; WOW64) AppleWebKit/537.36 (KHTML, like Gecko) Chrome/74.0.3729.157 Safari/537.36"
192.173.3.114 - - [20/May/2019:15:27:04 +0100] "GET /wp-content/uploads/2019/05/quote-grey-free-img-1-150x133.png HTTP/1.1" 200 1004 "https://marketing.petersweb.me.uk/wp-admin/post.php?post=6&action=edit" "Mozilla/5.0 (Windows NT 10.0; WOW64) AppleWebKit/537.36 (KHTML, like Gecko) Chrome/74.0.3729.157 Safari/537.36"
192.173.3.114 - - [20/May/2019:15:27:04 +0100] "GET /wp-content/uploads/2019/05/threefree-img-273x300.png HTTP/1.1" 200 54202 "https://marketing.petersweb.me.uk/wp-admin/post.php?post=6&action=edit" "Mozilla/5.0 (Windows NT 10.0; WOW64) AppleWebKit/537.36 (KHTML, like Gecko) Chrome/74.0.3729.157 Safari/537.36"
192.173.3.114 - - [20/May/2019:15:27:04 +0100] "GET /wp-content/uploads/2019/05/world-space-free-img-150x41.png HTTP/1.1" 200 1426 "https://marketing.petersweb.me.uk/wp-admin/post.php?post=6&action=edit" "Mozilla/5.0 (Windows NT 10.0; WOW64) AppleWebKit/537.36 (KHTML, like Gecko) Chrome/74.0.3729.157 Safari/537.36"
192.173.3.114 - - [20/May/2019:15:27:04 +0100] "GET /wp-content/uploads/2019/05/client3-free-img-4-150x150.png HTTP/1.1" 200 38340 "https://marketing.petersweb.me.uk/wp-admin/post.php?post=6&action=edit" "Mozilla/5.0 (Windows NT 10.0; WOW64) AppleWebKit/537.36 (KHTML, like Gecko) Chrome/74.0.3729.157 Safari/537.36"
192.173.3.114 - - [20/May/2019:15:27:04 +0100] "GET /wp-content/uploads/2019/05/client1-free-img-4-150x150.png HTTP/1.1" 200 41867 "https://marketing.petersweb.me.uk/wp-admin/post.php?post=6&action=edit" "Mozilla/5.0 (Windows NT 10.0; WOW64) AppleWebKit/537.36 (KHTML, like Gecko) Chrome/74.0.3729.157 Safari/537.36"
192.173.3.114 - - [20/May/2019:15:27:04 +0100] "GET /wp-content/uploads/2019/05/working-clock-free-img-300x266.jpg HTTP/1.1" 200 11676 "https://marketing.petersweb.me.uk/wp-admin/post.php?post=6&action=edit" "Mozilla/5.0 (Windows NT 10.0; WOW64) AppleWebKit/537.36 (KHTML, like Gecko) Chrome/74.0.3729.157 Safari/537.36"
192.173.3.114 - - [20/May/2019:15:27:04 +0100] "GET /wp-content/uploads/2019/05/mobile-shop-free-img-300x266.jpg HTTP/1.1" 200 8236 "https://marketing.petersweb.me.uk/wp-admin/post.php?post=6&action=edit" "Mozilla/5.0 (Windows NT 10.0; WOW64) AppleWebKit/537.36 (KHTML, like Gecko) Chrome/74.0.3729.157 Safari/537.36"
192.173.3.114 - - [20/May/2019:15:27:04 +0100] "GET /wp-content/uploads/2019/05/working-free-img-300x266.jpg HTTP/1.1" 200 8827 "https://marketing.petersweb.me.uk/wp-admin/post.php?post=6&action=edit" "Mozilla/5.0 (Windows NT 10.0; WOW64) AppleWebKit/537.36 (KHTML, like Gecko) Chrome/74.0.3729.157 Safari/537.36"
192.173.3.114 - - [20/May/2019:15:27:04 +0100] "GET /wp-content/uploads/2019/05/client4-free-img-4-150x150.png HTTP/1.1" 200 38565 "https://marketing.petersweb.me.uk/wp-admin/post.php?post=6&action=edit" "Mozilla/5.0 (Windows NT 10.0; WOW64) AppleWebKit/537.36 (KHTML, like Gecko) Chrome/74.0.3729.157 Safari/537.36"
192.173.3.114 - - [20/May/2019:15:27:04 +0100] "GET /wp-content/uploads/2019/05/logo-regular-free-img-150x53.png HTTP/1.1" 200 1208 "https://marketing.petersweb.me.uk/wp-admin/post.php?post=6&action=edit" "Mozilla/5.0 (Windows NT 10.0; WOW64) AppleWebKit/537.36 (KHTML, like Gecko) Chrome/74.0.3729.157 Safari/537.36"
192.173.3.114 - - [20/May/2019:15:27:04 +0100] "GET /wp-content/uploads/woocommerce-placeholder-300x300.png HTTP/1.1" 200 12560 "https://marketing.petersweb.me.uk/wp-admin/post.php?post=6&action=edit" "Mozilla/5.0 (Windows NT 10.0; WOW64) AppleWebKit/537.36 (KHTML, like Gecko) Chrome/74.0.3729.157 Safari/537.36"
77.72.0.74 - - [20/May/2019:15:27:04 +0100] "POST /wp-cron.php?doing_wp_cron=1558362424.7233579158782958984375 HTTP/1.1" 200 0 "https://marketing.petersweb.me.uk/wp-cron.php?doing_wp_cron=1558362424.7233579158782958984375" "WordPress/5.2; https://marketing.petersweb.me.uk"
192.173.3.114 - - [20/May/2019:15:27:03 +0100] "POST /wp-admin/async-upload.php HTTP/1.1" 200 629 "https://marketing.petersweb.me.uk/wp-admin/post.php?post=6&action=edit" "Mozilla/5.0 (Windows NT 10.0; WOW64) AppleWebKit/537.36 (KHTML, like Gecko) Chrome/74.0.3729.157 Safari/537.36"
192.173.3.114 - - [20/May/2019:15:27:08 +0100] "GET /wp-content/uploads/woocommerce-placeholder.png HTTP/1.1" 200 102644 "https://marketing.petersweb.me.uk/wp-admin/post.php?post=6&action=edit" "Mozilla/5.0 (Windows NT 10.0; WOW64) AppleWebKit/537.36 (KHTML, like Gecko) Chrome/74.0.3729.157 Safari/537.36"
77.72.0.74 - - [20/May/2019:15:27:23 +0100] "POST /wp-cron.php?doing_wp_cron=1558362443.7117609977722167968750 HTTP/1.1" 200 0 "https://marketing.petersweb.me.uk/wp-cron.php?doing_wp_cron=1558362443.7117609977722167968750" "WordPress/5.2; https://marketing.petersweb.me.uk"
192.173.3.114 - - [20/May/2019:15:27:23 +0100] "POST /wp-admin/post.php HTTP/1.1" 302 0 "https://marketing.petersweb.me.uk/wp-admin/post.php?post=6&action=edit" "Mozilla/5.0 (Windows NT 10.0; WOW64) AppleWebKit/537.36 (KHTML, like Gecko) Chrome/74.0.3729.157 Safari/537.36"
77.72.0.74 - - [20/May/2019:15:27:23 +0100] "POST /wp-cron.php?doing_wp_cron=1558362443.9799160957336425781250 HTTP/1.1" 200 0 "https://marketing.petersweb.me.uk/wp-cron.php?doing_wp_cron=1558362443.9799160957336425781250" "WordPress/5.2; https://marketing.petersweb.me.uk"
192.173.3.114 - - [20/May/2019:15:27:23 +0100] "GET /wp-admin/post.php?post=6&action=edit&message=1 HTTP/1.1" 200 47472 "https://marketing.petersweb.me.uk/wp-admin/post.php?post=6&action=edit" "Mozilla/5.0 (Windows NT 10.0; WOW64) AppleWebKit/537.36 (KHTML, like Gecko) Chrome/74.0.3729.157 Safari/537.36"
77.72.0.74 - - [20/May/2019:15:27:24 +0100] "POST /wp-cron.php?doing_wp_cron=1558362444.5177121162414550781250 HTTP/1.1" 200 0 "https://marketing.petersweb.me.uk/wp-cron.php?doing_wp_cron=1558362444.5177121162414550781250" "WordPress/5.2; https://marketing.petersweb.me.uk"
192.173.3.114 - - [20/May/2019:15:27:24 +0100] "GET /wp-admin/admin-ajax.php?action=oembed-cache&post=6 HTTP/1.1" 200 5 "https://marketing.petersweb.me.uk/wp-admin/post.php?post=6&action=edit" "Mozilla/5.0 (Windows NT 10.0; WOW64) AppleWebKit/537.36 (KHTML, like Gecko) Chrome/74.0.3729.157 Safari/537.36"
77.72.0.74 - - [20/May/2019:15:27:31 +0100] "POST /wp-cron.php?doing_wp_cron=1558362451.6003561019897460937500 HTTP/1.1" 200 0 "https://marketing.petersweb.me.uk/wp-cron.php?doing_wp_cron=1558362451.6003561019897460937500" "WordPress/5.2; https://marketing.petersweb.me.uk"
192.173.3.114 - - [20/May/2019:15:27:31 +0100] "GET /wp-admin/edit.php?post_type=cartflows_flow HTTP/1.1" 200 20918 "https://marketing.petersweb.me.uk/wp-admin/post.php?post=6&action=edit" "Mozilla/5.0 (Windows NT 10.0; WOW64) AppleWebKit/537.36 (KHTML, like Gecko) Chrome/74.0.3729.157 Safari/537.36"
192.173.3.114 - - [20/May/2019:15:27:31 +0100] "GET /wp-content/plugins/cartflows/admin/assets/fonts/cartflows-logo-icon.ttf?kxnn1n HTTP/1.1" 304 0 "https://marketing.petersweb.me.uk/wp-content/plugins/cartflows/admin/assets/css/global-admin.css?ver=1.1.18" "Mozilla/5.0 (Windows NT 10.0; WOW64) AppleWebKit/537.36 (KHTML, like Gecko) Chrome/74.0.3729.157 Safari/537.36"
77.72.0.74 - - [20/May/2019:15:27:31 +0100] "POST /wp-cron.php?doing_wp_cron=1558362451.8291640281677246093750 HTTP/1.1" 200 0 "https://marketing.petersweb.me.uk/wp-cron.php?doing_wp_cron=1558362451.8291640281677246093750" "WordPress/5.2; https://marketing.petersweb.me.uk"
192.173.3.114 - - [20/May/2019:15:27:31 +0100] "POST /wp-admin/admin-ajax.php HTTP/1.1" 200 5 "https://marketing.petersweb.me.uk/wp-admin/post.php?post=6&action=edit" "Mozilla/5.0 (Windows NT 10.0; WOW64) AppleWebKit/537.36 (KHTML, like Gecko) Chrome/74.0.3729.157 Safari/537.36"
77.72.0.74 - - [20/May/2019:15:27:31 +0100] "POST /wp-cron.php?doing_wp_cron=1558362451.9818620681762695312500 HTTP/1.1" 200 0 "https://marketing.petersweb.me.uk/wp-cron.php?doing_wp_cron=1558362451.9818620681762695312500" "WordPress/5.2; https://marketing.petersweb.me.uk"
192.173.3.114 - - [20/May/2019:15:27:31 +0100] "POST /wp-admin/admin-ajax.php HTTP/1.1" 200 47 "https://marketing.petersweb.me.uk/wp-admin/edit.php?post_type=cartflows_flow" "Mozilla/5.0 (Windows NT 10.0; WOW64) AppleWebKit/537.36 (KHTML, like Gecko) Chrome/74.0.3729.157 Safari/537.36"
77.72.0.74 - - [20/May/2019:15:27:34 +0100] "POST /wp-cron.php?doing_wp_cron=1558362454.8631529808044433593750 HTTP/1.1" 200 0 "https://marketing.petersweb.me.uk/wp-cron.php?doing_wp_cron=1558362454.8631529808044433593750" "WordPress/5.2; https://marketing.petersweb.me.uk"
192.173.3.114 - - [20/May/2019:15:27:34 +0100] "GET /wp-admin/post.php?post=39&action=edit HTTP/1.1" 200 34041 "https://marketing.petersweb.me.uk/wp-admin/edit.php?post_type=cartflows_flow" "Mozilla/5.0 (Windows NT 10.0; WOW64) AppleWebKit/537.36 (KHTML, like Gecko) Chrome/74.0.3729.157 Safari/537.36"
77.72.0.74 - - [20/May/2019:15:27:41 +0100] "POST /wp-cron.php?doing_wp_cron=1558362461.8961899280548095703125 HTTP/1.1" 200 0 "https://marketing.petersweb.me.uk/wp-cron.php?doing_wp_cron=1558362461.8961899280548095703125" "WordPress/5.2; https://marketing.petersweb.me.uk"
192.173.3.114 - - [20/May/2019:15:27:41 +0100] "GET /wp-admin/post.php?post=43&action=edit HTTP/1.1" 200 44464 "https://marketing.petersweb.me.uk/wp-admin/post.php?post=39&action=edit" "Mozilla/5.0 (Windows NT 10.0; WOW64) AppleWebKit/537.36 (KHTML, like Gecko) Chrome/74.0.3729.157 Safari/537.36"
192.173.3.114 - - [20/May/2019:15:27:42 +0100] "GET /wp-content/plugins/woocommerce/assets/fonts/WooCommerce.woff HTTP/1.1" 304 0 "https://marketing.petersweb.me.uk/wp-content/plugins/woocommerce/assets/css/admin.css?ver=3.6.3" "Mozilla/5.0 (Windows NT 10.0; WOW64) AppleWebKit/537.36 (KHTML, like Gecko) Chrome/74.0.3729.157 Safari/537.36"
77.72.0.74 - - [20/May/2019:15:27:42 +0100] "POST /wp-cron.php?doing_wp_cron=1558362462.1712079048156738281250 HTTP/1.1" 200 0 "https://marketing.petersweb.me.uk/wp-cron.php?doing_wp_cron=1558362462.1712079048156738281250" "WordPress/5.2; https://marketing.petersweb.me.uk"
192.173.3.114 - - [20/May/2019:15:27:42 +0100] "POST /wp-admin/admin-ajax.php HTTP/1.1" 200 5 "https://marketing.petersweb.me.uk/wp-admin/post.php?post=39&action=edit" "Mozilla/5.0 (Windows NT 10.0; WOW64) AppleWebKit/537.36 (KHTML, like Gecko) Chrome/74.0.3729.157 Safari/537.36"
77.72.0.74 - - [20/May/2019:15:27:48 +0100] "POST /wp-cron.php?doing_wp_cron=1558362468.4661879539489746093750 HTTP/1.1" 200 0 "https://marketing.petersweb.me.uk/wp-cron.php?doing_wp_cron=1558362468.4661879539489746093750" "WordPress/5.2; https://marketing.petersweb.me.uk"
192.173.3.114 - - [20/May/2019:15:27:48 +0100] "GET /?cartflows_step=landing-2 HTTP/1.1" 200 12044 "https://marketing.petersweb.me.uk/wp-admin/post.php?post=43&action=edit" "Mozilla/5.0 (Windows NT 10.0; WOW64) AppleWebKit/537.36 (KHTML, like Gecko) Chrome/74.0.3729.157 Safari/537.36"
192.173.3.114 - - [20/May/2019:15:23:17 +0100] "GET /wp-admin/post.php?post=43&action=edit HTTP/1.1" 200 44464 "https://marketing.petersweb.me.uk/wp-admin/post.php?post=39&action=edit" "Mozilla/5.0 (Windows NT 10.0; WOW64) AppleWebKit/537.36 (KHTML, like Gecko) Chrome/74.0.3729.157 Safari/537.36"
77.72.0.74 - - [20/May/2019:15:23:17 +0100] "POST /wp-cron.php?doing_wp_cron=1558362197.8174669742584228515625 HTTP/1.1" 200 0 "https://marketing.petersweb.me.uk/wp-cron.php?doing_wp_cron=1558362197.8174669742584228515625" "WordPress/5.2; https://marketing.petersweb.me.uk"
192.173.3.114 - - [20/May/2019:15:23:17 +0100] "POST /wp-admin/admin-ajax.php HTTP/1.1" 200 5 "https://marketing.petersweb.me.uk/wp-admin/post.php?post=39&action=edit" "Mozilla/5.0 (Windows NT 10.0; WOW64) AppleWebKit/537.36 (KHTML, like Gecko) Chrome/74.0.3729.157 Safari/537.36"
77.72.0.74 - - [20/May/2019:15:23:28 +0100] "POST /wp-cron.php?doing_wp_cron=1558362208.5132548809051513671875 HTTP/1.1" 200 0 "https://marketing.petersweb.me.uk/wp-cron.php?doing_wp_cron=1558362208.5132548809051513671875" "WordPress/5.2; https://marketing.petersweb.me.uk"
192.173.3.114 - - [20/May/2019:15:23:28 +0100] "GET /wp-admin/post.php?post=39&action=edit HTTP/1.1" 200 34122 "https://marketing.petersweb.me.uk/wp-admin/post.php?post=43&action=edit" "Mozilla/5.0 (Windows NT 10.0; WOW64) AppleWebKit/537.36 (KHTML, like Gecko) Chrome/74.0.3729.157 Safari/537.36"
77.72.0.74 - - [20/May/2019:15:23:28 +0100] "POST /wp-cron.php?doing_wp_cron=1558362208.7472989559173583984375 HTTP/1.1" 200 0 "https://marketing.petersweb.me.uk/wp-cron.php?doing_wp_cron=1558362208.7472989559173583984375" "WordPress/5.2; https://marketing.petersweb.me.uk"
192.173.3.114 - - [20/May/2019:15:23:28 +0100] "POST /wp-admin/admin-ajax.php HTTP/1.1" 200 5 "https://marketing.petersweb.me.uk/wp-admin/post.php?post=43&action=edit" "Mozilla/5.0 (Windows NT 10.0; WOW64) AppleWebKit/537.36 (KHTML, like Gecko) Chrome/74.0.3729.157 Safari/537.36"
77.72.0.74 - - [20/May/2019:15:23:39 +0100] "POST /wp-cron.php?doing_wp_cron=1558362219.0068609714508056640625 HTTP/1.1" 200 0 "https://marketing.petersweb.me.uk/wp-cron.php?doing_wp_cron=1558362219.0068609714508056640625" "WordPress/5.2; https://marketing.petersweb.me.uk"
