192.173.3.114 - - [20/May/2019:15:05:55 +0100] "GET /wp-admin/js/widgets/custom-html-widgets.min.js?ver=5.2 HTTP/1.1" 200 1781 "https://marketing.petersweb.me.uk/wp-admin/post.php?post=7&action=elementor" "Mozilla/5.0 (Windows NT 10.0; WOW64) AppleWebKit/537.36 (KHTML, like Gecko) Chrome/74.0.3729.157 Safari/537.36"
192.173.3.114 - - [20/May/2019:15:05:55 +0100] "GET /wp-content/plugins/elementor/assets/js/editor-modules.min.js?ver=2.5.15 HTTP/1.1" 200 4190 "https://marketing.petersweb.me.uk/wp-admin/post.php?post=7&action=elementor" "Mozilla/5.0 (Windows NT 10.0; WOW64) AppleWebKit/537.36 (KHTML, like Gecko) Chrome/74.0.3729.157 Safari/537.36"
192.173.3.114 - - [20/May/2019:15:05:55 +0100] "GET /wp-includes/js/jquery/ui/resizable.min.js?ver=1.11.4 HTTP/1.1" 200 5097 "https://marketing.petersweb.me.uk/wp-admin/post.php?post=7&action=elementor" "Mozilla/5.0 (Windows NT 10.0; WOW64) AppleWebKit/537.36 (KHTML, like Gecko) Chrome/74.0.3729.157 Safari/537.36"
192.173.3.114 - - [20/May/2019:15:05:55 +0100] "GET /wp-content/plugins/elementor/assets/lib/perfect-scrollbar/js/perfect-scrollbar.min.js?ver=1.4.0 HTTP/1.1" 200 5201 "https://marketing.petersweb.me.uk/wp-admin/post.php?post=7&action=elementor" "Mozilla/5.0 (Windows NT 10.0; WOW64) AppleWebKit/537.36 (KHTML, like Gecko) Chrome/74.0.3729.157 Safari/537.36"
192.173.3.114 - - [20/May/2019:15:05:55 +0100] "GET /wp-content/plugins/elementor/assets/lib/nprogress/nprogress.min.js?ver=0.2.0 HTTP/1.1" 200 1948 "https://marketing.petersweb.me.uk/wp-admin/post.php?post=7&action=elementor" "Mozilla/5.0 (Windows NT 10.0; WOW64) AppleWebKit/537.36 (KHTML, like Gecko) Chrome/74.0.3729.157 Safari/537.36"
192.173.3.114 - - [20/May/2019:15:05:55 +0100] "GET /wp-content/plugins/elementor/assets/lib/tipsy/tipsy.min.js?ver=1.0.0 HTTP/1.1" 200 1564 "https://marketing.petersweb.me.uk/wp-admin/post.php?post=7&action=elementor" "Mozilla/5.0 (Windows NT 10.0; WOW64) AppleWebKit/537.36 (KHTML, like Gecko) Chrome/74.0.3729.157 Safari/537.36"
192.173.3.114 - - [20/May/2019:15:05:55 +0100] "GET /wp-includes/js/imagesloaded.min.js?ver=3.2.0 HTTP/1.1" 200 2424 "https://marketing.petersweb.me.uk/wp-admin/post.php?post=7&action=elementor" "Mozilla/5.0 (Windows NT 10.0; WOW64) AppleWebKit/537.36 (KHTML, like Gecko) Chrome/74.0.3729.157 Safari/537.36"
192.173.3.114 - - [20/May/2019:15:05:55 +0100] "GET /wp-content/plugins/elementor/assets/lib/e-select2/js/e-select2.full.min.js?ver=4.0.6-rc.1 HTTP/1.1" 200 19857 "https://marketing.petersweb.me.uk/wp-admin/post.php?post=7&action=elementor" "Mozilla/5.0 (Windows NT 10.0; WOW64) AppleWebKit/537.36 (KHTML, like Gecko) Chrome/74.0.3729.157 Safari/537.36"
192.173.3.114 - - [20/May/2019:15:05:55 +0100] "GET /wp-content/plugins/elementor/assets/lib/flatpickr/flatpickr.min.js?ver=1.12.0 HTTP/1.1" 200 11722 "https://marketing.petersweb.me.uk/wp-admin/post.php?post=7&action=elementor" "Mozilla/5.0 (Windows NT 10.0; WOW64) AppleWebKit/537.36 (KHTML, like Gecko) Chrome/74.0.3729.157 Safari/537.36"
192.173.3.114 - - [20/May/2019:15:05:55 +0100] "GET /wp-content/plugins/elementor/assets/lib/nouislider/nouislider.min.js?ver=13.0.0 HTTP/1.1" 200 7732 "https://marketing.petersweb.me.uk/wp-admin/post.php?post=7&action=elementor" "Mozilla/5.0 (Windows NT 10.0; WOW64) AppleWebKit/537.36 (KHTML, like Gecko) Chrome/74.0.3729.157 Safari/537.36"
192.173.3.114 - - [20/May/2019:15:05:55 +0100] "GET /wp-content/plugins/elementor/assets/js/editor.min.js?ver=2.5.15 HTTP/1.1" 200 59024 "https://marketing.petersweb.me.uk/wp-admin/post.php?post=7&action=elementor" "Mozilla/5.0 (Windows NT 10.0; WOW64) AppleWebKit/537.36 (KHTML, like Gecko) Chrome/74.0.3729.157 Safari/537.36"
192.173.3.114 - - [20/May/2019:15:05:55 +0100] "GET /wp-content/plugins/elementor/assets/lib/wp-color-picker/wp-color-picker-alpha.min.js?ver=2.0.1 HTTP/1.1" 200 2371 "https://marketing.petersweb.me.uk/wp-admin/post.php?post=7&action=elementor" "Mozilla/5.0 (Windows NT 10.0; WOW64) AppleWebKit/537.36 (KHTML, like Gecko) Chrome/74.0.3729.157 Safari/537.36"
192.173.3.114 - - [20/May/2019:15:05:55 +0100] "GET /wp-admin/load-scripts.php?c=1&load%5B%5D=mce-view,imgareaselect,image-edit,quicktags,wplink,jquery-ui-position,jquery-ui-menu,jquery-ui-autocomplete,thickbox,media-uploa&load%5B%5D=d,jquery-ui-draggable&ver=5.2 HTTP/1.1" 200 33955 "https://marketing.petersweb.me.uk/wp-admin/post.php?post=7&action=elementor" "Mozilla/5.0 (Windows NT 10.0; WOW64) AppleWebKit/537.36 (KHTML, like Gecko) Chrome/74.0.3729.157 Safari/537.36"
192.173.3.114 - - [20/May/2019:15:05:55 +0100] "GET /wp-admin/load-scripts.php?c=1&load%5B%5D=wp-embed&ver=5.2 HTTP/1.1" 200 691 "https://marketing.petersweb.me.uk/wp-admin/post.php?post=7&action=elementor" "Mozilla/5.0 (Windows NT 10.0; WOW64) AppleWebKit/537.36 (KHTML, like Gecko) Chrome/74.0.3729.157 Safari/537.36"
192.173.3.114 - - [20/May/2019:15:05:55 +0100] "GET /wp-admin/load-scripts.php?c=1&load%5B%5D=underscore,shortcode,utils,jquery-core,jquery-migrate,backbone,wp-util,wp-backbone,media-models,moxiejs,plupload,wp-plupload,jqu&load%5B%5D=ery-ui-core,jquery-ui-widget,jquery-ui-mouse,jquery-ui-sortable&ver=5.2 HTTP/1.1" 200 103530 "https://marketing.petersweb.me.uk/wp-admin/post.php?post=7&action=elementor" "Mozilla/5.0 (Windows NT 10.0; WOW64) AppleWebKit/537.36 (KHTML, like Gecko) Chrome/74.0.3729.157 Safari/537.36"
192.173.3.114 - - [20/May/2019:15:05:56 +0100] "GET /wp-content/plugins/elementor/assets/lib/font-awesome/fonts/fontawesome-webfont.woff2?v=4.7.0 HTTP/1.1" 200 77160 "https://marketing.petersweb.me.uk/wp-content/plugins/elementor/assets/lib/font-awesome/css/font-awesome.min.css?ver=4.7.0" "Mozilla/5.0 (Windows NT 10.0; WOW64) AppleWebKit/537.36 (KHTML, like Gecko) Chrome/74.0.3729.157 Safari/537.36"
77.72.0.74 - - [20/May/2019:15:05:56 +0100] "POST /wp-cron.php?doing_wp_cron=1558361156.2538979053497314453125 HTTP/1.1" 200 0 "https://marketing.petersweb.me.uk/wp-cron.php?doing_wp_cron=1558361156.2538979053497314453125" "WordPress/5.2; https://marketing.petersweb.me.uk"
192.173.3.114 - - [20/May/2019:15:05:56 +0100] "GET /?page_id=7&elementor-preview=7&ver=1558361155 HTTP/1.1" 200 7733 "https://marketing.petersweb.me.uk/wp-admin/post.php?post=7&action=elementor" "Mozilla/5.0 (Windows NT 10.0; WOW64) AppleWebKit/537.36 (KHTML, like Gecko) Chrome/74.0.3729.157 Safari/537.36"
192.173.3.114 - - [20/May/2019:15:05:56 +0100] "GET /wp-content/themes/astra/assets/css/minified/menu-animation.min.css?ver=1.8.3 HTTP/1.1" 200 340 "https://marketing.petersweb.me.uk/?page_id=7&elementor-preview=7&ver=1558361155" "Mozilla/5.0 (Windows NT 10.0; WOW64) AppleWebKit/537.36 (KHTML, like Gecko) Chrome/74.0.3729.157 Safari/537.36"
192.173.3.114 - - [20/May/2019:15:05:56 +0100] "GET /wp-includes/css/admin-bar.min.css?ver=5.2 HTTP/1.1" 200 3809 "https://marketing.petersweb.me.uk/?page_id=7&elementor-preview=7&ver=1558361155" "Mozilla/5.0 (Windows NT 10.0; WOW64) AppleWebKit/537.36 (KHTML, like Gecko) Chrome/74.0.3729.157 Safari/537.36"
192.173.3.114 - - [20/May/2019:15:05:56 +0100] "GET /wp-content/themes/astra/assets/css/minified/style.min.css?ver=1.8.3 HTTP/1.1" 200 13070 "https://marketing.petersweb.me.uk/?page_id=7&elementor-preview=7&ver=1558361155" "Mozilla/5.0 (Windows NT 10.0; WOW64) AppleWebKit/537.36 (KHTML, like Gecko) Chrome/74.0.3729.157 Safari/537.36"
192.173.3.114 - - [20/May/2019:15:05:56 +0100] "GET /wp-includes/css/dist/block-library/style.min.css?ver=5.2 HTTP/1.1" 200 4453 "https://marketing.petersweb.me.uk/?page_id=7&elementor-preview=7&ver=1558361155" "Mozilla/5.0 (Windows NT 10.0; WOW64) AppleWebKit/537.36 (KHTML, like Gecko) Chrome/74.0.3729.157 Safari/537.36"
192.173.3.114 - - [20/May/2019:15:05:56 +0100] "GET /wp-content/themes/astra/assets/css/minified/compatibility/woocommerce/woocommerce-layout.min.css?ver=1.8.3 HTTP/1.1" 200 2390 "https://marketing.petersweb.me.uk/?page_id=7&elementor-preview=7&ver=1558361155" "Mozilla/5.0 (Windows NT 10.0; WOW64) AppleWebKit/537.36 (KHTML, like Gecko) Chrome/74.0.3729.157 Safari/537.36"
192.173.3.114 - - [20/May/2019:15:05:56 +0100] "GET /wp-content/themes/astra/assets/css/minified/compatibility/woocommerce/woocommerce.min.css?ver=1.8.3 HTTP/1.1" 200 14057 "https://marketing.petersweb.me.uk/?page_id=7&elementor-preview=7&ver=1558361155" "Mozilla/5.0 (Windows NT 10.0; WOW64) AppleWebKit/537.36 (KHTML, like Gecko) Chrome/74.0.3729.157 Safari/537.36"
192.173.3.114 - - [20/May/2019:15:05:56 +0100] "GET /wp-content/plugins/elementor/assets/lib/animations/animations.min.css?ver=2.5.15 HTTP/1.1" 200 2445 "https://marketing.petersweb.me.uk/?page_id=7&elementor-preview=7&ver=1558361155" "Mozilla/5.0 (Windows NT 10.0; WOW64) AppleWebKit/537.36 (KHTML, like Gecko) Chrome/74.0.3729.157 Safari/537.36"
192.173.3.114 - - [20/May/2019:15:05:56 +0100] "GET /wp-content/plugins/elementor/assets/css/frontend.min.css?ver=2.5.15 HTTP/1.1" 200 12277 "https://marketing.petersweb.me.uk/?page_id=7&elementor-preview=7&ver=1558361155" "Mozilla/5.0 (Windows NT 10.0; WOW64) AppleWebKit/537.36 (KHTML, like Gecko) Chrome/74.0.3729.157 Safari/537.36"
192.173.3.114 - - [20/May/2019:15:05:56 +0100] "GET /wp-content/plugins/elementor/assets/css/editor-preview.min.css?ver=2.5.15 HTTP/1.1" 200 10012 "https://marketing.petersweb.me.uk/?page_id=7&elementor-preview=7&ver=1558361155" "Mozilla/5.0 (Windows NT 10.0; WOW64) AppleWebKit/537.36 (KHTML, like Gecko) Chrome/74.0.3729.157 Safari/537.36"
192.173.3.114 - - [20/May/2019:15:05:56 +0100] "GET /wp-content/themes/astra/assets/css/minified/compatibility/woocommerce/woocommerce-smallscreen.min.css?ver=1.8.3 HTTP/1.1" 200 858 "https://marketing.petersweb.me.uk/?page_id=7&elementor-preview=7&ver=1558361155" "Mozilla/5.0 (Windows NT 10.0; WOW64) AppleWebKit/537.36 (KHTML, like Gecko) Chrome/74.0.3729.157 Safari/537.36"
192.173.3.114 - - [20/May/2019:15:05:56 +0100] "GET /wp-includes/js/jquery/jquery-migrate.min.js?ver=1.4.1 HTTP/1.1" 200 3826 "https://marketing.petersweb.me.uk/?page_id=7&elementor-preview=7&ver=1558361155" "Mozilla/5.0 (Windows NT 10.0; WOW64) AppleWebKit/537.36 (KHTML, like Gecko) Chrome/74.0.3729.157 Safari/537.36"
192.173.3.114 - - [20/May/2019:15:05:56 +0100] "GET /wp-includes/js/admin-bar.min.js?ver=5.2 HTTP/1.1" 200 2304 "https://marketing.petersweb.me.uk/?page_id=7&elementor-preview=7&ver=1558361155" "Mozilla/5.0 (Windows NT 10.0; WOW64) AppleWebKit/537.36 (KHTML, like Gecko) Chrome/74.0.3729.157 Safari/537.36"
192.173.3.114 - - [20/May/2019:15:05:56 +0100] "GET /wp-content/themes/astra/assets/js/minified/style.min.js?ver=1.8.3 HTTP/1.1" 200 2508 "https://marketing.petersweb.me.uk/?page_id=7&elementor-preview=7&ver=1558361155" "Mozilla/5.0 (Windows NT 10.0; WOW64) AppleWebKit/537.36 (KHTML, like Gecko) Chrome/74.0.3729.157 Safari/537.36"
192.173.3.114 - - [20/May/2019:15:05:56 +0100] "GET /wp-content/plugins/woocommerce/assets/js/jquery-blockui/jquery.blockUI.min.js?ver=2.70 HTTP/1.1" 200 3287 "https://marketing.petersweb.me.uk/?page_id=7&elementor-preview=7&ver=1558361155" "Mozilla/5.0 (Windows NT 10.0; WOW64) AppleWebKit/537.36 (KHTML, like Gecko) Chrome/74.0.3729.157 Safari/537.36"
192.173.3.114 - - [20/May/2019:15:05:56 +0100] "GET /wp-content/plugins/woocommerce/assets/js/frontend/add-to-cart.min.js?ver=3.6.3 HTTP/1.1" 200 856 "https://marketing.petersweb.me.uk/?page_id=7&elementor-preview=7&ver=1558361155" "Mozilla/5.0 (Windows NT 10.0; WOW64) AppleWebKit/537.36 (KHTML, like Gecko) Chrome/74.0.3729.157 Safari/537.36"
192.173.3.114 - - [20/May/2019:15:05:56 +0100] "GET /wp-content/plugins/woocommerce/assets/js/js-cookie/js.cookie.min.js?ver=2.1.4 HTTP/1.1" 200 896 "https://marketing.petersweb.me.uk/?page_id=7&elementor-preview=7&ver=1558361155" "Mozilla/5.0 (Windows NT 10.0; WOW64) AppleWebKit/537.36 (KHTML, like Gecko) Chrome/74.0.3729.157 Safari/537.36"
192.173.3.114 - - [20/May/2019:15:05:56 +0100] "GET /wp-content/plugins/woocommerce/assets/js/frontend/woocommerce.min.js?ver=3.6.3 HTTP/1.1" 200 524 "https://marketing.petersweb.me.uk/?page_id=7&elementor-preview=7&ver=1558361155" "Mozilla/5.0 (Windows NT 10.0; WOW64) AppleWebKit/537.36 (KHTML, like Gecko) Chrome/74.0.3729.157 Safari/537.36"
192.173.3.114 - - [20/May/2019:15:05:56 +0100] "GET /wp-content/plugins/woocommerce/assets/js/frontend/cart-fragments.min.js?ver=3.6.3 HTTP/1.1" 200 938 "https://marketing.petersweb.me.uk/?page_id=7&elementor-preview=7&ver=1558361155" "Mozilla/5.0 (Windows NT 10.0; WOW64) AppleWebKit/537.36 (KHTML, like Gecko) Chrome/74.0.3729.157 Safari/537.36"
192.173.3.114 - - [20/May/2019:15:05:56 +0100] "GET /wp-content/plugins/elementor/assets/lib/slick/slick.min.js?ver=1.8.1 HTTP/1.1" 200 10108 "https://marketing.petersweb.me.uk/?page_id=7&elementor-preview=7&ver=1558361155" "Mozilla/5.0 (Windows NT 10.0; WOW64) AppleWebKit/537.36 (KHTML, like Gecko) Chrome/74.0.3729.157 Safari/537.36"
192.173.3.114 - - [20/May/2019:15:05:56 +0100] "GET /wp-content/plugins/elementor/assets/lib/jquery-numerator/jquery-numerator.min.js?ver=0.2.1 HTTP/1.1" 200 678 "https://marketing.petersweb.me.uk/?page_id=7&elementor-preview=7&ver=1558361155" "Mozilla/5.0 (Windows NT 10.0; WOW64) AppleWebKit/537.36 (KHTML, like Gecko) Chrome/74.0.3729.157 Safari/537.36"
192.173.3.114 - - [20/May/2019:15:05:56 +0100] "GET /wp-content/plugins/elementor/assets/lib/inline-editor/js/inline-editor.min.js?ver=2.5.15 HTTP/1.1" 200 5859 "https://marketing.petersweb.me.uk/?page_id=7&elementor-preview=7&ver=1558361155" "Mozilla/5.0 (Windows NT 10.0; WOW64) AppleWebKit/537.36 (KHTML, like Gecko) Chrome/74.0.3729.157 Safari/537.36"
192.173.3.114 - - [20/May/2019:15:05:56 +0100] "GET /wp-content/plugins/elementor/assets/js/frontend-modules.min.js?ver=2.5.15 HTTP/1.1" 200 3498 "https://marketing.petersweb.me.uk/?page_id=7&elementor-preview=7&ver=1558361155" "Mozilla/5.0 (Windows NT 10.0; WOW64) AppleWebKit/537.36 (KHTML, like Gecko) Chrome/74.0.3729.157 Safari/537.36"
192.173.3.114 - - [20/May/2019:15:05:56 +0100] "GET /wp-includes/js/jquery/ui/position.min.js?ver=1.11.4 HTTP/1.1" 200 2392 "https://marketing.petersweb.me.uk/?page_id=7&elementor-preview=7&ver=1558361155" "Mozilla/5.0 (Windows NT 10.0; WOW64) AppleWebKit/537.36 (KHTML, like Gecko) Chrome/74.0.3729.157 Safari/537.36"
192.173.3.114 - - [20/May/2019:15:05:56 +0100] "GET /wp-content/plugins/elementor/assets/lib/waypoints/waypoints.min.js?ver=4.0.2 HTTP/1.1" 200 2869 "https://marketing.petersweb.me.uk/?page_id=7&elementor-preview=7&ver=1558361155" "Mozilla/5.0 (Windows NT 10.0; WOW64) AppleWebKit/537.36 (KHTML, like Gecko) Chrome/74.0.3729.157 Safari/537.36"
192.173.3.114 - - [20/May/2019:15:05:56 +0100] "GET /wp-content/plugins/elementor/assets/lib/swiper/swiper.min.js?ver=4.4.6 HTTP/1.1" 200 31135 "https://marketing.petersweb.me.uk/?page_id=7&elementor-preview=7&ver=1558361155" "Mozilla/5.0 (Windows NT 10.0; WOW64) AppleWebKit/537.36 (KHTML, like Gecko) Chrome/74.0.3729.157 Safari/537.36"
192.173.3.114 - - [20/May/2019:15:05:56 +0100] "GET /wp-content/plugins/elementor/assets/js/frontend.min.js?ver=2.5.15 HTTP/1.1" 200 10142 "https://marketing.petersweb.me.uk/?page_id=7&elementor-preview=7&ver=1558361155" "Mozilla/5.0 (Windows NT 10.0; WOW64) AppleWebKit/537.36 (KHTML, like Gecko) Chrome/74.0.3729.157 Safari/537.36"
192.173.3.114 - - [20/May/2019:15:05:56 +0100] "GET /wp-includes/js/jquery/jquery.js?ver=1.12.4 HTTP/1.1" 200 32857 "https://marketing.petersweb.me.uk/?page_id=7&elementor-preview=7&ver=1558361155" "Mozilla/5.0 (Windows NT 10.0; WOW64) AppleWebKit/537.36 (KHTML, like Gecko) Chrome/74.0.3729.157 Safari/537.36"
192.173.3.114 - - [20/May/2019:15:05:56 +0100] "GET /wp-content/plugins/elementor/assets/images/logo-panel.svg HTTP/1.1" 200 2846 "https://marketing.petersweb.me.uk/wp-admin/post.php?post=7&action=elementor" "Mozilla/5.0 (Windows NT 10.0; WOW64) AppleWebKit/537.36 (KHTML, like Gecko) Chrome/74.0.3729.157 Safari/537.36"
192.173.3.114 - - [20/May/2019:15:05:56 +0100] "POST /wp-admin/admin-ajax.php HTTP/1.1" 200 37841 "https://marketing.petersweb.me.uk/wp-admin/post.php?post=7&action=elementor" "Mozilla/5.0 (Windows NT 10.0; WOW64) AppleWebKit/537.36 (KHTML, like Gecko) Chrome/74.0.3729.157 Safari/537.36"
77.72.0.74 - - [20/May/2019:15:05:56 +0100] "POST /wp-cron.php?doing_wp_cron=1558361156.8982529640197753906250 HTTP/1.1" 200 0 "https://marketing.petersweb.me.uk/wp-cron.php?doing_wp_cron=1558361156.8982529640197753906250" "WordPress/5.2; https://marketing.petersweb.me.uk"
192.173.3.114 - - [20/May/2019:15:05:56 +0100] "POST /?wc-ajax=get_refreshed_fragments HTTP/1.1" 200 553 "https://marketing.petersweb.me.uk/?page_id=7&elementor-preview=7&ver=1558361155" "Mozilla/5.0 (Windows NT 10.0; WOW64) AppleWebKit/537.36 (KHTML, like Gecko) Chrome/74.0.3729.157 Safari/537.36"
77.72.0.74 - - [20/May/2019:15:06:11 +0100] "POST /wp-cron.php?doing_wp_cron=1558361171.2859339714050292968750 HTTP/1.1" 200 0 "https://marketing.petersweb.me.uk/wp-cron.php?doing_wp_cron=1558361171.2859339714050292968750" "WordPress/5.2; https://marketing.petersweb.me.uk"
192.173.3.114 - - [20/May/2019:15:06:11 +0100] "POST /wp-admin/admin-ajax.php HTTP/1.1" 200 77 "https://marketing.petersweb.me.uk/wp-admin/post.php?post=7&action=elementor" "Mozilla/5.0 (Windows NT 10.0; WOW64) AppleWebKit/537.36 (KHTML, like Gecko) Chrome/74.0.3729.157 Safari/537.36"
77.72.0.74 - - [20/May/2019:15:06:26 +0100] "POST /wp-cron.php?doing_wp_cron=1558361186.2989330291748046875000 HTTP/1.1" 200 0 "https://marketing.petersweb.me.uk/wp-cron.php?doing_wp_cron=1558361186.2989330291748046875000" "WordPress/5.2; https://marketing.petersweb.me.uk"
192.173.3.114 - - [20/May/2019:15:06:26 +0100] "POST /wp-admin/admin-ajax.php HTTP/1.1" 200 77 "https://marketing.petersweb.me.uk/wp-admin/post.php?post=7&action=elementor" "Mozilla/5.0 (Windows NT 10.0; WOW64) AppleWebKit/537.36 (KHTML, like Gecko) Chrome/74.0.3729.157 Safari/537.36"
77.72.0.74 - - [20/May/2019:15:06:41 +0100] "POST /wp-cron.php?doing_wp_cron=1558361201.2973670959472656250000 HTTP/1.1" 200 0 "https://marketing.petersweb.me.uk/wp-cron.php?doing_wp_cron=1558361201.2973670959472656250000" "WordPress/5.2; https://marketing.petersweb.me.uk"
192.173.3.114 - - [20/May/2019:15:06:41 +0100] "POST /wp-admin/admin-ajax.php HTTP/1.1" 200 77 "https://marketing.petersweb.me.uk/wp-admin/post.php?post=7&action=elementor" "Mozilla/5.0 (Windows NT 10.0; WOW64) AppleWebKit/537.36 (KHTML, like Gecko) Chrome/74.0.3729.157 Safari/537.36"
77.72.0.74 - - [20/May/2019:15:06:56 +0100] "POST /wp-cron.php?doing_wp_cron=1558361216.2967090606689453125000 HTTP/1.1" 200 0 "https://marketing.petersweb.me.uk/wp-cron.php?doing_wp_cron=1558361216.2967090606689453125000" "WordPress/5.2; https://marketing.petersweb.me.uk"
192.173.3.114 - - [20/May/2019:15:06:56 +0100] "POST /wp-admin/admin-ajax.php HTTP/1.1" 200 77 "https://marketing.petersweb.me.uk/wp-admin/post.php?post=7&action=elementor" "Mozilla/5.0 (Windows NT 10.0; WOW64) AppleWebKit/537.36 (KHTML, like Gecko) Chrome/74.0.3729.157 Safari/537.36"
77.72.0.74 - - [20/May/2019:15:09:13 +0100] "POST /wp-cron.php?doing_wp_cron=1558361353.2430160045623779296875 HTTP/1.1" 200 0 "https://marketing.petersweb.me.uk/wp-cron.php?doing_wp_cron=1558361353.2430160045623779296875" "WordPress/5.2; https://marketing.petersweb.me.uk"
192.173.3.114 - - [20/May/2019:15:09:13 +0100] "POST /wp-admin/admin-ajax.php HTTP/1.1" 200 77 "https://marketing.petersweb.me.uk/wp-admin/post.php?post=7&action=elementor" "Mozilla/5.0 (Windows NT 10.0; WOW64) AppleWebKit/537.36 (KHTML, like Gecko) Chrome/74.0.3729.157 Safari/537.36"
77.72.0.74 - - [20/May/2019:15:09:54 +0100] "POST /wp-cron.php?doing_wp_cron=1558361394.6517949104309082031250 HTTP/1.1" 200 0 "https://marketing.petersweb.me.uk/wp-cron.php?doing_wp_cron=1558361394.6517949104309082031250" "WordPress/5.2; https://marketing.petersweb.me.uk"
192.173.3.114 - - [20/May/2019:15:09:54 +0100] "POST /wp-admin/admin-ajax.php HTTP/1.1" 200 77 "https://marketing.petersweb.me.uk/wp-admin/post.php?post=7&action=elementor" "Mozilla/5.0 (Windows NT 10.0; WOW64) AppleWebKit/537.36 (KHTML, like Gecko) Chrome/74.0.3729.157 Safari/537.36"
77.72.0.74 - - [20/May/2019:15:10:10 +0100] "POST /wp-cron.php?doing_wp_cron=1558361410.2027099132537841796875 HTTP/1.1" 200 0 "https://marketing.petersweb.me.uk/wp-cron.php?doing_wp_cron=1558361410.2027099132537841796875" "WordPress/5.2; https://marketing.petersweb.me.uk"
192.173.3.114 - - [20/May/2019:15:10:10 +0100] "POST /wp-admin/admin-ajax.php HTTP/1.1" 200 77 "https://marketing.petersweb.me.uk/wp-admin/post.php?post=7&action=elementor" "Mozilla/5.0 (Windows NT 10.0; WOW64) AppleWebKit/537.36 (KHTML, like Gecko) Chrome/74.0.3729.157 Safari/537.36"
77.72.0.74 - - [20/May/2019:15:11:12 +0100] "POST /wp-cron.php?doing_wp_cron=1558361472.0502560138702392578125 HTTP/1.1" 200 0 "https://marketing.petersweb.me.uk/wp-cron.php?doing_wp_cron=1558361472.0502560138702392578125" "WordPress/5.2; https://marketing.petersweb.me.uk"
192.173.3.114 - - [20/May/2019:15:11:11 +0100] "POST /wp-admin/admin-ajax.php HTTP/1.1" 200 77 "https://marketing.petersweb.me.uk/wp-admin/post.php?post=7&action=elementor" "Mozilla/5.0 (Windows NT 10.0; WOW64) AppleWebKit/537.36 (KHTML, like Gecko) Chrome/74.0.3729.157 Safari/537.36"
77.72.0.74 - - [20/May/2019:15:11:25 +0100] "POST /wp-cron.php?doing_wp_cron=1558361485.8231110572814941406250 HTTP/1.1" 200 0 "https://marketing.petersweb.me.uk/wp-cron.php?doing_wp_cron=1558361485.8231110572814941406250" "WordPress/5.2; https://marketing.petersweb.me.uk"
192.173.3.114 - - [20/May/2019:15:11:25 +0100] "GET /wp-admin/post.php?post=7&action=edit HTTP/1.1" 200 57857 "https://marketing.petersweb.me.uk/wp-admin/edit.php?post_type=page" "Mozilla/5.0 (Windows NT 10.0; WOW64) AppleWebKit/537.36 (KHTML, like Gecko) Chrome/74.0.3729.157 Safari/537.36"
192.173.3.114 - - [20/May/2019:15:11:26 +0100] "GET /wp-content/plugins/litespeed-cache/js/litespeed-cache-admin.js?ver=2.9.7.2 HTTP/1.1" 200 4043 "https://marketing.petersweb.me.uk/wp-admin/post.php?post=7&action=edit" "Mozilla/5.0 (Windows NT 10.0; WOW64) AppleWebKit/537.36 (KHTML, like Gecko) Chrome/74.0.3729.157 Safari/537.36"
77.72.0.74 - - [20/May/2019:15:11:26 +0100] "POST /wp-cron.php?doing_wp_cron=1558361486.3639569282531738281250 HTTP/1.1" 200 0 "https://marketing.petersweb.me.uk/wp-cron.php?doing_wp_cron=1558361486.3639569282531738281250" "WordPress/5.2; https://marketing.petersweb.me.uk"
192.173.3.114 - - [20/May/2019:15:11:26 +0100] "GET /wp-admin/post.php?post=7&action=edit HTTP/1.1" 200 57824 "https://marketing.petersweb.me.uk/wp-admin/post.php?post=7&action=edit" "Mozilla/5.0 (Windows NT 10.0; WOW64) AppleWebKit/537.36 (KHTML, like Gecko) Chrome/74.0.3729.157 Safari/537.36"
192.173.3.114 - - [20/May/2019:15:11:28 +0100] "GET /wp-content/plugins/litespeed-cache/css/fonts/litespeedfont.ttf?rs8ttq HTTP/1.1" 304 0 "https://marketing.petersweb.me.uk/wp-content/plugins/litespeed-cache/css/litespeed.css?ver=2.9.7.2" "Mozilla/5.0 (Windows NT 10.0; WOW64) AppleWebKit/537.36 (KHTML, like Gecko) Chrome/74.0.3729.157 Safari/537.36"
192.173.3.114 - - [20/May/2019:15:11:28 +0100] "GET /wp-content/plugins/woocommerce/assets/fonts/WooCommerce.woff HTTP/1.1" 304 0 "https://marketing.petersweb.me.uk/wp-content/themes/astra/assets/css/minified/compatibility/woocommerce/woocommerce.min.css?ver=1.8.3" "Mozilla/5.0 (Windows NT 10.0; WOW64) AppleWebKit/537.36 (KHTML, like Gecko) Chrome/74.0.3729.157 Safari/537.36"
192.173.3.114 - - [20/May/2019:15:11:28 +0100] "GET /wp-content/plugins/elementor/assets/lib/eicons/fonts/eicons.woff2?4.3.0 HTTP/1.1" 304 0 "https://marketing.petersweb.me.uk/wp-content/plugins/elementor/assets/lib/eicons/css/elementor-icons.min.css?ver=4.3.0" "Mozilla/5.0 (Windows NT 10.0; WOW64) AppleWebKit/537.36 (KHTML, like Gecko) Chrome/74.0.3729.157 Safari/537.36"
192.173.3.114 - - [20/May/2019:15:11:28 +0100] "GET /index.php?rest_route=%2Fwp%2Fv2%2Ftaxonomies&per_page=100&context=edit&_locale=user HTTP/1.1" 200 2892 "https://marketing.petersweb.me.uk/wp-admin/post.php?post=7&action=edit" "Mozilla/5.0 (Windows NT 10.0; WOW64) AppleWebKit/537.36 (KHTML, like Gecko) Chrome/74.0.3729.157 Safari/537.36"
77.72.0.74 - - [20/May/2019:15:11:28 +0100] "POST /wp-cron.php?doing_wp_cron=1558361488.3386249542236328125000 HTTP/1.1" 200 0 "https://marketing.petersweb.me.uk/wp-cron.php?doing_wp_cron=1558361488.3386249542236328125000" "WordPress/5.2; https://marketing.petersweb.me.uk"
192.173.3.114 - - [20/May/2019:15:11:28 +0100] "GET /index.php?rest_route=%2Fwp%2Fv2%2Fusers%2F&who=authors&per_page=100&_locale=user HTTP/1.1" 200 635 "https://marketing.petersweb.me.uk/wp-admin/post.php?post=7&action=edit" "Mozilla/5.0 (Windows NT 10.0; WOW64) AppleWebKit/537.36 (KHTML, like Gecko) Chrome/74.0.3729.157 Safari/537.36"
77.72.0.74 - - [20/May/2019:15:11:33 +0100] "POST /wp-cron.php?doing_wp_cron=1558361493.7832210063934326171875 HTTP/1.1" 200 0 "https://marketing.petersweb.me.uk/wp-cron.php?doing_wp_cron=1558361493.7832210063934326171875" "WordPress/5.2; https://marketing.petersweb.me.uk"
192.173.3.114 - - [20/May/2019:15:11:33 +0100] "POST /wp-admin/admin-ajax.php HTTP/1.1" 200 5 "https://marketing.petersweb.me.uk/wp-admin/post.php?post=7&action=edit" "Mozilla/5.0 (Windows NT 10.0; WOW64) AppleWebKit/537.36 (KHTML, like Gecko) Chrome/74.0.3729.157 Safari/537.36"
77.72.0.74 - - [20/May/2019:15:11:33 +0100] "POST /wp-cron.php?doing_wp_cron=1558361493.9272410869598388671875 HTTP/1.1" 200 0 "https://marketing.petersweb.me.uk/wp-cron.php?doing_wp_cron=1558361493.9272410869598388671875" "WordPress/5.2; https://marketing.petersweb.me.uk"
192.173.3.114 - - [20/May/2019:15:11:33 +0100] "GET /wp-admin/edit.php?post_type=cartflows_flow HTTP/1.1" 200 18833 "https://marketing.petersweb.me.uk/wp-admin/post.php?post=7&action=edit" "Mozilla/5.0 (Windows NT 10.0; WOW64) AppleWebKit/537.36 (KHTML, like Gecko) Chrome/74.0.3729.157 Safari/537.36"
192.173.3.114 - - [20/May/2019:15:11:34 +0100] "GET /wp-content/plugins/cartflows/assets/css/import.css?ver=1.1.18 HTTP/1.1" 200 4120 "https://marketing.petersweb.me.uk/wp-admin/edit.php?post_type=cartflows_flow" "Mozilla/5.0 (Windows NT 10.0; WOW64) AppleWebKit/537.36 (KHTML, like Gecko) Chrome/74.0.3729.157 Safari/537.36"
192.173.3.114 - - [20/May/2019:15:11:34 +0100] "GET /wp-content/plugins/cartflows/admin/assets/css/global-admin.css?ver=1.1.18 HTTP/1.1" 200 4039 "https://marketing.petersweb.me.uk/wp-admin/edit.php?post_type=cartflows_flow" "Mozilla/5.0 (Windows NT 10.0; WOW64) AppleWebKit/537.36 (KHTML, like Gecko) Chrome/74.0.3729.157 Safari/537.36"
192.173.3.114 - - [20/May/2019:15:11:34 +0100] "GET /wp-content/plugins/cartflows/assets/js/rest-api.js?ver=1.1.18 HTTP/1.1" 200 1367 "https://marketing.petersweb.me.uk/wp-admin/edit.php?post_type=cartflows_flow" "Mozilla/5.0 (Windows NT 10.0; WOW64) AppleWebKit/537.36 (KHTML, like Gecko) Chrome/74.0.3729.157 Safari/537.36"
77.72.0.74 - - [20/May/2019:15:07:12 +0100] "POST /wp-cron.php?doing_wp_cron=1558361232.2044520378112792968750 HTTP/1.1" 200 0 "https://marketing.petersweb.me.uk/wp-cron.php?doing_wp_cron=1558361232.2044520378112792968750" "WordPress/5.2; https://marketing.petersweb.me.uk"
192.173.3.114 - - [20/May/2019:15:07:12 +0100] "POST /wp-admin/admin-ajax.php HTTP/1.1" 200 77 "https://marketing.petersweb.me.uk/wp-admin/post.php?post=7&action=elementor" "Mozilla/5.0 (Windows NT 10.0; WOW64) AppleWebKit/537.36 (KHTML, like Gecko) Chrome/74.0.3729.157 Safari/537.36"
77.72.0.74 - - [20/May/2019:15:07:44 +0100] "POST /wp-cron.php?doing_wp_cron=1558361264.2135910987854003906250 HTTP/1.1" 200 0 "https://marketing.petersweb.me.uk/wp-cron.php?doing_wp_cron=1558361264.2135910987854003906250" "WordPress/5.2; https://marketing.petersweb.me.uk"
192.173.3.114 - - [20/May/2019:15:07:44 +0100] "POST /wp-admin/admin-ajax.php HTTP/1.1" 200 466 "https://marketing.petersweb.me.uk/wp-admin/post.php?post=7&action=elementor" "Mozilla/5.0 (Windows NT 10.0; WOW64) AppleWebKit/537.36 (KHTML, like Gecko) Chrome/74.0.3729.157 Safari/537.36"
77.72.0.74 - - [20/May/2019:15:07:45 +0100] "POST /wp-cron.php?doing_wp_cron=1558361265.1734919548034667968750 HTTP/1.1" 200 0 "https://marketing.petersweb.me.uk/wp-cron.php?doing_wp_cron=1558361265.1734919548034667968750" "WordPress/5.2; https://marketing.petersweb.me.uk"
192.173.3.114 - - [20/May/2019:15:07:45 +0100] "POST /wp-admin/admin-ajax.php HTTP/1.1" 200 307 "https://marketing.petersweb.me.uk/wp-admin/post.php?post=7&action=elementor" "Mozilla/5.0 (Windows NT 10.0; WOW64) AppleWebKit/537.36 (KHTML, like Gecko) Chrome/74.0.3729.157 Safari/537.36"
192.173.3.114 - - [20/May/2019:15:11:34 +0100] "GET /wp-admin/js/updates.min.js?ver=5.2 HTTP/1.1" 200 7191 "https://marketing.petersweb.me.uk/wp-admin/edit.php?post_type=cartflows_flow" "Mozilla/5.0 (Windows NT 10.0; WOW64) AppleWebKit/537.36 (KHTML, like Gecko) Chrome/74.0.3729.157 Safari/537.36"
192.173.3.114 - - [20/May/2019:15:11:34 +0100] "GET /wp-content/plugins/cartflows/assets/js/import.js?ver=1.1.18 HTTP/1.1" 200 7652 "https://marketing.petersweb.me.uk/wp-admin/edit.php?post_type=cartflows_flow" "Mozilla/5.0 (Windows NT 10.0; WOW64) AppleWebKit/537.36 (KHTML, like Gecko) Chrome/74.0.3729.157 Safari/537.36"
192.173.3.114 - - [20/May/2019:15:11:34 +0100] "GET /wp-content/plugins/cartflows/admin/assets/fonts/cartflows-logo-icon.ttf?kxnn1n HTTP/1.1" 200 1436 "https://marketing.petersweb.me.uk/wp-content/plugins/cartflows/admin/assets/css/global-admin.css?ver=1.1.18" "Mozilla/5.0 (Windows NT 10.0; WOW64) AppleWebKit/537.36 (KHTML, like Gecko) Chrome/74.0.3729.157 Safari/537.36"
192.173.3.114 - - [20/May/2019:15:11:34 +0100] "GET /wp-content/plugins/cartflows/admin/assets/js/global-admin.js?ver=1.1.18 HTTP/1.1" 200 833 "https://marketing.petersweb.me.uk/wp-admin/edit.php?post_type=cartflows_flow" "Mozilla/5.0 (Windows NT 10.0; WOW64) AppleWebKit/537.36 (KHTML, like Gecko) Chrome/74.0.3729.157 Safari/537.36"
77.72.0.74 - - [20/May/2019:15:11:34 +0100] "POST /wp-cron.php?doing_wp_cron=1558361494.3445560932159423828125 HTTP/1.1" 200 0 "https://marketing.petersweb.me.uk/wp-cron.php?doing_wp_cron=1558361494.3445560932159423828125" "WordPress/5.2; https://marketing.petersweb.me.uk"
192.173.3.114 - - [20/May/2019:15:11:34 +0100] "POST /wp-admin/admin-ajax.php HTTP/1.1" 200 47 "https://marketing.petersweb.me.uk/wp-admin/edit.php?post_type=cartflows_flow" "Mozilla/5.0 (Windows NT 10.0; WOW64) AppleWebKit/537.36 (KHTML, like Gecko) Chrome/74.0.3729.157 Safari/537.36"
77.72.0.74 - - [20/May/2019:15:11:49 +0100] "POST /wp-cron.php?doing_wp_cron=1558361509.3654170036315917968750 HTTP/1.1" 200 0 "https://marketing.petersweb.me.uk/wp-cron.php?doing_wp_cron=1558361509.3654170036315917968750" "WordPress/5.2; https://marketing.petersweb.me.uk"
192.173.3.114 - - [20/May/2019:15:11:49 +0100] "POST /wp-admin/admin-ajax.php HTTP/1.1" 200 47 "https://marketing.petersweb.me.uk/wp-admin/edit.php?post_type=cartflows_flow" "Mozilla/5.0 (Windows NT 10.0; WOW64) AppleWebKit/537.36 (KHTML, like Gecko) Chrome/74.0.3729.157 Safari/537.36"
77.72.0.74 - - [20/May/2019:15:12:05 +0100] "POST /wp-cron.php?doing_wp_cron=1558361525.1942620277404785156250 HTTP/1.1" 200 0 "https://marketing.petersweb.me.uk/wp-cron.php?doing_wp_cron=1558361525.1942620277404785156250" "WordPress/5.2; https://marketing.petersweb.me.uk"
192.173.3.114 - - [20/May/2019:15:12:05 +0100] "POST /wp-admin/admin-ajax.php HTTP/1.1" 200 47 "https://marketing.petersweb.me.uk/wp-admin/edit.php?post_type=cartflows_flow" "Mozilla/5.0 (Windows NT 10.0; WOW64) AppleWebKit/537.36 (KHTML, like Gecko) Chrome/74.0.3729.157 Safari/537.36"
77.72.0.74 - - [20/May/2019:15:12:21 +0100] "POST /wp-cron.php?doing_wp_cron=1558361541.3145310878753662109375 HTTP/1.1" 200 0 "https://marketing.petersweb.me.uk/wp-cron.php?doing_wp_cron=1558361541.3145310878753662109375" "WordPress/5.2; https://marketing.petersweb.me.uk"
192.173.3.114 - - [20/May/2019:15:12:21 +0100] "POST /wp-admin/admin-ajax.php HTTP/1.1" 200 47 "https://marketing.petersweb.me.uk/wp-admin/edit.php?post_type=cartflows_flow" "Mozilla/5.0 (Windows NT 10.0; WOW64) AppleWebKit/537.36 (KHTML, like Gecko) Chrome/74.0.3729.157 Safari/537.36"
77.72.0.74 - - [20/May/2019:15:12:36 +0100] "POST /wp-cron.php?doing_wp_cron=1558361556.3219120502471923828125 HTTP/1.1" 200 0 "https://marketing.petersweb.me.uk/wp-cron.php?doing_wp_cron=1558361556.3219120502471923828125" "WordPress/5.2; https://marketing.petersweb.me.uk"
192.173.3.114 - - [20/May/2019:15:12:36 +0100] "POST /wp-admin/admin-ajax.php HTTP/1.1" 200 47 "https://marketing.petersweb.me.uk/wp-admin/edit.php?post_type=cartflows_flow" "Mozilla/5.0 (Windows NT 10.0; WOW64) AppleWebKit/537.36 (KHTML, like Gecko) Chrome/74.0.3729.157 Safari/537.36"
77.72.0.74 - - [20/May/2019:15:12:51 +0100] "POST /wp-cron.php?doing_wp_cron=1558361571.3247320652008056640625 HTTP/1.1" 200 0 "https://marketing.petersweb.me.uk/wp-cron.php?doing_wp_cron=1558361571.3247320652008056640625" "WordPress/5.2; https://marketing.petersweb.me.uk"
192.173.3.114 - - [20/May/2019:15:12:51 +0100] "POST /wp-admin/admin-ajax.php HTTP/1.1" 200 47 "https://marketing.petersweb.me.uk/wp-admin/edit.php?post_type=cartflows_flow" "Mozilla/5.0 (Windows NT 10.0; WOW64) AppleWebKit/537.36 (KHTML, like Gecko) Chrome/74.0.3729.157 Safari/537.36"
77.72.0.74 - - [20/May/2019:15:13:06 +0100] "POST /wp-cron.php?doing_wp_cron=1558361586.3222138881683349609375 HTTP/1.1" 200 0 "https://marketing.petersweb.me.uk/wp-cron.php?doing_wp_cron=1558361586.3222138881683349609375" "WordPress/5.2; https://marketing.petersweb.me.uk"
192.173.3.114 - - [20/May/2019:15:13:06 +0100] "POST /wp-admin/admin-ajax.php HTTP/1.1" 200 47 "https://marketing.petersweb.me.uk/wp-admin/edit.php?post_type=cartflows_flow" "Mozilla/5.0 (Windows NT 10.0; WOW64) AppleWebKit/537.36 (KHTML, like Gecko) Chrome/74.0.3729.157 Safari/537.36"
77.72.0.74 - - [20/May/2019:15:13:14 +0100] "POST /wp-cron.php?doing_wp_cron=1558361594.7646529674530029296875 HTTP/1.1" 200 0 "https://marketing.petersweb.me.uk/wp-cron.php?doing_wp_cron=1558361594.7646529674530029296875" "WordPress/5.2; https://marketing.petersweb.me.uk"
192.173.3.114 - - [20/May/2019:15:13:14 +0100] "POST /wp-admin/admin-ajax.php HTTP/1.1" 200 26 "https://marketing.petersweb.me.uk/wp-admin/edit.php?post_type=cartflows_flow" "Mozilla/5.0 (Windows NT 10.0; WOW64) AppleWebKit/537.36 (KHTML, like Gecko) Chrome/74.0.3729.157 Safari/537.36"
77.72.0.74 - - [20/May/2019:15:13:18 +0100] "POST /wp-cron.php?doing_wp_cron=1558361598.7424850463867187500000 HTTP/1.1" 200 0 "https://marketing.petersweb.me.uk/wp-cron.php?doing_wp_cron=1558361598.7424850463867187500000" "WordPress/5.2; https://marketing.petersweb.me.uk"
192.173.3.114 - - [20/May/2019:15:13:17 +0100] "GET /wp-admin/post.php?post=10&action=edit HTTP/1.1" 200 34175 "https://marketing.petersweb.me.uk/wp-admin/edit.php?post_type=cartflows_flow" "Mozilla/5.0 (Windows NT 10.0; WOW64) AppleWebKit/537.36 (KHTML, like Gecko) Chrome/74.0.3729.157 Safari/537.36"
192.173.3.114 - - [20/May/2019:15:13:19 +0100] "GET /wp-admin/load-styles.php?c=1&dir=ltr&load%5B%5D=dashicons,admin-bar,wp-jquery-ui-dialog,buttons,media-views,common,forms,admin-menu,dashboard,list-tables,edit,revisions,media,t&load%5B%5D=hemes,about,nav-menus,wp-pointer,widgets,site-icon,l10n,wp-auth-check&ver=5.2 HTTP/1.1" 200 94051 "https://marketing.petersweb.me.uk/wp-admin/post.php?post=10&action=edit" "Mozilla/5.0 (Windows NT 10.0; WOW64) AppleWebKit/537.36 (KHTML, like Gecko) Chrome/74.0.3729.157 Safari/537.36"
192.173.3.114 - - [20/May/2019:15:13:19 +0100] "GET /wp-content/plugins/cartflows/admin/assets/css/flow-admin-edit.css?ver=1.1.18 HTTP/1.1" 200 532 "https://marketing.petersweb.me.uk/wp-admin/post.php?post=10&action=edit" "Mozilla/5.0 (Windows NT 10.0; WOW64) AppleWebKit/537.36 (KHTML, like Gecko) Chrome/74.0.3729.157 Safari/537.36"
192.173.3.114 - - [20/May/2019:15:13:19 +0100] "GET /wp-content/plugins/cartflows/admin/assets/js/flow-admin-edit.js?ver=1.1.18 HTTP/1.1" 200 1047 "https://marketing.petersweb.me.uk/wp-admin/post.php?post=10&action=edit" "Mozilla/5.0 (Windows NT 10.0; WOW64) AppleWebKit/537.36 (KHTML, like Gecko) Chrome/74.0.3729.157 Safari/537.36"
192.173.3.114 - - [20/May/2019:15:13:19 +0100] "GET /wp-content/plugins/woocommerce/assets/fonts/WooCommerce.woff HTTP/1.1" 304 0 "https://marketing.petersweb.me.uk/wp-content/plugins/woocommerce/assets/css/menu.css?ver=3.6.3" "Mozilla/5.0 (Windows NT 10.0; WOW64) AppleWebKit/537.36 (KHTML, like Gecko) Chrome/74.0.3729.157 Safari/537.36"
192.173.3.114 - - [20/May/2019:15:13:19 +0100] "GET /wp-content/plugins/cartflows/admin/assets/fonts/cartflows-logo-icon.ttf?kxnn1n HTTP/1.1" 304 0 "https://marketing.petersweb.me.uk/wp-content/plugins/cartflows/admin/assets/css/global-admin.css?ver=1.1.18" "Mozilla/5.0 (Windows NT 10.0; WOW64) AppleWebKit/537.36 (KHTML, like Gecko) Chrome/74.0.3729.157 Safari/537.36"
77.72.0.74 - - [20/May/2019:15:13:29 +0100] "POST /wp-cron.php?doing_wp_cron=1558361609.0960550308227539062500 HTTP/1.1" 200 0 "https://marketing.petersweb.me.uk/wp-cron.php?doing_wp_cron=1558361609.0960550308227539062500" "WordPress/5.2; https://marketing.petersweb.me.uk"
192.173.3.114 - - [20/May/2019:15:13:28 +0100] "GET /?cartflows_step=landing-page HTTP/1.1" 200 7583 "https://marketing.petersweb.me.uk/wp-admin/post.php?post=10&action=edit" "Mozilla/5.0 (Windows NT 10.0; WOW64) AppleWebKit/537.36 (KHTML, like Gecko) Chrome/74.0.3729.157 Safari/537.36"
192.173.3.114 - - [20/May/2019:15:13:29 +0100] "GET /wp-content/plugins/cartflows/assets/js/frontend.js?ver=1.1.18 HTTP/1.1" 200 300 "https://marketing.petersweb.me.uk/?cartflows_step=landing-page" "Mozilla/5.0 (Windows NT 10.0; WOW64) AppleWebKit/537.36 (KHTML, like Gecko) Chrome/74.0.3729.157 Safari/537.36"
192.173.3.114 - - [20/May/2019:15:13:29 +0100] "GET /wp-content/plugins/woocommerce/assets/css/woocommerce-layout.css?ver=3.6.3 HTTP/1.1" 200 1988 "https://marketing.petersweb.me.uk/?cartflows_step=landing-page" "Mozilla/5.0 (Windows NT 10.0; WOW64) AppleWebKit/537.36 (KHTML, like Gecko) Chrome/74.0.3729.157 Safari/537.36"
192.173.3.114 - - [20/May/2019:15:13:29 +0100] "GET /wp-content/plugins/woocommerce/assets/css/woocommerce.css?ver=3.6.3 HTTP/1.1" 200 8367 "https://marketing.petersweb.me.uk/?cartflows_step=landing-page" "Mozilla/5.0 (Windows NT 10.0; WOW64) AppleWebKit/537.36 (KHTML, like Gecko) Chrome/74.0.3729.157 Safari/537.36"
192.173.3.114 - - [20/May/2019:15:13:29 +0100] "GET /wp-content/plugins/cartflows/assets/css/frontend.css?ver=1.1.18 HTTP/1.1" 200 4756 "https://marketing.petersweb.me.uk/?cartflows_step=landing-page" "Mozilla/5.0 (Windows NT 10.0; WOW64) AppleWebKit/537.36 (KHTML, like Gecko) Chrome/74.0.3729.157 Safari/537.36"
192.173.3.114 - - [20/May/2019:15:13:29 +0100] "GET /wp-includes/js/jquery/ui/core.min.js?ver=1.11.4 HTTP/1.1" 200 1658 "https://marketing.petersweb.me.uk/?cartflows_step=landing-page" "Mozilla/5.0 (Windows NT 10.0; WOW64) AppleWebKit/537.36 (KHTML, like Gecko) Chrome/74.0.3729.157 Safari/537.36"
192.173.3.114 - - [20/May/2019:15:13:29 +0100] "GET /wp-includes/js/jquery/ui/widget.min.js?ver=1.11.4 HTTP/1.1" 200 2445 "https://marketing.petersweb.me.uk/?cartflows_step=landing-page" "Mozilla/5.0 (Windows NT 10.0; WOW64) AppleWebKit/537.36 (KHTML, like Gecko) Chrome/74.0.3729.157 Safari/537.36"
192.173.3.114 - - [20/May/2019:15:13:29 +0100] "GET /wp-includes/js/jquery/ui/mouse.min.js?ver=1.11.4 HTTP/1.1" 200 927 "https://marketing.petersweb.me.uk/?cartflows_step=landing-page" "Mozilla/5.0 (Windows NT 10.0; WOW64) AppleWebKit/537.36 (KHTML, like Gecko) Chrome/74.0.3729.157 Safari/537.36"
192.173.3.114 - - [20/May/2019:15:13:29 +0100] "GET /wp-includes/js/jquery/ui/draggable.min.js?ver=1.11.4 HTTP/1.1" 200 4808 "https://marketing.petersweb.me.uk/?cartflows_step=landing-page" "Mozilla/5.0 (Windows NT 10.0; WOW64) AppleWebKit/537.36 (KHTML, like Gecko) Chrome/74.0.3729.157 Safari/537.36"
192.173.3.114 - - [20/May/2019:15:13:29 +0100] "GET /wp-content/plugins/woocommerce/assets/css/woocommerce-smallscreen.css?ver=3.6.3 HTTP/1.1" 200 945 "https://marketing.petersweb.me.uk/?cartflows_step=landing-page" "Mozilla/5.0 (Windows NT 10.0; WOW64) AppleWebKit/537.36 (KHTML, like Gecko) Chrome/74.0.3729.157 Safari/537.36"
77.72.0.74 - - [20/May/2019:15:13:39 +0100] "POST /wp-cron.php?doing_wp_cron=1558361619.0415599346160888671875 HTTP/1.1" 200 0 "https://marketing.petersweb.me.uk/wp-cron.php?doing_wp_cron=1558361619.0415599346160888671875" "WordPress/5.2; https://marketing.petersweb.me.uk"
192.173.3.114 - - [20/May/2019:15:13:38 +0100] "GET /wp-admin/post.php?post=11&action=edit HTTP/1.1" 200 44449 "https://marketing.petersweb.me.uk/wp-admin/post.php?post=10&action=edit" "Mozilla/5.0 (Windows NT 10.0; WOW64) AppleWebKit/537.36 (KHTML, like Gecko) Chrome/74.0.3729.157 Safari/537.36"
192.173.3.114 - - [20/May/2019:15:13:39 +0100] "GET /wp-admin/load-styles.php?c=1&dir=ltr&load%5B%5D=dashicons,admin-bar,wp-jquery-ui-dialog,common,forms,admin-menu,dashboard,list-tables,edit,revisions,media,themes,about,nav-menu&load%5B%5D=s,wp-pointer,widgets,site-icon,l10n,buttons,wp-auth-check,wp-color-picker&ver=5.2 HTTP/1.1" 200 87556 "https://marketing.petersweb.me.uk/wp-admin/post.php?post=11&action=edit" "Mozilla/5.0 (Windows NT 10.0; WOW64) AppleWebKit/537.36 (KHTML, like Gecko) Chrome/74.0.3729.157 Safari/537.36"
192.173.3.114 - - [20/May/2019:15:13:39 +0100] "GET /wp-content/plugins/cartflows/admin/meta-assets/css/admin-edit.css?ver=1.1.18 HTTP/1.1" 200 832 "https://marketing.petersweb.me.uk/wp-admin/post.php?post=11&action=edit" "Mozilla/5.0 (Windows NT 10.0; WOW64) AppleWebKit/537.36 (KHTML, like Gecko) Chrome/74.0.3729.157 Safari/537.36"
192.173.3.114 - - [20/May/2019:15:13:39 +0100] "GET /wp-content/plugins/woocommerce/assets/js/admin/wc-enhanced-select.min.js?ver=3.6.3 HTTP/1.1" 200 1102 "https://marketing.petersweb.me.uk/wp-admin/post.php?post=11&action=edit" "Mozilla/5.0 (Windows NT 10.0; WOW64) AppleWebKit/537.36 (KHTML, like Gecko) Chrome/74.0.3729.157 Safari/537.36"
192.173.3.114 - - [20/May/2019:15:13:39 +0100] "GET /wp-content/plugins/woocommerce/assets/js/select2/select2.full.min.js?ver=4.0.3 HTTP/1.1" 200 19666 "https://marketing.petersweb.me.uk/wp-admin/post.php?post=11&action=edit" "Mozilla/5.0 (Windows NT 10.0; WOW64) AppleWebKit/537.36 (KHTML, like Gecko) Chrome/74.0.3729.157 Safari/537.36"
192.173.3.114 - - [20/May/2019:15:13:39 +0100] "GET /wp-content/plugins/woocommerce/assets/js/selectWoo/selectWoo.full.min.js?ver=1.0.6 HTTP/1.1" 200 20083 "https://marketing.petersweb.me.uk/wp-admin/post.php?post=11&action=edit" "Mozilla/5.0 (Windows NT 10.0; WOW64) AppleWebKit/537.36 (KHTML, like Gecko) Chrome/74.0.3729.157 Safari/537.36"
192.173.3.114 - - [20/May/2019:15:13:39 +0100] "GET /wp-admin/load-styles.php?c=1&dir=ltr&load%5B%5D=media-views&ver=5.2 HTTP/1.1" 200 8103 "https://marketing.petersweb.me.uk/wp-admin/post.php?post=11&action=edit" "Mozilla/5.0 (Windows NT 10.0; WOW64) AppleWebKit/537.36 (KHTML, like Gecko) Chrome/74.0.3729.157 Safari/537.36"
192.173.3.114 - - [20/May/2019:15:13:39 +0100] "GET /wp-content/plugins/cartflows/admin/meta-assets/js/admin-edit.js?ver=1.1.18 HTTP/1.1" 200 4824 "https://marketing.petersweb.me.uk/wp-admin/post.php?post=11&action=edit" "Mozilla/5.0 (Windows NT 10.0; WOW64) AppleWebKit/537.36 (KHTML, like Gecko) Chrome/74.0.3729.157 Safari/537.36"
192.173.3.114 - - [20/May/2019:15:13:39 +0100] "GET /wp-includes/js/plupload/moxie.min.js?ver=1.3.5 HTTP/1.1" 200 27150 "https://marketing.petersweb.me.uk/wp-admin/post.php?post=11&action=edit" "Mozilla/5.0 (Windows NT 10.0; WOW64) AppleWebKit/537.36 (KHTML, like Gecko) Chrome/74.0.3729.157 Safari/537.36"
77.72.0.74 - - [20/May/2019:15:13:39 +0100] "POST /wp-cron.php?doing_wp_cron=1558361619.2792060375213623046875 HTTP/1.1" 200 0 "https://marketing.petersweb.me.uk/wp-cron.php?doing_wp_cron=1558361619.2792060375213623046875" "WordPress/5.2; https://marketing.petersweb.me.uk"
192.173.3.114 - - [20/May/2019:15:13:39 +0100] "POST /wp-admin/admin-ajax.php HTTP/1.1" 200 5 "https://marketing.petersweb.me.uk/wp-admin/post.php?post=10&action=edit" "Mozilla/5.0 (Windows NT 10.0; WOW64) AppleWebKit/537.36 (KHTML, like Gecko) Chrome/74.0.3729.157 Safari/537.36"
192.173.3.114 - - [20/May/2019:15:13:39 +0100] "GET /wp-includes/js/plupload/plupload.min.js?ver=2.1.9 HTTP/1.1" 200 5475 "https://marketing.petersweb.me.uk/wp-admin/post.php?post=11&action=edit" "Mozilla/5.0 (Windows NT 10.0; WOW64) AppleWebKit/537.36 (KHTML, like Gecko) Chrome/74.0.3729.157 Safari/537.36"
77.72.0.74 - - [20/May/2019:15:13:45 +0100] "POST /wp-cron.php?doing_wp_cron=1558361625.2112710475921630859375 HTTP/1.1" 200 0 "https://marketing.petersweb.me.uk/wp-cron.php?doing_wp_cron=1558361625.2112710475921630859375" "WordPress/5.2; https://marketing.petersweb.me.uk"
192.173.3.114 - - [20/May/2019:15:13:45 +0100] "POST /wp-admin/admin-ajax.php HTTP/1.1" 200 47 "https://marketing.petersweb.me.uk/wp-admin/post.php?post=11&action=edit" "Mozilla/5.0 (Windows NT 10.0; WOW64) AppleWebKit/537.36 (KHTML, like Gecko) Chrome/74.0.3729.157 Safari/537.36"
77.72.0.74 - - [20/May/2019:15:13:45 +0100] "POST /wp-cron.php?doing_wp_cron=1558361625.4293189048767089843750 HTTP/1.1" 200 0 "https://marketing.petersweb.me.uk/wp-cron.php?doing_wp_cron=1558361625.4293189048767089843750" "WordPress/5.2; https://marketing.petersweb.me.uk"
192.173.3.114 - - [20/May/2019:15:13:45 +0100] "GET /wp-admin/post.php?post=11&action=elementor HTTP/1.1" 200 84396 "https://marketing.petersweb.me.uk/wp-admin/post.php?post=11&action=edit" "Mozilla/5.0 (Windows NT 10.0; WOW64) AppleWebKit/537.36 (KHTML, like Gecko) Chrome/74.0.3729.157 Safari/537.36"
77.72.0.74 - - [20/May/2019:15:13:45 +0100] "POST /wp-cron.php?doing_wp_cron=1558361625.7772789001464843750000 HTTP/1.1" 200 0 "https://marketing.petersweb.me.uk/wp-cron.php?doing_wp_cron=1558361625.7772789001464843750000" "WordPress/5.2; https://marketing.petersweb.me.uk"
192.173.3.114 - - [20/May/2019:15:13:45 +0100] "POST /wp-admin/admin-ajax.php HTTP/1.1" 200 5 "https://marketing.petersweb.me.uk/wp-admin/post.php?post=11&action=edit" "Mozilla/5.0 (Windows NT 10.0; WOW64) AppleWebKit/537.36 (KHTML, like Gecko) Chrome/74.0.3729.157 Safari/537.36"
192.173.3.114 - - [20/May/2019:15:13:45 +0100] "GET /wp-content/plugins/elementor/assets/lib/font-awesome/fonts/fontawesome-webfont.woff2?v=4.7.0 HTTP/1.1" 304 0 "https://marketing.petersweb.me.uk/wp-content/plugins/elementor/assets/lib/font-awesome/css/font-awesome.min.css?ver=4.7.0" "Mozilla/5.0 (Windows NT 10.0; WOW64) AppleWebKit/537.36 (KHTML, like Gecko) Chrome/74.0.3729.157 Safari/537.36"
77.72.0.74 - - [20/May/2019:15:13:46 +0100] "POST /wp-cron.php?doing_wp_cron=1558361626.0635299682617187500000 HTTP/1.1" 200 0 "https://marketing.petersweb.me.uk/wp-cron.php?doing_wp_cron=1558361626.0635299682617187500000" "WordPress/5.2; https://marketing.petersweb.me.uk"
192.173.3.114 - - [20/May/2019:15:13:45 +0100] "GET /?cartflows_step=landing-page&elementor-preview=11&ver=1558361625 HTTP/1.1" 200 4669 "https://marketing.petersweb.me.uk/wp-admin/post.php?post=11&action=elementor" "Mozilla/5.0 (Windows NT 10.0; WOW64) AppleWebKit/537.36 (KHTML, like Gecko) Chrome/74.0.3729.157 Safari/537.36"
77.72.0.74 - - [20/May/2019:15:13:46 +0100] "POST /wp-cron.php?doing_wp_cron=1558361626.5492389202117919921875 HTTP/1.1" 200 0 "https://marketing.petersweb.me.uk/wp-cron.php?doing_wp_cron=1558361626.5492389202117919921875" "WordPress/5.2; https://marketing.petersweb.me.uk"
192.173.3.114 - - [20/May/2019:15:13:46 +0100] "POST /wp-admin/admin-ajax.php HTTP/1.1" 200 37786 "https://marketing.petersweb.me.uk/wp-admin/post.php?post=11&action=elementor" "Mozilla/5.0 (Windows NT 10.0; WOW64) AppleWebKit/537.36 (KHTML, like Gecko) Chrome/74.0.3729.157 Safari/537.36"
77.72.0.74 - - [20/May/2019:15:14:01 +0100] "POST /wp-cron.php?doing_wp_cron=1558361641.0805740356445312500000 HTTP/1.1" 200 0 "https://marketing.petersweb.me.uk/wp-cron.php?doing_wp_cron=1558361641.0805740356445312500000" "WordPress/5.2; https://marketing.petersweb.me.uk"
192.173.3.114 - - [20/May/2019:15:14:01 +0100] "POST /wp-admin/admin-ajax.php HTTP/1.1" 200 77 "https://marketing.petersweb.me.uk/wp-admin/post.php?post=11&action=elementor" "Mozilla/5.0 (Windows NT 10.0; WOW64) AppleWebKit/537.36 (KHTML, like Gecko) Chrome/74.0.3729.157 Safari/537.36"
77.72.0.74 - - [20/May/2019:15:14:16 +0100] "POST /wp-cron.php?doing_wp_cron=1558361656.1232509613037109375000 HTTP/1.1" 200 0 "https://marketing.petersweb.me.uk/wp-cron.php?doing_wp_cron=1558361656.1232509613037109375000" "WordPress/5.2; https://marketing.petersweb.me.uk"
192.173.3.114 - - [20/May/2019:15:14:15 +0100] "POST /wp-admin/admin-ajax.php HTTP/1.1" 200 77 "https://marketing.petersweb.me.uk/wp-admin/post.php?post=11&action=elementor" "Mozilla/5.0 (Windows NT 10.0; WOW64) AppleWebKit/537.36 (KHTML, like Gecko) Chrome/74.0.3729.157 Safari/537.36"
77.72.0.74 - - [20/May/2019:15:14:22 +0100] "POST /wp-cron.php?doing_wp_cron=1558361662.8373041152954101562500 HTTP/1.1" 200 0 "https://marketing.petersweb.me.uk/wp-cron.php?doing_wp_cron=1558361662.8373041152954101562500" "WordPress/5.2; https://marketing.petersweb.me.uk"
192.173.3.114 - - [20/May/2019:15:14:22 +0100] "GET /wp-admin/post.php?post=11&action=edit HTTP/1.1" 200 44389 "https://marketing.petersweb.me.uk/wp-admin/post.php?post=11&action=edit" "Mozilla/5.0 (Windows NT 10.0; WOW64) AppleWebKit/537.36 (KHTML, like Gecko) Chrome/74.0.3729.157 Safari/537.36"
77.72.0.74 - - [20/May/2019:15:14:25 +0100] "POST /wp-cron.php?doing_wp_cron=1558361665.7515730857849121093750 HTTP/1.1" 200 0 "https://marketing.petersweb.me.uk/wp-cron.php?doing_wp_cron=1558361665.7515730857849121093750" "WordPress/5.2; https://marketing.petersweb.me.uk"
192.173.3.114 - - [20/May/2019:15:14:25 +0100] "POST /wp-admin/admin-ajax.php HTTP/1.1" 200 5 "https://marketing.petersweb.me.uk/wp-admin/post.php?post=11&action=edit" "Mozilla/5.0 (Windows NT 10.0; WOW64) AppleWebKit/537.36 (KHTML, like Gecko) Chrome/74.0.3729.157 Safari/537.36"
