104.197.62.59 - - [25/Jun/2022:13:16:39 +0100] "GET / HTTP/1.1" 200 31959 "-" "Mozilla/5.0 (Windows NT 10.0; Win64; x64) AppleWebKit/537.36 (KHTML, like Gecko) Chrome/87.0.4280.88 Safari/537.36"
217.146.95.83 - - [25/Jun/2022:13:17:37 +0100] "HEAD / HTTP/1.1" 200 0 "-" "Mozilla/5.0 (Windows NT 10.0; WOW64) AppleWebKit/537.36 (KHTML, like Gecko) Chrome/52.0.2743.116 Safari/537.36"
216.245.221.89 - - [25/Jun/2022:13:20:35 +0100] "HEAD / HTTP/1.1" 200 0 "https://www.petersweb.me.uk/" "Mozilla/5.0+(compatible; UptimeRobot/2.0; http://www.uptimerobot.com/)"
216.245.221.89 - - [25/Jun/2022:13:25:35 +0100] "HEAD / HTTP/1.1" 200 0 "https://www.petersweb.me.uk/" "Mozilla/5.0+(compatible; UptimeRobot/2.0; http://www.uptimerobot.com/)"
217.146.95.83 - - [25/Jun/2022:13:25:40 +0100] "HEAD / HTTP/1.1" 200 0 "-" "Mozilla/5.0 (Windows NT 10.0; WOW64) AppleWebKit/537.36 (KHTML, like Gecko) Chrome/52.0.2743.116 Safari/537.36"
104.197.62.59 - - [25/Jun/2022:13:26:41 +0100] "GET / HTTP/1.1" 200 31959 "-" "Mozilla/5.0 (Windows NT 10.0; Win64; x64) AppleWebKit/537.36 (KHTML, like Gecko) Chrome/87.0.4280.88 Safari/537.36"
142.132.139.44 - - [25/Jun/2022:13:30:26 +0100] "GET /feed/ HTTP/1.1" 200 444 "-" "Mozilla/5.0 (compatible; DataForSeoBot/1.0; +https://dataforseo.com/dataforseo-bot)"
216.245.221.89 - - [25/Jun/2022:13:30:35 +0100] "HEAD / HTTP/1.1" 200 0 "https://www.petersweb.me.uk/" "Mozilla/5.0+(compatible; UptimeRobot/2.0; http://www.uptimerobot.com/)"
104.197.62.59 - - [25/Jun/2022:13:31:42 +0100] "GET / HTTP/1.1" 200 31959 "-" "Mozilla/5.0 (Windows NT 10.0; Win64; x64) AppleWebKit/537.36 (KHTML, like Gecko) Chrome/87.0.4280.88 Safari/537.36"
217.146.95.83 - - [25/Jun/2022:13:33:41 +0100] "HEAD / HTTP/1.1" 200 0 "-" "Mozilla/5.0 (Windows NT 10.0; WOW64) AppleWebKit/537.36 (KHTML, like Gecko) Chrome/52.0.2743.116 Safari/537.36"
185.199.220.52 - - [25/Jun/2022:13:34:04 +0100] "POST /wp-cron.php?doing_wp_cron=1656160444.0094699859619140625000 HTTP/1.1" 200 20 "https://www.petersweb.me.uk/wp-cron.php?doing_wp_cron=1656160444.0094699859619140625000" "WordPress/6.0; https://www.petersweb.me.uk"
54.36.149.35 - - [25/Jun/2022:13:34:02 +0100] "GET /docs/what-is-latency/ HTTP/1.1" 200 35006 "-" "Mozilla/5.0 (compatible; AhrefsBot/7.0; +http://ahrefs.com/robot/)"
185.199.220.52 - - [25/Jun/2022:13:34:35 +0100] "POST /wp-cron.php?doing_wp_cron=1656160475.9596960544586181640625 HTTP/1.1" 200 20 "https://www.petersweb.me.uk/wp-cron.php?doing_wp_cron=1656160475.9596960544586181640625" "WordPress/6.0; https://www.petersweb.me.uk"
54.68.32.247 - - [25/Jun/2022:13:34:35 +0100] "POST /?rest_route=%2Fwordfence%2Fv1%2Fauthenticate HTTP/1.1" 200 134 "-" "Wordfence Central API v1.0"
185.199.220.52 - - [25/Jun/2022:13:34:38 +0100] "POST /wp-cron.php?doing_wp_cron=1656160478.5938410758972167968750 HTTP/1.1" 200 20 "https://www.petersweb.me.uk/wp-cron.php?doing_wp_cron=1656160478.5938410758972167968750" "WordPress/6.0; https://www.petersweb.me.uk"
54.68.32.247 - - [25/Jun/2022:13:34:37 +0100] "POST /?rest_route=%2Fwordfence%2Fv1%2Fauthenticate HTTP/1.1" 200 265 "-" "Wordfence Central API v1.0"
54.68.32.247 - - [25/Jun/2022:13:34:39 +0100] "POST /?rest_route=%2Fwordfence%2Fv1%2Fconfig HTTP/1.1" 200 2900 "-" "Wordfence Central API v1.0"
216.245.221.89 - - [25/Jun/2022:13:35:35 +0100] "HEAD / HTTP/1.1" 200 0 "https://www.petersweb.me.uk/" "Mozilla/5.0+(compatible; UptimeRobot/2.0; http://www.uptimerobot.com/)"
104.197.62.59 - - [25/Jun/2022:13:36:44 +0100] "GET / HTTP/1.1" 200 31959 "-" "Mozilla/5.0 (Windows NT 10.0; Win64; x64) AppleWebKit/537.36 (KHTML, like Gecko) Chrome/87.0.4280.88 Safari/537.36"
216.245.221.89 - - [25/Jun/2022:13:40:35 +0100] "HEAD / HTTP/1.1" 200 0 "https://www.petersweb.me.uk/" "Mozilla/5.0+(compatible; UptimeRobot/2.0; http://www.uptimerobot.com/)"
217.146.95.83 - - [25/Jun/2022:13:41:41 +0100] "HEAD / HTTP/1.1" 200 0 "-" "Mozilla/5.0 (Windows NT 10.0; WOW64) AppleWebKit/537.36 (KHTML, like Gecko) Chrome/52.0.2743.116 Safari/537.36"
104.197.62.59 - - [25/Jun/2022:13:41:44 +0100] "GET / HTTP/1.1" 200 31959 "-" "Mozilla/5.0 (Windows NT 10.0; Win64; x64) AppleWebKit/537.36 (KHTML, like Gecko) Chrome/87.0.4280.88 Safari/537.36"
216.245.221.89 - - [25/Jun/2022:13:45:35 +0100] "HEAD / HTTP/1.1" 200 0 "https://www.petersweb.me.uk/" "Mozilla/5.0+(compatible; UptimeRobot/2.0; http://www.uptimerobot.com/)"
104.197.62.59 - - [25/Jun/2022:13:46:46 +0100] "GET / HTTP/1.1" 200 31959 "-" "Mozilla/5.0 (Windows NT 10.0; Win64; x64) AppleWebKit/537.36 (KHTML, like Gecko) Chrome/87.0.4280.88 Safari/537.36"
185.199.220.52 - - [25/Jun/2022:13:49:35 +0100] "POST /wp-cron.php?doing_wp_cron=1656161375.2152819633483886718750 HTTP/1.1" 200 20 "https://www.petersweb.me.uk/wp-cron.php?doing_wp_cron=1656161375.2152819633483886718750" "WordPress/6.0; https://www.petersweb.me.uk"
185.191.171.26 - - [25/Jun/2022:13:49:33 +0100] "GET /docs/how-to-launch-a-ecommerce-website-using-woocommerce/ HTTP/1.1" 200 34665 "-" "Mozilla/5.0 (compatible; SemrushBot/7~bl; +http://www.semrush.com/bot.html)"
217.146.95.83 - - [25/Jun/2022:13:49:37 +0100] "HEAD / HTTP/1.1" 200 0 "-" "Mozilla/5.0 (Windows NT 10.0; WOW64) AppleWebKit/537.36 (KHTML, like Gecko) Chrome/52.0.2743.116 Safari/537.36"
216.245.221.89 - - [25/Jun/2022:13:50:35 +0100] "HEAD / HTTP/1.1" 200 0 "https://www.petersweb.me.uk/" "Mozilla/5.0+(compatible; UptimeRobot/2.0; http://www.uptimerobot.com/)"
35.225.215.196 - - [25/Jun/2022:13:51:47 +0100] "GET / HTTP/1.1" 200 31959 "-" "Mozilla/5.0 (Windows NT 10.0; Win64; x64) AppleWebKit/537.36 (KHTML, like Gecko) Chrome/87.0.4280.88 Safari/537.36"
216.245.221.89 - - [25/Jun/2022:13:55:35 +0100] "HEAD / HTTP/1.1" 200 0 "https://www.petersweb.me.uk/" "Mozilla/5.0+(compatible; UptimeRobot/2.0; http://www.uptimerobot.com/)"
34.133.78.112 - - [25/Jun/2022:13:56:48 +0100] "GET / HTTP/1.1" 200 31959 "-" "Mozilla/5.0 (Windows NT 10.0; Win64; x64) AppleWebKit/537.36 (KHTML, like Gecko) Chrome/87.0.4280.88 Safari/537.36"
217.146.95.83 - - [25/Jun/2022:13:57:39 +0100] "HEAD / HTTP/1.1" 200 0 "-" "Mozilla/5.0 (Windows NT 10.0; WOW64) AppleWebKit/537.36 (KHTML, like Gecko) Chrome/52.0.2743.116 Safari/537.36"
216.245.221.89 - - [25/Jun/2022:14:00:35 +0100] "HEAD / HTTP/1.1" 200 0 "https://www.petersweb.me.uk/" "Mozilla/5.0+(compatible; UptimeRobot/2.0; http://www.uptimerobot.com/)"
217.146.95.83 - - [25/Jun/2022:14:01:40 +0100] "HEAD / HTTP/1.1" 200 0 "-" "Mozilla/5.0 (Windows NT 10.0; WOW64) AppleWebKit/537.36 (KHTML, like Gecko) Chrome/52.0.2743.116 Safari/537.36"
35.225.215.196 - - [25/Jun/2022:14:01:48 +0100] "GET / HTTP/1.1" 200 31959 "-" "Mozilla/5.0 (Windows NT 10.0; Win64; x64) AppleWebKit/537.36 (KHTML, like Gecko) Chrome/87.0.4280.88 Safari/537.36"
207.46.13.102 - - [25/Jun/2022:14:05:12 +0100] "GET /index.php?rp=/knowledgebase/36/Super-simple-ways-to-drive-more-visitors-to-your-brilliant-website.html HTTP/1.1" 301 20 "-" "Mozilla/5.0 (compatible; bingbot/2.0; +http://www.bing.com/bingbot.htm)"
185.199.220.52 - - [25/Jun/2022:14:05:14 +0100] "POST /wp-cron.php?doing_wp_cron=1656162314.3243219852447509765625 HTTP/1.1" 200 20 "https://www.petersweb.me.uk/wp-cron.php?doing_wp_cron=1656162314.3243219852447509765625" "WordPress/6.0; https://www.petersweb.me.uk"
216.245.221.89 - - [25/Jun/2022:14:05:35 +0100] "HEAD / HTTP/1.1" 200 0 "https://www.petersweb.me.uk/" "Mozilla/5.0+(compatible; UptimeRobot/2.0; http://www.uptimerobot.com/)"
185.199.220.52 - - [25/Jun/2022:14:05:46 +0100] "POST /wp-cron.php?doing_wp_cron=1656162346.8609941005706787109375 HTTP/1.1" 200 20 "https://www.petersweb.me.uk/wp-cron.php?doing_wp_cron=1656162346.8609941005706787109375" "WordPress/6.0; https://www.petersweb.me.uk"
54.68.32.247 - - [25/Jun/2022:14:05:46 +0100] "POST /?rest_route=%2Fwordfence%2Fv1%2Fauthenticate HTTP/1.1" 200 134 "-" "Wordfence Central API v1.0"
54.68.32.247 - - [25/Jun/2022:14:05:48 +0100] "POST /?rest_route=%2Fwordfence%2Fv1%2Fauthenticate HTTP/1.1" 200 265 "-" "Wordfence Central API v1.0"
54.68.32.247 - - [25/Jun/2022:14:05:49 +0100] "POST /?rest_route=%2Fwordfence%2Fv1%2Fconfig HTTP/1.1" 200 2900 "-" "Wordfence Central API v1.0"
104.197.62.59 - - [25/Jun/2022:14:06:50 +0100] "GET / HTTP/1.1" 200 31959 "-" "Mozilla/5.0 (Windows NT 10.0; Win64; x64) AppleWebKit/537.36 (KHTML, like Gecko) Chrome/87.0.4280.88 Safari/537.36"
185.191.171.12 - - [25/Jun/2022:14:08:07 +0100] "GET /docs/stopping-invaild-logins-the-easy-way/ HTTP/1.1" 200 33908 "-" "Mozilla/5.0 (compatible; SemrushBot/7~bl; +http://www.semrush.com/bot.html)"
217.146.95.83 - - [25/Jun/2022:14:09:40 +0100] "HEAD / HTTP/1.1" 200 0 "-" "Mozilla/5.0 (Windows NT 10.0; WOW64) AppleWebKit/537.36 (KHTML, like Gecko) Chrome/52.0.2743.116 Safari/537.36"
216.245.221.89 - - [25/Jun/2022:14:10:35 +0100] "HEAD / HTTP/1.1" 200 0 "https://www.petersweb.me.uk/" "Mozilla/5.0+(compatible; UptimeRobot/2.0; http://www.uptimerobot.com/)"
35.225.215.196 - - [25/Jun/2022:14:11:50 +0100] "GET / HTTP/1.1" 200 31959 "-" "Mozilla/5.0 (Windows NT 10.0; Win64; x64) AppleWebKit/537.36 (KHTML, like Gecko) Chrome/87.0.4280.88 Safari/537.36"
64.124.8.24 - - [25/Jun/2022:14:12:29 +0100] "GET /robots.txt HTTP/1.1" 304 0 "-" "Mozilla/5.0 (X11; Linux x86_64) AppleWebKit/537.36 (KHTML, like Gecko) Chrome/61.0.3163.79 Safari/537.36"
64.124.8.24 - - [25/Jun/2022:14:13:23 +0100] "GET /store/ HTTP/1.1" 200 28049 "-" "Mozilla/5.0 (X11; Linux x86_64) AppleWebKit/537.36 (KHTML, like Gecko) Chrome/61.0.3163.79 Safari/537.36"
216.245.221.89 - - [25/Jun/2022:14:15:35 +0100] "HEAD / HTTP/1.1" 200 0 "https://www.petersweb.me.uk/" "Mozilla/5.0+(compatible; UptimeRobot/2.0; http://www.uptimerobot.com/)"
142.132.139.97 - - [25/Jun/2022:14:16:32 +0100] "GET /comments/feed/ HTTP/1.1" 200 409 "-" "Mozilla/5.0 (compatible; DataForSeoBot/1.0; +https://dataforseo.com/dataforseo-bot)"
35.225.215.196 - - [25/Jun/2022:14:16:52 +0100] "GET / HTTP/1.1" 200 31959 "-" "Mozilla/5.0 (Windows NT 10.0; Win64; x64) AppleWebKit/537.36 (KHTML, like Gecko) Chrome/87.0.4280.88 Safari/537.36"
217.146.95.83 - - [25/Jun/2022:14:17:39 +0100] "HEAD / HTTP/1.1" 200 0 "-" "Mozilla/5.0 (Windows NT 10.0; WOW64) AppleWebKit/537.36 (KHTML, like Gecko) Chrome/52.0.2743.116 Safari/537.36"
216.245.221.89 - - [25/Jun/2022:14:20:35 +0100] "HEAD / HTTP/1.1" 200 0 "https://www.petersweb.me.uk/" "Mozilla/5.0+(compatible; UptimeRobot/2.0; http://www.uptimerobot.com/)"
64.124.8.24 - - [25/Jun/2022:14:21:31 +0100] "GET /wp-content/plugins/cookie-law-info/public/images/logo-cookieyes.svg HTTP/1.1" 200 1136 "-" "Mozilla/5.0 (X11; Linux x86_64) AppleWebKit/537.36 (KHTML, like Gecko) Chrome/61.0.3163.79 Safari/537.36"
104.197.62.59 - - [25/Jun/2022:14:21:52 +0100] "GET / HTTP/1.1" 200 31959 "-" "Mozilla/5.0 (Windows NT 10.0; Win64; x64) AppleWebKit/537.36 (KHTML, like Gecko) Chrome/87.0.4280.88 Safari/537.36"
216.245.221.89 - - [25/Jun/2022:14:25:35 +0100] "HEAD / HTTP/1.1" 200 0 "https://www.petersweb.me.uk/" "Mozilla/5.0+(compatible; UptimeRobot/2.0; http://www.uptimerobot.com/)"
217.146.95.83 - - [25/Jun/2022:14:25:38 +0100] "HEAD / HTTP/1.1" 200 0 "-" "Mozilla/5.0 (Windows NT 10.0; WOW64) AppleWebKit/537.36 (KHTML, like Gecko) Chrome/52.0.2743.116 Safari/537.36"
34.133.78.112 - - [25/Jun/2022:14:26:54 +0100] "GET / HTTP/1.1" 200 31959 "-" "Mozilla/5.0 (Windows NT 10.0; Win64; x64) AppleWebKit/537.36 (KHTML, like Gecko) Chrome/87.0.4280.88 Safari/537.36"
185.199.220.52 - - [25/Jun/2022:14:27:08 +0100] "POST /wp-cron.php?doing_wp_cron=1656163628.7681028842926025390625 HTTP/1.1" 200 20 "https://www.petersweb.me.uk/wp-cron.php?doing_wp_cron=1656163628.7681028842926025390625" "WordPress/6.0; https://www.petersweb.me.uk"
54.36.148.190 - - [25/Jun/2022:14:27:07 +0100] "GET /docs/why-do-you-need-a-site-map/ HTTP/1.1" 200 34233 "-" "Mozilla/5.0 (compatible; AhrefsBot/7.0; +http://ahrefs.com/robot/)"
185.199.220.52 - - [25/Jun/2022:14:28:57 +0100] "POST /wp-cron.php?doing_wp_cron=1656163737.1392409801483154296875 HTTP/1.1" 200 20 "https://www.petersweb.me.uk/wp-cron.php?doing_wp_cron=1656163737.1392409801483154296875" "WordPress/6.0; https://www.petersweb.me.uk"
64.124.8.24 - - [25/Jun/2022:14:28:56 +0100] "GET /wp-json/ HTTP/1.1" 200 12393 "-" "Mozilla/5.0 (X11; Linux x86_64) AppleWebKit/537.36 (KHTML, like Gecko) Chrome/61.0.3163.79 Safari/537.36"
216.245.221.89 - - [25/Jun/2022:14:30:35 +0100] "HEAD / HTTP/1.1" 200 0 "https://www.petersweb.me.uk/" "Mozilla/5.0+(compatible; UptimeRobot/2.0; http://www.uptimerobot.com/)"
35.225.215.196 - - [25/Jun/2022:14:31:55 +0100] "GET / HTTP/1.1" 200 31959 "-" "Mozilla/5.0 (Windows NT 10.0; Win64; x64) AppleWebKit/537.36 (KHTML, like Gecko) Chrome/87.0.4280.88 Safari/537.36"
217.146.95.83 - - [25/Jun/2022:14:33:39 +0100] "HEAD / HTTP/1.1" 200 0 "-" "Mozilla/5.0 (Windows NT 10.0; WOW64) AppleWebKit/537.36 (KHTML, like Gecko) Chrome/52.0.2743.116 Safari/537.36"
216.245.221.89 - - [25/Jun/2022:14:35:35 +0100] "HEAD / HTTP/1.1" 200 0 "https://www.petersweb.me.uk/" "Mozilla/5.0+(compatible; UptimeRobot/2.0; http://www.uptimerobot.com/)"
185.191.171.19 - - [25/Jun/2022:14:36:35 +0100] "GET /docs/how-to-login-to-cpanel-and-whm/ HTTP/1.1" 200 33689 "-" "Mozilla/5.0 (compatible; SemrushBot/7~bl; +http://www.semrush.com/bot.html)"
104.197.62.59 - - [25/Jun/2022:14:36:56 +0100] "GET / HTTP/1.1" 200 31959 "-" "Mozilla/5.0 (Windows NT 10.0; Win64; x64) AppleWebKit/537.36 (KHTML, like Gecko) Chrome/87.0.4280.88 Safari/537.36"
142.132.139.168 - - [25/Jun/2022:14:38:17 +0100] "GET /comments/feed/ HTTP/1.1" 200 409 "-" "Mozilla/5.0 (compatible; DataForSeoBot/1.0; +https://dataforseo.com/dataforseo-bot)"
216.245.221.89 - - [25/Jun/2022:14:40:35 +0100] "HEAD / HTTP/1.1" 200 0 "https://www.petersweb.me.uk/" "Mozilla/5.0+(compatible; UptimeRobot/2.0; http://www.uptimerobot.com/)"
217.146.95.83 - - [25/Jun/2022:14:41:40 +0100] "HEAD / HTTP/1.1" 200 0 "-" "Mozilla/5.0 (Windows NT 10.0; WOW64) AppleWebKit/537.36 (KHTML, like Gecko) Chrome/52.0.2743.116 Safari/537.36"
104.197.62.59 - - [25/Jun/2022:14:41:57 +0100] "GET / HTTP/1.1" 200 31959 "-" "Mozilla/5.0 (Windows NT 10.0; Win64; x64) AppleWebKit/537.36 (KHTML, like Gecko) Chrome/87.0.4280.88 Safari/537.36"
216.245.221.89 - - [25/Jun/2022:14:45:35 +0100] "HEAD / HTTP/1.1" 200 0 "https://www.petersweb.me.uk/" "Mozilla/5.0+(compatible; UptimeRobot/2.0; http://www.uptimerobot.com/)"
34.133.78.112 - - [25/Jun/2022:14:46:58 +0100] "GET / HTTP/1.1" 200 31959 "-" "Mozilla/5.0 (Windows NT 10.0; Win64; x64) AppleWebKit/537.36 (KHTML, like Gecko) Chrome/87.0.4280.88 Safari/537.36"
217.146.95.83 - - [25/Jun/2022:14:49:39 +0100] "HEAD / HTTP/1.1" 200 0 "-" "Mozilla/5.0 (Windows NT 10.0; WOW64) AppleWebKit/537.36 (KHTML, like Gecko) Chrome/52.0.2743.116 Safari/537.36"
216.245.221.89 - - [25/Jun/2022:14:50:35 +0100] "HEAD / HTTP/1.1" 200 0 "https://www.petersweb.me.uk/" "Mozilla/5.0+(compatible; UptimeRobot/2.0; http://www.uptimerobot.com/)"
104.197.62.59 - - [25/Jun/2022:14:51:59 +0100] "GET / HTTP/1.1" 200 31959 "-" "Mozilla/5.0 (Windows NT 10.0; Win64; x64) AppleWebKit/537.36 (KHTML, like Gecko) Chrome/87.0.4280.88 Safari/537.36"
216.245.221.89 - - [25/Jun/2022:14:55:35 +0100] "HEAD / HTTP/1.1" 200 0 "https://www.petersweb.me.uk/" "Mozilla/5.0+(compatible; UptimeRobot/2.0; http://www.uptimerobot.com/)"
157.55.39.94 - - [25/Jun/2022:14:56:08 +0100] "GET / HTTP/1.1" 200 31959 "-" "Mozilla/5.0 (compatible; bingbot/2.0; +http://www.bing.com/bingbot.htm)"
185.199.220.52 - - [25/Jun/2022:14:56:39 +0100] "POST /wp-cron.php?doing_wp_cron=1656165399.2643721103668212890625 HTTP/1.1" 200 20 "https://www.petersweb.me.uk/wp-cron.php?doing_wp_cron=1656165399.2643721103668212890625" "WordPress/6.0; https://www.petersweb.me.uk"
54.36.148.162 - - [25/Jun/2022:14:56:37 +0100] "GET /docs/information-on-litespeed/ HTTP/1.1" 200 35170 "-" "Mozilla/5.0 (compatible; AhrefsBot/7.0; +http://ahrefs.com/robot/)"
104.197.62.59 - - [25/Jun/2022:14:56:59 +0100] "GET / HTTP/1.1" 200 31959 "-" "Mozilla/5.0 (Windows NT 10.0; Win64; x64) AppleWebKit/537.36 (KHTML, like Gecko) Chrome/87.0.4280.88 Safari/537.36"
185.199.220.52 - - [25/Jun/2022:14:57:23 +0100] "POST /wp-cron.php?doing_wp_cron=1656165443.0272030830383300781250 HTTP/1.1" 200 20 "https://www.petersweb.me.uk/wp-cron.php?doing_wp_cron=1656165443.0272030830383300781250" "WordPress/6.0; https://www.petersweb.me.uk"
66.249.64.94 - - [25/Jun/2022:14:57:22 +0100] "GET /page-sitemap.xml HTTP/1.1" 200 826 "-" "Mozilla/5.0 (compatible; Googlebot/2.1; +http://www.google.com/bot.html)"
217.146.95.83 - - [25/Jun/2022:14:57:41 +0100] "HEAD / HTTP/1.1" 200 0 "-" "Mozilla/5.0 (Windows NT 10.0; WOW64) AppleWebKit/537.36 (KHTML, like Gecko) Chrome/52.0.2743.116 Safari/537.36"
216.245.221.89 - - [25/Jun/2022:15:00:35 +0100] "HEAD / HTTP/1.1" 200 0 "https://www.petersweb.me.uk/" "Mozilla/5.0+(compatible; UptimeRobot/2.0; http://www.uptimerobot.com/)"
217.146.95.83 - - [25/Jun/2022:15:01:37 +0100] "HEAD / HTTP/1.1" 200 0 "-" "Mozilla/5.0 (Windows NT 10.0; WOW64) AppleWebKit/537.36 (KHTML, like Gecko) Chrome/52.0.2743.116 Safari/537.36"
34.133.78.112 - - [25/Jun/2022:15:02:01 +0100] "GET / HTTP/1.1" 200 31959 "-" "Mozilla/5.0 (Windows NT 10.0; Win64; x64) AppleWebKit/537.36 (KHTML, like Gecko) Chrome/87.0.4280.88 Safari/537.36"
216.245.221.89 - - [25/Jun/2022:15:05:35 +0100] "HEAD / HTTP/1.1" 200 0 "https://www.petersweb.me.uk/" "Mozilla/5.0+(compatible; UptimeRobot/2.0; http://www.uptimerobot.com/)"
35.225.215.196 - - [25/Jun/2022:15:07:01 +0100] "GET / HTTP/1.1" 200 31959 "-" "Mozilla/5.0 (Windows NT 10.0; Win64; x64) AppleWebKit/537.36 (KHTML, like Gecko) Chrome/87.0.4280.88 Safari/537.36"
217.146.95.83 - - [25/Jun/2022:15:09:41 +0100] "HEAD / HTTP/1.1" 200 0 "-" "Mozilla/5.0 (Windows NT 10.0; WOW64) AppleWebKit/537.36 (KHTML, like Gecko) Chrome/52.0.2743.116 Safari/537.36"
216.245.221.89 - - [25/Jun/2022:15:10:35 +0100] "HEAD / HTTP/1.1" 200 0 "https://www.petersweb.me.uk/" "Mozilla/5.0+(compatible; UptimeRobot/2.0; http://www.uptimerobot.com/)"
185.199.220.52 - - [25/Jun/2022:15:10:50 +0100] "POST /wp-cron.php?doing_wp_cron=1656166250.0705609321594238281250 HTTP/1.1" 200 20 "https://www.petersweb.me.uk/wp-cron.php?doing_wp_cron=1656166250.0705609321594238281250" "WordPress/6.0; https://www.petersweb.me.uk"
54.36.148.157 - - [25/Jun/2022:15:10:48 +0100] "GET /docs/organise-your-emails-with-ease/ HTTP/1.1" 200 35640 "-" "Mozilla/5.0 (compatible; AhrefsBot/7.0; +http://ahrefs.com/robot/)"
185.199.220.52 - - [25/Jun/2022:15:11:21 +0100] "POST /wp-cron.php?doing_wp_cron=1656166281.5409440994262695312500 HTTP/1.1" 200 20 "https://www.petersweb.me.uk/wp-cron.php?doing_wp_cron=1656166281.5409440994262695312500" "WordPress/6.0; https://www.petersweb.me.uk"
54.68.32.247 - - [25/Jun/2022:15:11:20 +0100] "POST /?rest_route=%2Fwordfence%2Fv1%2Fauthenticate HTTP/1.1" 200 135 "-" "Wordfence Central API v1.0"
54.68.32.247 - - [25/Jun/2022:15:11:22 +0100] "POST /?rest_route=%2Fwordfence%2Fv1%2Fauthenticate HTTP/1.1" 200 264 "-" "Wordfence Central API v1.0"
54.68.32.247 - - [25/Jun/2022:15:11:24 +0100] "POST /?rest_route=%2Fwordfence%2Fv1%2Fconfig HTTP/1.1" 200 2900 "-" "Wordfence Central API v1.0"
34.133.78.112 - - [25/Jun/2022:15:12:03 +0100] "GET / HTTP/1.1" 200 31959 "-" "Mozilla/5.0 (Windows NT 10.0; Win64; x64) AppleWebKit/537.36 (KHTML, like Gecko) Chrome/87.0.4280.88 Safari/537.36"
216.245.221.89 - - [25/Jun/2022:15:15:35 +0100] "HEAD / HTTP/1.1" 200 0 "https://www.petersweb.me.uk/" "Mozilla/5.0+(compatible; UptimeRobot/2.0; http://www.uptimerobot.com/)"
34.133.78.112 - - [25/Jun/2022:15:17:04 +0100] "GET / HTTP/1.1" 200 31959 "-" "Mozilla/5.0 (Windows NT 10.0; Win64; x64) AppleWebKit/537.36 (KHTML, like Gecko) Chrome/87.0.4280.88 Safari/537.36"
217.146.95.83 - - [25/Jun/2022:15:17:39 +0100] "HEAD / HTTP/1.1" 200 0 "-" "Mozilla/5.0 (Windows NT 10.0; WOW64) AppleWebKit/537.36 (KHTML, like Gecko) Chrome/52.0.2743.116 Safari/537.36"
185.199.220.52 - - [25/Jun/2022:15:19:18 +0100] "POST /wp-cron.php?doing_wp_cron=1656166758.0282568931579589843750 HTTP/1.1" 200 20 "https://www.petersweb.me.uk/wp-cron.php?doing_wp_cron=1656166758.0282568931579589843750" "WordPress/6.0; https://www.petersweb.me.uk"
2a01:4f8:c012:fdc4::1 - - [25/Jun/2022:15:19:16 +0100] "GET / HTTP/1.1" 301 20 "http://petersweb.me.uk" "Mozilla/5.0 (Macintosh; Intel Mac OS X 10_13) AppleWebKit/604.1.38 (KHTML, like Gecko) Version/11.0 Safari/604.1.38"
2a01:4f8:c012:fdc4::1 - - [25/Jun/2022:15:19:19 +0100] "GET / HTTP/1.1" 200 31959 "https://petersweb.me.uk/" "Mozilla/5.0 (Macintosh; Intel Mac OS X 10_13) AppleWebKit/604.1.38 (KHTML, like Gecko) Version/11.0 Safari/604.1.38"
216.245.221.89 - - [25/Jun/2022:15:20:35 +0100] "HEAD / HTTP/1.1" 200 0 "https://www.petersweb.me.uk/" "Mozilla/5.0+(compatible; UptimeRobot/2.0; http://www.uptimerobot.com/)"
185.199.220.52 - - [25/Jun/2022:15:22:00 +0100] "POST /wp-cron.php?doing_wp_cron=1656166920.3483231067657470703125 HTTP/1.1" 200 20 "https://www.petersweb.me.uk/wp-cron.php?doing_wp_cron=1656166920.3483231067657470703125" "WordPress/6.0; https://www.petersweb.me.uk"
216.244.66.197 - - [25/Jun/2022:15:21:59 +0100] "GET /?rp=%2Fknowledgebase%2F5%2FSo-youandsharp039ve-done-a-great-thing-and-ordered-a-service-from-us.....what-happens-now.html HTTP/1.1" 200 32036 "-" "Mozilla/5.0 (compatible; DotBot/1.2; +https://opensiteexplorer.org/dotbot; help@moz.com)"
34.133.78.112 - - [25/Jun/2022:15:22:05 +0100] "GET / HTTP/1.1" 200 31959 "-" "Mozilla/5.0 (Windows NT 10.0; Win64; x64) AppleWebKit/537.36 (KHTML, like Gecko) Chrome/87.0.4280.88 Safari/537.36"
185.199.220.52 - - [25/Jun/2022:15:25:34 +0100] "POST /wp-cron.php?doing_wp_cron=1656167134.1747829914093017578125 HTTP/1.1" 200 20 "https://www.petersweb.me.uk/wp-cron.php?doing_wp_cron=1656167134.1747829914093017578125" "WordPress/6.0; https://www.petersweb.me.uk"
216.245.221.89 - - [25/Jun/2022:15:25:35 +0100] "HEAD / HTTP/1.1" 200 0 "https://www.petersweb.me.uk/" "Mozilla/5.0+(compatible; UptimeRobot/2.0; http://www.uptimerobot.com/)"
54.36.149.64 - - [25/Jun/2022:15:25:33 +0100] "GET /docs/5-magical-ways-in-which-back-links-can-help-your-website-flourish/ HTTP/1.1" 200 35073 "-" "Mozilla/5.0 (compatible; AhrefsBot/7.0; +http://ahrefs.com/robot/)"
217.146.95.83 - - [25/Jun/2022:15:25:38 +0100] "HEAD / HTTP/1.1" 200 0 "-" "Mozilla/5.0 (Windows NT 10.0; WOW64) AppleWebKit/537.36 (KHTML, like Gecko) Chrome/52.0.2743.116 Safari/537.36"
34.133.78.112 - - [25/Jun/2022:15:27:06 +0100] "GET / HTTP/1.1" 200 31959 "-" "Mozilla/5.0 (Windows NT 10.0; Win64; x64) AppleWebKit/537.36 (KHTML, like Gecko) Chrome/87.0.4280.88 Safari/537.36"
216.245.221.89 - - [25/Jun/2022:15:30:35 +0100] "HEAD / HTTP/1.1" 200 0 "https://www.petersweb.me.uk/" "Mozilla/5.0+(compatible; UptimeRobot/2.0; http://www.uptimerobot.com/)"
34.133.78.112 - - [25/Jun/2022:15:32:07 +0100] "GET / HTTP/1.1" 200 31959 "-" "Mozilla/5.0 (Windows NT 10.0; Win64; x64) AppleWebKit/537.36 (KHTML, like Gecko) Chrome/87.0.4280.88 Safari/537.36"
217.146.95.83 - - [25/Jun/2022:15:33:40 +0100] "HEAD / HTTP/1.1" 200 0 "-" "Mozilla/5.0 (Windows NT 10.0; WOW64) AppleWebKit/537.36 (KHTML, like Gecko) Chrome/52.0.2743.116 Safari/537.36"
216.245.221.89 - - [25/Jun/2022:15:35:35 +0100] "HEAD / HTTP/1.1" 200 0 "https://www.petersweb.me.uk/" "Mozilla/5.0+(compatible; UptimeRobot/2.0; http://www.uptimerobot.com/)"
34.133.78.112 - - [25/Jun/2022:15:37:09 +0100] "GET / HTTP/1.1" 200 31959 "-" "Mozilla/5.0 (Windows NT 10.0; Win64; x64) AppleWebKit/537.36 (KHTML, like Gecko) Chrome/87.0.4280.88 Safari/537.36"
216.245.221.89 - - [25/Jun/2022:15:40:35 +0100] "HEAD / HTTP/1.1" 200 0 "https://www.petersweb.me.uk/" "Mozilla/5.0+(compatible; UptimeRobot/2.0; http://www.uptimerobot.com/)"
217.146.95.83 - - [25/Jun/2022:15:41:39 +0100] "HEAD / HTTP/1.1" 200 0 "-" "Mozilla/5.0 (Windows NT 10.0; WOW64) AppleWebKit/537.36 (KHTML, like Gecko) Chrome/52.0.2743.116 Safari/537.36"
35.225.215.196 - - [25/Jun/2022:15:42:10 +0100] "GET / HTTP/1.1" 200 31959 "-" "Mozilla/5.0 (Windows NT 10.0; Win64; x64) AppleWebKit/537.36 (KHTML, like Gecko) Chrome/87.0.4280.88 Safari/537.36"
216.245.221.89 - - [25/Jun/2022:15:45:35 +0100] "HEAD / HTTP/1.1" 200 0 "https://www.petersweb.me.uk/" "Mozilla/5.0+(compatible; UptimeRobot/2.0; http://www.uptimerobot.com/)"
35.225.215.196 - - [25/Jun/2022:15:47:11 +0100] "GET / HTTP/1.1" 200 31959 "-" "Mozilla/5.0 (Windows NT 10.0; Win64; x64) AppleWebKit/537.36 (KHTML, like Gecko) Chrome/87.0.4280.88 Safari/537.36"
217.146.95.83 - - [25/Jun/2022:15:49:38 +0100] "HEAD / HTTP/1.1" 200 0 "-" "Mozilla/5.0 (Windows NT 10.0; WOW64) AppleWebKit/537.36 (KHTML, like Gecko) Chrome/52.0.2743.116 Safari/537.36"
216.245.221.89 - - [25/Jun/2022:15:50:35 +0100] "HEAD / HTTP/1.1" 200 0 "https://www.petersweb.me.uk/" "Mozilla/5.0+(compatible; UptimeRobot/2.0; http://www.uptimerobot.com/)"
142.132.248.81 - - [25/Jun/2022:15:51:50 +0100] "GET /comments/feed/ HTTP/1.1" 200 409 "-" "Mozilla/5.0 (compatible; DataForSeoBot/1.0; +https://dataforseo.com/dataforseo-bot)"
104.197.62.59 - - [25/Jun/2022:15:52:11 +0100] "GET / HTTP/1.1" 200 31959 "-" "Mozilla/5.0 (Windows NT 10.0; Win64; x64) AppleWebKit/537.36 (KHTML, like Gecko) Chrome/87.0.4280.88 Safari/537.36"
142.132.248.81 - - [25/Jun/2022:15:54:08 +0100] "GET /feed/ HTTP/1.1" 200 444 "-" "Mozilla/5.0 (compatible; DataForSeoBot/1.0; +https://dataforseo.com/dataforseo-bot)"
216.245.221.89 - - [25/Jun/2022:15:55:35 +0100] "HEAD / HTTP/1.1" 200 0 "https://www.petersweb.me.uk/" "Mozilla/5.0+(compatible; UptimeRobot/2.0; http://www.uptimerobot.com/)"
104.197.62.59 - - [25/Jun/2022:15:57:13 +0100] "GET / HTTP/1.1" 200 31959 "-" "Mozilla/5.0 (Windows NT 10.0; Win64; x64) AppleWebKit/537.36 (KHTML, like Gecko) Chrome/87.0.4280.88 Safari/537.36"
217.146.95.83 - - [25/Jun/2022:15:57:37 +0100] "HEAD / HTTP/1.1" 200 0 "-" "Mozilla/5.0 (Windows NT 10.0; WOW64) AppleWebKit/537.36 (KHTML, like Gecko) Chrome/52.0.2743.116 Safari/537.36"
216.245.221.89 - - [25/Jun/2022:16:00:35 +0100] "HEAD / HTTP/1.1" 200 0 "https://www.petersweb.me.uk/" "Mozilla/5.0+(compatible; UptimeRobot/2.0; http://www.uptimerobot.com/)"
217.146.95.83 - - [25/Jun/2022:16:01:39 +0100] "HEAD / HTTP/1.1" 200 0 "-" "Mozilla/5.0 (Windows NT 10.0; WOW64) AppleWebKit/537.36 (KHTML, like Gecko) Chrome/52.0.2743.116 Safari/537.36"
34.133.78.112 - - [25/Jun/2022:16:02:14 +0100] "GET / HTTP/1.1" 200 31959 "-" "Mozilla/5.0 (Windows NT 10.0; Win64; x64) AppleWebKit/537.36 (KHTML, like Gecko) Chrome/87.0.4280.88 Safari/537.36"
185.199.220.52 - - [25/Jun/2022:16:02:42 +0100] "POST /wp-cron.php?doing_wp_cron=1656169362.9860599040985107421875 HTTP/1.1" 200 20 "https://www.petersweb.me.uk/wp-cron.php?doing_wp_cron=1656169362.9860599040985107421875" "WordPress/6.0; https://www.petersweb.me.uk"
216.244.66.197 - - [25/Jun/2022:16:02:41 +0100] "GET /?rp=%2Fknowledgebase%2F58%2FWhy-should-I-use-Google-Search-Console.html HTTP/1.1" 200 32002 "-" "Mozilla/5.0 (compatible; DotBot/1.2; +https://opensiteexplorer.org/dotbot; help@moz.com)"
54.68.32.247 - - [25/Jun/2022:16:03:14 +0100] "POST /?rest_route=%2Fwordfence%2Fv1%2Fauthenticate HTTP/1.1" 200 134 "-" "Wordfence Central API v1.0"
54.68.32.247 - - [25/Jun/2022:16:03:15 +0100] "POST /?rest_route=%2Fwordfence%2Fv1%2Fauthenticate HTTP/1.1" 200 262 "-" "Wordfence Central API v1.0"
54.68.32.247 - - [25/Jun/2022:16:03:16 +0100] "POST /?rest_route=%2Fwordfence%2Fv1%2Fconfig HTTP/1.1" 200 2900 "-" "Wordfence Central API v1.0"
216.245.221.89 - - [25/Jun/2022:16:05:35 +0100] "HEAD / HTTP/1.1" 200 0 "https://www.petersweb.me.uk/" "Mozilla/5.0+(compatible; UptimeRobot/2.0; http://www.uptimerobot.com/)"
54.191.137.17 - - [25/Jun/2022:16:06:14 +0100] "POST /wp-load.php?mwprid=62b7246725c851.69810923 HTTP/1.1" 200 2963 "https://www.petersweb.me.uk/" "Mozilla/5.0 (Windows NT 10.0; Win64; x64) AppleWebKit/537.36 (KHTML, like Gecko) Chrome/62.0.3202.94 Safari/537.36"
54.191.137.17 - - [25/Jun/2022:16:06:28 +0100] "POST /wp-load.php?mwprid=62b72472588e94.33763486 HTTP/1.1" 200 563 "https://www.petersweb.me.uk/" "Mozilla/5.0 (Windows NT 10.0; Win64; x64) AppleWebKit/537.36 (KHTML, like Gecko) Chrome/62.0.3202.94 Safari/537.36"
54.191.137.17 - - [25/Jun/2022:16:06:34 +0100] "POST /wp-load.php?mwprid=62b72473333397.98161047 HTTP/1.1" 200 566 "https://www.petersweb.me.uk/" "Mozilla/5.0 (Windows NT 10.0; Win64; x64) AppleWebKit/537.36 (KHTML, like Gecko) Chrome/62.0.3202.94 Safari/537.36"
54.191.137.17 - - [25/Jun/2022:16:06:36 +0100] "GET / HTTP/1.1" 200 31960 "-" "Mozilla/5.0 (X11; Linux x86_64) AppleWebKit/537.36 (KHTML, like Gecko) HeadlessChrome/60.0.3112.101 Safari/537.36"
54.191.137.17 - - [25/Jun/2022:16:06:37 +0100] "GET /wp-content/plugins/revslider/public/assets/assets/dummy.png HTTP/1.1" 200 68 "https://www.petersweb.me.uk/" "Mozilla/5.0 (X11; Linux x86_64) AppleWebKit/537.36 (KHTML, like Gecko) HeadlessChrome/60.0.3112.101 Safari/537.36"
54.191.137.17 - - [25/Jun/2022:16:06:37 +0100] "GET /wp-content/plugins/revslider/public/assets/fonts/font-awesome/fonts/fontawesome-webfont.woff2?v=4.7.0 HTTP/1.1" 200 77160 "https://www.petersweb.me.uk/" "Mozilla/5.0 (X11; Linux x86_64) AppleWebKit/537.36 (KHTML, like Gecko) HeadlessChrome/60.0.3112.101 Safari/537.36"
54.191.137.17 - - [25/Jun/2022:16:06:37 +0100] "GET /wp-content/uploads/elementor/thumbs/quotes-pf6vhfguf6kv11n4dw6vimz43yxn66notstjb5lla8.png HTTP/1.1" 200 1676 "https://www.petersweb.me.uk/" "Mozilla/5.0 (X11; Linux x86_64) AppleWebKit/537.36 (KHTML, like Gecko) HeadlessChrome/60.0.3112.101 Safari/537.36"
54.191.137.17 - - [25/Jun/2022:16:06:38 +0100] "GET /wp-content/plugins/elementor/assets/lib/font-awesome/webfonts/fa-solid-900.woff2 HTTP/1.1" 200 78196 "https://www.petersweb.me.uk/wp-content/litespeed/css/fddbcc98f07f3d0651f3d81afe18eee9.css?ver=8eee9" "Mozilla/5.0 (X11; Linux x86_64) AppleWebKit/537.36 (KHTML, like Gecko) HeadlessChrome/60.0.3112.101 Safari/537.36"
54.191.137.17 - - [25/Jun/2022:16:06:38 +0100] "GET /wp-content/themes/phox/assets/webfonts/fa-brands-400.woff2 HTTP/1.1" 200 78460 "https://www.petersweb.me.uk/wp-content/litespeed/css/79e6e1b812ac334dec4e33b647a06d25.css?ver=06d25" "Mozilla/5.0 (X11; Linux x86_64) AppleWebKit/537.36 (KHTML, like Gecko) HeadlessChrome/60.0.3112.101 Safari/537.36"
54.191.137.17 - - [25/Jun/2022:16:06:39 +0100] "POST /wp-load.php?mwprid=62b7248037e4f9.11452210 HTTP/1.1" 200 1044 "https://www.petersweb.me.uk/" "Mozilla/5.0 (Windows NT 10.0; Win64; x64) AppleWebKit/537.36 (KHTML, like Gecko) Chrome/62.0.3202.94 Safari/537.36"
54.191.137.17 - - [25/Jun/2022:16:06:45 +0100] "GET /wp-includes/js/thickbox/loadingAnimation.gif HTTP/1.1" 200 15238 "https://www.petersweb.me.uk/" "Mozilla/5.0 (X11; Linux x86_64) AppleWebKit/537.36 (KHTML, like Gecko) HeadlessChrome/60.0.3112.101 Safari/537.36"
54.191.137.17 - - [25/Jun/2022:16:06:46 +0100] "GET /wp-content/uploads/2019/08/services.png HTTP/1.1" 200 29629 "https://www.petersweb.me.uk/" "Mozilla/5.0 (X11; Linux x86_64) AppleWebKit/537.36 (KHTML, like Gecko) HeadlessChrome/60.0.3112.101 Safari/537.36"
54.191.137.17 - - [25/Jun/2022:16:06:46 +0100] "GET /wp-content/plugins/revslider/public/assets/assets/transparent.png HTTP/1.1" 200 122 "https://www.petersweb.me.uk/" "Mozilla/5.0 (X11; Linux x86_64) AppleWebKit/537.36 (KHTML, like Gecko) HeadlessChrome/60.0.3112.101 Safari/537.36"
35.225.215.196 - - [25/Jun/2022:16:07:15 +0100] "GET / HTTP/1.1" 200 31959 "-" "Mozilla/5.0 (Windows NT 10.0; Win64; x64) AppleWebKit/537.36 (KHTML, like Gecko) Chrome/87.0.4280.88 Safari/537.36"
142.132.139.44 - - [25/Jun/2022:16:08:45 +0100] "GET /comments/feed/ HTTP/1.1" 200 409 "-" "Mozilla/5.0 (compatible; DataForSeoBot/1.0; +https://dataforseo.com/dataforseo-bot)"
142.132.248.81 - - [25/Jun/2022:16:09:31 +0100] "GET /feed/ HTTP/1.1" 200 444 "-" "Mozilla/5.0 (compatible; DataForSeoBot/1.0; +https://dataforseo.com/dataforseo-bot)"
217.146.95.83 - - [25/Jun/2022:16:09:40 +0100] "HEAD / HTTP/1.1" 200 0 "-" "Mozilla/5.0 (Windows NT 10.0; WOW64) AppleWebKit/537.36 (KHTML, like Gecko) Chrome/52.0.2743.116 Safari/537.36"
216.245.221.89 - - [25/Jun/2022:16:10:35 +0100] "HEAD / HTTP/1.1" 200 0 "https://www.petersweb.me.uk/" "Mozilla/5.0+(compatible; UptimeRobot/2.0; http://www.uptimerobot.com/)"
185.199.220.52 - - [25/Jun/2022:16:10:38 +0100] "POST /wp-cron.php?doing_wp_cron=1656169838.9335811138153076171875 HTTP/1.1" 200 20 "https://www.petersweb.me.uk/wp-cron.php?doing_wp_cron=1656169838.9335811138153076171875" "WordPress/6.0; https://www.petersweb.me.uk"
54.36.148.99 - - [25/Jun/2022:16:10:38 +0100] "GET /docs/what-is-a-name-server/ HTTP/1.1" 200 35107 "-" "Mozilla/5.0 (compatible; AhrefsBot/7.0; +http://ahrefs.com/robot/)"
104.197.62.59 - - [25/Jun/2022:16:12:16 +0100] "GET / HTTP/1.1" 200 31959 "-" "Mozilla/5.0 (Windows NT 10.0; Win64; x64) AppleWebKit/537.36 (KHTML, like Gecko) Chrome/87.0.4280.88 Safari/537.36"
216.245.221.89 - - [25/Jun/2022:16:15:35 +0100] "HEAD / HTTP/1.1" 200 0 "https://www.petersweb.me.uk/" "Mozilla/5.0+(compatible; UptimeRobot/2.0; http://www.uptimerobot.com/)"
185.199.220.52 - - [25/Jun/2022:16:15:45 +0100] "POST /wp-cron.php?doing_wp_cron=1656170145.8540709018707275390625 HTTP/1.1" 200 20 "https://www.petersweb.me.uk/wp-cron.php?doing_wp_cron=1656170145.8540709018707275390625" "WordPress/6.0; https://www.petersweb.me.uk"
207.46.13.102 - - [25/Jun/2022:16:15:45 +0100] "GET /knowledgebase/33/The-difference-between-WHM-and-CPanel..html HTTP/1.1" 404 22681 "-" "Mozilla/5.0 (compatible; bingbot/2.0; +http://www.bing.com/bingbot.htm)"
34.133.78.112 - - [25/Jun/2022:16:17:17 +0100] "GET / HTTP/1.1" 200 31959 "-" "Mozilla/5.0 (Windows NT 10.0; Win64; x64) AppleWebKit/537.36 (KHTML, like Gecko) Chrome/87.0.4280.88 Safari/537.36"
217.146.95.83 - - [25/Jun/2022:16:17:38 +0100] "HEAD / HTTP/1.1" 200 0 "-" "Mozilla/5.0 (Windows NT 10.0; WOW64) AppleWebKit/537.36 (KHTML, like Gecko) Chrome/52.0.2743.116 Safari/537.36"
216.245.221.89 - - [25/Jun/2022:16:20:35 +0100] "HEAD / HTTP/1.1" 200 0 "https://www.petersweb.me.uk/" "Mozilla/5.0+(compatible; UptimeRobot/2.0; http://www.uptimerobot.com/)"
104.197.62.59 - - [25/Jun/2022:16:22:17 +0100] "GET / HTTP/1.1" 200 31959 "-" "Mozilla/5.0 (Windows NT 10.0; Win64; x64) AppleWebKit/537.36 (KHTML, like Gecko) Chrome/87.0.4280.88 Safari/537.36"
216.245.221.89 - - [25/Jun/2022:16:25:35 +0100] "HEAD / HTTP/1.1" 200 0 "https://www.petersweb.me.uk/" "Mozilla/5.0+(compatible; UptimeRobot/2.0; http://www.uptimerobot.com/)"
217.146.95.83 - - [25/Jun/2022:16:25:41 +0100] "HEAD / HTTP/1.1" 200 0 "-" "Mozilla/5.0 (Windows NT 10.0; WOW64) AppleWebKit/537.36 (KHTML, like Gecko) Chrome/52.0.2743.116 Safari/537.36"
35.225.215.196 - - [25/Jun/2022:16:27:19 +0100] "GET / HTTP/1.1" 200 31959 "-" "Mozilla/5.0 (Windows NT 10.0; Win64; x64) AppleWebKit/537.36 (KHTML, like Gecko) Chrome/87.0.4280.88 Safari/537.36"
216.245.221.89 - - [25/Jun/2022:16:30:35 +0100] "HEAD / HTTP/1.1" 200 0 "https://www.petersweb.me.uk/" "Mozilla/5.0+(compatible; UptimeRobot/2.0; http://www.uptimerobot.com/)"
35.225.215.196 - - [25/Jun/2022:16:32:20 +0100] "GET / HTTP/1.1" 200 31959 "-" "Mozilla/5.0 (Windows NT 10.0; Win64; x64) AppleWebKit/537.36 (KHTML, like Gecko) Chrome/87.0.4280.88 Safari/537.36"
217.146.95.83 - - [25/Jun/2022:16:33:44 +0100] "HEAD / HTTP/1.1" 200 0 "-" "Mozilla/5.0 (Windows NT 10.0; WOW64) AppleWebKit/537.36 (KHTML, like Gecko) Chrome/52.0.2743.116 Safari/537.36"
216.245.221.89 - - [25/Jun/2022:16:35:35 +0100] "HEAD / HTTP/1.1" 200 0 "https://www.petersweb.me.uk/" "Mozilla/5.0+(compatible; UptimeRobot/2.0; http://www.uptimerobot.com/)"
104.197.62.59 - - [25/Jun/2022:16:37:21 +0100] "GET / HTTP/1.1" 200 31959 "-" "Mozilla/5.0 (Windows NT 10.0; Win64; x64) AppleWebKit/537.36 (KHTML, like Gecko) Chrome/87.0.4280.88 Safari/537.36"
216.245.221.89 - - [25/Jun/2022:16:40:35 +0100] "HEAD / HTTP/1.1" 200 0 "https://www.petersweb.me.uk/" "Mozilla/5.0+(compatible; UptimeRobot/2.0; http://www.uptimerobot.com/)"
217.146.95.83 - - [25/Jun/2022:16:41:40 +0100] "HEAD / HTTP/1.1" 200 0 "-" "Mozilla/5.0 (Windows NT 10.0; WOW64) AppleWebKit/537.36 (KHTML, like Gecko) Chrome/52.0.2743.116 Safari/537.36"
104.197.62.59 - - [25/Jun/2022:16:42:22 +0100] "GET / HTTP/1.1" 200 31959 "-" "Mozilla/5.0 (Windows NT 10.0; Win64; x64) AppleWebKit/537.36 (KHTML, like Gecko) Chrome/87.0.4280.88 Safari/537.36"
216.245.221.89 - - [25/Jun/2022:16:45:35 +0100] "HEAD / HTTP/1.1" 200 0 "https://www.petersweb.me.uk/" "Mozilla/5.0+(compatible; UptimeRobot/2.0; http://www.uptimerobot.com/)"
35.225.215.196 - - [25/Jun/2022:16:47:23 +0100] "GET / HTTP/1.1" 200 31959 "-" "Mozilla/5.0 (Windows NT 10.0; Win64; x64) AppleWebKit/537.36 (KHTML, like Gecko) Chrome/87.0.4280.88 Safari/537.36"
66.249.64.72 - - [25/Jun/2022:16:49:16 +0100] "GET /docs-category/managing-your-cpanel/ HTTP/1.1" 200 30554 "-" "Mozilla/5.0 (compatible; Googlebot/2.1; +http://www.google.com/bot.html)"
217.146.95.83 - - [25/Jun/2022:16:49:39 +0100] "HEAD / HTTP/1.1" 200 0 "-" "Mozilla/5.0 (Windows NT 10.0; WOW64) AppleWebKit/537.36 (KHTML, like Gecko) Chrome/52.0.2743.116 Safari/537.36"
216.245.221.89 - - [25/Jun/2022:16:50:35 +0100] "HEAD / HTTP/1.1" 200 0 "https://www.petersweb.me.uk/" "Mozilla/5.0+(compatible; UptimeRobot/2.0; http://www.uptimerobot.com/)"
34.133.78.112 - - [25/Jun/2022:16:52:24 +0100] "GET / HTTP/1.1" 200 31959 "-" "Mozilla/5.0 (Windows NT 10.0; Win64; x64) AppleWebKit/537.36 (KHTML, like Gecko) Chrome/87.0.4280.88 Safari/537.36"
216.245.221.89 - - [25/Jun/2022:16:55:35 +0100] "HEAD / HTTP/1.1" 200 0 "https://www.petersweb.me.uk/" "Mozilla/5.0+(compatible; UptimeRobot/2.0; http://www.uptimerobot.com/)"
35.225.215.196 - - [25/Jun/2022:16:57:25 +0100] "GET / HTTP/1.1" 200 31959 "-" "Mozilla/5.0 (Windows NT 10.0; Win64; x64) AppleWebKit/537.36 (KHTML, like Gecko) Chrome/87.0.4280.88 Safari/537.36"
217.146.95.83 - - [25/Jun/2022:16:57:39 +0100] "HEAD / HTTP/1.1" 200 0 "-" "Mozilla/5.0 (Windows NT 10.0; WOW64) AppleWebKit/537.36 (KHTML, like Gecko) Chrome/52.0.2743.116 Safari/537.36"
216.245.221.89 - - [25/Jun/2022:17:00:35 +0100] "HEAD / HTTP/1.1" 200 0 "https://www.petersweb.me.uk/" "Mozilla/5.0+(compatible; UptimeRobot/2.0; http://www.uptimerobot.com/)"
217.146.95.83 - - [25/Jun/2022:17:01:41 +0100] "HEAD / HTTP/1.1" 200 0 "-" "Mozilla/5.0 (Windows NT 10.0; WOW64) AppleWebKit/537.36 (KHTML, like Gecko) Chrome/52.0.2743.116 Safari/537.36"
34.133.78.112 - - [25/Jun/2022:17:02:26 +0100] "GET / HTTP/1.1" 200 31959 "-" "Mozilla/5.0 (Windows NT 10.0; Win64; x64) AppleWebKit/537.36 (KHTML, like Gecko) Chrome/87.0.4280.88 Safari/537.36"
2a00:23c6:a001:3d01:99b6:7f25:b348:eee5 - - [25/Jun/2022:17:04:22 +0100] "GET /wp-load.php?auto_login=1&mwp_goto=index.php&message_id=b8024d3d90903c00bb24946003b55333e9f0ae_1656173063&service_sign=DrueJi0QJGwaRADKz14yzujQUnJIeoqdGSeIi37KDQgjFU3VJMCt5NGeF2U%2FWgGpnbYN%2FOYfCgXa1zZIfKAAV%2B5P7t39ircSmUXnIe1TIzUc9g4NPblea499EPwXJBcrnJWtU%2Fd0UVJX1rWPv2ZcQCLU7zNeaj8aPEFVG%2BVV290Tdo0BbWV1UtBds3Bo1LyiMHYk%2Fqt5ZtOa1sraS3wFJDkMJG1MR8vKqNAs3di%2FenIKiDr4irKQ%2BVzxCBt9yKHsCO%2FwfweMNTlOv55QDrRk%2BNeGmtBSzMppuJI%2Flwo2AnLxPgKOQM8QtjDMAAhIJrKmK0eoeH75V0%2FwJLNJDN6NSw%3D%3D&service_key=managewp_1652925902&site_id=8429767&username=Peter HTTP/1.1" 302 215 "https://orion.managewp.com/" "Mozilla/5.0 (Windows NT 10.0; Win64; x64) AppleWebKit/537.36 (KHTML, like Gecko) Chrome/102.0.0.0 Safari/537.36"
185.199.220.52 - - [25/Jun/2022:17:04:25 +0100] "GET / HTTP/1.1" 200 31959 "https://www.petersweb.me.uk/" "WordPress/6.0; https://www.petersweb.me.uk"
2a00:23c6:a001:3d01:99b6:7f25:b348:eee5 - - [25/Jun/2022:17:04:26 +0100] "GET /wp-content/plugins/wordfence/css/activity-report-widget.1655226500.css?ver=7.5.11 HTTP/1.1" 200 665 "https://www.petersweb.me.uk/wp-admin/index.php" "Mozilla/5.0 (Windows NT 10.0; Win64; x64) AppleWebKit/537.36 (KHTML, like Gecko) Chrome/102.0.0.0 Safari/537.36"
185.199.220.52 - - [25/Jun/2022:17:04:26 +0100] "POST /wp-cron.php HTTP/1.1" 200 20 "https://www.petersweb.me.uk/wp-cron.php" "WordPress/6.0; https://www.petersweb.me.uk"
185.199.220.52 - - [25/Jun/2022:17:04:26 +0100] "GET / HTTP/1.1" 200 31959 "https://www.petersweb.me.uk/" "WordPress/6.0; https://www.petersweb.me.uk"
2a00:23c6:a001:3d01:99b6:7f25:b348:eee5 - - [25/Jun/2022:17:04:26 +0100] "GET /wp-content/plugins/seo-by-rank-math/assets/admin/css/dashabord-widget.css?ver=1.0.91 HTTP/1.1" 200 1739 "https://www.petersweb.me.uk/wp-admin/index.php" "Mozilla/5.0 (Windows NT 10.0; Win64; x64) AppleWebKit/537.36 (KHTML, like Gecko) Chrome/102.0.0.0 Safari/537.36"
2a00:23c6:a001:3d01:99b6:7f25:b348:eee5 - - [25/Jun/2022:17:04:27 +0100] "GET /wp-content/plugins/seo-by-rank-math/assets/admin/js/dashboard.js?ver=1.0.91 HTTP/1.1" 200 1601 "https://www.petersweb.me.uk/wp-admin/index.php" "Mozilla/5.0 (Windows NT 10.0; Win64; x64) AppleWebKit/537.36 (KHTML, like Gecko) Chrome/102.0.0.0 Safari/537.36"
2a00:23c6:a001:3d01:99b6:7f25:b348:eee5 - - [25/Jun/2022:17:04:23 +0100] "GET /wp-admin/index.php HTTP/1.1" 200 54419 "https://orion.managewp.com/" "Mozilla/5.0 (Windows NT 10.0; Win64; x64) AppleWebKit/537.36 (KHTML, like Gecko) Chrome/102.0.0.0 Safari/537.36"
2a00:23c6:a001:3d01:99b6:7f25:b348:eee5 - - [25/Jun/2022:17:04:28 +0100] "GET /favicon.ico HTTP/1.1" 404 1238 "https://www.petersweb.me.uk/wp-admin/index.php" "Mozilla/5.0 (Windows NT 10.0; Win64; x64) AppleWebKit/537.36 (KHTML, like Gecko) Chrome/102.0.0.0 Safari/537.36"
