10.4.96.3 - - [05/Jun/2022:08:38:31 +0100] "GET /sitemap_index.xml HTTP/1.1" 200 325 "-" "Mozilla/5.0 (compatible; bingbot/2.0; +http://www.bing.com/bingbot.htm)"
149.28.11.90 - - [05/Jun/2022:08:38:32 +0100] "HEAD / HTTP/1.1" 200 0 "-" "-"
54.68.32.247 - - [05/Jun/2022:09:01:32 +0100] "POST /?rest_route=%2Fwordfence%2Fv1%2Fauthenticate HTTP/1.1" 200 134 "-" "Wordfence Central API v1.0"
54.68.32.247 - - [05/Jun/2022:09:01:33 +0100] "POST /?rest_route=%2Fwordfence%2Fv1%2Fauthenticate HTTP/1.1" 200 263 "-" "Wordfence Central API v1.0"
54.68.32.247 - - [05/Jun/2022:09:01:34 +0100] "POST /?rest_route=%2Fwordfence%2Fv1%2Fconfig HTTP/1.1" 200 3081 "-" "Wordfence Central API v1.0"
173.252.107.6 - - [05/Jun/2022:09:29:34 +0100] "GET /wp-content/uploads/2020/09/cropped-IMG_0477-scaled-2.jpg HTTP/1.1" 403 1229 "-" "facebookexternalhit/1.1 (+http://www.facebook.com/externalhit_uatext.php)"
10.4.96.3 - - [05/Jun/2022:09:35:15 +0100] "GET /wp-content/uploads/2021/09/119-138x300.jpg HTTP/1.1" 403 1229 "-" "Mozilla/5.0 (compatible; bingbot/2.0; +http://www.bing.com/bingbot.htm)"
149.28.11.90 - - [05/Jun/2022:09:35:15 +0100] "HEAD / HTTP/1.1" 200 0 "-" "-"
54.68.32.247 - - [05/Jun/2022:10:01:33 +0100] "POST /?rest_route=%2Fwordfence%2Fv1%2Fauthenticate HTTP/1.1" 200 133 "-" "Wordfence Central API v1.0"
51.81.186.219 - - [05/Jun/2022:10:01:34 +0100] "HEAD / HTTP/1.1" 200 0 "-" "-"
54.68.32.247 - - [05/Jun/2022:10:01:34 +0100] "POST /?rest_route=%2Fwordfence%2Fv1%2Fauthenticate HTTP/1.1" 200 264 "-" "Wordfence Central API v1.0"
54.68.32.247 - - [05/Jun/2022:10:01:35 +0100] "POST /?rest_route=%2Fwordfence%2Fv1%2Fconfig HTTP/1.1" 200 3078 "-" "Wordfence Central API v1.0"
54.36.148.229 - - [05/Jun/2022:10:04:28 +0100] "GET /activities/walbottle-art-group/ HTTP/1.1" 200 11273 "-" "Mozilla/5.0 (compatible; AhrefsBot/7.0; +http://ahrefs.com/robot/)"
152.228.171.66 - - [05/Jun/2022:10:04:28 +0100] "HEAD / HTTP/1.1" 200 0 "-" "-"
173.252.107.18 - - [05/Jun/2022:10:26:27 +0100] "GET /wp-content/uploads/2020/09/cropped-IMG_0477-scaled-2.jpg HTTP/1.1" 403 1229 "-" "facebookexternalhit/1.1 (+http://www.facebook.com/externalhit_uatext.php)"
104.225.142.116 - - [05/Jun/2022:10:26:27 +0100] "HEAD / HTTP/1.1" 200 0 "-" "-"
185.191.171.19 - - [05/Jun/2022:10:30:47 +0100] "GET /news/re-opening/ HTTP/1.1" 200 13971 "-" "Mozilla/5.0 (compatible; SemrushBot/7~bl; +http://www.semrush.com/bot.html)"
147.135.115.64 - - [05/Jun/2022:10:30:48 +0100] "HEAD / HTTP/1.1" 200 0 "-" "-"
157.55.39.132 - - [05/Jun/2022:10:48:15 +0100] "GET /robots.txt HTTP/1.1" 200 116 "-" "Mozilla/5.0 (compatible; bingbot/2.0; +http://www.bing.com/bingbot.htm)"
157.55.39.132 - - [05/Jun/2022:10:48:15 +0100] "GET /robots.txt HTTP/1.1" 200 116 "-" "Mozilla/5.0 (compatible; bingbot/2.0; +http://www.bing.com/bingbot.htm)"
66.249.68.64 - - [05/Jun/2022:10:51:26 +0100] "GET /page-sitemap.xml HTTP/1.1" 200 1108 "-" "Mozilla/5.0 (compatible; Googlebot/2.1; +http://www.google.com/bot.html)"
64.225.34.246 - - [05/Jun/2022:10:51:27 +0100] "HEAD / HTTP/1.1" 200 0 "-" "-"
54.68.32.247 - - [05/Jun/2022:11:01:32 +0100] "POST /?rest_route=%2Fwordfence%2Fv1%2Fauthenticate HTTP/1.1" 200 132 "-" "Wordfence Central API v1.0"
54.68.32.247 - - [05/Jun/2022:11:01:33 +0100] "POST /?rest_route=%2Fwordfence%2Fv1%2Fauthenticate HTTP/1.1" 200 262 "-" "Wordfence Central API v1.0"
54.68.32.247 - - [05/Jun/2022:11:01:35 +0100] "POST /?rest_route=%2Fwordfence%2Fv1%2Fconfig HTTP/1.1" 200 3081 "-" "Wordfence Central API v1.0"
54.68.32.247 - - [05/Jun/2022:12:01:34 +0100] "POST /?rest_route=%2Fwordfence%2Fv1%2Fauthenticate HTTP/1.1" 200 133 "-" "Wordfence Central API v1.0"
54.68.32.247 - - [05/Jun/2022:12:01:35 +0100] "POST /?rest_route=%2Fwordfence%2Fv1%2Fauthenticate HTTP/1.1" 200 262 "-" "Wordfence Central API v1.0"
54.68.32.247 - - [05/Jun/2022:12:01:36 +0100] "POST /?rest_route=%2Fwordfence%2Fv1%2Fconfig HTTP/1.1" 200 3081 "-" "Wordfence Central API v1.0"
31.13.127.2 - - [05/Jun/2022:12:45:32 +0100] "GET /wp-content/uploads/2021/07/thumbnail_IMG_0342-1024x765.jpg HTTP/1.1" 403 1229 "-" "facebookexternalhit/1.1 (+http://www.facebook.com/externalhit_uatext.php)"
31.13.103.17 - - [05/Jun/2022:13:00:23 +0100] "GET /wp-content/uploads/2020/09/cropped-IMG_0477-scaled-2.jpg HTTP/1.1" 403 1229 "-" "facebookexternalhit/1.1 (+http://www.facebook.com/externalhit_uatext.php)"
54.68.32.247 - - [05/Jun/2022:13:01:34 +0100] "POST /?rest_route=%2Fwordfence%2Fv1%2Fauthenticate HTTP/1.1" 200 133 "-" "Wordfence Central API v1.0"
54.68.32.247 - - [05/Jun/2022:13:01:34 +0100] "POST /?rest_route=%2Fwordfence%2Fv1%2Fauthenticate HTTP/1.1" 200 263 "-" "Wordfence Central API v1.0"
54.68.32.247 - - [05/Jun/2022:13:01:36 +0100] "POST /?rest_route=%2Fwordfence%2Fv1%2Fconfig HTTP/1.1" 200 3081 "-" "Wordfence Central API v1.0"
192.29.97.49 - - [05/Jun/2022:13:06:54 +0100] "HEAD /robots.txt HTTP/1.1" 301 0 "http://walbottlevi.com/robots.txt" "DF Bot 1.0"
192.29.97.49 - - [05/Jun/2022:13:06:55 +0100] "HEAD /robots.txt HTTP/1.1" 200 0 "https://walbottlevi.com/robots.txt" "DF Bot 1.0"
192.29.97.49 - - [05/Jun/2022:13:06:56 +0100] "GET /robots.txt HTTP/1.1" 301 0 "http://walbottlevi.com/robots.txt" "DF Bot 1.0"
192.29.97.49 - - [05/Jun/2022:13:06:57 +0100] "GET /robots.txt HTTP/1.1" 200 116 "https://walbottlevi.com/robots.txt" "DF Bot 1.0"
192.29.97.49 - - [05/Jun/2022:13:06:58 +0100] "GET / HTTP/1.1" 301 0 "http://walbottlevi.com/" "DF Bot 1.0"
192.29.97.49 - - [05/Jun/2022:13:06:59 +0100] "GET / HTTP/1.1" 200 12605 "https://walbottlevi.com/" "DF Bot 1.0"
185.191.171.8 - - [05/Jun/2022:13:44:51 +0100] "GET /news/category/uncategorized/page/2/ HTTP/1.1" 200 12731 "-" "Mozilla/5.0 (compatible; SemrushBot/7~bl; +http://www.semrush.com/bot.html)"
147.135.115.64 - - [05/Jun/2022:13:44:51 +0100] "HEAD / HTTP/1.1" 200 0 "-" "-"
54.68.32.247 - - [05/Jun/2022:14:01:33 +0100] "POST /?rest_route=%2Fwordfence%2Fv1%2Fauthenticate HTTP/1.1" 200 133 "-" "Wordfence Central API v1.0"
54.68.32.247 - - [05/Jun/2022:14:01:34 +0100] "POST /?rest_route=%2Fwordfence%2Fv1%2Fauthenticate HTTP/1.1" 200 263 "-" "Wordfence Central API v1.0"
54.68.32.247 - - [05/Jun/2022:14:01:35 +0100] "POST /?rest_route=%2Fwordfence%2Fv1%2Fconfig HTTP/1.1" 200 3081 "-" "Wordfence Central API v1.0"
65.154.226.166 - - [05/Jun/2022:14:17:54 +0100] "GET / HTTP/1.1" 301 0 "http://walbottlevi.com/" "Mozilla/5.0 (Windows NT 10.0; Win64; x64) AppleWebKit/537.36 (KHTML, like Gecko) Chrome/76.0.3809.71 Safari/537.36"
90.202.196.181 - - [05/Jun/2022:14:38:53 +0100] "GET / HTTP/1.1" 200 12609 "https://www.google.co.uk/" "Mozilla/5.0 (iPhone; CPU iPhone OS 15_5 like Mac OS X) AppleWebKit/605.1.15 (KHTML, like Gecko) Version/15.5 Mobile/15E148 Safari/604.1"
2.58.28.32 - - [05/Jun/2022:14:38:53 +0100] "HEAD / HTTP/1.1" 200 0 "-" "-"
90.202.196.181 - - [05/Jun/2022:14:38:53 +0100] "GET /wp-content/uploads/2020/09/cropped-IMG_0477-scaled-2.jpg.webp HTTP/1.1" 200 124034 "https://www.walbottlevi.com/" "Mozilla/5.0 (iPhone; CPU iPhone OS 15_5 like Mac OS X) AppleWebKit/605.1.15 (KHTML, like Gecko) Version/15.5 Mobile/15E148 Safari/604.1"
90.202.196.181 - - [05/Jun/2022:14:38:54 +0100] "GET /wp-content/uploads/2019/11/cropped-WVIMain-192x192.png HTTP/1.1" 200 28462 "https://www.walbottlevi.com/" "Mozilla/5.0 (iPhone; CPU iPhone OS 15_5 like Mac OS X) AppleWebKit/605.1.15 (KHTML, like Gecko) Version/15.5 Mobile/15E148 Safari/604.1"
90.202.196.181 - - [05/Jun/2022:14:38:54 +0100] "GET /wp-content/uploads/2019/11/cropped-WVIMain-32x32.png HTTP/1.1" 200 1647 "https://www.walbottlevi.com/" "Mozilla/5.0 (iPhone; CPU iPhone OS 15_5 like Mac OS X) AppleWebKit/605.1.15 (KHTML, like Gecko) Version/15.5 Mobile/15E148 Safari/604.1"
2.58.28.32 - - [05/Jun/2022:14:38:54 +0100] "HEAD / HTTP/1.1" 200 0 "-" "-"
90.202.196.181 - - [05/Jun/2022:14:39:10 +0100] "GET /diary/ HTTP/1.1" 200 10949 "https://www.walbottlevi.com/" "Mozilla/5.0 (iPhone; CPU iPhone OS 15_5 like Mac OS X) AppleWebKit/605.1.15 (KHTML, like Gecko) Version/15.5 Mobile/15E148 Safari/604.1"
90.202.196.181 - - [05/Jun/2022:14:39:36 +0100] "GET /news/ HTTP/1.1" 200 11533 "https://www.walbottlevi.com/" "Mozilla/5.0 (iPhone; CPU iPhone OS 15_5 like Mac OS X) AppleWebKit/605.1.15 (KHTML, like Gecko) Version/15.5 Mobile/15E148 Safari/604.1"
54.68.32.247 - - [05/Jun/2022:15:01:33 +0100] "POST /?rest_route=%2Fwordfence%2Fv1%2Fauthenticate HTTP/1.1" 200 133 "-" "Wordfence Central API v1.0"
54.68.32.247 - - [05/Jun/2022:15:01:34 +0100] "POST /?rest_route=%2Fwordfence%2Fv1%2Fauthenticate HTTP/1.1" 200 265 "-" "Wordfence Central API v1.0"
51.81.186.219 - - [05/Jun/2022:15:01:35 +0100] "HEAD / HTTP/1.1" 200 0 "-" "-"
54.68.32.247 - - [05/Jun/2022:15:01:35 +0100] "POST /?rest_route=%2Fwordfence%2Fv1%2Fconfig HTTP/1.1" 200 3081 "-" "Wordfence Central API v1.0"
54.36.149.96 - - [05/Jun/2022:15:03:48 +0100] "GET /author/peterswe/ HTTP/1.1" 200 11634 "-" "Mozilla/5.0 (compatible; AhrefsBot/7.0; +http://ahrefs.com/robot/)"
54.68.32.247 - - [05/Jun/2022:16:01:32 +0100] "POST /?rest_route=%2Fwordfence%2Fv1%2Fauthenticate HTTP/1.1" 200 133 "-" "Wordfence Central API v1.0"
54.68.32.247 - - [05/Jun/2022:16:01:33 +0100] "POST /?rest_route=%2Fwordfence%2Fv1%2Fauthenticate HTTP/1.1" 200 264 "-" "Wordfence Central API v1.0"
54.68.32.247 - - [05/Jun/2022:16:01:34 +0100] "POST /?rest_route=%2Fwordfence%2Fv1%2Fconfig HTTP/1.1" 200 3081 "-" "Wordfence Central API v1.0"
69.63.189.24 - - [05/Jun/2022:16:29:42 +0100] "GET /wp-content/uploads/2020/09/cropped-IMG_0477-scaled-2.jpg HTTP/1.1" 403 1229 "-" "facebookexternalhit/1.1 (+http://www.facebook.com/externalhit_uatext.php)"
185.199.220.52 - - [05/Jun/2022:17:01:05 +0100] "POST /wp-admin/admin-ajax.php?action=wordfence_testAjax HTTP/1.1" 200 32 "https://www.walbottlevi.com/wp-admin/admin-ajax.php?action=wordfence_testAjax" "WordPress/6.0; https://www.walbottlevi.com"
2.58.28.32 - - [05/Jun/2022:17:01:06 +0100] "HEAD / HTTP/1.1" 200 0 "-" "-"
185.199.220.52 - - [05/Jun/2022:17:01:06 +0100] "GET /wp-admin/admin-ajax.php?action=wordfence_doScan&isFork=0&scanMode=quick&cronKey=3a1933bd5f0c5da9907d58305fed3b56&signature=570460bf937b7142615d7ea1ade908fb0992f42c0da893803d8149e44a32fd0a HTTP/1.1" 200 0 "-" "WordPress/6.0; https://www.walbottlevi.com"
54.68.32.247 - - [05/Jun/2022:17:01:38 +0100] "POST /?rest_route=%2Fwordfence%2Fv1%2Fauthenticate HTTP/1.1" 200 133 "-" "Wordfence Central API v1.0"
54.68.32.247 - - [05/Jun/2022:17:01:39 +0100] "POST /?rest_route=%2Fwordfence%2Fv1%2Fauthenticate HTTP/1.1" 200 262 "-" "Wordfence Central API v1.0"
54.68.32.247 - - [05/Jun/2022:17:01:40 +0100] "POST /?rest_route=%2Fwordfence%2Fv1%2Fconfig HTTP/1.1" 200 3081 "-" "Wordfence Central API v1.0"
198.12.107.235 - - [05/Jun/2022:17:06:32 +0100] "HEAD / HTTP/1.1" 200 0 "http://wvi.org.uk" "Mozilla/5.0 (Windows NT 10.0; Win64; x64) AppleWebKit/537.36 (KHTML, like Gecko) Chrome/96.0.4664.45 Safari/537.36"
198.12.107.235 - - [05/Jun/2022:17:06:32 +0100] "GET / HTTP/1.1" 200 12609 "http://wvi.org.uk" "Mozilla/5.0 (Windows NT 10.0; Win64; x64) AppleWebKit/537.36 (KHTML, like Gecko) Chrome/96.0.4664.45 Safari/537.36"
185.191.171.16 - - [05/Jun/2022:17:08:34 +0100] "GET /useful-documents/ HTTP/1.1" 200 12688 "-" "Mozilla/5.0 (compatible; SemrushBot/7~bl; +http://www.semrush.com/bot.html)"
147.135.115.64 - - [05/Jun/2022:17:08:34 +0100] "HEAD / HTTP/1.1" 200 0 "-" "-"
66.249.68.79 - - [05/Jun/2022:17:23:39 +0100] "GET /post-sitemap.xml HTTP/1.1" 200 608 "-" "Mozilla/5.0 (compatible; Googlebot/2.1; +http://www.google.com/bot.html)"
10.4.96.3 - - [05/Jun/2022:17:48:31 +0100] "GET /robots.txt HTTP/1.1" 200 116 "-" "Mozilla/5.0 (compatible; bingbot/2.0; +http://www.bing.com/bingbot.htm)"
149.28.11.90 - - [05/Jun/2022:17:48:31 +0100] "HEAD / HTTP/1.1" 200 0 "-" "-"
40.77.167.38 - - [05/Jun/2022:17:48:33 +0100] "GET /sitemap_index.xml HTTP/1.1" 200 325 "-" "Mozilla/5.0 (compatible; bingbot/2.0; +http://www.bing.com/bingbot.htm)"
54.68.32.247 - - [05/Jun/2022:18:01:33 +0100] "POST /?rest_route=%2Fwordfence%2Fv1%2Fauthenticate HTTP/1.1" 200 133 "-" "Wordfence Central API v1.0"
51.81.186.219 - - [05/Jun/2022:18:01:34 +0100] "HEAD / HTTP/1.1" 200 0 "-" "-"
54.68.32.247 - - [05/Jun/2022:18:01:34 +0100] "POST /?rest_route=%2Fwordfence%2Fv1%2Fauthenticate HTTP/1.1" 200 263 "-" "Wordfence Central API v1.0"
54.68.32.247 - - [05/Jun/2022:18:01:34 +0100] "POST /?rest_route=%2Fwordfence%2Fv1%2Fconfig HTTP/1.1" 200 3078 "-" "Wordfence Central API v1.0"
167.172.232.98 - - [05/Jun/2022:18:49:30 +0100] "GET / HTTP/1.0" 200 37975 "-" "Mozilla/5.0 (compatible; NetcraftSurveyAgent/1.0; +info@netcraft.com)"
17.121.112.118 - - [05/Jun/2022:19:01:26 +0100] "GET /wp-content/uploads/2019/11/cropped-WVIMain-32x32.png HTTP/1.1" 403 1229 "-" "Mozilla/5.0 (Macintosh; Intel Mac OS X 10_15_5) AppleWebKit/605.1.15 (KHTML, like Gecko) Version/13.1.1 Safari/605.1.15 (Applebot/0.1; +http://www.apple.com/go/applebot)"
54.68.32.247 - - [05/Jun/2022:19:01:32 +0100] "POST /?rest_route=%2Fwordfence%2Fv1%2Fauthenticate HTTP/1.1" 200 133 "-" "Wordfence Central API v1.0"
54.68.32.247 - - [05/Jun/2022:19:01:33 +0100] "POST /?rest_route=%2Fwordfence%2Fv1%2Fauthenticate HTTP/1.1" 200 265 "-" "Wordfence Central API v1.0"
54.68.32.247 - - [05/Jun/2022:19:01:34 +0100] "POST /?rest_route=%2Fwordfence%2Fv1%2Fconfig HTTP/1.1" 200 3081 "-" "Wordfence Central API v1.0"
10.4.96.3 - - [05/Jun/2022:19:01:59 +0100] "GET /wp-content/uploads/2022/02/RomanandSorm30-996x1536.jpg HTTP/1.1" 403 1229 "-" "Mozilla/5.0 (compatible; bingbot/2.0; +http://www.bing.com/bingbot.htm)"
149.28.11.90 - - [05/Jun/2022:19:02:00 +0100] "HEAD / HTTP/1.1" 200 0 "-" "-"
17.121.113.187 - - [05/Jun/2022:19:05:33 +0100] "GET /wp-content/uploads/2019/11/cropped-WVIMain-180x180.png HTTP/1.1" 403 1229 "-" "Mozilla/5.0 (Macintosh; Intel Mac OS X 10_15_5) AppleWebKit/605.1.15 (KHTML, like Gecko) Version/13.1.1 Safari/605.1.15 (Applebot/0.1; +http://www.apple.com/go/applebot)"
40.77.167.38 - - [05/Jun/2022:19:09:11 +0100] "GET /sitemap_index.xml HTTP/1.1" 200 325 "-" "Mozilla/5.0 (compatible; bingbot/2.0; +http://www.bing.com/bingbot.htm)"
149.28.11.90 - - [05/Jun/2022:19:09:12 +0100] "HEAD / HTTP/1.1" 200 0 "-" "-"
159.65.162.4 - - [05/Jun/2022:19:24:22 +0100] "GET / HTTP/1.0" 401 35 "-" "Mozilla/5.0 (compatible; NetcraftSurveyAgent/1.0; +info@netcraft.com)"
64.225.12.250 - - [05/Jun/2022:19:40:41 +0100] "GET / HTTP/1.0" 401 35 "-" "Mozilla/5.0 (compatible; NetcraftSurveyAgent/1.0; +info@netcraft.com)"
79.104.53.14 - - [05/Jun/2022:19:48:32 +0100] "GET / HTTP/1.1" 301 0 "-" "Mozilla/5.0 (Windows NT 6.1; Win64; x64; rv:59.0) Gecko/20100101 Firefox/59.0"
79.104.53.14 - - [05/Jun/2022:19:48:39 +0100] "GET / HTTP/1.1" 301 0 "-" "Mozilla/5.0 (Windows NT 6.1; Win64; x64; rv:59.0) Gecko/20100101 Firefox/59.0"
159.89.32.191 - - [05/Jun/2022:19:50:51 +0100] "GET / HTTP/1.0" 401 35 "-" "Mozilla/5.0 (compatible; NetcraftSurveyAgent/1.0; +info@netcraft.com)"
167.71.249.30 - - [05/Jun/2022:19:54:29 +0100] "GET / HTTP/1.0" 301 0 "-" "Mozilla/5.0 (compatible; NetcraftSurveyAgent/1.0; +info@netcraft.com)"
54.68.32.247 - - [05/Jun/2022:20:01:32 +0100] "POST /?rest_route=%2Fwordfence%2Fv1%2Fauthenticate HTTP/1.1" 200 133 "-" "Wordfence Central API v1.0"
54.68.32.247 - - [05/Jun/2022:20:01:33 +0100] "POST /?rest_route=%2Fwordfence%2Fv1%2Fauthenticate HTTP/1.1" 200 263 "-" "Wordfence Central API v1.0"
54.68.32.247 - - [05/Jun/2022:20:01:34 +0100] "POST /?rest_route=%2Fwordfence%2Fv1%2Fconfig HTTP/1.1" 200 3081 "-" "Wordfence Central API v1.0"
142.93.186.119 - - [05/Jun/2022:20:28:11 +0100] "GET / HTTP/1.0" 200 37963 "-" "Mozilla/5.0 (compatible; NetcraftSurveyAgent/1.0; +info@netcraft.com)"
167.99.55.242 - - [05/Jun/2022:20:38:16 +0100] "GET / HTTP/1.0" 301 0 "-" "Mozilla/5.0 (compatible; NetcraftSurveyAgent/1.0; +info@netcraft.com)"
54.68.32.247 - - [05/Jun/2022:21:01:32 +0100] "POST /?rest_route=%2Fwordfence%2Fv1%2Fauthenticate HTTP/1.1" 200 133 "-" "Wordfence Central API v1.0"
54.68.32.247 - - [05/Jun/2022:21:01:33 +0100] "POST /?rest_route=%2Fwordfence%2Fv1%2Fauthenticate HTTP/1.1" 200 264 "-" "Wordfence Central API v1.0"
54.68.32.247 - - [05/Jun/2022:21:01:34 +0100] "POST /?rest_route=%2Fwordfence%2Fv1%2Fconfig HTTP/1.1" 200 3081 "-" "Wordfence Central API v1.0"
51.81.186.219 - - [05/Jun/2022:21:01:35 +0100] "HEAD / HTTP/1.1" 200 0 "-" "-"
54.36.149.3 - - [05/Jun/2022:21:13:42 +0100] "GET /contact/ HTTP/1.1" 200 14437 "-" "Mozilla/5.0 (compatible; AhrefsBot/7.0; +http://ahrefs.com/robot/)"
152.228.171.66 - - [05/Jun/2022:21:13:42 +0100] "HEAD / HTTP/1.1" 200 0 "-" "-"
34.213.179.33 - - [05/Jun/2022:21:35:44 +0100] "GET / HTTP/1.1" 301 0 "-" "Mozilla/5.0 (Windows NT 10.0; Win64; x64)AppleWebKit/537.36 (KHTML, like Gecko) Chrome/66.0.3359.181 Safari/537.36"
34.213.179.33 - - [05/Jun/2022:21:35:45 +0100] "GET / HTTP/1.1" 200 12605 "-" "Mozilla/5.0 (Windows NT 10.0; Win64; x64)AppleWebKit/537.36 (KHTML, like Gecko) Chrome/66.0.3359.181 Safari/537.36"
162.55.86.53 - - [05/Jun/2022:21:39:36 +0100] "GET /robots.txt HTTP/1.1" 200 116 "-" "Mozilla/5.0 (compatible; BLEXBot/1.0; +http://webmeup-crawler.com/)"
109.248.43.212 - - [05/Jun/2022:21:39:36 +0100] "HEAD / HTTP/1.1" 200 0 "-" "-"
162.55.86.53 - - [05/Jun/2022:21:39:37 +0100] "GET /sitemap HTTP/1.1" 404 11671 "-" "Mozilla/5.0 (compatible; BLEXBot/1.0; +http://webmeup-crawler.com/)"
162.55.86.53 - - [05/Jun/2022:21:39:41 +0100] "GET /sitemap.txt HTTP/1.1" 404 11674 "-" "Mozilla/5.0 (compatible; BLEXBot/1.0; +http://webmeup-crawler.com/)"
162.55.86.53 - - [05/Jun/2022:21:39:45 +0100] "GET /news/all-classes-now-back/ HTTP/1.1" 200 13407 "-" "Mozilla/5.0 (compatible; BLEXBot/1.0; +http://webmeup-crawler.com/)"
162.55.86.53 - - [05/Jun/2022:21:39:49 +0100] "GET /news/page/3/ HTTP/1.1" 200 12171 "-" "Mozilla/5.0 (compatible; BLEXBot/1.0; +http://webmeup-crawler.com/)"
162.55.86.53 - - [05/Jun/2022:21:39:52 +0100] "GET /news/re-opening/ HTTP/1.1" 200 13971 "-" "Mozilla/5.0 (compatible; BLEXBot/1.0; +http://webmeup-crawler.com/)"
162.55.86.53 - - [05/Jun/2022:21:39:57 +0100] "GET /news/summer-update/ HTTP/1.1" 200 14567 "-" "Mozilla/5.0 (compatible; BLEXBot/1.0; +http://webmeup-crawler.com/)"
157.55.39.36 - - [05/Jun/2022:21:53:38 +0100] "GET /wp-content/uploads/2020/09/cropped-IMG_0477-scaled-2.jpg.webp HTTP/1.1" 200 124034 "-" "Mozilla/5.0 (compatible; bingbot/2.0; +http://www.bing.com/bingbot.htm)"
54.68.32.247 - - [05/Jun/2022:22:01:33 +0100] "POST /?rest_route=%2Fwordfence%2Fv1%2Fauthenticate HTTP/1.1" 200 132 "-" "Wordfence Central API v1.0"
54.68.32.247 - - [05/Jun/2022:22:01:35 +0100] "POST /?rest_route=%2Fwordfence%2Fv1%2Fauthenticate HTTP/1.1" 200 266 "-" "Wordfence Central API v1.0"
54.68.32.247 - - [05/Jun/2022:22:01:35 +0100] "POST /?rest_route=%2Fwordfence%2Fv1%2Fconfig HTTP/1.1" 200 3081 "-" "Wordfence Central API v1.0"
54.191.137.17 - - [05/Jun/2022:22:26:08 +0100] "POST /wp-load.php?mwprid=629d1f708c7373.24248170 HTTP/1.1" 200 10311 "https://walbottlevi.com/" "Mozilla/5.0 (Windows NT 10.0; Win64; x64) AppleWebKit/537.36 (KHTML, like Gecko) Chrome/62.0.3202.94 Safari/537.36"
54.191.137.17 - - [05/Jun/2022:22:26:17 +0100] "POST /wp-load.php?mwprid=629d1f7a00cf85.19713249 HTTP/1.1" 200 688 "https://walbottlevi.com/" "Mozilla/5.0 (Windows NT 10.0; Win64; x64) AppleWebKit/537.36 (KHTML, like Gecko) Chrome/62.0.3202.94 Safari/537.36"
54.191.137.17 - - [05/Jun/2022:22:26:34 +0100] "GET / HTTP/2" 301 0 "-" "Mozilla/5.0 (X11; Linux x86_64) AppleWebKit/537.36 (KHTML, like Gecko) HeadlessChrome/60.0.3112.101 Safari/537.36"
54.191.137.17 - - [05/Jun/2022:22:26:35 +0100] "GET / HTTP/1.1" 200 12609 "-" "Mozilla/5.0 (X11; Linux x86_64) AppleWebKit/537.36 (KHTML, like Gecko) HeadlessChrome/60.0.3112.101 Safari/537.36"
54.191.137.17 - - [05/Jun/2022:22:26:36 +0100] "GET /wp-content/litespeed/css/962881a9f7b8a4ad588b826970384b0a.css?ver=f99ba HTTP/1.1" 200 4840 "https://www.walbottlevi.com/" "Mozilla/5.0 (X11; Linux x86_64) AppleWebKit/537.36 (KHTML, like Gecko) HeadlessChrome/60.0.3112.101 Safari/537.36"
54.191.137.17 - - [05/Jun/2022:22:26:36 +0100] "GET /wp-content/litespeed/css/f1f3bb515f8594534f56b8b8eb04f322.css?ver=bdff9 HTTP/1.1" 200 10202 "https://www.walbottlevi.com/" "Mozilla/5.0 (X11; Linux x86_64) AppleWebKit/537.36 (KHTML, like Gecko) HeadlessChrome/60.0.3112.101 Safari/537.36"
54.191.137.17 - - [05/Jun/2022:22:26:36 +0100] "GET /wp-content/litespeed/css/0b29fc3a09a8b968c0f2225565037d35.css?ver=37d35 HTTP/1.1" 200 325 "https://www.walbottlevi.com/" "Mozilla/5.0 (X11; Linux x86_64) AppleWebKit/537.36 (KHTML, like Gecko) HeadlessChrome/60.0.3112.101 Safari/537.36"
54.191.137.17 - - [05/Jun/2022:22:26:36 +0100] "GET /wp-includes/js/jquery/jquery-migrate.min.js?ver=3.3.2 HTTP/1.1" 200 4461 "https://www.walbottlevi.com/" "Mozilla/5.0 (X11; Linux x86_64) AppleWebKit/537.36 (KHTML, like Gecko) HeadlessChrome/60.0.3112.101 Safari/537.36"
54.191.137.17 - - [05/Jun/2022:22:26:36 +0100] "GET /wp-content/plugins/simple-banner/simple-banner.js?ver=2.11.0 HTTP/1.1" 200 1512 "https://www.walbottlevi.com/" "Mozilla/5.0 (X11; Linux x86_64) AppleWebKit/537.36 (KHTML, like Gecko) HeadlessChrome/60.0.3112.101 Safari/537.36"
54.191.137.17 - - [05/Jun/2022:22:26:36 +0100] "GET /wp-content/themes/lovecraft/assets/js/doubletaptogo.min.js?ver=1 HTTP/1.1" 200 358 "https://www.walbottlevi.com/" "Mozilla/5.0 (X11; Linux x86_64) AppleWebKit/537.36 (KHTML, like Gecko) HeadlessChrome/60.0.3112.101 Safari/537.36"
54.191.137.17 - - [05/Jun/2022:22:26:36 +0100] "GET /wp-content/litespeed/css/04c205088aef6ab86671135984bde441.css?ver=ef894 HTTP/1.1" 200 250 "https://www.walbottlevi.com/" "Mozilla/5.0 (X11; Linux x86_64) AppleWebKit/537.36 (KHTML, like Gecko) HeadlessChrome/60.0.3112.101 Safari/537.36"
54.191.137.17 - - [05/Jun/2022:22:26:36 +0100] "GET /wp-includes/js/jquery/jquery.min.js?ver=3.6.0 HTTP/1.1" 200 34819 "https://www.walbottlevi.com/" "Mozilla/5.0 (X11; Linux x86_64) AppleWebKit/537.36 (KHTML, like Gecko) HeadlessChrome/60.0.3112.101 Safari/537.36"
54.191.137.17 - - [05/Jun/2022:22:26:36 +0100] "GET /wp-content/litespeed/css/cf22e83ddbcbe9bf0a5483ea759a38f0.css?ver=d193d HTTP/1.1" 200 14692 "https://www.walbottlevi.com/" "Mozilla/5.0 (X11; Linux x86_64) AppleWebKit/537.36 (KHTML, like Gecko) HeadlessChrome/60.0.3112.101 Safari/537.36"
54.191.137.17 - - [05/Jun/2022:22:26:36 +0100] "GET /wp-content/litespeed/css/cb21ec2d70e49154406ff85a4f971eb0.css?ver=d954e HTTP/1.1" 200 805 "https://www.walbottlevi.com/" "Mozilla/5.0 (X11; Linux x86_64) AppleWebKit/537.36 (KHTML, like Gecko) HeadlessChrome/60.0.3112.101 Safari/537.36"
54.191.137.17 - - [05/Jun/2022:22:26:36 +0100] "GET /wp-content/litespeed/css/8576258e7ed95683a61ed71d30331f17.css?ver=f8048 HTTP/1.1" 200 1410 "https://www.walbottlevi.com/" "Mozilla/5.0 (X11; Linux x86_64) AppleWebKit/537.36 (KHTML, like Gecko) HeadlessChrome/60.0.3112.101 Safari/537.36"
54.191.137.17 - - [05/Jun/2022:22:26:36 +0100] "GET /wp-content/plugins/cookie-law-info/public/js/cookie-law-info-public.js?ver=2.1.2 HTTP/1.1" 200 9204 "https://www.walbottlevi.com/" "Mozilla/5.0 (X11; Linux x86_64) AppleWebKit/537.36 (KHTML, like Gecko) HeadlessChrome/60.0.3112.101 Safari/537.36"
54.191.137.17 - - [05/Jun/2022:22:26:36 +0100] "GET /wp-content/litespeed/css/28077ec3d4019a380b51ef57e24685fc.css?ver=66055 HTTP/1.1" 200 1475 "https://www.walbottlevi.com/" "Mozilla/5.0 (X11; Linux x86_64) AppleWebKit/537.36 (KHTML, like Gecko) HeadlessChrome/60.0.3112.101 Safari/537.36"
54.191.137.17 - - [05/Jun/2022:22:26:36 +0100] "GET /wp-content/themes/lovecraft/assets/js/global.js?ver=2.0.1 HTTP/1.1" 200 1046 "https://www.walbottlevi.com/" "Mozilla/5.0 (X11; Linux x86_64) AppleWebKit/537.36 (KHTML, like Gecko) HeadlessChrome/60.0.3112.101 Safari/537.36"
54.191.137.17 - - [05/Jun/2022:22:26:37 +0100] "GET /wp-includes/js/wp-emoji-release.min.js?ver=6.0 HTTP/1.1" 200 5712 "https://www.walbottlevi.com/" "Mozilla/5.0 (X11; Linux x86_64) AppleWebKit/537.36 (KHTML, like Gecko) HeadlessChrome/60.0.3112.101 Safari/537.36"
54.191.137.17 - - [05/Jun/2022:22:26:37 +0100] "GET /wp-content/plugins/cookie-law-info/public/images/logo-cookieyes.svg HTTP/1.1" 200 1136 "https://www.walbottlevi.com/" "Mozilla/5.0 (X11; Linux x86_64) AppleWebKit/537.36 (KHTML, like Gecko) HeadlessChrome/60.0.3112.101 Safari/537.36"
54.191.137.17 - - [05/Jun/2022:22:26:37 +0100] "GET /wp-content/uploads/2020/09/cropped-IMG_0477-scaled-2.jpg.webp HTTP/1.1" 200 124034 "https://www.walbottlevi.com/" "Mozilla/5.0 (X11; Linux x86_64) AppleWebKit/537.36 (KHTML, like Gecko) HeadlessChrome/60.0.3112.101 Safari/537.36"
54.191.137.17 - - [05/Jun/2022:22:26:37 +0100] "GET /wp-content/uploads/2020/09/cropped-IMG_0477-scaled-2.jpg HTTP/1.1" 200 133514 "https://www.walbottlevi.com/" "Mozilla/5.0 (X11; Linux x86_64) AppleWebKit/537.36 (KHTML, like Gecko) HeadlessChrome/60.0.3112.101 Safari/537.36"
35.165.199.36 - - [05/Jun/2022:22:35:13 +0100] "GET / HTTP/1.1" 200 12605 "-" "Mozilla/5.0 (X11; Linux x86_64) AppleWebKit/537.36 (KHTML, like Gecko) Chrome/83.0.4103.97 Safari/537.36"
54.189.14.111 - - [05/Jun/2022:22:35:20 +0100] "GET /favicon.ico HTTP/1.1" 404 1238 "http://wvi.org.uk/favicon.ico" "Mozilla/5.0 (X11; Linux x86_64) AppleWebKit/537.36 (KHTML, like Gecko) Chrome/83.0.4103.97 Safari/537.36"
10.4.96.3 - - [05/Jun/2022:22:35:22 +0100] "GET /wp-content/uploads/2019/11/cropped-WVIMain-32x32.png HTTP/1.1" 403 1229 "-" "Go-http-client/1.1"
10.4.96.3 - - [05/Jun/2022:22:35:31 +0100] "GET /wp-content/uploads/2019/11/cropped-WVIMain-32x32.png HTTP/1.1" 403 1229 "-" "Go-http-client/1.1"
54.68.32.247 - - [05/Jun/2022:23:01:33 +0100] "POST /?rest_route=%2Fwordfence%2Fv1%2Fauthenticate HTTP/1.1" 200 134 "-" "Wordfence Central API v1.0"
54.68.32.247 - - [05/Jun/2022:23:01:34 +0100] "POST /?rest_route=%2Fwordfence%2Fv1%2Fauthenticate HTTP/1.1" 200 265 "-" "Wordfence Central API v1.0"
54.68.32.247 - - [05/Jun/2022:23:01:35 +0100] "POST /?rest_route=%2Fwordfence%2Fv1%2Fconfig HTTP/1.1" 200 3081 "-" "Wordfence Central API v1.0"
87.250.224.125 - - [05/Jun/2022:23:23:42 +0100] "GET /robots.txt HTTP/1.1" 200 116 "-" "Mozilla/5.0 (compatible; YandexBot/3.0; +http://yandex.com/bots)"
87.250.224.11 - - [05/Jun/2022:23:23:45 +0100] "GET /luctus-non-massa-fusce-ac-turpis-quis/ HTTP/1.1" 404 11676 "-" "Mozilla/5.0 (compatible; YandexBot/3.0; +http://yandex.com/bots)"
54.191.137.17 - - [05/Jun/2022:23:25:04 +0100] "POST /wp-load.php?mwprid=629d2bdd57f4a2.29211907 HTTP/1.1" 200 690 "https://walbottlevi.com/" "Mozilla/5.0 (Windows NT 10.0; Win64; x64) AppleWebKit/537.36 (KHTML, like Gecko) Chrome/62.0.3202.94 Safari/537.36"
54.191.137.17 - - [05/Jun/2022:23:25:38 +0100] "POST /wp-load.php?mwprid=629d2d5a91e7a8.46883910 HTTP/1.1" 200 686 "https://walbottlevi.com/" "Mozilla/5.0 (Windows NT 10.0; Win64; x64) AppleWebKit/537.36 (KHTML, like Gecko) Chrome/62.0.3202.94 Safari/537.36"
54.36.148.31 - - [05/Jun/2022:23:40:02 +0100] "GET /news/projector-and-screen/ HTTP/1.1" 200 11863 "-" "Mozilla/5.0 (compatible; AhrefsBot/7.0; +http://ahrefs.com/robot/)"
152.228.171.66 - - [05/Jun/2022:23:40:03 +0100] "HEAD / HTTP/1.1" 200 0 "-" "-"
185.199.220.52 - - [06/Jun/2022:00:01:02 +0100] "GET / HTTP/1.1" 200 12605 "https://www.walbottlevi.com/" "WordPress/6.0; https://www.walbottlevi.com"
54.68.32.247 - - [06/Jun/2022:00:01:32 +0100] "POST /?rest_route=%2Fwordfence%2Fv1%2Fauthenticate HTTP/1.1" 200 134 "-" "Wordfence Central API v1.0"
54.68.32.247 - - [06/Jun/2022:00:01:33 +0100] "POST /?rest_route=%2Fwordfence%2Fv1%2Fauthenticate HTTP/1.1" 200 264 "-" "Wordfence Central API v1.0"
54.68.32.247 - - [06/Jun/2022:00:01:34 +0100] "POST /?rest_route=%2Fwordfence%2Fv1%2Fconfig HTTP/1.1" 200 3081 "-" "Wordfence Central API v1.0"
54.36.148.117 - - [06/Jun/2022:00:05:57 +0100] "GET / HTTP/1.1" 200 11219 "-" "Mozilla/5.0 (compatible; AhrefsBot/7.0; SA; +http://ahrefs.com/robot/)"
87.250.224.156 - - [06/Jun/2022:00:16:26 +0100] "GET /?_escaped_fragment_= HTTP/1.1" 301 0 "-" "Mozilla/5.0 (compatible; YandexBot/3.0; +http://yandex.com/bots)"
5.45.207.132 - - [06/Jun/2022:00:16:30 +0100] "GET /?_escaped_fragment_ HTTP/1.1" 200 12596 "-" "Mozilla/5.0 (compatible; YandexBot/3.0; +http://yandex.com/bots)"
141.8.142.75 - - [06/Jun/2022:00:16:51 +0100] "GET / HTTP/1.1" 200 12605 "-" "Mozilla/5.0 (compatible; YandexBot/3.0; +http://yandex.com/bots)"
95.108.213.65 - - [06/Jun/2022:00:16:58 +0100] "GET /wp-includes/js/jquery/jquery-migrate.min.js?ver=3.3.2 HTTP/1.1" 200 4461 "https://www.walbottlevi.com/" "Mozilla/5.0 (compatible; YandexBot/3.0; +http://yandex.com/bots) AppleWebKit/537.36 (KHTML, like Gecko) Chrome/81.0.4044.268"
5.45.207.132 - - [06/Jun/2022:00:17:02 +0100] "GET /wp-includes/js/jquery/jquery.min.js?ver=3.6.0 HTTP/1.1" 200 34819 "https://www.walbottlevi.com/" "Mozilla/5.0 (compatible; YandexBot/3.0; +http://yandex.com/bots) AppleWebKit/537.36 (KHTML, like Gecko) Chrome/81.0.4044.268"
141.8.142.65 - - [06/Jun/2022:00:17:04 +0100] "GET /wp-content/plugins/simple-banner/simple-banner.js?ver=2.11.0 HTTP/1.1" 200 1512 "https://www.walbottlevi.com/" "Mozilla/5.0 (compatible; YandexBot/3.0; +http://yandex.com/bots) AppleWebKit/537.36 (KHTML, like Gecko) Chrome/81.0.4044.268"
87.250.224.112 - - [06/Jun/2022:00:17:07 +0100] "GET /wp-content/plugins/cookie-law-info/public/js/cookie-law-info-public.js?ver=2.1.2 HTTP/1.1" 200 9204 "https://www.walbottlevi.com/" "Mozilla/5.0 (compatible; YandexBot/3.0; +http://yandex.com/bots) AppleWebKit/537.36 (KHTML, like Gecko) Chrome/81.0.4044.268"
95.108.213.44 - - [06/Jun/2022:00:17:10 +0100] "GET /wp-content/themes/lovecraft/assets/js/doubletaptogo.min.js?ver=1 HTTP/1.1" 200 358 "https://www.walbottlevi.com/" "Mozilla/5.0 (compatible; YandexBot/3.0; +http://yandex.com/bots) AppleWebKit/537.36 (KHTML, like Gecko) Chrome/81.0.4044.268"
87.250.224.31 - - [06/Jun/2022:00:17:16 +0100] "GET /wp-includes/js/wp-emoji-release.min.js?ver=6.0 HTTP/1.1" 200 5712 "https://www.walbottlevi.com/" "Mozilla/5.0 (compatible; YandexBot/3.0; +http://yandex.com/bots) AppleWebKit/537.36 (KHTML, like Gecko) Chrome/81.0.4044.268"
193.203.202.215 - - [06/Jun/2022:00:17:16 +0100] "HEAD / HTTP/1.1" 200 0 "-" "-"
5.255.231.245 - - [06/Jun/2022:00:17:26 +0100] "GET /wp-content/themes/lovecraft/assets/js/global.js?ver=2.0.1 HTTP/1.1" 200 1046 "https://www.walbottlevi.com/" "Mozilla/5.0 (compatible; YandexBot/3.0; +http://yandex.com/bots) AppleWebKit/537.36 (KHTML, like Gecko) Chrome/81.0.4044.268"
40.77.167.38 - - [06/Jun/2022:00:55:24 +0100] "GET /wp-content/uploads/2022/02/RomanandSorm30-scaled.jpg HTTP/1.1" 403 1229 "-" "Mozilla/5.0 (compatible; bingbot/2.0; +http://www.bing.com/bingbot.htm)"
54.191.137.17 - - [06/Jun/2022:00:57:21 +0100] "POST /wp-load.php?mwprid=629d42e1734645.76370336 HTTP/1.1" 200 10311 "https://walbottlevi.com/" "Mozilla/5.0 (Windows NT 10.0; Win64; x64) AppleWebKit/537.36 (KHTML, like Gecko) Chrome/62.0.3202.94 Safari/537.36"
54.191.137.17 - - [06/Jun/2022:00:57:31 +0100] "POST /wp-load.php?mwprid=629d42eb833c09.32665296 HTTP/1.1" 200 685 "https://walbottlevi.com/" "Mozilla/5.0 (Windows NT 10.0; Win64; x64) AppleWebKit/537.36 (KHTML, like Gecko) Chrome/62.0.3202.94 Safari/537.36"
54.191.137.17 - - [06/Jun/2022:00:57:36 +0100] "POST /wp-load.php?mwprid=629d42f09ce2f9.57790221 HTTP/1.1" 200 688 "https://walbottlevi.com/" "Mozilla/5.0 (Windows NT 10.0; Win64; x64) AppleWebKit/537.36 (KHTML, like Gecko) Chrome/62.0.3202.94 Safari/537.36"
54.68.32.247 - - [06/Jun/2022:01:01:45 +0100] "POST /?rest_route=%2Fwordfence%2Fv1%2Fauthenticate HTTP/1.1" 200 134 "-" "Wordfence Central API v1.0"
51.81.186.219 - - [06/Jun/2022:01:01:46 +0100] "HEAD / HTTP/1.1" 200 0 "-" "-"
54.68.32.247 - - [06/Jun/2022:01:01:46 +0100] "POST /?rest_route=%2Fwordfence%2Fv1%2Fauthenticate HTTP/1.1" 200 263 "-" "Wordfence Central API v1.0"
54.68.32.247 - - [06/Jun/2022:01:01:46 +0100] "POST /?rest_route=%2Fwordfence%2Fv1%2Fconfig HTTP/1.1" 200 3078 "-" "Wordfence Central API v1.0"
42.236.10.112 - - [06/Jun/2022:01:13:33 +0100] "GET / HTTP/1.1" 200 12605 "https://www.walbottlevi.com/" "Mozilla/5.0 (Windows NT 6.1; WOW64) AppleWebKit/537.36 (KHTML, like Gecko) Chrome/50.0.2661.102 Safari/537.36; 360Spider"
65.21.81.50 - - [06/Jun/2022:01:13:34 +0100] "HEAD / HTTP/1.1" 200 0 "-" "-"
51.159.30.87 - - [06/Jun/2022:01:50:38 +0100] "GET / HTTP/1.1" 200 12605 "http://wvi.org.uk" "Mozilla/5.0 (Windows NT 6.3; Win64; x64) AppleWebKit/537.36 (KHTML, like Gecko) Chrome/90.0.4430.93 Safari/537.36"
146.88.239.197 - - [06/Jun/2022:01:50:38 +0100] "HEAD / HTTP/1.1" 200 0 "-" "-"
54.68.32.247 - - [06/Jun/2022:03:01:33 +0100] "POST /?rest_route=%2Fwordfence%2Fv1%2Fauthenticate HTTP/1.1" 200 134 "-" "Wordfence Central API v1.0"
54.68.32.247 - - [06/Jun/2022:03:01:34 +0100] "POST /?rest_route=%2Fwordfence%2Fv1%2Fauthenticate HTTP/1.1" 200 264 "-" "Wordfence Central API v1.0"
54.68.32.247 - - [06/Jun/2022:03:01:35 +0100] "POST /?rest_route=%2Fwordfence%2Fv1%2Fconfig HTTP/1.1" 200 3081 "-" "Wordfence Central API v1.0"
114.119.145.42 - - [06/Jun/2022:03:51:22 +0100] "GET /robots.txt HTTP/1.1" 301 0 "-" "Mozilla/5.0 (compatible;PetalBot;+https://webmaster.petalsearch.com/site/petalbot)"
54.68.32.247 - - [06/Jun/2022:04:01:33 +0100] "POST /?rest_route=%2Fwordfence%2Fv1%2Fauthenticate HTTP/1.1" 200 133 "-" "Wordfence Central API v1.0"
54.68.32.247 - - [06/Jun/2022:04:01:34 +0100] "POST /?rest_route=%2Fwordfence%2Fv1%2Fauthenticate HTTP/1.1" 200 264 "-" "Wordfence Central API v1.0"
54.68.32.247 - - [06/Jun/2022:04:01:35 +0100] "POST /?rest_route=%2Fwordfence%2Fv1%2Fconfig HTTP/1.1" 200 3081 "-" "Wordfence Central API v1.0"
10.4.96.3 - - [06/Jun/2022:04:18:26 +0100] "GET /wp-content/uploads/2021/06/disney-dance-900x900.jpg HTTP/1.1" 403 1229 "-" "Mozilla/5.0 (compatible; bingbot/2.0; +http://www.bing.com/bingbot.htm)"
149.28.11.90 - - [06/Jun/2022:04:18:26 +0100] "HEAD / HTTP/1.1" 200 0 "-" "-"
54.68.32.247 - - [06/Jun/2022:05:01:32 +0100] "POST /?rest_route=%2Fwordfence%2Fv1%2Fauthenticate HTTP/1.1" 200 133 "-" "Wordfence Central API v1.0"
54.68.32.247 - - [06/Jun/2022:05:01:34 +0100] "POST /?rest_route=%2Fwordfence%2Fv1%2Fauthenticate HTTP/1.1" 200 265 "-" "Wordfence Central API v1.0"
54.68.32.247 - - [06/Jun/2022:05:01:34 +0100] "POST /?rest_route=%2Fwordfence%2Fv1%2Fconfig HTTP/1.1" 200 3081 "-" "Wordfence Central API v1.0"
51.81.186.219 - - [06/Jun/2022:05:01:35 +0100] "HEAD / HTTP/1.1" 200 0 "-" "-"
94.12.10.164 - - [06/Jun/2022:05:05:34 +0100] "GET /.well-known/assetlinks.json HTTP/1.1" 301 0 "-" "Mozilla/5.0 (Macintosh; Intel Mac OS X 10_11_6) AppleWebKit/537.36 (KHTML, like Gecko) Chrome/53.0.2785.143 Safari/537.36"
94.12.10.164 - - [06/Jun/2022:05:05:35 +0100] "GET /.well-known/assetlinks.json HTTP/1.1" 404 11675 "-" "Mozilla/5.0 (Macintosh; Intel Mac OS X 10_11_6) AppleWebKit/537.36 (KHTML, like Gecko) Chrome/53.0.2785.143 Safari/537.36"
2.58.28.32 - - [06/Jun/2022:05:05:36 +0100] "HEAD / HTTP/1.1" 200 0 "-" "-"
54.68.32.247 - - [06/Jun/2022:06:01:33 +0100] "POST /?rest_route=%2Fwordfence%2Fv1%2Fauthenticate HTTP/1.1" 200 133 "-" "Wordfence Central API v1.0"
54.68.32.247 - - [06/Jun/2022:06:01:34 +0100] "POST /?rest_route=%2Fwordfence%2Fv1%2Fauthenticate HTTP/1.1" 200 263 "-" "Wordfence Central API v1.0"
54.68.32.247 - - [06/Jun/2022:06:01:35 +0100] "POST /?rest_route=%2Fwordfence%2Fv1%2Fconfig HTTP/1.1" 200 3081 "-" "Wordfence Central API v1.0"
17.121.113.160 - - [06/Jun/2022:06:08:38 +0100] "GET /wp-content/uploads/2021/07/WAG-709x1024.png HTTP/1.1" 403 1229 "-" "Mozilla/5.0 (Macintosh; Intel Mac OS X 10_15_5) AppleWebKit/605.1.15 (KHTML, like Gecko) Version/13.1.1 Safari/605.1.15 (Applebot/0.1; +http://www.apple.com/go/applebot)"
5.45.92.205 - - [06/Jun/2022:06:40:06 +0100] "GET /wp-content/plugins/wp-dester/dester/wp-dester.php HTTP/2" 301 0 "-" "Mozilla/5.0 (Windows; U; Windows NT 6.1; it; rv:2.0b4) Gecko/20100818"
5.45.92.205 - - [06/Jun/2022:06:40:07 +0100] "GET /wp-content/plugins/wp-dester/dester/wp-dester.php HTTP/1.1" 404 11677 "-" "Mozilla/5.0 (Windows; U; Windows NT 6.1; it; rv:2.0b4) Gecko/20100818"
10.4.96.3 - - [06/Jun/2022:06:46:17 +0100] "GET /sitemap_index.xml HTTP/1.1" 200 325 "-" "Mozilla/5.0 (compatible; bingbot/2.0; +http://www.bing.com/bingbot.htm)"
54.68.32.247 - - [06/Jun/2022:07:01:33 +0100] "POST /?rest_route=%2Fwordfence%2Fv1%2Fauthenticate HTTP/1.1" 200 133 "-" "Wordfence Central API v1.0"
54.68.32.247 - - [06/Jun/2022:07:01:34 +0100] "POST /?rest_route=%2Fwordfence%2Fv1%2Fauthenticate HTTP/1.1" 200 264 "-" "Wordfence Central API v1.0"
54.68.32.247 - - [06/Jun/2022:07:01:35 +0100] "POST /?rest_route=%2Fwordfence%2Fv1%2Fconfig HTTP/1.1" 200 3081 "-" "Wordfence Central API v1.0"
17.121.113.218 - - [06/Jun/2022:07:02:38 +0100] "GET /wp-content/uploads/2021/07/WAG.png HTTP/1.1" 403 1229 "-" "Mozilla/5.0 (Macintosh; Intel Mac OS X 10_15_5) AppleWebKit/605.1.15 (KHTML, like Gecko) Version/13.1.1 Safari/605.1.15 (Applebot/0.1; +http://www.apple.com/go/applebot)"
54.191.137.17 - - [06/Jun/2022:07:43:15 +0100] "POST /wp-load.php?mwprid=629da1ffea80b9.31528468 HTTP/1.1" 200 10310 "https://walbottlevi.com/" "Mozilla/5.0 (Windows NT 10.0; Win64; x64) AppleWebKit/537.36 (KHTML, like Gecko) Chrome/62.0.3202.94 Safari/537.36"
94.12.10.164 - - [06/Jun/2022:07:58:35 +0100] "GET /.well-known/assetlinks.json HTTP/1.1" 301 0 "-" "Mozilla/5.0 (Macintosh; Intel Mac OS X 10_11_6) AppleWebKit/537.36 (KHTML, like Gecko) Chrome/53.0.2785.143 Safari/537.36"
94.12.10.164 - - [06/Jun/2022:07:58:36 +0100] "GET /.well-known/assetlinks.json HTTP/1.1" 404 11671 "-" "Mozilla/5.0 (Macintosh; Intel Mac OS X 10_11_6) AppleWebKit/537.36 (KHTML, like Gecko) Chrome/53.0.2785.143 Safari/537.36"
2.58.28.32 - - [06/Jun/2022:07:58:36 +0100] "HEAD / HTTP/1.1" 200 0 "-" "-"
185.199.220.52 - - [06/Jun/2022:08:00:09 +0100] "HEAD / HTTP/2" 301 0 "-" "-"
54.68.32.247 - - [06/Jun/2022:08:01:33 +0100] "POST /?rest_route=%2Fwordfence%2Fv1%2Fauthenticate HTTP/1.1" 200 133 "-" "Wordfence Central API v1.0"
54.68.32.247 - - [06/Jun/2022:08:01:34 +0100] "POST /?rest_route=%2Fwordfence%2Fv1%2Fauthenticate HTTP/1.1" 200 263 "-" "Wordfence Central API v1.0"
54.68.32.247 - - [06/Jun/2022:08:01:35 +0100] "POST /?rest_route=%2Fwordfence%2Fv1%2Fconfig HTTP/1.1" 200 3081 "-" "Wordfence Central API v1.0"
192.99.18.136 - - [06/Jun/2022:08:21:43 +0100] "GET / HTTP/1.1" 301 0 "https://www.google.com" "Mozilla/5.0 (iPhone; CPU iPhone OS 12_1 like Mac OS X) AppleWebKit/605.1.15 (KHTML, like Gecko) CriOS/77.0.3865.93 Mobile/15E148 Safari/605.1"
192.99.18.136 - - [06/Jun/2022:08:21:47 +0100] "GET / HTTP/1.1" 200 12609 "https://walbottlevi.com/" "Mozilla/5.0 (iPhone; CPU iPhone OS 12_1 like Mac OS X) AppleWebKit/605.1.15 (KHTML, like Gecko) CriOS/77.0.3865.93 Mobile/15E148 Safari/605.1"
199.59.247.242 - - [06/Jun/2022:08:21:48 +0100] "HEAD / HTTP/1.1" 200 0 "-" "-"
192.99.18.136 - - [06/Jun/2022:08:21:54 +0100] "GET /wp-content/plugins/simple-banner/simple-banner.js?ver=2.11.0 HTTP/1.1" 200 1512 "https://www.google.com" "Mozilla/5.0 (iPhone; CPU iPhone OS 12_1 like Mac OS X) AppleWebKit/605.1.15 (KHTML, like Gecko) CriOS/77.0.3865.93 Mobile/15E148 Safari/605.1"
192.99.18.136 - - [06/Jun/2022:08:21:55 +0100] "GET /wp-content/themes/lovecraft/assets/js/doubletaptogo.min.js?ver=1 HTTP/1.1" 200 358 "https://www.google.com" "Mozilla/5.0 (iPhone; CPU iPhone OS 12_1 like Mac OS X) AppleWebKit/605.1.15 (KHTML, like Gecko) CriOS/77.0.3865.93 Mobile/15E148 Safari/605.1"
192.99.18.136 - - [06/Jun/2022:08:21:56 +0100] "GET /wp-content/themes/lovecraft/assets/js/global.js?ver=2.0.1 HTTP/1.1" 200 1046 "https://www.google.com" "Mozilla/5.0 (iPhone; CPU iPhone OS 12_1 like Mac OS X) AppleWebKit/605.1.15 (KHTML, like Gecko) CriOS/77.0.3865.93 Mobile/15E148 Safari/605.1"
192.99.18.136 - - [06/Jun/2022:08:21:58 +0100] "GET /wp-includes/js/jquery/jquery-migrate.min.js?ver=3.3.2 HTTP/1.1" 200 4461 "https://www.google.com" "Mozilla/5.0 (iPhone; CPU iPhone OS 12_1 like Mac OS X) AppleWebKit/605.1.15 (KHTML, like Gecko) CriOS/77.0.3865.93 Mobile/15E148 Safari/605.1"
192.99.18.136 - - [06/Jun/2022:08:21:59 +0100] "GET /wp-includes/js/jquery/jquery.min.js?ver=3.6.0 HTTP/1.1" 200 34819 "https://www.google.com" "Mozilla/5.0 (iPhone; CPU iPhone OS 12_1 like Mac OS X) AppleWebKit/605.1.15 (KHTML, like Gecko) CriOS/77.0.3865.93 Mobile/15E148 Safari/605.1"
192.99.18.136 - - [06/Jun/2022:08:22:05 +0100] "GET /wp-includes/js/wp-emoji-release.min.js HTTP/1.1" 200 5712 "https://www.google.com" "Mozilla/5.0 (iPhone; CPU iPhone OS 12_1 like Mac OS X) AppleWebKit/605.1.15 (KHTML, like Gecko) CriOS/77.0.3865.93 Mobile/15E148 Safari/605.1"
192.99.18.136 - - [06/Jun/2022:08:22:12 +0100] "GET /contact/ HTTP/1.1" 200 16249 "https://www.google.com" "Mozilla/5.0 (iPhone; CPU iPhone OS 12_1 like Mac OS X) AppleWebKit/605.1.15 (KHTML, like Gecko) CriOS/77.0.3865.93 Mobile/15E148 Safari/605.1"
192.99.18.136 - - [06/Jun/2022:08:22:13 +0100] "GET /wp-content/plugins/elementor/assets/js/frontend-modules.min.js?ver=3.6.5 HTTP/1.1" 200 5026 "https://www.google.com" "Mozilla/5.0 (iPhone; CPU iPhone OS 12_1 like Mac OS X) AppleWebKit/605.1.15 (KHTML, like Gecko) CriOS/77.0.3865.93 Mobile/15E148 Safari/605.1"
192.99.18.136 - - [06/Jun/2022:08:22:14 +0100] "GET /wp-content/plugins/elementor/assets/js/frontend.min.js?ver=3.6.5 HTTP/1.1" 200 12321 "https://www.google.com" "Mozilla/5.0 (iPhone; CPU iPhone OS 12_1 like Mac OS X) AppleWebKit/605.1.15 (KHTML, like Gecko) CriOS/77.0.3865.93 Mobile/15E148 Safari/605.1"
192.99.18.136 - - [06/Jun/2022:08:22:15 +0100] "GET /wp-content/plugins/elementor/assets/js/preloaded-modules.min.js?ver=3.6.5 HTTP/1.1" 200 14722 "https://www.google.com" "Mozilla/5.0 (iPhone; CPU iPhone OS 12_1 like Mac OS X) AppleWebKit/605.1.15 (KHTML, like Gecko) CriOS/77.0.3865.93 Mobile/15E148 Safari/605.1"
192.99.18.136 - - [06/Jun/2022:08:22:21 +0100] "GET /wp-content/plugins/elementor/assets/js/webpack.runtime.min.js?ver=3.6.5 HTTP/1.1" 200 2247 "https://www.google.com" "Mozilla/5.0 (iPhone; CPU iPhone OS 12_1 like Mac OS X) AppleWebKit/605.1.15 (KHTML, like Gecko) CriOS/77.0.3865.93 Mobile/15E148 Safari/605.1"
199.59.247.242 - - [06/Jun/2022:08:22:21 +0100] "HEAD / HTTP/1.1" 200 0 "-" "-"
192.99.18.136 - - [06/Jun/2022:08:22:22 +0100] "GET /wp-content/plugins/elementor/assets/lib/dialog/dialog.min.js?ver=4.9.0 HTTP/1.1" 200 3760 "https://www.google.com" "Mozilla/5.0 (iPhone; CPU iPhone OS 12_1 like Mac OS X) AppleWebKit/605.1.15 (KHTML, like Gecko) CriOS/77.0.3865.93 Mobile/15E148 Safari/605.1"
192.99.18.136 - - [06/Jun/2022:08:22:24 +0100] "GET /wp-content/plugins/elementor/assets/lib/share-link/share-link.min.js?ver=3.6.5 HTTP/1.1" 200 1152 "https://www.google.com" "Mozilla/5.0 (iPhone; CPU iPhone OS 12_1 like Mac OS X) AppleWebKit/605.1.15 (KHTML, like Gecko) CriOS/77.0.3865.93 Mobile/15E148 Safari/605.1"
192.99.18.136 - - [06/Jun/2022:08:22:25 +0100] "GET /wp-content/plugins/elementor/assets/lib/swiper/swiper.min.js?ver=5.3.6 HTTP/1.1" 200 41891 "https://www.google.com" "Mozilla/5.0 (iPhone; CPU iPhone OS 12_1 like Mac OS X) AppleWebKit/605.1.15 (KHTML, like Gecko) CriOS/77.0.3865.93 Mobile/15E148 Safari/605.1"
192.99.18.136 - - [06/Jun/2022:08:22:30 +0100] "GET /wp-content/plugins/elementor/assets/lib/waypoints/waypoints.min.js?ver=4.0.2 HTTP/1.1" 200 3407 "https://www.google.com" "Mozilla/5.0 (iPhone; CPU iPhone OS 12_1 like Mac OS X) AppleWebKit/605.1.15 (KHTML, like Gecko) CriOS/77.0.3865.93 Mobile/15E148 Safari/605.1"
192.99.18.136 - - [06/Jun/2022:08:22:31 +0100] "GET /wp-content/plugins/form-maker/js/scripts.min.js?ver=1.15.1 HTTP/1.1" 200 52372 "https://www.google.com" "Mozilla/5.0 (iPhone; CPU iPhone OS 12_1 like Mac OS X) AppleWebKit/605.1.15 (KHTML, like Gecko) CriOS/77.0.3865.93 Mobile/15E148 Safari/605.1"
192.99.18.136 - - [06/Jun/2022:08:22:41 +0100] "GET /activities/over-60s/ HTTP/1.1" 200 12843 "https://www.google.com" "Mozilla/5.0 (iPhone; CPU iPhone OS 12_1 like Mac OS X) AppleWebKit/605.1.15 (KHTML, like Gecko) CriOS/77.0.3865.93 Mobile/15E148 Safari/605.1"
199.59.247.242 - - [06/Jun/2022:08:22:41 +0100] "HEAD / HTTP/1.1" 200 0 "-" "-"
192.99.18.136 - - [06/Jun/2022:08:22:43 +0100] "GET /activities/street-dance/ HTTP/1.1" 200 13405 "https://www.google.com" "Mozilla/5.0 (iPhone; CPU iPhone OS 12_1 like Mac OS X) AppleWebKit/605.1.15 (KHTML, like Gecko) CriOS/77.0.3865.93 Mobile/15E148 Safari/605.1"
192.99.18.136 - - [06/Jun/2022:08:22:43 +0100] "GET /activities/gentle-movement-to-music/ HTTP/1.1" 200 12456 "https://www.google.com" "Mozilla/5.0 (iPhone; CPU iPhone OS 12_1 like Mac OS X) AppleWebKit/605.1.15 (KHTML, like Gecko) CriOS/77.0.3865.93 Mobile/15E148 Safari/605.1"
192.99.18.136 - - [06/Jun/2022:08:22:45 +0100] "GET /activities/treble-time/ HTTP/1.1" 200 13677 "https://www.google.com" "Mozilla/5.0 (iPhone; CPU iPhone OS 12_1 like Mac OS X) AppleWebKit/605.1.15 (KHTML, like Gecko) CriOS/77.0.3865.93 Mobile/15E148 Safari/605.1"
192.99.18.136 - - [06/Jun/2022:08:22:46 +0100] "GET /activities/yoga/ HTTP/1.1" 200 12722 "https://www.google.com" "Mozilla/5.0 (iPhone; CPU iPhone OS 12_1 like Mac OS X) AppleWebKit/605.1.15 (KHTML, like Gecko) CriOS/77.0.3865.93 Mobile/15E148 Safari/605.1"
192.99.18.136 - - [06/Jun/2022:08:22:48 +0100] "GET /activities/walbottle-art-group/ HTTP/1.1" 200 12739 "https://www.google.com" "Mozilla/5.0 (iPhone; CPU iPhone OS 12_1 like Mac OS X) AppleWebKit/605.1.15 (KHTML, like Gecko) CriOS/77.0.3865.93 Mobile/15E148 Safari/605.1"
192.99.18.136 - - [06/Jun/2022:08:22:48 +0100] "GET /diary/ HTTP/1.1" 200 12202 "https://www.google.com" "Mozilla/5.0 (iPhone; CPU iPhone OS 12_1 like Mac OS X) AppleWebKit/605.1.15 (KHTML, like Gecko) CriOS/77.0.3865.93 Mobile/15E148 Safari/605.1"
54.68.32.247 - - [06/Jun/2022:09:01:33 +0100] "POST /?rest_route=%2Fwordfence%2Fv1%2Fauthenticate HTTP/1.1" 200 134 "-" "Wordfence Central API v1.0"
54.68.32.247 - - [06/Jun/2022:09:01:34 +0100] "POST /?rest_route=%2Fwordfence%2Fv1%2Fauthenticate HTTP/1.1" 200 264 "-" "Wordfence Central API v1.0"
54.68.32.247 - - [06/Jun/2022:09:01:35 +0100] "POST /?rest_route=%2Fwordfence%2Fv1%2Fconfig HTTP/1.1" 200 3081 "-" "Wordfence Central API v1.0"
54.68.32.247 - - [06/Jun/2022:10:01:33 +0100] "POST /?rest_route=%2Fwordfence%2Fv1%2Fauthenticate HTTP/1.1" 200 133 "-" "Wordfence Central API v1.0"
54.68.32.247 - - [06/Jun/2022:10:01:34 +0100] "POST /?rest_route=%2Fwordfence%2Fv1%2Fauthenticate HTTP/1.1" 200 266 "-" "Wordfence Central API v1.0"
54.68.32.247 - - [06/Jun/2022:10:01:35 +0100] "POST /?rest_route=%2Fwordfence%2Fv1%2Fconfig HTTP/1.1" 200 3081 "-" "Wordfence Central API v1.0"
54.68.32.247 - - [06/Jun/2022:11:01:33 +0100] "POST /?rest_route=%2Fwordfence%2Fv1%2Fauthenticate HTTP/1.1" 200 133 "-" "Wordfence Central API v1.0"
54.68.32.247 - - [06/Jun/2022:11:01:34 +0100] "POST /?rest_route=%2Fwordfence%2Fv1%2Fauthenticate HTTP/1.1" 200 264 "-" "Wordfence Central API v1.0"
54.68.32.247 - - [06/Jun/2022:11:01:35 +0100] "POST /?rest_route=%2Fwordfence%2Fv1%2Fconfig HTTP/1.1" 200 3081 "-" "Wordfence Central API v1.0"
51.255.62.3 - - [06/Jun/2022:11:41:18 +0100] "GET / HTTP/1.1" 401 35 "-" "Mozilla/5.0 (X11; Ubuntu; Linux x86_64; rv:58.0) Gecko/20100101 Firefox/58.0"
51.255.62.3 - - [06/Jun/2022:11:41:18 +0100] "GET / HTTP/1.1" 401 35 "-" "Mozilla/5.0 (X11; Ubuntu; Linux x86_64; rv:58.0) Gecko/20100101 Firefox/58.0"
51.255.62.14 - - [06/Jun/2022:11:41:18 +0100] "GET / HTTP/1.1" 401 35 "-" "Mozilla/5.0 (X11; Ubuntu; Linux x86_64; rv:58.0) Gecko/20100101 Firefox/58.0"
51.255.62.11 - - [06/Jun/2022:11:41:18 +0100] "GET / HTTP/1.1" 200 37963 "-" "Mozilla/5.0 (X11; Ubuntu; Linux x86_64; rv:58.0) Gecko/20100101 Firefox/58.0"
51.255.62.4 - - [06/Jun/2022:11:41:18 +0100] "GET / HTTP/1.1" 200 37975 "-" "Mozilla/5.0 (X11; Ubuntu; Linux x86_64; rv:58.0) Gecko/20100101 Firefox/58.0"
51.255.62.15 - - [06/Jun/2022:11:41:18 +0100] "GET / HTTP/1.1" 301 0 "-" "Mozilla/5.0 (X11; Ubuntu; Linux x86_64; rv:58.0) Gecko/20100101 Firefox/58.0"
51.255.62.14 - - [06/Jun/2022:11:41:18 +0100] "GET / HTTP/1.1" 301 0 "-" "Mozilla/5.0 (X11; Ubuntu; Linux x86_64; rv:58.0) Gecko/20100101 Firefox/58.0"
54.68.32.247 - - [06/Jun/2022:12:01:34 +0100] "POST /?rest_route=%2Fwordfence%2Fv1%2Fauthenticate HTTP/1.1" 200 134 "-" "Wordfence Central API v1.0"
54.68.32.247 - - [06/Jun/2022:12:01:35 +0100] "POST /?rest_route=%2Fwordfence%2Fv1%2Fauthenticate HTTP/1.1" 200 263 "-" "Wordfence Central API v1.0"
54.68.32.247 - - [06/Jun/2022:12:01:36 +0100] "POST /?rest_route=%2Fwordfence%2Fv1%2Fconfig HTTP/1.1" 200 3081 "-" "Wordfence Central API v1.0"
54.36.148.212 - - [06/Jun/2022:12:22:37 +0100] "GET /robots.txt HTTP/1.1" 200 102 "-" "Mozilla/5.0 (compatible; AhrefsBot/7.0; +http://ahrefs.com/robot/)"
152.228.171.66 - - [06/Jun/2022:12:22:37 +0100] "HEAD / HTTP/1.1" 200 0 "-" "-"
208.100.26.233 - - [06/Jun/2022:12:31:05 +0100] "GET / HTTP/1.1" 301 0 "-" "Mozilla/5.0 (iPad; CPU OS 13_3_1 like Mac OS X) AppleWebKit/604.4.7 (KHTML, like Gecko) Version/12.1.12 Mobile/15C153 Safari/604.1"
208.100.26.233 - - [06/Jun/2022:12:31:06 +0100] "GET / HTTP/1.1" 301 0 "http://walbottlevi.com/" "Mozilla/5.0 (Windows NT 10.0; Win64; x64) AppleWebKit/537.36 (KHTML, like Gecko) Chrome/78.0.3904.108 Safari/537.36"
208.100.26.233 - - [06/Jun/2022:12:31:07 +0100] "GET / HTTP/1.1" 200 12605 "https://walbottlevi.com/" "Mozilla/5.0 (iPad; CPU OS 13_3_1 like Mac OS X) AppleWebKit/604.4.7 (KHTML, like Gecko) Version/12.1.12 Mobile/15C153 Safari/604.1"
208.100.26.233 - - [06/Jun/2022:12:31:07 +0100] "GET / HTTP/1.1" 200 12605 "https://walbottlevi.com/" "Mozilla/5.0 (Windows NT 10.0; Win64; x64) AppleWebKit/537.36 (KHTML, like Gecko) Chrome/78.0.3904.108 Safari/537.36"
188.165.87.99 - - [06/Jun/2022:12:34:23 +0100] "GET / HTTP/1.1" 200 37975 "-" "Mozilla/5.0 (X11; Ubuntu; Linux x86_64; rv:58.0) Gecko/20100101 Firefox/58.0"
188.165.87.98 - - [06/Jun/2022:12:34:23 +0100] "GET / HTTP/1.1" 200 37963 "-" "Mozilla/5.0 (X11; Ubuntu; Linux x86_64; rv:58.0) Gecko/20100101 Firefox/58.0"
188.165.87.98 - - [06/Jun/2022:12:34:23 +0100] "GET / HTTP/1.1" 200 51665 "-" "Mozilla/5.0 (X11; Ubuntu; Linux x86_64; rv:58.0) Gecko/20100101 Firefox/58.0"
