208.100.26.247 - - [21/Apr/2022:08:16:45 -0400] "GET / HTTP/1.1" 301 0 "http://mail.walbottlevi.com/" "Mozilla/5.0 (iPhone; CPU iPhone OS 12_4_8 like Mac OS X) AppleWebKit/607.3.9 (KHTML, like Gecko) Version/12.1.2 Mobile/16G201 Safari/604.1"
208.100.26.237 - - [21/Apr/2022:08:16:44 -0400] "GET / HTTP/1.1" 301 0 "-" "Mozilla/5.0 (Windows NT 10.0; Win64; x64) AppleWebKit/537.36 (KHTML, like Gecko) Chrome/80.0.3947.0 Safari/537.36"
208.100.26.237 - - [21/Apr/2022:08:16:45 -0400] "GET / HTTP/1.1" 200 12681 "https://mail.walbottlevi.com/" "Mozilla/5.0 (Windows NT 10.0; Win64; x64) AppleWebKit/537.36 (KHTML, like Gecko) Chrome/80.0.3947.0 Safari/537.36"
54.68.32.247 - - [21/Apr/2022:09:01:37 -0400] "POST /?rest_route=%2Fwordfence%2Fv1%2Fconfig HTTP/1.1" 200 7043 "-" "Wordfence Central API v1.0"
54.68.32.247 - - [21/Apr/2022:09:01:35 -0400] "POST /?rest_route=%2Fwordfence%2Fv1%2Fauthenticate HTTP/1.1" 200 132 "-" "Wordfence Central API v1.0"
54.68.32.247 - - [21/Apr/2022:09:01:35 -0400] "POST /?rest_route=%2Fwordfence%2Fv1%2Fauthenticate HTTP/1.1" 200 289 "-" "Wordfence Central API v1.0"
114.119.137.65 - - [21/Apr/2022:09:10:11 -0400] "GET /wp-content/uploads/2021/07/JWA.png HTTP/1.1" 403 1229 "-" "Mozilla/5.0 (Linux; Android 7.0;) AppleWebKit/537.36 (KHTML, like Gecko) Mobile Safari/537.36 (compatible; PetalBot;+https://webmaster.petalsearch.com/site/petalbot)"
188.222.52.253 - - [21/Apr/2022:09:36:29 -0400] "GET / HTTP/1.1" 200 11284 "-" "Mozilla/5.0 (Windows NT 10.0; Win64; x64) AppleWebKit/537.36 (KHTML, like Gecko) Chrome/100.0.4896.127 Safari/537.36"
188.222.52.253 - - [21/Apr/2022:09:36:33 -0400] "GET /contact/ HTTP/1.1" 200 14546 "https://www.walbottlevi.com/" "Mozilla/5.0 (Windows NT 10.0; Win64; x64) AppleWebKit/537.36 (KHTML, like Gecko) Chrome/100.0.4896.127 Safari/537.36"
40.94.93.22 - - [21/Apr/2022:09:36:41 -0400] "GET /wp-content/litespeed/css/cf22e83ddbcbe9bf0a5483ea759a38f0.css?ver=a27c7 HTTP/1.1" 200 10493 "https://www.walbottlevi.com/" "Mozilla/5.0 (Windows NT 10.0; Win64; x64) AppleWebKit/537.36 (KHTML, like Gecko) Chrome/79.0.3945.136 Safari/537.36"
40.94.93.22 - - [21/Apr/2022:09:36:41 -0400] "GET /wp-content/litespeed/css/cb21ec2d70e49154406ff85a4f971eb0.css?ver=4a728 HTTP/1.1" 200 630 "https://www.walbottlevi.com/" "Mozilla/5.0 (Windows NT 10.0; Win64; x64) AppleWebKit/537.36 (KHTML, like Gecko) Chrome/79.0.3945.136 Safari/537.36"
40.94.93.22 - - [21/Apr/2022:09:36:41 -0400] "GET /wp-content/plugins/cookie-law-info/public/js/cookie-law-info-public.js?ver=2.1.1 HTTP/1.1" 200 7496 "https://www.walbottlevi.com/" "Mozilla/5.0 (Windows NT 10.0; Win64; x64) AppleWebKit/537.36 (KHTML, like Gecko) Chrome/79.0.3945.136 Safari/537.36"
40.94.93.22 - - [21/Apr/2022:09:36:41 -0400] "GET /wp-content/litespeed/css/04c205088aef6ab86671135984bde441.css?ver=ef894 HTTP/1.1" 200 165 "https://www.walbottlevi.com/" "Mozilla/5.0 (Windows NT 10.0; Win64; x64) AppleWebKit/537.36 (KHTML, like Gecko) Chrome/79.0.3945.136 Safari/537.36"
40.94.93.22 - - [21/Apr/2022:09:36:41 -0400] "GET /wp-content/themes/lovecraft/assets/js/doubletaptogo.min.js?ver=1 HTTP/1.1" 200 297 "https://www.walbottlevi.com/" "Mozilla/5.0 (Windows NT 10.0; Win64; x64) AppleWebKit/537.36 (KHTML, like Gecko) Chrome/79.0.3945.136 Safari/537.36"
40.94.93.22 - - [21/Apr/2022:09:36:41 -0400] "GET /wp-content/litespeed/css/8576258e7ed95683a61ed71d30331f17.css?ver=3458c HTTP/1.1" 200 1226 "https://www.walbottlevi.com/" "Mozilla/5.0 (Windows NT 10.0; Win64; x64) AppleWebKit/537.36 (KHTML, like Gecko) Chrome/79.0.3945.136 Safari/537.36"
40.94.93.22 - - [21/Apr/2022:09:36:41 -0400] "GET /wp-includes/js/jquery/jquery.min.js?ver=3.6.0 HTTP/1.1" 200 30273 "https://www.walbottlevi.com/" "Mozilla/5.0 (Windows NT 10.0; Win64; x64) AppleWebKit/537.36 (KHTML, like Gecko) Chrome/79.0.3945.136 Safari/537.36"
40.94.93.22 - - [21/Apr/2022:09:36:41 -0400] "GET /wp-content/litespeed/css/28077ec3d4019a380b51ef57e24685fc.css?ver=188fb HTTP/1.1" 200 1220 "https://www.walbottlevi.com/" "Mozilla/5.0 (Windows NT 10.0; Win64; x64) AppleWebKit/537.36 (KHTML, like Gecko) Chrome/79.0.3945.136 Safari/537.36"
40.94.93.22 - - [21/Apr/2022:09:36:41 -0400] "GET /wp-content/themes/lovecraft/assets/js/global.js?ver=2.0.1 HTTP/1.1" 200 896 "https://www.walbottlevi.com/" "Mozilla/5.0 (Windows NT 10.0; Win64; x64) AppleWebKit/537.36 (KHTML, like Gecko) Chrome/79.0.3945.136 Safari/537.36"
40.94.93.22 - - [21/Apr/2022:09:36:41 -0400] "GET /wp-includes/js/wp-emoji-release.min.js?ver=5.9.3 HTTP/1.1" 200 4539 "https://www.walbottlevi.com/" "Mozilla/5.0 (Windows NT 10.0; Win64; x64) AppleWebKit/537.36 (KHTML, like Gecko) Chrome/79.0.3945.136 Safari/537.36"
40.94.93.22 - - [21/Apr/2022:09:36:42 -0400] "GET /wp-content/uploads/2020/09/cropped-IMG_0477-scaled-2.jpg.webp HTTP/1.1" 200 124034 "https://www.walbottlevi.com/" "Mozilla/5.0 (Windows NT 10.0; Win64; x64) AppleWebKit/537.36 (KHTML, like Gecko) Chrome/79.0.3945.136 Safari/537.36"
40.94.93.22 - - [21/Apr/2022:09:36:49 -0400] "GET /wp-content/uploads/2019/11/cropped-WVIMain-192x192.png HTTP/1.1" 200 28462 "https://www.walbottlevi.com/" "Mozilla/5.0 (Windows NT 10.0; Win64; x64) AppleWebKit/537.36 (KHTML, like Gecko) Chrome/79.0.3945.136 Safari/537.36"
192.71.42.108 - - [21/Apr/2022:09:38:59 -0400] "GET /humans.txt HTTP/1.1" 404 11757 "http://wvi.org.uk/humans.txt" "Mozilla/5.0 (Macintosh; Intel Mac OS X 10_13_6) AppleWebKit/537.36 (KHTML, like Gecko) Chrome/91.0.4472.114 Safari/537.36"
192.71.142.35 - - [21/Apr/2022:09:39:01 -0400] "GET / HTTP/1.1" 200 12681 "http://wvi.org.uk/" "Mozilla/5.0 (Macintosh; Intel Mac OS X 10_13_6) AppleWebKit/537.36 (KHTML, like Gecko) Chrome/91.0.4472.114 Safari/537.36"
40.94.93.22 - - [21/Apr/2022:09:36:41 -0400] "GET /wp-includes/js/jquery/jquery-migrate.min.js?ver=3.3.2 HTTP/1.1" 200 3995 "https://www.walbottlevi.com/" "Mozilla/5.0 (Windows NT 10.0; Win64; x64) AppleWebKit/537.36 (KHTML, like Gecko) Chrome/79.0.3945.136 Safari/537.36"
40.94.93.22 - - [21/Apr/2022:09:36:41 -0400] "GET /wp-content/litespeed/css/962881a9f7b8a4ad588b826970384b0a.css?ver=24dc7 HTTP/1.1" 200 3518 "https://www.walbottlevi.com/" "Mozilla/5.0 (Windows NT 10.0; Win64; x64) AppleWebKit/537.36 (KHTML, like Gecko) Chrome/79.0.3945.136 Safari/537.36"
188.222.52.253 - - [21/Apr/2022:09:36:35 -0400] "GET /wp-content/litespeed/css/7fc244cfde1bf65913b8fe96f09025c4.css?ver=31347 HTTP/1.1" 200 19125 "https://www.walbottlevi.com/contact/" "Mozilla/5.0 (Windows NT 10.0; Win64; x64) AppleWebKit/537.36 (KHTML, like Gecko) Chrome/100.0.4896.127 Safari/537.36"
188.222.52.253 - - [21/Apr/2022:09:36:35 -0400] "GET /wp-content/plugins/form-maker/js/scripts.min.js?ver=1.14.11 HTTP/1.1" 200 25441 "https://www.walbottlevi.com/contact/" "Mozilla/5.0 (Windows NT 10.0; Win64; x64) AppleWebKit/537.36 (KHTML, like Gecko) Chrome/100.0.4896.127 Safari/537.36"
188.222.52.253 - - [21/Apr/2022:09:36:35 -0400] "POST /wp-admin/admin-ajax.php HTTP/1.1" 200 15 "https://www.walbottlevi.com/contact/" "Mozilla/5.0 (Windows NT 10.0; Win64; x64) AppleWebKit/537.36 (KHTML, like Gecko) Chrome/100.0.4896.127 Safari/537.36"
40.94.93.22 - - [21/Apr/2022:09:36:40 -0400] "GET / HTTP/1.1" 200 11284 "-" "Mozilla/5.0 (Windows NT 10.0; Win64; x64) AppleWebKit/537.36 (KHTML, like Gecko) Chrome/79.0.3945.136 Safari/537.36"
40.94.93.22 - - [21/Apr/2022:09:36:41 -0400] "GET /wp-content/litespeed/css/f1f3bb515f8594534f56b8b8eb04f322.css?ver=bdff9 HTTP/1.1" 200 7848 "https://www.walbottlevi.com/" "Mozilla/5.0 (Windows NT 10.0; Win64; x64) AppleWebKit/537.36 (KHTML, like Gecko) Chrome/79.0.3945.136 Safari/537.36"
40.94.93.22 - - [21/Apr/2022:09:36:41 -0400] "GET /wp-content/litespeed/css/79ac2e166a64deb7082c8f4a065d36e5.css?ver=d36e5 HTTP/1.1" 200 279 "https://www.walbottlevi.com/" "Mozilla/5.0 (Windows NT 10.0; Win64; x64) AppleWebKit/537.36 (KHTML, like Gecko) Chrome/79.0.3945.136 Safari/537.36"
40.94.93.22 - - [21/Apr/2022:09:36:41 -0400] "GET /wp-content/plugins/simple-banner/simple-banner.js?ver=2.11.0 HTTP/1.1" 200 1233 "https://www.walbottlevi.com/" "Mozilla/5.0 (Windows NT 10.0; Win64; x64) AppleWebKit/537.36 (KHTML, like Gecko) Chrome/79.0.3945.136 Safari/537.36"
40.94.93.22 - - [21/Apr/2022:09:36:42 -0400] "GET /wp-content/plugins/cookie-law-info/public/images/logo-cookieyes.svg HTTP/1.1" 200 1030 "https://www.walbottlevi.com/" "Mozilla/5.0 (Windows NT 10.0; Win64; x64) AppleWebKit/537.36 (KHTML, like Gecko) Chrome/79.0.3945.136 Safari/537.36"
40.94.93.22 - - [21/Apr/2022:09:36:42 -0400] "GET /wp-content/uploads/2020/09/cropped-IMG_0477-scaled-2.jpg HTTP/1.1" 200 133514 "https://www.walbottlevi.com/" "Mozilla/5.0 (Windows NT 10.0; Win64; x64) AppleWebKit/537.36 (KHTML, like Gecko) Chrome/79.0.3945.136 Safari/537.36"
188.222.52.253 - - [21/Apr/2022:09:46:03 -0400] "POST /wp-admin/admin-ajax.php HTTP/1.1" 200 15 "https://www.walbottlevi.com/contact/" "Mozilla/5.0 (Windows NT 10.0; Win64; x64) AppleWebKit/537.36 (KHTML, like Gecko) Chrome/100.0.4896.127 Safari/537.36"
188.222.52.253 - - [21/Apr/2022:09:52:38 -0400] "POST /wp-admin/admin-ajax.php HTTP/1.1" 200 15 "https://www.walbottlevi.com/contact/" "Mozilla/5.0 (Windows NT 10.0; Win64; x64) AppleWebKit/537.36 (KHTML, like Gecko) Chrome/100.0.4896.127 Safari/537.36"
54.68.32.247 - - [21/Apr/2022:10:01:33 -0400] "POST /?rest_route=%2Fwordfence%2Fv1%2Fauthenticate HTTP/1.1" 200 132 "-" "Wordfence Central API v1.0"
54.68.32.247 - - [21/Apr/2022:10:01:34 -0400] "POST /?rest_route=%2Fwordfence%2Fv1%2Fauthenticate HTTP/1.1" 200 289 "-" "Wordfence Central API v1.0"
54.68.32.247 - - [21/Apr/2022:10:01:35 -0400] "POST /?rest_route=%2Fwordfence%2Fv1%2Fconfig HTTP/1.1" 200 7043 "-" "Wordfence Central API v1.0"
54.36.148.156 - - [21/Apr/2022:10:13:45 -0400] "GET /news/all-classes-now-back/ HTTP/1.1" 200 11868 "-" "Mozilla/5.0 (compatible; AhrefsBot/7.0; +http://ahrefs.com/robot/)"
46.161.11.252 - - [21/Apr/2022:10:21:00 -0400] "GET /contact/ HTTP/1.1" 200 16288 "https://www.walbottlevi.com/contact/" "Mozilla/5.0 (Windows NT 10.0; Win64; x64) AppleWebKit/537.36 (KHTML, like Gecko) Chrome/83.0.4087.0 Safari/537.36"
46.161.11.252 - - [21/Apr/2022:10:21:00 -0400] "POST /contact/ HTTP/1.1" 200 17073 "https://www.walbottlevi.com/contact/" "Mozilla/5.0 (Windows NT 10.0; Win64; x64) AppleWebKit/537.36 (KHTML, like Gecko) Chrome/83.0.4087.0 Safari/537.36"
188.222.52.253 - - [21/Apr/2022:10:40:23 -0400] "GET /diary/ HTTP/1.1" 200 10991 "https://www.walbottlevi.com/" "Mozilla/5.0 (Windows NT 10.0; Win64; x64) AppleWebKit/537.36 (KHTML, like Gecko) Chrome/100.0.4896.127 Safari/537.36"
188.222.52.253 - - [21/Apr/2022:10:40:25 -0400] "GET /activities/ HTTP/1.1" 200 11246 "https://www.walbottlevi.com/diary/" "Mozilla/5.0 (Windows NT 10.0; Win64; x64) AppleWebKit/537.36 (KHTML, like Gecko) Chrome/100.0.4896.127 Safari/537.36"
188.222.52.253 - - [21/Apr/2022:10:40:29 -0400] "GET /almo-photography/ HTTP/1.1" 200 12169 "https://www.walbottlevi.com/activities/" "Mozilla/5.0 (Windows NT 10.0; Win64; x64) AppleWebKit/537.36 (KHTML, like Gecko) Chrome/100.0.4896.127 Safari/537.36"
188.222.52.253 - - [21/Apr/2022:10:40:30 -0400] "GET /wp-content/uploads/2022/02/RomanandSorm30-768x1184.jpg HTTP/1.1" 200 83742 "https://www.walbottlevi.com/almo-photography/" "Mozilla/5.0 (Windows NT 10.0; Win64; x64) AppleWebKit/537.36 (KHTML, like Gecko) Chrome/100.0.4896.127 Safari/537.36"
188.222.52.253 - - [21/Apr/2022:10:40:30 -0400] "GET /wp-content/uploads/2022/02/RomanandSorm2-2-819x1024.jpg HTTP/1.1" 200 125105 "https://www.walbottlevi.com/almo-photography/" "Mozilla/5.0 (Windows NT 10.0; Win64; x64) AppleWebKit/537.36 (KHTML, like Gecko) Chrome/100.0.4896.127 Safari/537.36"
35.225.68.89 - - [21/Apr/2022:10:32:28 -0400] "GET / HTTP/1.1" 301 0 "-" "python-requests/2.27.1"
188.222.52.253 - - [21/Apr/2022:10:40:30 -0400] "GET /wp-content/uploads/2022/02/Nyla-Edited-1-2-819x1024.jpg HTTP/1.1" 200 91244 "https://www.walbottlevi.com/almo-photography/" "Mozilla/5.0 (Windows NT 10.0; Win64; x64) AppleWebKit/537.36 (KHTML, like Gecko) Chrome/100.0.4896.127 Safari/537.36"
2.58.28.32 - - [21/Apr/2022:10:40:30 -0400] "HEAD / HTTP/1.1" 200 0 "-" "-"
188.222.52.253 - - [21/Apr/2022:10:40:39 -0400] "GET /activities/treble-time/ HTTP/1.1" 200 12194 "https://www.walbottlevi.com/almo-photography/" "Mozilla/5.0 (Windows NT 10.0; Win64; x64) AppleWebKit/537.36 (KHTML, like Gecko) Chrome/100.0.4896.127 Safari/537.36"
188.222.52.253 - - [21/Apr/2022:10:40:44 -0400] "GET /activities/gentle-movement-to-music/ HTTP/1.1" 200 11165 "https://www.walbottlevi.com/activities/treble-time/" "Mozilla/5.0 (Windows NT 10.0; Win64; x64) AppleWebKit/537.36 (KHTML, like Gecko) Chrome/100.0.4896.127 Safari/537.36"
86.169.96.224 - - [21/Apr/2022:10:32:03 -0400] "GET /wp-content/uploads/2020/09/cropped-IMG_0477-scaled-2.jpg.webp HTTP/1.1" 200 124034 "https://www.walbottlevi.com/" "Mozilla/5.0 (Windows NT 10.0; Win64; x64) AppleWebKit/537.36 (KHTML, like Gecko) Chrome/100.0.4896.127 Safari/537.36"
35.225.68.89 - - [21/Apr/2022:10:32:31 -0400] "GET / HTTP/1.1" 200 12681 "-" "python-requests/2.27.1"
188.222.52.253 - - [21/Apr/2022:10:47:41 -0400] "GET /activities/street-dance/ HTTP/1.1" 200 11730 "https://www.walbottlevi.com/activities/treble-time/" "Mozilla/5.0 (Windows NT 10.0; Win64; x64) AppleWebKit/537.36 (KHTML, like Gecko) Chrome/100.0.4896.127 Safari/537.36"
188.222.52.253 - - [21/Apr/2022:10:47:41 -0400] "GET /wp-content/uploads/2021/06/street-dance-200x300.jpg.webp HTTP/1.1" 200 21010 "https://www.walbottlevi.com/activities/street-dance/" "Mozilla/5.0 (Windows NT 10.0; Win64; x64) AppleWebKit/537.36 (KHTML, like Gecko) Chrome/100.0.4896.127 Safari/537.36"
188.222.52.253 - - [21/Apr/2022:10:47:41 -0400] "GET /wp-content/uploads/2021/06/disney-dance.jpg.webp HTTP/1.1" 200 228120 "https://www.walbottlevi.com/activities/street-dance/" "Mozilla/5.0 (Windows NT 10.0; Win64; x64) AppleWebKit/537.36 (KHTML, like Gecko) Chrome/100.0.4896.127 Safari/537.36"
89.34.18.127 - - [21/Apr/2022:11:03:00 -0400] "POST /wp-admin/admin-ajax.php?action=wordfence_testAjax HTTP/1.1" 200 32 "https://www.walbottlevi.com/wp-admin/admin-ajax.php?action=wordfence_testAjax" "WordPress/5.9.3; https://www.walbottlevi.com"
188.222.52.253 - - [21/Apr/2022:10:49:33 -0400] "GET /activities/walbottle-art-group/ HTTP/1.1" 200 11318 "https://www.walbottlevi.com/activities/yoga/" "Mozilla/5.0 (Windows NT 10.0; Win64; x64) AppleWebKit/537.36 (KHTML, like Gecko) Chrome/100.0.4896.127 Safari/537.36"
188.222.52.253 - - [21/Apr/2022:10:49:34 -0400] "GET /wp-content/uploads/2021/07/WAG.png HTTP/1.1" 200 232452 "https://www.walbottlevi.com/activities/walbottle-art-group/" "Mozilla/5.0 (Windows NT 10.0; Win64; x64) AppleWebKit/537.36 (KHTML, like Gecko) Chrome/100.0.4896.127 Safari/537.36"
54.36.148.169 - - [21/Apr/2022:10:51:39 -0400] "GET /news/2020/12/ HTTP/1.1" 200 10667 "-" "Mozilla/5.0 (compatible; AhrefsBot/7.0; +http://ahrefs.com/robot/)"
188.222.52.253 - - [21/Apr/2022:10:47:55 -0400] "GET /activities/yoga/ HTTP/1.1" 200 11346 "https://www.walbottlevi.com/activities/street-dance/" "Mozilla/5.0 (Windows NT 10.0; Win64; x64) AppleWebKit/537.36 (KHTML, like Gecko) Chrome/100.0.4896.127 Safari/537.36"
188.222.52.253 - - [21/Apr/2022:10:47:55 -0400] "GET /wp-content/uploads/2021/09/Yoga.png.webp HTTP/1.1" 200 51566 "https://www.walbottlevi.com/activities/yoga/" "Mozilla/5.0 (Windows NT 10.0; Win64; x64) AppleWebKit/537.36 (KHTML, like Gecko) Chrome/100.0.4896.127 Safari/537.36"
89.34.18.127 - - [21/Apr/2022:11:01:01 -0400] "POST /wp-admin/admin-ajax.php?action=wordfence_testAjax HTTP/1.1" 200 32 "https://www.walbottlevi.com/wp-admin/admin-ajax.php?action=wordfence_testAjax" "WordPress/5.9.3; https://www.walbottlevi.com"
89.34.18.127 - - [21/Apr/2022:11:01:02 -0400] "GET /wp-admin/admin-ajax.php?action=wordfence_doScan&isFork=0&scanMode=custom&cronKey=dd2864c563b95fcafc945edf6161f7eb&signature=eb2d2884157d4910f8f6f127a0dcd94122e9a80241c313bca9ca89a1e0ea78ae HTTP/1.1" 200 0 "-" "WordPress/5.9.3; https://www.walbottlevi.com"
54.68.32.247 - - [21/Apr/2022:11:01:34 -0400] "POST /?rest_route=%2Fwordfence%2Fv1%2Fauthenticate HTTP/1.1" 200 132 "-" "Wordfence Central API v1.0"
54.68.32.247 - - [21/Apr/2022:11:01:35 -0400] "POST /?rest_route=%2Fwordfence%2Fv1%2Fauthenticate HTTP/1.1" 200 289 "-" "Wordfence Central API v1.0"
54.68.32.247 - - [21/Apr/2022:11:01:36 -0400] "POST /?rest_route=%2Fwordfence%2Fv1%2Fconfig HTTP/1.1" 200 7043 "-" "Wordfence Central API v1.0"
89.34.18.127 - - [21/Apr/2022:11:01:49 -0400] "POST /wp-admin/admin-ajax.php?action=wordfence_testAjax HTTP/1.1" 200 32 "https://www.walbottlevi.com/wp-admin/admin-ajax.php?action=wordfence_testAjax" "WordPress/5.9.3; https://www.walbottlevi.com"
89.34.18.127 - - [21/Apr/2022:11:02:36 -0400] "POST /wp-admin/admin-ajax.php?action=wordfence_testAjax HTTP/1.1" 200 32 "https://www.walbottlevi.com/wp-admin/admin-ajax.php?action=wordfence_testAjax" "WordPress/5.9.3; https://www.walbottlevi.com"
89.34.18.127 - - [21/Apr/2022:11:01:49 -0400] "GET /wp-admin/admin-ajax.php?action=wordfence_doScan&isFork=1&scanMode=custom&cronKey=3949b9c496afabfcc9691c25971826b3&signature=991bf29798a018bb33ed8c7d2617cb8296e4c2f4d9e5616c8e612188cd6507d6 HTTP/1.1" 200 0 "-" "WordPress/5.9.3; https://www.walbottlevi.com"
89.34.18.127 - - [21/Apr/2022:11:02:36 -0400] "GET /wp-admin/admin-ajax.php?action=wordfence_doScan&isFork=1&scanMode=custom&cronKey=6b6d7fe694912cf049738297c846db3b&signature=598caaaea0f0506c0d1362b5a429f8dd8bab83c2c13445821cc67c0923e102c5 HTTP/1.1" 200 0 "-" "WordPress/5.9.3; https://www.walbottlevi.com"
89.34.18.127 - - [21/Apr/2022:11:03:45 -0400] "GET /.user.ini HTTP/1.1" 403 1229 "https://www.walbottlevi.com/.user.ini" "WordPress/5.9.3; https://www.walbottlevi.com"
89.34.18.127 - - [21/Apr/2022:11:03:47 -0400] "POST /wp-admin/admin-ajax.php?action=wordfence_testAjax HTTP/1.1" 200 32 "https://www.walbottlevi.com/wp-admin/admin-ajax.php?action=wordfence_testAjax" "WordPress/5.9.3; https://www.walbottlevi.com"
89.34.18.127 - - [21/Apr/2022:11:03:48 -0400] "GET /wp-admin/admin-ajax.php?action=wordfence_doScan&isFork=1&scanMode=custom&cronKey=37c24da612e22d4caef699a78b6995a2&signature=5aea87afe6bf67c0f0842733e4fc40a90a5929955491663f7eea89f0a3a97379 HTTP/1.1" 200 0 "-" "WordPress/5.9.3; https://www.walbottlevi.com"
54.68.32.247 - - [21/Apr/2022:11:04:29 -0400] "POST /?rest_route=%2Fwordfence%2Fv1%2Fauthenticate HTTP/1.1" 200 132 "-" "Wordfence Central API v1.0"
2.58.28.32 - - [21/Apr/2022:11:09:47 -0400] "HEAD / HTTP/1.1" 200 0 "-" "-"
188.222.52.253 - - [21/Apr/2022:11:09:47 -0400] "GET /wp-content/uploads/2020/11/drone-shot.jpeg HTTP/1.1" 200 121849 "https://www.walbottlevi.com/facilities/" "Mozilla/5.0 (Windows NT 10.0; Win64; x64) AppleWebKit/537.36 (KHTML, like Gecko) Chrome/100.0.4896.127 Safari/537.36"
188.222.52.253 - - [21/Apr/2022:11:09:47 -0400] "GET /wp-content/uploads/2019/11/76647940_498759010723654_531067741168205824_n-1152x1536.jpg.webp HTTP/1.1" 200 71114 "https://www.walbottlevi.com/facilities/" "Mozilla/5.0 (Windows NT 10.0; Win64; x64) AppleWebKit/537.36 (KHTML, like Gecko) Chrome/100.0.4896.127 Safari/537.36"
188.222.52.253 - - [21/Apr/2022:11:09:48 -0400] "GET /news/ HTTP/1.1" 200 11605 "https://www.walbottlevi.com/facilities/" "Mozilla/5.0 (Windows NT 10.0; Win64; x64) AppleWebKit/537.36 (KHTML, like Gecko) Chrome/100.0.4896.127 Safari/537.36"
89.34.18.127 - - [21/Apr/2022:11:03:01 -0400] "GET /wp-admin/admin-ajax.php?action=wordfence_doScan&isFork=1&scanMode=custom&cronKey=037fc499f30bbae2cd43751260cee55c&signature=f9eda9698d4793b27be8bfce52f9f83b4a60ad4e8ed0094fc66552b0a5fa9817 HTTP/1.1" 200 0 "-" "WordPress/5.9.3; https://www.walbottlevi.com"
89.34.18.127 - - [21/Apr/2022:11:04:12 -0400] "POST /wp-admin/admin-ajax.php?action=wordfence_testAjax HTTP/1.1" 200 32 "https://www.walbottlevi.com/wp-admin/admin-ajax.php?action=wordfence_testAjax" "WordPress/5.9.3; https://www.walbottlevi.com"
54.68.32.247 - - [21/Apr/2022:11:04:30 -0400] "POST /?rest_route=%2Fwordfence%2Fv1%2Fauthenticate HTTP/1.1" 200 289 "-" "Wordfence Central API v1.0"
54.68.32.247 - - [21/Apr/2022:11:04:31 -0400] "POST /?rest_route=%2Fwordfence%2Fv1%2Fscan%2Fissues HTTP/1.1" 200 79 "-" "Wordfence Central API v1.0"
89.34.18.127 - - [21/Apr/2022:11:04:12 -0400] "GET /wp-admin/admin-ajax.php?action=wordfence_doScan&isFork=1&scanMode=custom&cronKey=3967fff062a8caa2b5664263641e9229&signature=179193419b08aa5ddd9b73b5513c3995f0d6eda81c0f78cffa2888f9812e6864 HTTP/1.1" 200 0 "-" "WordPress/5.9.3; https://www.walbottlevi.com"
188.222.52.253 - - [21/Apr/2022:11:07:07 -0400] "POST /wp-admin/admin-ajax.php HTTP/1.1" 200 15 "https://www.walbottlevi.com/contact/" "Mozilla/5.0 (Windows NT 10.0; Win64; x64) AppleWebKit/537.36 (KHTML, like Gecko) Chrome/100.0.4896.127 Safari/537.36"
188.222.52.253 - - [21/Apr/2022:11:09:46 -0400] "GET /facilities/ HTTP/1.1" 200 11843 "https://www.walbottlevi.com/" "Mozilla/5.0 (Windows NT 10.0; Win64; x64) AppleWebKit/537.36 (KHTML, like Gecko) Chrome/100.0.4896.127 Safari/537.36"
31.13.127.119 - - [21/Apr/2022:11:17:37 -0400] "GET /wp-content/uploads/2020/09/cropped-IMG_0477-scaled-2.jpg HTTP/1.1" 403 1229 "-" "facebookexternalhit/1.1 (+http://www.facebook.com/externalhit_uatext.php)"
3.109.156.201 - - [21/Apr/2022:11:33:42 -0400] "GET / HTTP/1.1" 200 12226 "-" "Mozilla/5.0 (Windows NT 10.0; Win64; x64) AppleWebKit/537.36 (KHTML, like Gecko) Chrome/92.0.4515.131 Safari/537.36"
89.34.18.127 - - [21/Apr/2022:12:01:05 -0400] "POST /wp-admin/admin-ajax.php?action=wordfence_testAjax HTTP/1.1" 200 32 "https://www.walbottlevi.com/wp-admin/admin-ajax.php?action=wordfence_testAjax" "WordPress/5.9.3; https://www.walbottlevi.com"
89.34.18.127 - - [21/Apr/2022:12:01:06 -0400] "GET /wp-admin/admin-ajax.php?action=wordfence_doScan&isFork=0&scanMode=quick&cronKey=09b43055bddd481e24c6b1ad6aa9129e&signature=817ea8dacdbc68189bb7c0d07da4dece55fb8ec940058b4457bad256e1d100a3 HTTP/1.1" 200 0 "-" "WordPress/5.9.3; https://www.walbottlevi.com"
54.68.32.247 - - [21/Apr/2022:12:01:08 -0400] "POST /?rest_route=%2Fwordfence%2Fv1%2Fauthenticate HTTP/1.1" 200 132 "-" "Wordfence Central API v1.0"
54.68.32.247 - - [21/Apr/2022:12:01:09 -0400] "POST /?rest_route=%2Fwordfence%2Fv1%2Fauthenticate HTTP/1.1" 200 289 "-" "Wordfence Central API v1.0"
54.68.32.247 - - [21/Apr/2022:12:01:44 -0400] "POST /?rest_route=%2Fwordfence%2Fv1%2Fconfig HTTP/1.1" 200 7043 "-" "Wordfence Central API v1.0"
54.68.32.247 - - [21/Apr/2022:12:01:10 -0400] "POST /?rest_route=%2Fwordfence%2Fv1%2Fscan%2Fissues HTTP/1.1" 200 79 "-" "Wordfence Central API v1.0"
54.68.32.247 - - [21/Apr/2022:12:01:42 -0400] "POST /?rest_route=%2Fwordfence%2Fv1%2Fauthenticate HTTP/1.1" 200 132 "-" "Wordfence Central API v1.0"
54.68.32.247 - - [21/Apr/2022:12:01:43 -0400] "POST /?rest_route=%2Fwordfence%2Fv1%2Fauthenticate HTTP/1.1" 200 289 "-" "Wordfence Central API v1.0"
40.77.167.106 - - [22/Apr/2022:12:52:09 +0100] "GET /robots.txt HTTP/2" 301 0 "-" "Mozilla/5.0 (compatible; bingbot/2.0; +http://www.bing.com/bingbot.htm)"
40.77.167.106 - - [22/Apr/2022:12:52:11 +0100] "GET /robots.txt HTTP/2" 301 0 "-" "Mozilla/5.0 (compatible; bingbot/2.0; +http://www.bing.com/bingbot.htm)"
157.55.39.55 - - [22/Apr/2022:12:52:13 +0100] "GET /news/fundraisingawarenessevent-sat281111am-2pm HTTP/2" 301 0 "-" "Mozilla/5.0 (compatible; bingbot/2.0; +http://www.bing.com/bingbot.htm)"
13.234.10.169 - - [22/Apr/2022:15:49:39 +0100] "GET / HTTP/1.1" 301 0 "-" "Mozilla/5.0 (Windows NT 10.0; Win64; x64; rv:90.0) Gecko/20100101 Firefox/90.0"
66.249.64.89 - - [22/Apr/2022:17:35:45 +0100] "GET /robots.txt HTTP/1.1" 301 0 "-" "Mozilla/5.0 (compatible; Googlebot/2.1; +http://www.google.com/bot.html)"
66.249.64.89 - - [22/Apr/2022:17:35:47 +0100] "GET / HTTP/1.1" 301 0 "-" "Mozilla/5.0 (Linux; Android 6.0.1; Nexus 5X Build/MMB29P) AppleWebKit/537.36 (KHTML, like Gecko) Chrome/100.0.4896.127 Mobile Safari/537.36 (compatible; Googlebot/2.1; +http://www.google.com/bot.html)"
86.138.179.120 - - [22/Apr/2022:17:50:29 +0100] "GET / HTTP/2" 301 0 "https://mercury-lon1.cloudhosting.uk:2087/" "Mozilla/5.0 (Windows NT 10.0; Win64; x64) AppleWebKit/537.36 (KHTML, like Gecko) Chrome/100.0.4896.127 Safari/537.36"
66.249.64.89 - - [22/Apr/2022:17:50:42 +0100] "GET / HTTP/1.1" 301 0 "-" "Mozilla/5.0 (compatible; Googlebot/2.1; +http://www.google.com/bot.html)"
34.209.23.154 - - [22/Apr/2022:21:34:17 +0100] "GET / HTTP/1.1" 301 0 "-" "Mozilla/5.0 (X11; Linux x86_64) AppleWebKit/537.36 (KHTML, like Gecko) Chrome/83.0.4103.97 Safari/537.36"
34.208.141.216 - - [22/Apr/2022:21:34:21 +0100] "GET / HTTP/1.1" 301 0 "-" "Mozilla/5.0 (X11; Linux x86_64) AppleWebKit/537.36 (KHTML, like Gecko) Chrome/83.0.4103.97 Safari/537.36"
35.88.103.105 - - [22/Apr/2022:21:34:43 +0100] "GET /favicon.ico HTTP/1.1" 404 1238 "-" "Mozilla/5.0 (X11; Linux x86_64) AppleWebKit/537.36 (KHTML, like Gecko) Chrome/83.0.4103.97 Safari/537.36"
35.88.103.105 - - [22/Apr/2022:21:34:45 +0100] "GET / HTTP/1.1" 301 0 "-" "Mozilla/5.0 (X11; Linux x86_64) AppleWebKit/537.36 (KHTML, like Gecko) Chrome/83.0.4103.97 Safari/537.36"
207.241.235.134 - - [22/Apr/2022:23:06:54 +0100] "GET / HTTP/1.1" 301 0 "-" "Mozilla/5.0 (Windows NT 10.0; Win64; x64) AppleWebKit/605.1.15 (KHTML, like Gecko) Chrome/89.0.4389.82 Safari/605.1.15"
207.241.225.157 - - [22/Apr/2022:23:07:04 +0100] "GET / HTTP/1.1" 301 0 "-" "Mozilla/5.0 (Windows NT 10.0; Win64; x64) AppleWebKit/605.1.15 (KHTML, like Gecko) Chrome/89.0.4389.82 Safari/605.1.15"
45.129.18.21 - - [23/Apr/2022:02:55:19 +0100] "HEAD / HTTP/1.1" 301 0 "http://walbottlevi.com" "Mozilla/5.0 (Macintosh; Intel Mac OS X 10_9_3) AppleWebKit/537.36 (KHTML, like Gecko) Chrome/35.0.1916.47 Safari/537.36"
66.249.64.87 - - [23/Apr/2022:03:21:49 +0100] "GET / HTTP/1.1" 301 0 "-" "Mozilla/5.0 (Linux; Android 6.0.1; Nexus 5X Build/MMB29P) AppleWebKit/537.36 (KHTML, like Gecko) Chrome/100.0.4896.127 Mobile Safari/537.36 (compatible; Googlebot/2.1; +http://www.google.com/bot.html)"
90.217.117.181 - - [23/Apr/2022:03:55:22 +0100] "GET /.well-known/assetlinks.json HTTP/1.1" 301 0 "-" "Mozilla/5.0 (Macintosh; Intel Mac OS X 10_11_6) AppleWebKit/537.36 (KHTML, like Gecko) Chrome/53.0.2785.143 Safari/537.36"
114.119.146.198 - - [23/Apr/2022:04:54:03 +0100] "GET /robots.txt HTTP/1.1" 301 0 "-" "Mozilla/5.0 (compatible;PetalBot;+https://webmaster.petalsearch.com/site/petalbot)"
66.249.64.87 - - [23/Apr/2022:05:37:28 +0100] "GET / HTTP/1.1" 301 0 "-" "Mozilla/5.0 (compatible; Googlebot/2.1; +http://www.google.com/bot.html)"
54.191.137.17 - - [23/Apr/2022:14:37:46 +0100] "GET / HTTP/2" 301 0 "-" "Mozilla/5.0 (X11; Linux x86_64) AppleWebKit/537.36 (KHTML, like Gecko) HeadlessChrome/60.0.3112.101 Safari/537.36"
176.53.218.98 - - [23/Apr/2022:15:26:37 +0100] "GET / HTTP/1.1" 301 0 "-" "Mozilla/5.0 (Windows NT 10.0; Win64; x64) AppleWebKit/537.36 (KHTML, like Gecko) Chrome/94.0.4606.61 Safari/537.36"
176.53.218.98 - - [23/Apr/2022:15:26:39 +0100] "GET /favicon.ico HTTP/1.1" 404 1238 "-" "Mozilla/5.0 (Windows NT 10.0; Win64; x64) AppleWebKit/537.36 (KHTML, like Gecko) Chrome/94.0.4606.61 Safari/537.36"
35.86.102.55 - - [23/Apr/2022:21:01:10 +0100] "GET / HTTP/1.1" 301 0 "-" "Mozilla/5.0 (Windows NT 10.0; Win64; x64)AppleWebKit/537.36 (KHTML, like Gecko) Chrome/66.0.3359.181 Safari/537.36"
54.202.164.155 - - [23/Apr/2022:21:01:15 +0100] "GET / HTTP/2" 301 0 "-" "Mozilla/5.0 (X11; Linux x86_64) AppleWebKit/537.36 (KHTML, like Gecko) HeadlessChrome/68.0.3440.106 Safari/537.36"
51.15.251.17 - - [23/Apr/2022:22:18:58 +0100] "GET / HTTP/1.1" 301 0 "-" "Mozilla/5.0 (Windows NT 10.0; Win64; x64) AppleWebKit/537.36 (KHTML, like Gecko) Chrome/67.0.3396.87 Safari/537.36"
176.53.222.67 - - [23/Apr/2022:23:22:00 +0100] "GET / HTTP/1.1" 301 0 "-" "Mozilla/5.0 (Windows NT 10.0; Win64; x64) AppleWebKit/537.36 (KHTML, like Gecko) Chrome/94.0.4606.61 Safari/537.36"
176.53.222.67 - - [23/Apr/2022:23:22:01 +0100] "GET /favicon.ico HTTP/1.1" 404 1238 "-" "Mozilla/5.0 (Windows NT 10.0; Win64; x64) AppleWebKit/537.36 (KHTML, like Gecko) Chrome/94.0.4606.61 Safari/537.36"
176.113.42.240 - - [23/Apr/2022:23:58:21 +0100] "GET / HTTP/1.1" 301 0 "-" "Mozilla/5.0 (Windows NT 10.0; Win64; x64) AppleWebKit/537.36 (KHTML, like Gecko) Chrome/94.0.4606.61 Safari/537.36"
176.113.42.240 - - [23/Apr/2022:23:58:22 +0100] "GET /favicon.ico HTTP/1.1" 404 1238 "-" "Mozilla/5.0 (Windows NT 10.0; Win64; x64) AppleWebKit/537.36 (KHTML, like Gecko) Chrome/94.0.4606.61 Safari/537.36"
54.191.137.17 - - [24/Apr/2022:00:13:18 +0100] "POST /wp-load.php?mwprid=6264880de3cab7.87962427 HTTP/1.1" 200 10311 "https://walbottlevi.com/" "Mozilla/5.0 (Windows NT 10.0; Win64; x64) AppleWebKit/537.36 (KHTML, like Gecko) Chrome/62.0.3202.94 Safari/537.36"
54.191.137.17 - - [24/Apr/2022:00:13:25 +0100] "POST /wp-load.php?mwprid=626488156e1ee1.74357240 HTTP/1.1" 200 689 "https://walbottlevi.com/" "Mozilla/5.0 (Windows NT 10.0; Win64; x64) AppleWebKit/537.36 (KHTML, like Gecko) Chrome/62.0.3202.94 Safari/537.36"
54.191.137.17 - - [24/Apr/2022:00:13:27 +0100] "POST /wp-load.php?mwprid=626488164f58f6.92791836 HTTP/1.1" 200 689 "https://walbottlevi.com/" "Mozilla/5.0 (Windows NT 10.0; Win64; x64) AppleWebKit/537.36 (KHTML, like Gecko) Chrome/62.0.3202.94 Safari/537.36"
90.217.117.181 - - [24/Apr/2022:02:44:50 +0100] "GET /.well-known/assetlinks.json HTTP/1.1" 301 0 "-" "Mozilla/5.0 (Macintosh; Intel Mac OS X 10_11_6) AppleWebKit/537.36 (KHTML, like Gecko) Chrome/53.0.2785.143 Safari/537.36"
64.13.254.186 - - [24/Apr/2022:04:10:37 +0100] "GET / HTTP/1.1" 301 0 "-" "Mozilla/5.0 (Windows NT 10.0; Win64; x64) AppleWebKit/537.36 (KHTML, like Gecko) Chrome/85.0.4183.121 Safari/537.36"
176.53.221.140 - - [24/Apr/2022:07:05:26 +0100] "GET / HTTP/1.1" 301 0 "-" "Mozilla/5.0 (Windows NT 10.0; Win64; x64) AppleWebKit/537.36 (KHTML, like Gecko) Chrome/94.0.4606.61 Safari/537.36"
176.53.221.140 - - [24/Apr/2022:07:05:27 +0100] "GET /favicon.ico HTTP/1.1" 404 1238 "-" "Mozilla/5.0 (Windows NT 10.0; Win64; x64) AppleWebKit/537.36 (KHTML, like Gecko) Chrome/94.0.4606.61 Safari/537.36"
54.191.137.17 - - [24/Apr/2022:07:29:35 +0100] "POST /wp-load.php?mwprid=6264ee4ef227e8.72868771 HTTP/1.1" 200 10310 "https://walbottlevi.com/" "Mozilla/5.0 (Windows NT 10.0; Win64; x64) AppleWebKit/537.36 (KHTML, like Gecko) Chrome/62.0.3202.94 Safari/537.36"
185.199.220.52 - - [24/Apr/2022:08:00:12 +0100] "HEAD / HTTP/2" 301 0 "-" "-"
185.199.220.52 - - [24/Apr/2022:08:00:13 +0100] "HEAD / HTTP/2" 301 0 "-" "-"
66.249.66.37 - - [24/Apr/2022:08:29:07 +0100] "GET /robots.txt HTTP/1.1" 301 0 "-" "Mozilla/5.0 (compatible; Googlebot/2.1; +http://www.google.com/bot.html)"
66.249.66.37 - - [24/Apr/2022:08:29:11 +0100] "GET / HTTP/1.1" 301 0 "-" "Mozilla/5.0 (Linux; Android 6.0.1; Nexus 5X Build/MMB29P) AppleWebKit/537.36 (KHTML, like Gecko) Chrome/100.0.4896.127 Mobile Safari/537.36 (compatible; Googlebot/2.1; +http://www.google.com/bot.html)"
66.249.66.34 - - [24/Apr/2022:09:14:46 +0100] "GET / HTTP/1.1" 301 0 "-" "Mozilla/5.0 (compatible; Googlebot/2.1; +http://www.google.com/bot.html)"
103.153.182.151 - - [24/Apr/2022:11:42:36 +0100] "GET /.env HTTP/1.1" 401 52 "-" "Mozilla/5.0 (X11; Linux x86_64) AppleWebKit/537.36 (KHTML, like Gecko) Chrome/81.0.4044.129 Safari/537.36"
103.153.182.151 - - [24/Apr/2022:11:42:37 +0100] "GET /vendor/.env HTTP/1.1" 401 52 "-" "Mozilla/5.0 (X11; Linux x86_64) AppleWebKit/537.36 (KHTML, like Gecko) Chrome/81.0.4044.129 Safari/537.36"
103.153.182.151 - - [24/Apr/2022:11:42:38 +0100] "GET /storage/.env HTTP/1.1" 401 52 "-" "Mozilla/5.0 (X11; Linux x86_64) AppleWebKit/537.36 (KHTML, like Gecko) Chrome/81.0.4044.129 Safari/537.36"
103.153.182.151 - - [24/Apr/2022:11:42:39 +0100] "GET /public/.env HTTP/1.1" 401 52 "-" "Mozilla/5.0 (X11; Linux x86_64) AppleWebKit/537.36 (KHTML, like Gecko) Chrome/81.0.4044.129 Safari/537.36"
103.153.182.151 - - [24/Apr/2022:11:42:41 +0100] "POST / HTTP/1.1" 401 52 "-" "Mozilla/5.0 (X11; Linux x86_64) AppleWebKit/537.36 (KHTML, like Gecko) Chrome/81.0.4044.129 Safari/537.36"
103.153.182.151 - - [24/Apr/2022:11:42:45 +0100] "GET /.env HTTP/1.1" 301 0 "-" "Mozilla/5.0 (X11; Linux x86_64) AppleWebKit/537.36 (KHTML, like Gecko) Chrome/81.0.4044.129 Safari/537.36"
103.153.182.151 - - [24/Apr/2022:11:42:47 +0100] "GET /vendor/.env HTTP/1.1" 301 0 "-" "Mozilla/5.0 (X11; Linux x86_64) AppleWebKit/537.36 (KHTML, like Gecko) Chrome/81.0.4044.129 Safari/537.36"
103.153.182.151 - - [24/Apr/2022:11:42:48 +0100] "GET /.env HTTP/1.1" 401 52 "-" "Mozilla/5.0 (X11; Linux x86_64) AppleWebKit/537.36 (KHTML, like Gecko) Chrome/81.0.4044.129 Safari/537.36"
103.153.182.151 - - [24/Apr/2022:11:42:49 +0100] "GET /storage/.env HTTP/1.1" 301 0 "-" "Mozilla/5.0 (X11; Linux x86_64) AppleWebKit/537.36 (KHTML, like Gecko) Chrome/81.0.4044.129 Safari/537.36"
103.153.182.151 - - [24/Apr/2022:11:42:49 +0100] "GET /vendor/.env HTTP/1.1" 401 52 "-" "Mozilla/5.0 (X11; Linux x86_64) AppleWebKit/537.36 (KHTML, like Gecko) Chrome/81.0.4044.129 Safari/537.36"
103.153.182.151 - - [24/Apr/2022:11:42:51 +0100] "GET /storage/.env HTTP/1.1" 401 52 "-" "Mozilla/5.0 (X11; Linux x86_64) AppleWebKit/537.36 (KHTML, like Gecko) Chrome/81.0.4044.129 Safari/537.36"
103.153.182.151 - - [24/Apr/2022:11:42:50 +0100] "GET /public/.env HTTP/1.1" 301 0 "-" "Mozilla/5.0 (X11; Linux x86_64) AppleWebKit/537.36 (KHTML, like Gecko) Chrome/81.0.4044.129 Safari/537.36"
103.153.182.151 - - [24/Apr/2022:11:42:52 +0100] "GET /public/.env HTTP/1.1" 401 52 "-" "Mozilla/5.0 (X11; Linux x86_64) AppleWebKit/537.36 (KHTML, like Gecko) Chrome/81.0.4044.129 Safari/537.36"
103.153.182.151 - - [24/Apr/2022:11:42:52 +0100] "GET /.env HTTP/1.1" 200 12208 "-" "Mozilla/5.0 (X11; Linux x86_64) AppleWebKit/537.36 (KHTML, like Gecko) Chrome/81.0.4044.129 Safari/537.36"
103.153.182.151 - - [24/Apr/2022:11:42:52 +0100] "POST / HTTP/1.1" 200 11907 "-" "Mozilla/5.0 (X11; Linux x86_64) AppleWebKit/537.36 (KHTML, like Gecko) Chrome/81.0.4044.129 Safari/537.36"
103.153.182.151 - - [24/Apr/2022:11:42:53 +0100] "POST / HTTP/1.1" 401 52 "-" "Mozilla/5.0 (X11; Linux x86_64) AppleWebKit/537.36 (KHTML, like Gecko) Chrome/81.0.4044.129 Safari/537.36"
103.153.182.151 - - [24/Apr/2022:11:42:54 +0100] "GET /vendor/.env HTTP/1.1" 200 12214 "-" "Mozilla/5.0 (X11; Linux x86_64) AppleWebKit/537.36 (KHTML, like Gecko) Chrome/81.0.4044.129 Safari/537.36"
103.153.182.151 - - [24/Apr/2022:11:42:55 +0100] "GET /storage/.env HTTP/1.1" 200 12217 "-" "Mozilla/5.0 (X11; Linux x86_64) AppleWebKit/537.36 (KHTML, like Gecko) Chrome/81.0.4044.129 Safari/537.36"
103.153.182.151 - - [24/Apr/2022:11:42:57 +0100] "GET /public/.env HTTP/1.1" 200 12221 "-" "Mozilla/5.0 (X11; Linux x86_64) AppleWebKit/537.36 (KHTML, like Gecko) Chrome/81.0.4044.129 Safari/537.36"
103.153.182.151 - - [24/Apr/2022:11:43:00 +0100] "POST / HTTP/1.1" 200 12204 "-" "Mozilla/5.0 (X11; Linux x86_64) AppleWebKit/537.36 (KHTML, like Gecko) Chrome/81.0.4044.129 Safari/537.36"
192.29.97.49 - - [24/Apr/2022:13:01:08 +0100] "HEAD /robots.txt HTTP/1.1" 301 0 "http://walbottlevi.com/robots.txt" "DF Bot 1.0"
192.29.97.49 - - [24/Apr/2022:13:01:10 +0100] "GET /robots.txt HTTP/1.1" 301 0 "http://walbottlevi.com/robots.txt" "DF Bot 1.0"
192.29.97.49 - - [24/Apr/2022:13:01:13 +0100] "GET / HTTP/1.1" 301 0 "http://walbottlevi.com/" "DF Bot 1.0"
179.43.191.250 - - [24/Apr/2022:13:20:02 +0100] "GET /.git/HEAD HTTP/2" 401 35 "-" "Mozilla/5.0 (X11; Linux x86_64) AppleWebKit/537.36 (KHTML, like Gecko) Chrome/71.0.3578.98 Safari/537.36"
54.191.137.17 - - [24/Apr/2022:13:51:16 +0100] "POST /wp-load.php?mwprid=626547c48242d6.70414826 HTTP/1.1" 200 10311 "https://walbottlevi.com/" "Mozilla/5.0 (Windows NT 10.0; Win64; x64) AppleWebKit/537.36 (KHTML, like Gecko) Chrome/62.0.3202.94 Safari/537.36"
54.191.137.17 - - [24/Apr/2022:13:51:22 +0100] "POST /wp-load.php?mwprid=626547ca7a04b7.77706627 HTTP/1.1" 200 693 "https://walbottlevi.com/" "Mozilla/5.0 (Windows NT 10.0; Win64; x64) AppleWebKit/537.36 (KHTML, like Gecko) Chrome/62.0.3202.94 Safari/537.36"
54.191.137.17 - - [24/Apr/2022:13:52:05 +0100] "POST /wp-load.php?mwprid=626547f5bb58b9.67248729 HTTP/1.1" 200 690 "https://walbottlevi.com/" "Mozilla/5.0 (Windows NT 10.0; Win64; x64) AppleWebKit/537.36 (KHTML, like Gecko) Chrome/62.0.3202.94 Safari/537.36"
54.191.137.17 - - [24/Apr/2022:13:57:03 +0100] "POST /wp-load.php?mwprid=6265491f531ef4.08764092 HTTP/1.1" 200 10311 "https://walbottlevi.com/" "Mozilla/5.0 (Windows NT 10.0; Win64; x64) AppleWebKit/537.36 (KHTML, like Gecko) Chrome/62.0.3202.94 Safari/537.36"
54.191.137.17 - - [24/Apr/2022:13:57:08 +0100] "POST /wp-load.php?mwprid=62654923554264.49204941 HTTP/1.1" 200 693 "https://walbottlevi.com/" "Mozilla/5.0 (Windows NT 10.0; Win64; x64) AppleWebKit/537.36 (KHTML, like Gecko) Chrome/62.0.3202.94 Safari/537.36"
54.191.137.17 - - [24/Apr/2022:13:57:09 +0100] "POST /wp-load.php?mwprid=62654923d8f025.03895235 HTTP/1.1" 200 688 "https://walbottlevi.com/" "Mozilla/5.0 (Windows NT 10.0; Win64; x64) AppleWebKit/537.36 (KHTML, like Gecko) Chrome/62.0.3202.94 Safari/537.36"
54.191.137.17 - - [24/Apr/2022:14:00:47 +0100] "POST /wp-load.php?mwprid=626549ff0239c8.79363288 HTTP/1.1" 200 10311 "https://walbottlevi.com/" "Mozilla/5.0 (Windows NT 10.0; Win64; x64) AppleWebKit/537.36 (KHTML, like Gecko) Chrome/62.0.3202.94 Safari/537.36"
54.191.137.17 - - [24/Apr/2022:14:00:51 +0100] "POST /wp-load.php?mwprid=62654a03de60f3.01229052 HTTP/1.1" 200 690 "https://walbottlevi.com/" "Mozilla/5.0 (Windows NT 10.0; Win64; x64) AppleWebKit/537.36 (KHTML, like Gecko) Chrome/62.0.3202.94 Safari/537.36"
54.191.137.17 - - [24/Apr/2022:14:00:54 +0100] "POST /wp-load.php?mwprid=62654a04bad816.13786781 HTTP/1.1" 200 691 "https://walbottlevi.com/" "Mozilla/5.0 (Windows NT 10.0; Win64; x64) AppleWebKit/537.36 (KHTML, like Gecko) Chrome/62.0.3202.94 Safari/537.36"
54.191.137.17 - - [24/Apr/2022:14:01:55 +0100] "POST /wp-load.php?mwprid=62654a42f39904.83430763 HTTP/1.1" 200 10311 "https://walbottlevi.com/" "Mozilla/5.0 (Windows NT 10.0; Win64; x64) AppleWebKit/537.36 (KHTML, like Gecko) Chrome/62.0.3202.94 Safari/537.36"
54.191.137.17 - - [24/Apr/2022:14:02:00 +0100] "POST /wp-load.php?mwprid=62654a48a097a2.41557333 HTTP/1.1" 200 689 "https://walbottlevi.com/" "Mozilla/5.0 (Windows NT 10.0; Win64; x64) AppleWebKit/537.36 (KHTML, like Gecko) Chrome/62.0.3202.94 Safari/537.36"
54.191.137.17 - - [24/Apr/2022:14:02:03 +0100] "POST /wp-load.php?mwprid=62654a49475c51.81441093 HTTP/1.1" 200 695 "https://walbottlevi.com/" "Mozilla/5.0 (Windows NT 10.0; Win64; x64) AppleWebKit/537.36 (KHTML, like Gecko) Chrome/62.0.3202.94 Safari/537.36"
54.191.137.17 - - [24/Apr/2022:14:02:49 +0100] "POST /wp-load.php?mwprid=62654a79637658.98507758 HTTP/1.1" 200 692 "https://walbottlevi.com/" "Mozilla/5.0 (Windows NT 10.0; Win64; x64) AppleWebKit/537.36 (KHTML, like Gecko) Chrome/62.0.3202.94 Safari/537.36"
54.191.137.17 - - [24/Apr/2022:14:02:59 +0100] "POST /wp-load.php?mwprid=62654a83aa6530.64268241 HTTP/1.1" 200 10311 "https://walbottlevi.com/" "Mozilla/5.0 (Windows NT 10.0; Win64; x64) AppleWebKit/537.36 (KHTML, like Gecko) Chrome/62.0.3202.94 Safari/537.36"
54.191.137.17 - - [24/Apr/2022:14:03:05 +0100] "POST /wp-load.php?mwprid=62654a88b0b2b2.50795473 HTTP/1.1" 200 692 "https://walbottlevi.com/" "Mozilla/5.0 (Windows NT 10.0; Win64; x64) AppleWebKit/537.36 (KHTML, like Gecko) Chrome/62.0.3202.94 Safari/537.36"
54.191.137.17 - - [24/Apr/2022:14:03:08 +0100] "POST /wp-load.php?mwprid=62654a8984e8f3.38017093 HTTP/1.1" 200 692 "https://walbottlevi.com/" "Mozilla/5.0 (Windows NT 10.0; Win64; x64) AppleWebKit/537.36 (KHTML, like Gecko) Chrome/62.0.3202.94 Safari/537.36"
31.13.103.119 - - [24/Apr/2022:14:08:34 +0100] "GET / HTTP/1.1" 301 0 "-" "facebookexternalhit/1.1 (+http://www.facebook.com/externalhit_uatext.php)"
31.13.103.10 - - [24/Apr/2022:14:08:35 +0100] "GET / HTTP/1.1" 301 0 "-" "facebookexternalhit/1.1 (+http://www.facebook.com/externalhit_uatext.php)"
65.108.126.123 - - [24/Apr/2022:14:42:57 +0100] "GET /sites/default/files/ HTTP/1.1" 301 0 "binance.com" "Mozilla/5.0 (Windows NT 10.0; Win64; x64) AppleWebKit/537.36 (KHTML, like Gecko) Chrome/90.0.4430.85 Safari/537.36"
45.90.60.239 - - [24/Apr/2022:15:19:13 +0100] "GET / HTTP/1.1" 301 0 "-" "Mozilla/5.0 (Windows NT 10.0; Win64; x64) AppleWebKit/537.36 (KHTML, like Gecko) Chrome/94.0.4606.61 Safari/537.36"
45.90.60.239 - - [24/Apr/2022:15:19:15 +0100] "GET /favicon.ico HTTP/1.1" 404 1238 "-" "Mozilla/5.0 (Windows NT 10.0; Win64; x64) AppleWebKit/537.36 (KHTML, like Gecko) Chrome/94.0.4606.61 Safari/537.36"
114.119.140.178 - - [24/Apr/2022:15:30:23 +0100] "GET /robots.txt HTTP/1.1" 301 0 "-" "Mozilla/5.0 (compatible;PetalBot;+https://webmaster.petalsearch.com/site/petalbot)"
2.56.56.203 - - [24/Apr/2022:16:58:34 +0100] "GET /vendor/phpunit/phpunit/src/Util/PHP/eval-stdin.php HTTP/1.1" 301 0 "-" "python-requests/2.27.1"
54.191.137.17 - - [24/Apr/2022:16:58:50 +0100] "POST /wp-load.php?mwprid=626573babaad75.06130400 HTTP/1.1" 200 10311 "https://walbottlevi.com/" "Mozilla/5.0 (Windows NT 10.0; Win64; x64) AppleWebKit/537.36 (KHTML, like Gecko) Chrome/62.0.3202.94 Safari/537.36"
2.56.56.203 - - [24/Apr/2022:16:58:53 +0100] "GET /sites/all/libraries/mailchimp/vendor/phpunit/phpunit/src/Util/PHP/eval-stdin.php HTTP/1.1" 301 0 "-" "python-requests/2.27.1"
54.191.137.17 - - [24/Apr/2022:16:58:57 +0100] "POST /wp-load.php?mwprid=626573c2317d42.07914338 HTTP/1.1" 200 691 "https://walbottlevi.com/" "Mozilla/5.0 (Windows NT 10.0; Win64; x64) AppleWebKit/537.36 (KHTML, like Gecko) Chrome/62.0.3202.94 Safari/537.36"
54.191.137.17 - - [24/Apr/2022:16:59:02 +0100] "POST /wp-load.php?mwprid=626573c2d73db0.26529552 HTTP/1.1" 200 690 "https://walbottlevi.com/" "Mozilla/5.0 (Windows NT 10.0; Win64; x64) AppleWebKit/537.36 (KHTML, like Gecko) Chrome/62.0.3202.94 Safari/537.36"
54.191.137.17 - - [24/Apr/2022:16:59:03 +0100] "GET / HTTP/2" 301 0 "-" "Mozilla/5.0 (X11; Linux x86_64) AppleWebKit/537.36 (KHTML, like Gecko) HeadlessChrome/60.0.3112.101 Safari/537.36"
51.222.253.16 - - [24/Apr/2022:17:04:43 +0100] "GET /robots.txt HTTP/2" 301 0 "-" "Mozilla/5.0 (compatible; AhrefsBot/7.0; +http://ahrefs.com/robot/)"
51.222.253.9 - - [24/Apr/2022:17:04:45 +0100] "GET / HTTP/2" 301 0 "-" "Mozilla/5.0 (compatible; AhrefsBot/7.0; +http://ahrefs.com/robot/)"
51.222.253.12 - - [24/Apr/2022:17:39:40 +0100] "GET /robots.txt HTTP/2" 301 0 "-" "Mozilla/5.0 (compatible; AhrefsBot/7.0; +http://ahrefs.com/robot/)"
103.195.239.223 - - [24/Apr/2022:18:38:08 +0100] "GET / HTTP/1.1" 301 0 "-" "python-requests/2.27.1"
54.202.239.115 - - [24/Apr/2022:18:40:23 +0100] "GET / HTTP/1.1" 301 0 "-" "Mozilla/5.0 (Macintosh; Intel Mac OS X 10_8_3) AppleWebKit/537.31 (KHTML, like Gecko) Chrome/26.0.1410.65 Safari/537.31"
141.8.142.80 - - [24/Apr/2022:19:18:50 +0100] "GET /robots.txt HTTP/1.1" 301 0 "-" "Mozilla/5.0 (compatible; YandexBot/3.0; +http://yandex.com/bots)"
141.8.142.80 - - [24/Apr/2022:19:18:54 +0100] "GET / HTTP/1.1" 301 0 "-" "Mozilla/5.0 (compatible; YandexBot/3.0; +http://yandex.com/bots)"
87.250.224.78 - - [24/Apr/2022:19:20:54 +0100] "GET / HTTP/1.1" 301 0 "-" "Mozilla/5.0 (compatible; YandexBot/3.0; +http://yandex.com/bots)"
72.55.136.154 - - [24/Apr/2022:19:56:37 +0100] "GET / HTTP/2" 401 35 "-" "Mozilla/5.0 (Windows NT 10.0; Win64; x64) AppleWebKit/537.36 (KHTML, like Gecko) Chrome/100.0.4896.88 Safari/537.36"
144.91.106.14 - - [24/Apr/2022:21:15:55 +0100] "GET / HTTP/1.1" 301 0 "http://mail.walbottlevi.com" "Mozilla/5.0 (X11; Linux x86_64) AppleWebKit/537.36 (KHTML, like Gecko) Chrome/89.0.4389.82 Safari/537.36"
144.91.106.14 - - [24/Apr/2022:21:15:56 +0100] "GET / HTTP/1.1" 301 0 "-" "Mozilla/5.0 (X11; Linux x86_64) AppleWebKit/537.36 (KHTML, like Gecko) Chrome/89.0.4389.82 Safari/537.36"
18.236.166.249 - - [24/Apr/2022:21:20:22 +0100] "GET / HTTP/1.1" 301 0 "-" "Mozilla/5.0 (Windows NT 10.0; Win64; x64)AppleWebKit/537.36 (KHTML, like Gecko) Chrome/66.0.3359.181 Safari/537.36"
42.83.147.34 - - [24/Apr/2022:21:20:22 +0100] "GET / HTTP/1.1" 301 0 "-" "Mozilla/5.0 (Windows NT 6.1; Win64; x64) AppleWebKit/537.36 (KHTML, like Gecko)Chrome/74.0.3729.169 Safari/537.36"
54.70.71.79 - - [24/Apr/2022:21:26:08 +0100] "GET / HTTP/1.1" 301 0 "-" "Mozilla/5.0 (X11; Linux x86_64) AppleWebKit/537.36 (KHTML, like Gecko) Chrome/83.0.4103.97 Safari/537.36"
54.202.53.65 - - [24/Apr/2022:21:26:44 +0100] "GET /favicon.ico HTTP/1.1" 404 1238 "-" "Mozilla/5.0 (X11; Linux x86_64) AppleWebKit/537.36 (KHTML, like Gecko) Chrome/83.0.4103.97 Safari/537.36"
54.202.53.65 - - [24/Apr/2022:21:26:48 +0100] "GET / HTTP/1.1" 301 0 "-" "Mozilla/5.0 (X11; Linux x86_64) AppleWebKit/537.36 (KHTML, like Gecko) Chrome/83.0.4103.97 Safari/537.36"
34.216.26.89 - - [24/Apr/2022:21:35:09 +0100] "GET / HTTP/1.1" 301 0 "-" "Mozilla/5.0 (X11; Linux x86_64) AppleWebKit/537.36 (KHTML, like Gecko) Chrome/83.0.4103.97 Safari/537.36"
176.53.216.81 - - [24/Apr/2022:22:19:58 +0100] "GET / HTTP/1.1" 301 0 "-" "Mozilla/5.0 (Windows NT 10.0; Win64; x64) AppleWebKit/537.36 (KHTML, like Gecko) Chrome/94.0.4606.61 Safari/537.36"
176.53.216.81 - - [24/Apr/2022:22:19:59 +0100] "GET /favicon.ico HTTP/1.1" 404 1238 "-" "Mozilla/5.0 (Windows NT 10.0; Win64; x64) AppleWebKit/537.36 (KHTML, like Gecko) Chrome/94.0.4606.61 Safari/537.36"
176.53.223.29 - - [24/Apr/2022:23:16:58 +0100] "GET / HTTP/1.1" 301 0 "-" "Mozilla/5.0 (Windows NT 10.0; Win64; x64) AppleWebKit/537.36 (KHTML, like Gecko) Chrome/94.0.4606.61 Safari/537.36"
176.53.223.29 - - [24/Apr/2022:23:17:00 +0100] "GET /favicon.ico HTTP/1.1" 404 1238 "-" "Mozilla/5.0 (Windows NT 10.0; Win64; x64) AppleWebKit/537.36 (KHTML, like Gecko) Chrome/94.0.4606.61 Safari/537.36"
44.200.48.185 - - [25/Apr/2022:00:00:21 +0100] "GET /_profiler/phpinfo HTTP/1.1" 401 52 "-" "Mozlila/5.0 (Linux; Android 7.0; SM-G892A Bulid/NRD90M; wv) AppleWebKit/537.36 (KHTML, like Gecko) Version/4.0 Chrome/60.0.3112.107 Mobile Safari/537.36"
44.200.48.185 - - [25/Apr/2022:00:00:23 +0100] "GET /phpinfo.php HTTP/1.1" 401 52 "-" "Mozlila/5.0 (Linux; Android 7.0; SM-G892A Bulid/NRD90M; wv) AppleWebKit/537.36 (KHTML, like Gecko) Version/4.0 Chrome/60.0.3112.107 Mobile Safari/537.36"
44.200.48.185 - - [25/Apr/2022:00:00:25 +0100] "GET /phpinfo HTTP/1.1" 401 52 "-" "Mozlila/5.0 (Linux; Android 7.0; SM-G892A Bulid/NRD90M; wv) AppleWebKit/537.36 (KHTML, like Gecko) Version/4.0 Chrome/60.0.3112.107 Mobile Safari/537.36"
44.200.48.185 - - [25/Apr/2022:00:00:26 +0100] "GET /aws.yml HTTP/1.1" 401 52 "-" "Mozlila/5.0 (Linux; Android 7.0; SM-G892A Bulid/NRD90M; wv) AppleWebKit/537.36 (KHTML, like Gecko) Version/4.0 Chrome/60.0.3112.107 Mobile Safari/537.36"
44.200.48.185 - - [25/Apr/2022:00:00:29 +0100] "GET /.env HTTP/1.1" 401 52 "-" "Mozlila/5.0 (Linux; Android 7.0; SM-G892A Bulid/NRD90M; wv) AppleWebKit/537.36 (KHTML, like Gecko) Version/4.0 Chrome/60.0.3112.107 Mobile Safari/537.36"
44.200.48.185 - - [25/Apr/2022:00:00:30 +0100] "GET /.env.bak HTTP/1.1" 401 52 "-" "Mozlila/5.0 (Linux; Android 7.0; SM-G892A Bulid/NRD90M; wv) AppleWebKit/537.36 (KHTML, like Gecko) Version/4.0 Chrome/60.0.3112.107 Mobile Safari/537.36"
44.200.48.185 - - [25/Apr/2022:00:00:32 +0100] "GET /info.php HTTP/1.1" 401 52 "-" "Mozlila/5.0 (Linux; Android 7.0; SM-G892A Bulid/NRD90M; wv) AppleWebKit/537.36 (KHTML, like Gecko) Version/4.0 Chrome/60.0.3112.107 Mobile Safari/537.36"
44.200.48.185 - - [25/Apr/2022:00:00:34 +0100] "GET /laravel/.env HTTP/1.1" 401 52 "-" "Mozlila/5.0 (Linux; Android 7.0; SM-G892A Bulid/NRD90M; wv) AppleWebKit/537.36 (KHTML, like Gecko) Version/4.0 Chrome/60.0.3112.107 Mobile Safari/537.36"
44.200.48.185 - - [25/Apr/2022:00:00:36 +0100] "GET /local/.env HTTP/1.1" 401 52 "-" "Mozlila/5.0 (Linux; Android 7.0; SM-G892A Bulid/NRD90M; wv) AppleWebKit/537.36 (KHTML, like Gecko) Version/4.0 Chrome/60.0.3112.107 Mobile Safari/537.36"
44.200.48.185 - - [25/Apr/2022:00:00:38 +0100] "GET /cgi-bin/.env HTTP/1.1" 401 52 "-" "Mozlila/5.0 (Linux; Android 7.0; SM-G892A Bulid/NRD90M; wv) AppleWebKit/537.36 (KHTML, like Gecko) Version/4.0 Chrome/60.0.3112.107 Mobile Safari/537.36"
44.200.48.185 - - [25/Apr/2022:00:00:41 +0100] "GET /backend/.env HTTP/1.1" 401 52 "-" "Mozlila/5.0 (Linux; Android 7.0; SM-G892A Bulid/NRD90M; wv) AppleWebKit/537.36 (KHTML, like Gecko) Version/4.0 Chrome/60.0.3112.107 Mobile Safari/537.36"
44.200.48.185 - - [25/Apr/2022:00:00:44 +0100] "GET /application/config/sms_settings.php HTTP/1.1" 401 52 "-" "Mozlila/5.0 (Linux; Android 7.0; SM-G892A Bulid/NRD90M; wv) AppleWebKit/537.36 (KHTML, like Gecko) Version/4.0 Chrome/60.0.3112.107 Mobile Safari/537.36"
44.200.48.185 - - [25/Apr/2022:00:00:45 +0100] "GET /application/config/s3.php HTTP/1.1" 401 52 "-" "Mozlila/5.0 (Linux; Android 7.0; SM-G892A Bulid/NRD90M; wv) AppleWebKit/537.36 (KHTML, like Gecko) Version/4.0 Chrome/60.0.3112.107 Mobile Safari/537.36"
44.200.48.185 - - [25/Apr/2022:00:00:47 +0100] "GET /protected/.env HTTP/1.1" 401 52 "-" "Mozlila/5.0 (Linux; Android 7.0; SM-G892A Bulid/NRD90M; wv) AppleWebKit/537.36 (KHTML, like Gecko) Version/4.0 Chrome/60.0.3112.107 Mobile Safari/537.36"
44.200.48.185 - - [25/Apr/2022:00:00:50 +0100] "GET /database/.env HTTP/1.1" 401 52 "-" "Mozlila/5.0 (Linux; Android 7.0; SM-G892A Bulid/NRD90M; wv) AppleWebKit/537.36 (KHTML, like Gecko) Version/4.0 Chrome/60.0.3112.107 Mobile Safari/537.36"
44.200.48.185 - - [25/Apr/2022:00:00:52 +0100] "GET /public/.env HTTP/1.1" 401 52 "-" "Mozlila/5.0 (Linux; Android 7.0; SM-G892A Bulid/NRD90M; wv) AppleWebKit/537.36 (KHTML, like Gecko) Version/4.0 Chrome/60.0.3112.107 Mobile Safari/537.36"
44.200.48.185 - - [25/Apr/2022:00:00:54 +0100] "GET /app/config/.env HTTP/1.1" 401 52 "-" "Mozlila/5.0 (Linux; Android 7.0; SM-G892A Bulid/NRD90M; wv) AppleWebKit/537.36 (KHTML, like Gecko) Version/4.0 Chrome/60.0.3112.107 Mobile Safari/537.36"
44.200.48.185 - - [25/Apr/2022:00:00:56 +0100] "GET /.aws/credentials HTTP/1.1" 401 52 "-" "Mozlila/5.0 (Linux; Android 7.0; SM-G892A Bulid/NRD90M; wv) AppleWebKit/537.36 (KHTML, like Gecko) Version/4.0 Chrome/60.0.3112.107 Mobile Safari/537.36"
