188.165.87.105 - - [06/Jun/2022:12:44:32 +0100] "GET / HTTP/1.1" 401 35 "-" "Mozilla/5.0 (X11; Ubuntu; Linux x86_64; rv:58.0) Gecko/20100101 Firefox/58.0"
188.165.87.101 - - [06/Jun/2022:12:44:32 +0100] "GET / HTTP/1.1" 401 35 "-" "Mozilla/5.0 (X11; Ubuntu; Linux x86_64; rv:58.0) Gecko/20100101 Firefox/58.0"
188.165.87.109 - - [06/Jun/2022:12:44:33 +0100] "GET / HTTP/1.1" 401 35 "-" "Mozilla/5.0 (X11; Ubuntu; Linux x86_64; rv:58.0) Gecko/20100101 Firefox/58.0"
54.191.137.17 - - [06/Jun/2022:12:45:12 +0100] "POST /wp-load.php?mwprid=629de8c93b6473.14558214 HTTP/1.1" 200 10311 "https://walbottlevi.com/" "Mozilla/5.0 (Windows NT 10.0; Win64; x64) AppleWebKit/537.36 (KHTML, like Gecko) Chrome/62.0.3202.94 Safari/537.36"
54.191.137.17 - - [06/Jun/2022:12:45:20 +0100] "POST /wp-load.php?mwprid=629de8d2048e72.19331273 HTTP/1.1" 200 694 "https://walbottlevi.com/" "Mozilla/5.0 (Windows NT 10.0; Win64; x64) AppleWebKit/537.36 (KHTML, like Gecko) Chrome/62.0.3202.94 Safari/537.36"
54.191.137.17 - - [06/Jun/2022:12:47:00 +0100] "POST /wp-load.php?mwprid=629de92fac7cd9.50490952 HTTP/1.1" 200 694 "https://walbottlevi.com/" "Mozilla/5.0 (Windows NT 10.0; Win64; x64) AppleWebKit/537.36 (KHTML, like Gecko) Chrome/62.0.3202.94 Safari/537.36"
185.191.171.24 - - [06/Jun/2022:12:50:19 +0100] "GET /activities/get-fit-with-lisa/ HTTP/1.1" 200 12708 "-" "Mozilla/5.0 (compatible; SemrushBot/7~bl; +http://www.semrush.com/bot.html)"
51.254.49.102 - - [06/Jun/2022:12:50:48 +0100] "GET / HTTP/1.1" 200 37975 "-" "Mozilla/5.0 (X11; Ubuntu; Linux x86_64; rv:58.0) Gecko/20100101 Firefox/58.0"
51.254.49.106 - - [06/Jun/2022:12:50:48 +0100] "GET / HTTP/1.1" 200 37963 "-" "Mozilla/5.0 (X11; Ubuntu; Linux x86_64; rv:58.0) Gecko/20100101 Firefox/58.0"
51.254.49.108 - - [06/Jun/2022:12:52:01 +0100] "GET / HTTP/1.1" 401 35 "-" "Mozilla/5.0 (X11; Ubuntu; Linux x86_64; rv:58.0) Gecko/20100101 Firefox/58.0"
51.254.49.102 - - [06/Jun/2022:12:52:01 +0100] "GET / HTTP/1.1" 401 35 "-" "Mozilla/5.0 (X11; Ubuntu; Linux x86_64; rv:58.0) Gecko/20100101 Firefox/58.0"
51.254.49.97 - - [06/Jun/2022:12:52:01 +0100] "GET / HTTP/1.1" 401 35 "-" "Mozilla/5.0 (X11; Ubuntu; Linux x86_64; rv:58.0) Gecko/20100101 Firefox/58.0"
51.254.49.103 - - [06/Jun/2022:12:52:01 +0100] "GET / HTTP/1.1" 301 0 "-" "Mozilla/5.0 (X11; Ubuntu; Linux x86_64; rv:58.0) Gecko/20100101 Firefox/58.0"
51.254.49.109 - - [06/Jun/2022:12:52:01 +0100] "GET / HTTP/1.1" 301 0 "-" "Mozilla/5.0 (X11; Ubuntu; Linux x86_64; rv:58.0) Gecko/20100101 Firefox/58.0"
54.68.32.247 - - [06/Jun/2022:13:01:33 +0100] "POST /?rest_route=%2Fwordfence%2Fv1%2Fauthenticate HTTP/1.1" 200 133 "-" "Wordfence Central API v1.0"
51.81.186.219 - - [06/Jun/2022:13:01:34 +0100] "HEAD / HTTP/1.1" 200 0 "-" "-"
54.68.32.247 - - [06/Jun/2022:13:01:34 +0100] "POST /?rest_route=%2Fwordfence%2Fv1%2Fauthenticate HTTP/1.1" 200 266 "-" "Wordfence Central API v1.0"
54.68.32.247 - - [06/Jun/2022:13:01:34 +0100] "POST /?rest_route=%2Fwordfence%2Fv1%2Fconfig HTTP/1.1" 200 3078 "-" "Wordfence Central API v1.0"
69.63.184.7 - - [06/Jun/2022:13:22:49 +0100] "GET /wp-content/uploads/2020/09/cropped-IMG_0477-scaled-2.jpg HTTP/1.1" 403 1229 "-" "facebookexternalhit/1.1 (+http://www.facebook.com/externalhit_uatext.php)"
54.191.137.17 - - [06/Jun/2022:13:38:32 +0100] "POST /wp-load.php?mwprid=629df5493499c9.07056926 HTTP/1.1" 200 10311 "https://walbottlevi.com/" "Mozilla/5.0 (Windows NT 10.0; Win64; x64) AppleWebKit/537.36 (KHTML, like Gecko) Chrome/62.0.3202.94 Safari/537.36"
54.191.137.17 - - [06/Jun/2022:13:38:40 +0100] "POST /wp-load.php?mwprid=629df5516e9d67.04352384 HTTP/1.1" 200 688 "https://walbottlevi.com/" "Mozilla/5.0 (Windows NT 10.0; Win64; x64) AppleWebKit/537.36 (KHTML, like Gecko) Chrome/62.0.3202.94 Safari/537.36"
54.191.137.17 - - [06/Jun/2022:13:38:46 +0100] "POST /wp-load.php?mwprid=629df5569cd7d2.85537694 HTTP/1.1" 200 691 "https://walbottlevi.com/" "Mozilla/5.0 (Windows NT 10.0; Win64; x64) AppleWebKit/537.36 (KHTML, like Gecko) Chrome/62.0.3202.94 Safari/537.36"
54.191.137.17 - - [06/Jun/2022:14:00:35 +0100] "POST /wp-load.php?mwprid=629dfa735d6a40.40215223 HTTP/1.1" 200 688 "https://walbottlevi.com/" "Mozilla/5.0 (Windows NT 10.0; Win64; x64) AppleWebKit/537.36 (KHTML, like Gecko) Chrome/62.0.3202.94 Safari/537.36"
54.68.32.247 - - [06/Jun/2022:14:01:32 +0100] "POST /?rest_route=%2Fwordfence%2Fv1%2Fauthenticate HTTP/1.1" 200 134 "-" "Wordfence Central API v1.0"
54.68.32.247 - - [06/Jun/2022:14:01:33 +0100] "POST /?rest_route=%2Fwordfence%2Fv1%2Fauthenticate HTTP/1.1" 200 264 "-" "Wordfence Central API v1.0"
54.68.32.247 - - [06/Jun/2022:14:01:34 +0100] "POST /?rest_route=%2Fwordfence%2Fv1%2Fconfig HTTP/1.1" 200 3081 "-" "Wordfence Central API v1.0"
213.121.21.98 - - [06/Jun/2022:14:27:12 +0100] "GET / HTTP/2" 301 0 "-" "Mozilla/5.0 (Windows NT 10.0; Win64; x64) AppleWebKit/537.36 (KHTML, like Gecko) Chrome/102.0.5005.63 Safari/537.36"
92.26.153.176 - - [06/Jun/2022:14:51:59 +0100] "GET /wp-content/uploads/2019/11/cropped-WVIMain-192x192.png HTTP/1.1" 200 28462 "https://www.walbottlevi.com/diary/" "Mozilla/5.0 (Linux; Android 11; SAMSUNG SM-A127F) AppleWebKit/537.36 (KHTML, like Gecko) SamsungBrowser/17.0 Chrome/96.0.4664.104 Mobile Safari/537.36"
92.26.153.176 - - [06/Jun/2022:14:51:59 +0100] "GET /wp-content/uploads/2019/11/cropped-WVIMain-180x180.png HTTP/1.1" 200 18084 "https://www.walbottlevi.com/diary/" "Mozilla/5.0 (Linux; Android 11; SAMSUNG SM-A127F) AppleWebKit/537.36 (KHTML, like Gecko) SamsungBrowser/17.0 Chrome/96.0.4664.104 Mobile Safari/537.36"
2.58.28.32 - - [06/Jun/2022:14:51:59 +0100] "HEAD / HTTP/1.1" 200 0 "-" "-"
54.68.32.247 - - [06/Jun/2022:15:01:33 +0100] "POST /?rest_route=%2Fwordfence%2Fv1%2Fauthenticate HTTP/1.1" 200 133 "-" "Wordfence Central API v1.0"
51.81.186.219 - - [06/Jun/2022:15:01:34 +0100] "HEAD / HTTP/1.1" 200 0 "-" "-"
54.68.32.247 - - [06/Jun/2022:15:01:34 +0100] "POST /?rest_route=%2Fwordfence%2Fv1%2Fauthenticate HTTP/1.1" 200 262 "-" "Wordfence Central API v1.0"
54.68.32.247 - - [06/Jun/2022:15:01:35 +0100] "POST /?rest_route=%2Fwordfence%2Fv1%2Fconfig HTTP/1.1" 200 3081 "-" "Wordfence Central API v1.0"
51.81.186.219 - - [06/Jun/2022:15:01:36 +0100] "HEAD / HTTP/1.1" 200 0 "-" "-"
54.191.137.17 - - [06/Jun/2022:15:19:08 +0100] "POST /wp-load.php?mwprid=629e0cd90ea302.33729658 HTTP/1.1" 200 10311 "https://walbottlevi.com/" "Mozilla/5.0 (Windows NT 10.0; Win64; x64) AppleWebKit/537.36 (KHTML, like Gecko) Chrome/62.0.3202.94 Safari/537.36"
54.191.137.17 - - [06/Jun/2022:15:19:16 +0100] "POST /wp-load.php?mwprid=629e0ce3cd4346.75640271 HTTP/1.1" 200 692 "https://walbottlevi.com/" "Mozilla/5.0 (Windows NT 10.0; Win64; x64) AppleWebKit/537.36 (KHTML, like Gecko) Chrome/62.0.3202.94 Safari/537.36"
54.191.137.17 - - [06/Jun/2022:15:19:26 +0100] "POST /wp-load.php?mwprid=629e0ceca96967.54829689 HTTP/1.1" 200 696 "https://walbottlevi.com/" "Mozilla/5.0 (Windows NT 10.0; Win64; x64) AppleWebKit/537.36 (KHTML, like Gecko) Chrome/62.0.3202.94 Safari/537.36"
31.13.127.119 - - [06/Jun/2022:15:38:48 +0100] "GET /wp-content/uploads/2020/09/cropped-IMG_0477-scaled-2.jpg HTTP/1.1" 403 1229 "-" "facebookexternalhit/1.1 (+http://www.facebook.com/externalhit_uatext.php)"
146.88.239.197 - - [06/Jun/2022:15:38:48 +0100] "HEAD / HTTP/1.1" 200 0 "-" "-"
66.249.68.77 - - [06/Jun/2022:15:39:16 +0100] "GET /post-sitemap.xml HTTP/1.1" 200 608 "-" "Mozilla/5.0 (compatible; Googlebot/2.1; +http://www.google.com/bot.html)"
31.13.127.25 - - [06/Jun/2022:15:44:55 +0100] "GET /wp-content/uploads/2021/07/thumbnail_IMG_0342-1024x765.jpg HTTP/1.1" 403 1229 "-" "facebookexternalhit/1.1 (+http://www.facebook.com/externalhit_uatext.php)"
31.13.103.15 - - [06/Jun/2022:15:44:58 +0100] "GET /activities/street-dance/ HTTP/1.1" 200 13403 "-" "facebookexternalhit/1.1 (+http://www.facebook.com/externalhit_uatext.php)"
31.13.103.22 - - [06/Jun/2022:15:45:03 +0100] "GET /wp-content/uploads/2021/06/street-dance.jpg HTTP/1.1" 403 1229 "-" "facebookexternalhit/1.1 (+http://www.facebook.com/externalhit_uatext.php)"
146.88.239.197 - - [06/Jun/2022:15:45:03 +0100] "HEAD / HTTP/1.1" 200 0 "-" "-"
40.77.167.38 - - [06/Jun/2022:15:55:20 +0100] "GET /sitemap_index.xml HTTP/1.1" 200 325 "-" "Mozilla/5.0 (compatible; bingbot/2.0; +http://www.bing.com/bingbot.htm)"
54.68.32.247 - - [06/Jun/2022:16:01:33 +0100] "POST /?rest_route=%2Fwordfence%2Fv1%2Fauthenticate HTTP/1.1" 200 134 "-" "Wordfence Central API v1.0"
54.68.32.247 - - [06/Jun/2022:16:01:34 +0100] "POST /?rest_route=%2Fwordfence%2Fv1%2Fauthenticate HTTP/1.1" 200 260 "-" "Wordfence Central API v1.0"
54.68.32.247 - - [06/Jun/2022:16:01:35 +0100] "POST /?rest_route=%2Fwordfence%2Fv1%2Fconfig HTTP/1.1" 200 3081 "-" "Wordfence Central API v1.0"
10.4.96.3 - - [06/Jun/2022:16:57:57 +0100] "GET /luctus-non-massa-fusce-ac-turpis-quis/ HTTP/1.1" 404 11674 "-" "Mozilla/5.0 (compatible; bingbot/2.0; +http://www.bing.com/bingbot.htm)"
149.28.11.90 - - [06/Jun/2022:16:57:58 +0100] "HEAD / HTTP/1.1" 200 0 "-" "-"
185.199.220.52 - - [06/Jun/2022:17:01:04 +0100] "POST /wp-admin/admin-ajax.php?action=wordfence_testAjax HTTP/1.1" 200 32 "https://www.walbottlevi.com/wp-admin/admin-ajax.php?action=wordfence_testAjax" "WordPress/6.0; https://www.walbottlevi.com"
2.58.28.32 - - [06/Jun/2022:17:01:04 +0100] "HEAD / HTTP/1.1" 200 0 "-" "-"
185.199.220.52 - - [06/Jun/2022:17:01:04 +0100] "GET /wp-admin/admin-ajax.php?action=wordfence_doScan&isFork=0&scanMode=quick&cronKey=9c13f09fc28c48c79354d22fbe77cdcd&signature=fb96268e7bdbe5e66206e2fe6cb5dcc7a5e86ada4f0834650a54cea9d44127dd HTTP/1.1" 200 0 "-" "WordPress/6.0; https://www.walbottlevi.com"
54.68.32.247 - - [06/Jun/2022:17:01:36 +0100] "POST /?rest_route=%2Fwordfence%2Fv1%2Fauthenticate HTTP/1.1" 200 132 "-" "Wordfence Central API v1.0"
54.68.32.247 - - [06/Jun/2022:17:01:37 +0100] "POST /?rest_route=%2Fwordfence%2Fv1%2Fauthenticate HTTP/1.1" 200 264 "-" "Wordfence Central API v1.0"
54.68.32.247 - - [06/Jun/2022:17:01:38 +0100] "POST /?rest_route=%2Fwordfence%2Fv1%2Fconfig HTTP/1.1" 200 3081 "-" "Wordfence Central API v1.0"
54.191.137.17 - - [06/Jun/2022:17:09:08 +0100] "POST /wp-load.php?mwprid=629e26a5a408b9.09933263 HTTP/1.1" 200 10311 "https://walbottlevi.com/" "Mozilla/5.0 (Windows NT 10.0; Win64; x64) AppleWebKit/537.36 (KHTML, like Gecko) Chrome/62.0.3202.94 Safari/537.36"
54.191.137.17 - - [06/Jun/2022:17:09:18 +0100] "POST /wp-load.php?mwprid=629e26af8306d4.15775415 HTTP/1.1" 200 688 "https://walbottlevi.com/" "Mozilla/5.0 (Windows NT 10.0; Win64; x64) AppleWebKit/537.36 (KHTML, like Gecko) Chrome/62.0.3202.94 Safari/537.36"
54.191.137.17 - - [06/Jun/2022:17:09:28 +0100] "POST /wp-load.php?mwprid=629e26b16c9602.50396285 HTTP/1.1" 200 688 "https://walbottlevi.com/" "Mozilla/5.0 (Windows NT 10.0; Win64; x64) AppleWebKit/537.36 (KHTML, like Gecko) Chrome/62.0.3202.94 Safari/537.36"
94.12.9.53 - - [06/Jun/2022:17:49:06 +0100] "GET /activities/yoga/ HTTP/1.1" 200 11264 "https://www.google.co.uk/" "Mozilla/5.0 (iPhone; CPU iPhone OS 15_5 like Mac OS X) AppleWebKit/605.1.15 (KHTML, like Gecko) Version/15.5 Mobile/15E148 Safari/604.1"
94.12.9.53 - - [06/Jun/2022:17:49:06 +0100] "GET /wp-includes/js/wp-emoji-release.min.js?ver=6.0 HTTP/1.1" 200 4619 "https://www.walbottlevi.com/activities/yoga/" "Mozilla/5.0 (iPhone; CPU iPhone OS 15_5 like Mac OS X) AppleWebKit/605.1.15 (KHTML, like Gecko) Version/15.5 Mobile/15E148 Safari/604.1"
94.12.9.53 - - [06/Jun/2022:17:49:06 +0100] "GET /wp-content/litespeed/css/cf22e83ddbcbe9bf0a5483ea759a38f0.css?ver=d193d HTTP/1.1" 200 10867 "https://www.walbottlevi.com/activities/yoga/" "Mozilla/5.0 (iPhone; CPU iPhone OS 15_5 like Mac OS X) AppleWebKit/605.1.15 (KHTML, like Gecko) Version/15.5 Mobile/15E148 Safari/604.1"
94.12.9.53 - - [06/Jun/2022:17:49:06 +0100] "GET /wp-content/litespeed/css/cb21ec2d70e49154406ff85a4f971eb0.css?ver=d954e HTTP/1.1" 200 630 "https://www.walbottlevi.com/activities/yoga/" "Mozilla/5.0 (iPhone; CPU iPhone OS 15_5 like Mac OS X) AppleWebKit/605.1.15 (KHTML, like Gecko) Version/15.5 Mobile/15E148 Safari/604.1"
94.12.9.53 - - [06/Jun/2022:17:49:06 +0100] "GET /wp-content/litespeed/css/962881a9f7b8a4ad588b826970384b0a.css?ver=f99ba HTTP/1.1" 200 3518 "https://www.walbottlevi.com/activities/yoga/" "Mozilla/5.0 (iPhone; CPU iPhone OS 15_5 like Mac OS X) AppleWebKit/605.1.15 (KHTML, like Gecko) Version/15.5 Mobile/15E148 Safari/604.1"
94.12.9.53 - - [06/Jun/2022:17:49:06 +0100] "GET /wp-content/litespeed/css/04c205088aef6ab86671135984bde441.css?ver=ef894 HTTP/1.1" 200 165 "https://www.walbottlevi.com/activities/yoga/" "Mozilla/5.0 (iPhone; CPU iPhone OS 15_5 like Mac OS X) AppleWebKit/605.1.15 (KHTML, like Gecko) Version/15.5 Mobile/15E148 Safari/604.1"
94.12.9.53 - - [06/Jun/2022:17:49:06 +0100] "GET /wp-content/themes/lovecraft/assets/js/doubletaptogo.min.js?ver=1 HTTP/1.1" 200 297 "https://www.walbottlevi.com/activities/yoga/" "Mozilla/5.0 (iPhone; CPU iPhone OS 15_5 like Mac OS X) AppleWebKit/605.1.15 (KHTML, like Gecko) Version/15.5 Mobile/15E148 Safari/604.1"
94.12.9.53 - - [06/Jun/2022:17:49:06 +0100] "GET /wp-content/litespeed/css/0b29fc3a09a8b968c0f2225565037d35.css?ver=37d35 HTTP/1.1" 200 279 "https://www.walbottlevi.com/activities/yoga/" "Mozilla/5.0 (iPhone; CPU iPhone OS 15_5 like Mac OS X) AppleWebKit/605.1.15 (KHTML, like Gecko) Version/15.5 Mobile/15E148 Safari/604.1"
94.12.9.53 - - [06/Jun/2022:17:49:06 +0100] "GET /wp-content/litespeed/css/8576258e7ed95683a61ed71d30331f17.css?ver=f8048 HTTP/1.1" 200 1226 "https://www.walbottlevi.com/activities/yoga/" "Mozilla/5.0 (iPhone; CPU iPhone OS 15_5 like Mac OS X) AppleWebKit/605.1.15 (KHTML, like Gecko) Version/15.5 Mobile/15E148 Safari/604.1"
94.12.9.53 - - [06/Jun/2022:17:49:06 +0100] "GET /wp-content/litespeed/css/f1f3bb515f8594534f56b8b8eb04f322.css?ver=bdff9 HTTP/1.1" 200 7848 "https://www.walbottlevi.com/activities/yoga/" "Mozilla/5.0 (iPhone; CPU iPhone OS 15_5 like Mac OS X) AppleWebKit/605.1.15 (KHTML, like Gecko) Version/15.5 Mobile/15E148 Safari/604.1"
94.12.9.53 - - [06/Jun/2022:17:49:06 +0100] "GET /wp-includes/js/jquery/jquery.min.js?ver=3.6.0 HTTP/1.1" 200 30273 "https://www.walbottlevi.com/activities/yoga/" "Mozilla/5.0 (iPhone; CPU iPhone OS 15_5 like Mac OS X) AppleWebKit/605.1.15 (KHTML, like Gecko) Version/15.5 Mobile/15E148 Safari/604.1"
94.12.9.53 - - [06/Jun/2022:17:49:06 +0100] "GET /wp-includes/js/jquery/jquery-migrate.min.js?ver=3.3.2 HTTP/1.1" 200 3995 "https://www.walbottlevi.com/activities/yoga/" "Mozilla/5.0 (iPhone; CPU iPhone OS 15_5 like Mac OS X) AppleWebKit/605.1.15 (KHTML, like Gecko) Version/15.5 Mobile/15E148 Safari/604.1"
94.12.9.53 - - [06/Jun/2022:17:49:06 +0100] "GET /wp-content/plugins/cookie-law-info/public/js/cookie-law-info-public.js?ver=2.1.2 HTTP/1.1" 200 7223 "https://www.walbottlevi.com/activities/yoga/" "Mozilla/5.0 (iPhone; CPU iPhone OS 15_5 like Mac OS X) AppleWebKit/605.1.15 (KHTML, like Gecko) Version/15.5 Mobile/15E148 Safari/604.1"
94.12.9.53 - - [06/Jun/2022:17:49:06 +0100] "GET /wp-content/plugins/simple-banner/simple-banner.js?ver=2.11.0 HTTP/1.1" 200 1233 "https://www.walbottlevi.com/activities/yoga/" "Mozilla/5.0 (iPhone; CPU iPhone OS 15_5 like Mac OS X) AppleWebKit/605.1.15 (KHTML, like Gecko) Version/15.5 Mobile/15E148 Safari/604.1"
94.12.9.53 - - [06/Jun/2022:17:49:06 +0100] "GET /wp-content/themes/lovecraft/assets/js/global.js?ver=2.0.1 HTTP/1.1" 200 896 "https://www.walbottlevi.com/activities/yoga/" "Mozilla/5.0 (iPhone; CPU iPhone OS 15_5 like Mac OS X) AppleWebKit/605.1.15 (KHTML, like Gecko) Version/15.5 Mobile/15E148 Safari/604.1"
94.12.9.53 - - [06/Jun/2022:17:49:06 +0100] "GET /wp-content/litespeed/css/28077ec3d4019a380b51ef57e24685fc.css?ver=66055 HTTP/1.1" 200 1220 "https://www.walbottlevi.com/activities/yoga/" "Mozilla/5.0 (iPhone; CPU iPhone OS 15_5 like Mac OS X) AppleWebKit/605.1.15 (KHTML, like Gecko) Version/15.5 Mobile/15E148 Safari/604.1"
2.58.28.32 - - [06/Jun/2022:17:49:06 +0100] "HEAD / HTTP/1.1" 200 0 "-" "-"
94.12.9.53 - - [06/Jun/2022:17:49:06 +0100] "GET /wp-content/uploads/2021/09/Yoga.png.webp HTTP/1.1" 200 51566 "https://www.walbottlevi.com/activities/yoga/" "Mozilla/5.0 (iPhone; CPU iPhone OS 15_5 like Mac OS X) AppleWebKit/605.1.15 (KHTML, like Gecko) Version/15.5 Mobile/15E148 Safari/604.1"
94.12.9.53 - - [06/Jun/2022:17:49:06 +0100] "GET /wp-content/themes/lovecraft/assets/fonts/genericons/Genericons.woff HTTP/1.1" 200 13116 "https://www.walbottlevi.com/activities/yoga/" "Mozilla/5.0 (iPhone; CPU iPhone OS 15_5 like Mac OS X) AppleWebKit/605.1.15 (KHTML, like Gecko) Version/15.5 Mobile/15E148 Safari/604.1"
94.12.9.53 - - [06/Jun/2022:17:49:06 +0100] "GET /wp-content/plugins/cookie-law-info/public/images/logo-cookieyes.svg HTTP/1.1" 200 1030 "https://www.walbottlevi.com/activities/yoga/" "Mozilla/5.0 (iPhone; CPU iPhone OS 15_5 like Mac OS X) AppleWebKit/605.1.15 (KHTML, like Gecko) Version/15.5 Mobile/15E148 Safari/604.1"
94.12.9.53 - - [06/Jun/2022:17:49:06 +0100] "GET /wp-content/uploads/2020/09/cropped-IMG_0477-scaled-2.jpg HTTP/1.1" 200 133514 "https://www.walbottlevi.com/activities/yoga/" "Mozilla/5.0 (iPhone; CPU iPhone OS 15_5 like Mac OS X) AppleWebKit/605.1.15 (KHTML, like Gecko) Version/15.5 Mobile/15E148 Safari/604.1"
54.68.32.247 - - [06/Jun/2022:18:01:32 +0100] "POST /?rest_route=%2Fwordfence%2Fv1%2Fauthenticate HTTP/1.1" 200 132 "-" "Wordfence Central API v1.0"
54.68.32.247 - - [06/Jun/2022:18:01:33 +0100] "POST /?rest_route=%2Fwordfence%2Fv1%2Fauthenticate HTTP/1.1" 200 265 "-" "Wordfence Central API v1.0"
54.68.32.247 - - [06/Jun/2022:18:01:34 +0100] "POST /?rest_route=%2Fwordfence%2Fv1%2Fconfig HTTP/1.1" 200 3081 "-" "Wordfence Central API v1.0"
157.55.39.36 - - [06/Jun/2022:18:19:04 +0100] "GET /wp-content/litespeed/css/0b29fc3a09a8b968c0f2225565037d35.css?ver=37d35 HTTP/1.1" 200 325 "-" "Mozilla/5.0 (compatible; bingbot/2.0; +http://www.bing.com/bingbot.htm)"
149.28.11.90 - - [06/Jun/2022:18:19:05 +0100] "HEAD / HTTP/1.1" 200 0 "-" "-"
157.55.39.36 - - [06/Jun/2022:18:19:07 +0100] "GET /wp-content/themes/lovecraft/assets/js/doubletaptogo.min.js?ver=1 HTTP/1.1" 200 358 "-" "Mozilla/5.0 (compatible; bingbot/2.0; +http://www.bing.com/bingbot.htm)"
207.46.13.36 - - [06/Jun/2022:18:19:10 +0100] "GET /wp-content/litespeed/css/04c205088aef6ab86671135984bde441.css?ver=ef894 HTTP/1.1" 200 250 "-" "Mozilla/5.0 (compatible; bingbot/2.0; +http://www.bing.com/bingbot.htm)"
157.55.39.215 - - [06/Jun/2022:18:19:11 +0100] "GET /wp-content/litespeed/css/8576258e7ed95683a61ed71d30331f17.css?ver=f8048 HTTP/1.1" 200 1410 "-" "Mozilla/5.0 (compatible; bingbot/2.0; +http://www.bing.com/bingbot.htm)"
207.46.13.109 - - [06/Jun/2022:18:19:12 +0100] "GET /wp-content/litespeed/css/cf22e83ddbcbe9bf0a5483ea759a38f0.css?ver=d193d HTTP/1.1" 200 14692 "-" "Mozilla/5.0 (compatible; bingbot/2.0; +http://www.bing.com/bingbot.htm)"
40.77.167.38 - - [06/Jun/2022:18:19:12 +0100] "GET /wp-content/litespeed/css/28077ec3d4019a380b51ef57e24685fc.css?ver=66055 HTTP/1.1" 200 1475 "-" "Mozilla/5.0 (compatible; bingbot/2.0; +http://www.bing.com/bingbot.htm)"
207.46.13.36 - - [06/Jun/2022:18:19:12 +0100] "GET /wp-content/plugins/simple-banner/simple-banner.js?ver=2.11.0 HTTP/1.1" 200 1512 "-" "Mozilla/5.0 AppleWebKit/537.36 (KHTML, like Gecko; compatible; bingbot/2.0; +http://www.bing.com/bingbot.htm) Chrome/100.0.4896.127 Safari/537.36"
10.4.96.3 - - [06/Jun/2022:18:19:13 +0100] "GET /wp-content/litespeed/css/cb21ec2d70e49154406ff85a4f971eb0.css?ver=d954e HTTP/1.1" 200 805 "-" "Mozilla/5.0 (compatible; bingbot/2.0; +http://www.bing.com/bingbot.htm)"
207.46.13.36 - - [06/Jun/2022:18:19:15 +0100] "GET /wp-content/themes/lovecraft/assets/js/global.js?ver=2.0.1 HTTP/1.1" 200 1046 "-" "Mozilla/5.0 (compatible; bingbot/2.0; +http://www.bing.com/bingbot.htm)"
40.77.167.38 - - [06/Jun/2022:18:19:15 +0100] "GET /wp-content/litespeed/css/f1f3bb515f8594534f56b8b8eb04f322.css?ver=bdff9 HTTP/1.1" 200 10202 "-" "Mozilla/5.0 (compatible; bingbot/2.0; +http://www.bing.com/bingbot.htm)"
10.4.96.3 - - [06/Jun/2022:18:19:16 +0100] "GET /wp-content/plugins/cookie-law-info/public/js/cookie-law-info-public.js?ver=2.1.2 HTTP/1.1" 200 9204 "-" "Mozilla/5.0 (compatible; bingbot/2.0; +http://www.bing.com/bingbot.htm)"
40.77.167.66 - - [06/Jun/2022:18:19:17 +0100] "GET /wp-content/litespeed/css/962881a9f7b8a4ad588b826970384b0a.css?ver=f99ba HTTP/1.1" 200 4840 "-" "Mozilla/5.0 (compatible; bingbot/2.0; +http://www.bing.com/bingbot.htm)"
207.46.13.36 - - [06/Jun/2022:18:19:18 +0100] "GET /wp-includes/js/jquery/jquery.min.js?ver=3.6.0 HTTP/1.1" 200 34819 "-" "Mozilla/5.0 (compatible; bingbot/2.0; +http://www.bing.com/bingbot.htm)"
40.77.167.66 - - [06/Jun/2022:18:19:20 +0100] "GET /wp-includes/js/jquery/jquery-migrate.min.js?ver=3.3.2 HTTP/1.1" 200 4461 "-" "Mozilla/5.0 (compatible; bingbot/2.0; +http://www.bing.com/bingbot.htm)"
207.46.13.36 - - [06/Jun/2022:18:19:21 +0100] "GET /wp-includes/js/wp-emoji-release.min.js?ver=6.0 HTTP/1.1" 200 5712 "-" "Mozilla/5.0 (compatible; bingbot/2.0; +http://www.bing.com/bingbot.htm)"
54.36.149.106 - - [06/Jun/2022:18:30:07 +0100] "GET /diary/ HTTP/1.1" 200 10919 "-" "Mozilla/5.0 (compatible; AhrefsBot/7.0; +http://ahrefs.com/robot/)"
40.77.190.41 - - [06/Jun/2022:18:35:04 +0100] "GET /wp-content/plugins/cookie-law-info/public/images/logo-cookieyes.svg HTTP/1.1" 200 2581 "-" "Mozilla/5.0 (Windows NT 6.1; WOW64) AppleWebKit/534+ (KHTML, like Gecko) BingPreview/1.0b"
54.68.32.247 - - [06/Jun/2022:19:01:32 +0100] "POST /?rest_route=%2Fwordfence%2Fv1%2Fauthenticate HTTP/1.1" 200 134 "-" "Wordfence Central API v1.0"
54.68.32.247 - - [06/Jun/2022:19:01:33 +0100] "POST /?rest_route=%2Fwordfence%2Fv1%2Fauthenticate HTTP/1.1" 200 265 "-" "Wordfence Central API v1.0"
54.68.32.247 - - [06/Jun/2022:19:01:34 +0100] "POST /?rest_route=%2Fwordfence%2Fv1%2Fconfig HTTP/1.1" 200 3081 "-" "Wordfence Central API v1.0"
94.9.74.222 - - [06/Jun/2022:19:12:52 +0100] "GET /useful-documents/ HTTP/1.1" 200 11337 "https://www.walbottlevi.com/" "Mozilla/5.0 (Linux; Android 11; SM-A127F) AppleWebKit/537.36 (KHTML, like Gecko) Chrome/102.0.0.0 Mobile Safari/537.36"
2.58.28.32 - - [06/Jun/2022:19:12:53 +0100] "HEAD / HTTP/1.1" 200 0 "-" "-"
54.191.137.17 - - [06/Jun/2022:19:25:07 +0100] "POST /wp-load.php?mwprid=629e46844350b1.70165820 HTTP/1.1" 200 10311 "https://walbottlevi.com/" "Mozilla/5.0 (Windows NT 10.0; Win64; x64) AppleWebKit/537.36 (KHTML, like Gecko) Chrome/62.0.3202.94 Safari/537.36"
54.191.137.17 - - [06/Jun/2022:19:25:17 +0100] "POST /wp-load.php?mwprid=629e468e5f6479.05717027 HTTP/1.1" 200 692 "https://walbottlevi.com/" "Mozilla/5.0 (Windows NT 10.0; Win64; x64) AppleWebKit/537.36 (KHTML, like Gecko) Chrome/62.0.3202.94 Safari/537.36"
54.191.137.17 - - [06/Jun/2022:19:25:33 +0100] "POST /wp-load.php?mwprid=629e4698c723b5.97037599 HTTP/1.1" 200 690 "https://walbottlevi.com/" "Mozilla/5.0 (Windows NT 10.0; Win64; x64) AppleWebKit/537.36 (KHTML, like Gecko) Chrome/62.0.3202.94 Safari/537.36"
54.68.32.247 - - [06/Jun/2022:19:33:32 +0100] "POST /?rest_route=%2Fwordfence%2Fv1%2Fauthenticate HTTP/1.1" 200 133 "-" "Wordfence Central API v1.0"
54.68.32.247 - - [06/Jun/2022:19:33:32 +0100] "POST /?rest_route=%2Fwordfence%2Fv1%2Fauthenticate HTTP/1.1" 200 133 "-" "Wordfence Central API v1.0"
54.68.32.247 - - [06/Jun/2022:19:33:34 +0100] "POST /?rest_route=%2Fwordfence%2Fv1%2Fauthenticate HTTP/1.1" 200 265 "-" "Wordfence Central API v1.0"
54.68.32.247 - - [06/Jun/2022:19:33:34 +0100] "POST /?rest_route=%2Fwordfence%2Fv1%2Fauthenticate HTTP/1.1" 200 265 "-" "Wordfence Central API v1.0"
54.68.32.247 - - [06/Jun/2022:19:33:35 +0100] "POST /?rest_route=%2Fwordfence%2Fv1%2Fconfig HTTP/1.1" 200 3081 "-" "Wordfence Central API v1.0"
54.68.32.247 - - [06/Jun/2022:19:33:35 +0100] "POST /?rest_route=%2Fwordfence%2Fv1%2Fscan%2Fissues HTTP/1.1" 200 95 "-" "Wordfence Central API v1.0"
74.125.208.106 - - [06/Jun/2022:19:42:09 +0100] "GET /.well-known/traffic-advice HTTP/1.1" 404 11676 "-" "Chrome Privacy Preserving Prefetch Proxy"
86.185.151.216 - - [06/Jun/2022:19:42:29 +0100] "GET /wp-content/litespeed/css/cf22e83ddbcbe9bf0a5483ea759a38f0.css?ver=a27c7 HTTP/1.1" 200 10867 "-" "Mozilla/5.0 (Linux; Android 11; CPH1941) AppleWebKit/537.36 (KHTML, like Gecko) Chrome/102.0.0.0 Mobile Safari/537.36"
86.185.151.216 - - [06/Jun/2022:19:42:29 +0100] "GET /wp-content/litespeed/css/8576258e7ed95683a61ed71d30331f17.css?ver=3458c HTTP/1.1" 200 1226 "-" "Mozilla/5.0 (Linux; Android 11; CPH1941) AppleWebKit/537.36 (KHTML, like Gecko) Chrome/102.0.0.0 Mobile Safari/537.36"
86.185.151.216 - - [06/Jun/2022:19:42:29 +0100] "GET /wp-content/litespeed/css/79ac2e166a64deb7082c8f4a065d36e5.css?ver=d36e5 HTTP/1.1" 404 10428 "-" "Mozilla/5.0 (Linux; Android 11; CPH1941) AppleWebKit/537.36 (KHTML, like Gecko) Chrome/102.0.0.0 Mobile Safari/537.36"
54.68.32.247 - - [06/Jun/2022:20:01:32 +0100] "POST /?rest_route=%2Fwordfence%2Fv1%2Fauthenticate HTTP/1.1" 200 134 "-" "Wordfence Central API v1.0"
54.68.32.247 - - [06/Jun/2022:20:01:33 +0100] "POST /?rest_route=%2Fwordfence%2Fv1%2Fauthenticate HTTP/1.1" 200 265 "-" "Wordfence Central API v1.0"
54.68.32.247 - - [06/Jun/2022:20:01:34 +0100] "POST /?rest_route=%2Fwordfence%2Fv1%2Fconfig HTTP/1.1" 200 3081 "-" "Wordfence Central API v1.0"
89.243.81.93 - - [06/Jun/2022:20:40:21 +0100] "GET /activities/ HTTP/1.1" 200 11192 "https://www.walbottlevi.com/" "Mozilla/5.0 (iPhone; CPU iPhone OS 15_5 like Mac OS X) AppleWebKit/605.1.15 (KHTML, like Gecko) Version/15.5 Mobile/15E148 Safari/604.1"
2.58.28.32 - - [06/Jun/2022:20:40:21 +0100] "HEAD / HTTP/1.1" 200 0 "-" "-"
89.243.81.93 - - [06/Jun/2022:20:40:56 +0100] "GET /activities/street-dance/ HTTP/1.1" 200 11817 "https://www.walbottlevi.com/activities/" "Mozilla/5.0 (iPhone; CPU iPhone OS 15_5 like Mac OS X) AppleWebKit/605.1.15 (KHTML, like Gecko) Version/15.5 Mobile/15E148 Safari/604.1"
89.243.81.93 - - [06/Jun/2022:20:40:56 +0100] "GET /wp-content/uploads/2021/06/street-dance-683x1024.jpg.webp HTTP/1.1" 200 113108 "https://www.walbottlevi.com/activities/street-dance/" "Mozilla/5.0 (iPhone; CPU iPhone OS 15_5 like Mac OS X) AppleWebKit/605.1.15 (KHTML, like Gecko) Version/15.5 Mobile/15E148 Safari/604.1"
89.243.81.93 - - [06/Jun/2022:20:40:57 +0100] "GET /wp-content/uploads/2021/06/disney-dance-768x768.jpg.webp HTTP/1.1" 200 111752 "https://www.walbottlevi.com/activities/street-dance/" "Mozilla/5.0 (iPhone; CPU iPhone OS 15_5 like Mac OS X) AppleWebKit/605.1.15 (KHTML, like Gecko) Version/15.5 Mobile/15E148 Safari/604.1"
89.243.81.93 - - [06/Jun/2022:20:41:12 +0100] "GET /activities/get-fit-with-lisa/ HTTP/1.1" 200 11268 "https://www.walbottlevi.com/activities/" "Mozilla/5.0 (iPhone; CPU iPhone OS 15_5 like Mac OS X) AppleWebKit/605.1.15 (KHTML, like Gecko) Version/15.5 Mobile/15E148 Safari/604.1"
89.243.81.93 - - [06/Jun/2022:20:41:13 +0100] "GET /wp-content/uploads/2021/09/Slide1.png HTTP/1.1" 200 236032 "https://www.walbottlevi.com/activities/get-fit-with-lisa/" "Mozilla/5.0 (iPhone; CPU iPhone OS 15_5 like Mac OS X) AppleWebKit/605.1.15 (KHTML, like Gecko) Version/15.5 Mobile/15E148 Safari/604.1"
54.68.32.247 - - [06/Jun/2022:21:01:33 +0100] "POST /?rest_route=%2Fwordfence%2Fv1%2Fauthenticate HTTP/1.1" 200 133 "-" "Wordfence Central API v1.0"
51.81.186.219 - - [06/Jun/2022:21:01:34 +0100] "HEAD / HTTP/1.1" 200 0 "-" "-"
54.68.32.247 - - [06/Jun/2022:21:01:34 +0100] "POST /?rest_route=%2Fwordfence%2Fv1%2Fauthenticate HTTP/1.1" 200 260 "-" "Wordfence Central API v1.0"
54.68.32.247 - - [06/Jun/2022:21:01:35 +0100] "POST /?rest_route=%2Fwordfence%2Fv1%2Fconfig HTTP/1.1" 200 3081 "-" "Wordfence Central API v1.0"
34.209.82.16 - - [06/Jun/2022:21:33:08 +0100] "GET / HTTP/1.1" 301 0 "-" "Mozilla/5.0 (X11; Linux x86_64) AppleWebKit/537.36 (KHTML, like Gecko) Chrome/83.0.4103.97 Safari/537.36"
54.245.144.218 - - [06/Jun/2022:21:33:10 +0100] "GET / HTTP/1.1" 301 0 "-" "Mozilla/5.0 (X11; Linux x86_64) AppleWebKit/537.36 (KHTML, like Gecko) Chrome/83.0.4103.97 Safari/537.36"
34.221.157.10 - - [06/Jun/2022:21:33:31 +0100] "GET /favicon.ico HTTP/1.1" 404 1238 "-" "Mozilla/5.0 (X11; Linux x86_64) AppleWebKit/537.36 (KHTML, like Gecko) Chrome/83.0.4103.97 Safari/537.36"
34.221.157.10 - - [06/Jun/2022:21:33:32 +0100] "GET / HTTP/1.1" 301 0 "-" "Mozilla/5.0 (X11; Linux x86_64) AppleWebKit/537.36 (KHTML, like Gecko) Chrome/83.0.4103.97 Safari/537.36"
34.221.157.10 - - [06/Jun/2022:21:33:34 +0100] "GET /wp-content/uploads/2019/11/cropped-WVIMain-32x32.png HTTP/1.1" 403 1229 "-" "Go-http-client/1.1"
86.156.63.161 - - [06/Jun/2022:21:43:43 +0100] "GET /news/ HTTP/1.1" 200 13149 "-" "Mozilla/5.0 (iPad; CPU OS 9_3_5 like Mac OS X) AppleWebKit/601.1.46 (KHTML, like Gecko) Version/9.0 Mobile/13G36 Safari/601.1"
86.156.63.161 - - [06/Jun/2022:21:43:59 +0100] "GET /news/page/2/ HTTP/1.1" 200 12811 "https://www.walbottlevi.com/news/" "Mozilla/5.0 (iPad; CPU OS 9_3_5 like Mac OS X) AppleWebKit/601.1.46 (KHTML, like Gecko) Version/9.0 Mobile/13G36 Safari/601.1"
2.58.28.32 - - [06/Jun/2022:21:43:59 +0100] "HEAD / HTTP/1.1" 200 0 "-" "-"
86.156.63.161 - - [06/Jun/2022:21:44:13 +0100] "GET /news/page/3/ HTTP/1.1" 200 12171 "https://www.walbottlevi.com/news/page/2/" "Mozilla/5.0 (iPad; CPU OS 9_3_5 like Mac OS X) AppleWebKit/601.1.46 (KHTML, like Gecko) Version/9.0 Mobile/13G36 Safari/601.1"
54.68.32.247 - - [06/Jun/2022:22:01:33 +0100] "POST /?rest_route=%2Fwordfence%2Fv1%2Fauthenticate HTTP/1.1" 200 134 "-" "Wordfence Central API v1.0"
51.81.186.219 - - [06/Jun/2022:22:01:34 +0100] "HEAD / HTTP/1.1" 200 0 "-" "-"
54.68.32.247 - - [06/Jun/2022:22:01:34 +0100] "POST /?rest_route=%2Fwordfence%2Fv1%2Fauthenticate HTTP/1.1" 200 262 "-" "Wordfence Central API v1.0"
54.68.32.247 - - [06/Jun/2022:22:01:35 +0100] "POST /?rest_route=%2Fwordfence%2Fv1%2Fconfig HTTP/1.1" 200 3081 "-" "Wordfence Central API v1.0"
107.175.230.178 - - [06/Jun/2022:22:25:47 +0100] "GET /contact HTTP/1.1" 301 0 "-" "Mozilla/5.0 (X11; Linux x86_64) AppleWebKit/537.36 (KHTML, like Gecko) Chrome/98.0.4758.80 Safari/537.36"
107.175.230.178 - - [06/Jun/2022:22:25:48 +0100] "GET /contact/ HTTP/1.1" 200 14430 "-" "Mozilla/5.0 (X11; Linux x86_64) AppleWebKit/537.36 (KHTML, like Gecko) Chrome/98.0.4758.80 Safari/537.36"
107.175.230.178 - - [06/Jun/2022:22:25:49 +0100] "GET /wp-content/litespeed/css/cf22e83ddbcbe9bf0a5483ea759a38f0.css?ver=d193d HTTP/1.1" 200 10867 "https://www.walbottlevi.com/contact/" "Mozilla/5.0 (X11; Linux x86_64) AppleWebKit/537.36 (KHTML, like Gecko) Chrome/98.0.4758.80 Safari/537.36"
107.175.230.178 - - [06/Jun/2022:22:25:49 +0100] "GET /wp-content/litespeed/css/cb21ec2d70e49154406ff85a4f971eb0.css?ver=d954e HTTP/1.1" 200 630 "https://www.walbottlevi.com/contact/" "Mozilla/5.0 (X11; Linux x86_64) AppleWebKit/537.36 (KHTML, like Gecko) Chrome/98.0.4758.80 Safari/537.36"
107.175.230.178 - - [06/Jun/2022:22:25:49 +0100] "GET /wp-content/litespeed/css/962881a9f7b8a4ad588b826970384b0a.css?ver=f99ba HTTP/1.1" 200 3518 "https://www.walbottlevi.com/contact/" "Mozilla/5.0 (X11; Linux x86_64) AppleWebKit/537.36 (KHTML, like Gecko) Chrome/98.0.4758.80 Safari/537.36"
107.175.230.178 - - [06/Jun/2022:22:25:49 +0100] "GET /wp-content/litespeed/css/04c205088aef6ab86671135984bde441.css?ver=ef894 HTTP/1.1" 200 165 "https://www.walbottlevi.com/contact/" "Mozilla/5.0 (X11; Linux x86_64) AppleWebKit/537.36 (KHTML, like Gecko) Chrome/98.0.4758.80 Safari/537.36"
107.175.230.178 - - [06/Jun/2022:22:25:49 +0100] "GET /wp-content/litespeed/css/0b29fc3a09a8b968c0f2225565037d35.css?ver=37d35 HTTP/1.1" 200 279 "https://www.walbottlevi.com/contact/" "Mozilla/5.0 (X11; Linux x86_64) AppleWebKit/537.36 (KHTML, like Gecko) Chrome/98.0.4758.80 Safari/537.36"
107.175.230.178 - - [06/Jun/2022:22:25:49 +0100] "GET /wp-content/litespeed/css/8576258e7ed95683a61ed71d30331f17.css?ver=f8048 HTTP/1.1" 200 1226 "https://www.walbottlevi.com/contact/" "Mozilla/5.0 (X11; Linux x86_64) AppleWebKit/537.36 (KHTML, like Gecko) Chrome/98.0.4758.80 Safari/537.36"
107.175.230.178 - - [06/Jun/2022:22:25:49 +0100] "GET /wp-content/litespeed/css/69a02e5ad71ea2e0a681c2b71eb599cd.css?ver=3132d HTTP/1.1" 200 741 "https://www.walbottlevi.com/contact/" "Mozilla/5.0 (X11; Linux x86_64) AppleWebKit/537.36 (KHTML, like Gecko) Chrome/98.0.4758.80 Safari/537.36"
107.175.230.178 - - [06/Jun/2022:22:25:49 +0100] "GET /wp-content/litespeed/css/956eedea8185869c0bd74e87310e15c7.css?ver=8fe0b HTTP/1.1" 200 18366 "https://www.walbottlevi.com/contact/" "Mozilla/5.0 (X11; Linux x86_64) AppleWebKit/537.36 (KHTML, like Gecko) Chrome/98.0.4758.80 Safari/537.36"
107.175.230.178 - - [06/Jun/2022:22:25:49 +0100] "GET /wp-content/litespeed/css/25c19f339657e9e14e0a9c731b3d26b6.css?ver=d2812 HTTP/1.1" 200 3642 "https://www.walbottlevi.com/contact/" "Mozilla/5.0 (X11; Linux x86_64) AppleWebKit/537.36 (KHTML, like Gecko) Chrome/98.0.4758.80 Safari/537.36"
107.175.230.178 - - [06/Jun/2022:22:25:49 +0100] "GET /wp-content/litespeed/css/f1f3bb515f8594534f56b8b8eb04f322.css?ver=bdff9 HTTP/1.1" 200 7848 "https://www.walbottlevi.com/contact/" "Mozilla/5.0 (X11; Linux x86_64) AppleWebKit/537.36 (KHTML, like Gecko) Chrome/98.0.4758.80 Safari/537.36"
107.175.230.178 - - [06/Jun/2022:22:25:49 +0100] "GET /wp-content/litespeed/css/7040e8a9516186925834576873412e5d.css?ver=b75ef HTTP/1.1" 200 355 "https://www.walbottlevi.com/contact/" "Mozilla/5.0 (X11; Linux x86_64) AppleWebKit/537.36 (KHTML, like Gecko) Chrome/98.0.4758.80 Safari/537.36"
107.175.230.178 - - [06/Jun/2022:22:25:49 +0100] "GET /wp-content/litespeed/css/a3b3f3d8e72861c7cab9284cc54d7a48.css?ver=d7a48 HTTP/1.1" 200 364 "https://www.walbottlevi.com/contact/" "Mozilla/5.0 (X11; Linux x86_64) AppleWebKit/537.36 (KHTML, like Gecko) Chrome/98.0.4758.80 Safari/537.36"
107.175.230.178 - - [06/Jun/2022:22:25:49 +0100] "GET /wp-includes/js/jquery/jquery.min.js?ver=3.6.0 HTTP/1.1" 200 30273 "https://www.walbottlevi.com/contact/" "Mozilla/5.0 (X11; Linux x86_64) AppleWebKit/537.36 (KHTML, like Gecko) Chrome/98.0.4758.80 Safari/537.36"
107.175.230.178 - - [06/Jun/2022:22:25:49 +0100] "GET /wp-includes/js/jquery/jquery-migrate.min.js?ver=3.3.2 HTTP/1.1" 200 3995 "https://www.walbottlevi.com/contact/" "Mozilla/5.0 (X11; Linux x86_64) AppleWebKit/537.36 (KHTML, like Gecko) Chrome/98.0.4758.80 Safari/537.36"
107.175.230.178 - - [06/Jun/2022:22:25:49 +0100] "GET /wp-content/plugins/cookie-law-info/public/js/cookie-law-info-public.js?ver=2.1.2 HTTP/1.1" 200 7223 "https://www.walbottlevi.com/contact/" "Mozilla/5.0 (X11; Linux x86_64) AppleWebKit/537.36 (KHTML, like Gecko) Chrome/98.0.4758.80 Safari/537.36"
107.175.230.178 - - [06/Jun/2022:22:25:49 +0100] "GET /wp-content/plugins/simple-banner/simple-banner.js?ver=2.11.0 HTTP/1.1" 200 1233 "https://www.walbottlevi.com/contact/" "Mozilla/5.0 (X11; Linux x86_64) AppleWebKit/537.36 (KHTML, like Gecko) Chrome/98.0.4758.80 Safari/537.36"
107.175.230.178 - - [06/Jun/2022:22:25:49 +0100] "GET /wp-content/themes/lovecraft/assets/js/doubletaptogo.min.js?ver=1 HTTP/1.1" 200 297 "https://www.walbottlevi.com/contact/" "Mozilla/5.0 (X11; Linux x86_64) AppleWebKit/537.36 (KHTML, like Gecko) Chrome/98.0.4758.80 Safari/537.36"
107.175.230.178 - - [06/Jun/2022:22:25:49 +0100] "GET /wp-content/litespeed/css/802079df8e5562506316a2debb143a79.css?ver=0d84c HTTP/1.1" 200 704 "https://www.walbottlevi.com/contact/" "Mozilla/5.0 (X11; Linux x86_64) AppleWebKit/537.36 (KHTML, like Gecko) Chrome/98.0.4758.80 Safari/537.36"
107.175.230.178 - - [06/Jun/2022:22:25:50 +0100] "GET /wp-content/litespeed/css/8be1c12fa26fbbd3f12976b3a7acd889.css?ver=cd889 HTTP/1.1" 200 205 "https://www.walbottlevi.com/contact/" "Mozilla/5.0 (X11; Linux x86_64) AppleWebKit/537.36 (KHTML, like Gecko) Chrome/98.0.4758.80 Safari/537.36"
107.175.230.178 - - [06/Jun/2022:22:25:50 +0100] "GET /wp-content/litespeed/css/7fc244cfde1bf65913b8fe96f09025c4.css?ver=99e40 HTTP/1.1" 200 17519 "https://www.walbottlevi.com/contact/" "Mozilla/5.0 (X11; Linux x86_64) AppleWebKit/537.36 (KHTML, like Gecko) Chrome/98.0.4758.80 Safari/537.36"
107.175.230.178 - - [06/Jun/2022:22:25:50 +0100] "GET /wp-content/litespeed/css/28077ec3d4019a380b51ef57e24685fc.css?ver=66055 HTTP/1.1" 200 1220 "https://www.walbottlevi.com/contact/" "Mozilla/5.0 (X11; Linux x86_64) AppleWebKit/537.36 (KHTML, like Gecko) Chrome/98.0.4758.80 Safari/537.36"
107.175.230.178 - - [06/Jun/2022:22:25:50 +0100] "GET /wp-content/litespeed/css/b50394726d8e038b2a3b6c685cdb2a02.css?ver=e1a53 HTTP/1.1" 200 2433 "https://www.walbottlevi.com/contact/" "Mozilla/5.0 (X11; Linux x86_64) AppleWebKit/537.36 (KHTML, like Gecko) Chrome/98.0.4758.80 Safari/537.36"
107.175.230.178 - - [06/Jun/2022:22:25:50 +0100] "GET /wp-content/themes/lovecraft/assets/js/global.js?ver=2.0.1 HTTP/1.1" 200 896 "https://www.walbottlevi.com/contact/" "Mozilla/5.0 (X11; Linux x86_64) AppleWebKit/537.36 (KHTML, like Gecko) Chrome/98.0.4758.80 Safari/537.36"
107.175.230.178 - - [06/Jun/2022:22:25:50 +0100] "GET /wp-includes/js/jquery/ui/core.min.js?ver=1.13.1 HTTP/1.1" 200 6637 "https://www.walbottlevi.com/contact/" "Mozilla/5.0 (X11; Linux x86_64) AppleWebKit/537.36 (KHTML, like Gecko) Chrome/98.0.4758.80 Safari/537.36"
107.175.230.178 - - [06/Jun/2022:22:25:50 +0100] "GET /wp-includes/js/jquery/ui/effect.min.js?ver=1.13.1 HTTP/1.1" 200 6306 "https://www.walbottlevi.com/contact/" "Mozilla/5.0 (X11; Linux x86_64) AppleWebKit/537.36 (KHTML, like Gecko) Chrome/98.0.4758.80 Safari/537.36"
107.175.230.178 - - [06/Jun/2022:22:25:50 +0100] "GET /wp-includes/js/jquery/ui/effect-shake.min.js?ver=1.13.1 HTTP/1.1" 200 433 "https://www.walbottlevi.com/contact/" "Mozilla/5.0 (X11; Linux x86_64) AppleWebKit/537.36 (KHTML, like Gecko) Chrome/98.0.4758.80 Safari/537.36"
107.175.230.178 - - [06/Jun/2022:22:25:50 +0100] "GET /wp-content/plugins/form-maker/js/scripts.min.js?ver=1.15.1 HTTP/1.1" 200 43921 "https://www.walbottlevi.com/contact/" "Mozilla/5.0 (X11; Linux x86_64) AppleWebKit/537.36 (KHTML, like Gecko) Chrome/98.0.4758.80 Safari/537.36"
107.175.230.178 - - [06/Jun/2022:22:25:50 +0100] "GET /wp-content/uploads/form-maker-frontend/js/fm-script-1.js?ver=2104138307 HTTP/1.1" 200 1534 "https://www.walbottlevi.com/contact/" "Mozilla/5.0 (X11; Linux x86_64) AppleWebKit/537.36 (KHTML, like Gecko) Chrome/98.0.4758.80 Safari/537.36"
107.175.230.178 - - [06/Jun/2022:22:25:50 +0100] "GET /wp-content/plugins/elementor/assets/js/webpack.runtime.min.js?ver=3.6.5 HTTP/1.1" 200 2049 "https://www.walbottlevi.com/contact/" "Mozilla/5.0 (X11; Linux x86_64) AppleWebKit/537.36 (KHTML, like Gecko) Chrome/98.0.4758.80 Safari/537.36"
107.175.230.178 - - [06/Jun/2022:22:25:50 +0100] "GET /wp-content/plugins/elementor/assets/js/frontend-modules.min.js?ver=3.6.5 HTTP/1.1" 200 4448 "https://www.walbottlevi.com/contact/" "Mozilla/5.0 (X11; Linux x86_64) AppleWebKit/537.36 (KHTML, like Gecko) Chrome/98.0.4758.80 Safari/537.36"
107.175.230.178 - - [06/Jun/2022:22:25:50 +0100] "GET /wp-content/plugins/elementor/assets/lib/waypoints/waypoints.min.js?ver=4.0.2 HTTP/1.1" 200 2867 "https://www.walbottlevi.com/contact/" "Mozilla/5.0 (X11; Linux x86_64) AppleWebKit/537.36 (KHTML, like Gecko) Chrome/98.0.4758.80 Safari/537.36"
107.175.230.178 - - [06/Jun/2022:22:25:50 +0100] "GET /wp-content/plugins/elementor/assets/lib/share-link/share-link.min.js?ver=3.6.5 HTTP/1.1" 200 1023 "https://www.walbottlevi.com/contact/" "Mozilla/5.0 (X11; Linux x86_64) AppleWebKit/537.36 (KHTML, like Gecko) Chrome/98.0.4758.80 Safari/537.36"
107.175.230.178 - - [06/Jun/2022:22:25:50 +0100] "GET /wp-content/plugins/elementor/assets/lib/swiper/swiper.min.js?ver=5.3.6 HTTP/1.1" 200 34004 "https://www.walbottlevi.com/contact/" "Mozilla/5.0 (X11; Linux x86_64) AppleWebKit/537.36 (KHTML, like Gecko) Chrome/98.0.4758.80 Safari/537.36"
107.175.230.178 - - [06/Jun/2022:22:25:50 +0100] "GET /wp-content/plugins/elementor/assets/lib/dialog/dialog.min.js?ver=4.9.0 HTTP/1.1" 200 3268 "https://www.walbottlevi.com/contact/" "Mozilla/5.0 (X11; Linux x86_64) AppleWebKit/537.36 (KHTML, like Gecko) Chrome/98.0.4758.80 Safari/537.36"
107.175.230.178 - - [06/Jun/2022:22:25:50 +0100] "GET /wp-content/plugins/elementor/assets/js/frontend.min.js?ver=3.6.5 HTTP/1.1" 200 10643 "https://www.walbottlevi.com/contact/" "Mozilla/5.0 (X11; Linux x86_64) AppleWebKit/537.36 (KHTML, like Gecko) Chrome/98.0.4758.80 Safari/537.36"
107.175.230.178 - - [06/Jun/2022:22:25:50 +0100] "GET /wp-content/plugins/elementor/assets/js/preloaded-modules.min.js?ver=3.6.5 HTTP/1.1" 200 12532 "https://www.walbottlevi.com/contact/" "Mozilla/5.0 (X11; Linux x86_64) AppleWebKit/537.36 (KHTML, like Gecko) Chrome/98.0.4758.80 Safari/537.36"
107.175.230.178 - - [06/Jun/2022:22:25:50 +0100] "GET /wp-includes/js/wp-emoji-release.min.js?ver=6.0 HTTP/1.1" 200 4619 "https://www.walbottlevi.com/contact/" "Mozilla/5.0 (X11; Linux x86_64) AppleWebKit/537.36 (KHTML, like Gecko) Chrome/98.0.4758.80 Safari/537.36"
107.175.230.178 - - [06/Jun/2022:22:25:51 +0100] "POST /wp-admin/admin-ajax.php HTTP/1.1" 200 0 "https://www.walbottlevi.com/contact/" "Mozilla/5.0 (X11; Linux x86_64) AppleWebKit/537.36 (KHTML, like Gecko) Chrome/98.0.4758.80 Safari/537.36"
10.4.96.3 - - [06/Jun/2022:22:28:46 +0100] "GET /luctus-non-massa-fusce-ac-turpis-quis/ HTTP/1.1" 404 11675 "-" "Mozilla/5.0 (compatible; bingbot/2.0; +http://www.bing.com/bingbot.htm)"
54.68.32.247 - - [06/Jun/2022:23:01:32 +0100] "POST /?rest_route=%2Fwordfence%2Fv1%2Fauthenticate HTTP/1.1" 200 133 "-" "Wordfence Central API v1.0"
54.68.32.247 - - [06/Jun/2022:23:01:33 +0100] "POST /?rest_route=%2Fwordfence%2Fv1%2Fauthenticate HTTP/1.1" 200 263 "-" "Wordfence Central API v1.0"
54.68.32.247 - - [06/Jun/2022:23:01:34 +0100] "POST /?rest_route=%2Fwordfence%2Fv1%2Fconfig HTTP/1.1" 200 3081 "-" "Wordfence Central API v1.0"
31.205.46.29 - - [06/Jun/2022:23:34:13 +0100] "GET / HTTP/2" 301 0 "-" "Mozilla/5.0 (Windows NT 10.0; Win64; x64) AppleWebKit/537.36 (KHTML, like Gecko) Chrome/101.0.4951.64 Safari/537.36 Edg/101.0.1210.53"
31.205.46.29 - - [06/Jun/2022:23:34:14 +0100] "GET /wp-content/plugins/cookie-law-info/images/td_back.gif HTTP/1.1" 200 141 "https://www.walbottlevi.com/wp-content/litespeed/css/28077ec3d4019a380b51ef57e24685fc.css?ver=66055" "Mozilla/5.0 (Windows NT 10.0; Win64; x64) AppleWebKit/537.36 (KHTML, like Gecko) Chrome/101.0.4951.64 Safari/537.36 Edg/101.0.1210.53"
2.58.28.32 - - [06/Jun/2022:23:34:14 +0100] "HEAD / HTTP/1.1" 200 0 "-" "-"
54.68.32.247 - - [07/Jun/2022:00:01:34 +0100] "POST /?rest_route=%2Fwordfence%2Fv1%2Fauthenticate HTTP/1.1" 200 134 "-" "Wordfence Central API v1.0"
54.68.32.247 - - [07/Jun/2022:00:01:35 +0100] "POST /?rest_route=%2Fwordfence%2Fv1%2Fauthenticate HTTP/1.1" 200 263 "-" "Wordfence Central API v1.0"
54.68.32.247 - - [07/Jun/2022:00:01:36 +0100] "POST /?rest_route=%2Fwordfence%2Fv1%2Fconfig HTTP/1.1" 200 3081 "-" "Wordfence Central API v1.0"
157.55.39.215 - - [07/Jun/2022:00:02:36 +0100] "GET /news/macmillancoffeemorning-sat19thsept10am-1pm HTTP/1.1" 404 11671 "-" "Mozilla/5.0 (compatible; bingbot/2.0; +http://www.bing.com/bingbot.htm)"
149.28.11.90 - - [07/Jun/2022:00:02:37 +0100] "HEAD / HTTP/1.1" 200 0 "-" "-"
54.68.32.247 - - [07/Jun/2022:01:01:33 +0100] "POST /?rest_route=%2Fwordfence%2Fv1%2Fauthenticate HTTP/1.1" 200 134 "-" "Wordfence Central API v1.0"
51.81.186.219 - - [07/Jun/2022:01:01:34 +0100] "HEAD / HTTP/1.1" 200 0 "-" "-"
54.68.32.247 - - [07/Jun/2022:01:01:34 +0100] "POST /?rest_route=%2Fwordfence%2Fv1%2Fauthenticate HTTP/1.1" 200 267 "-" "Wordfence Central API v1.0"
54.68.32.247 - - [07/Jun/2022:01:01:35 +0100] "POST /?rest_route=%2Fwordfence%2Fv1%2Fconfig HTTP/1.1" 200 3078 "-" "Wordfence Central API v1.0"
40.77.167.38 - - [07/Jun/2022:01:04:33 +0100] "GET /sitemap_index.xml HTTP/1.1" 200 325 "-" "Mozilla/5.0 (compatible; bingbot/2.0; +http://www.bing.com/bingbot.htm)"
66.249.64.88 - - [07/Jun/2022:01:04:40 +0100] "GET /robots.txt HTTP/1.1" 301 0 "-" "Mozilla/5.0 (compatible; Googlebot/2.1; +http://www.google.com/bot.html)"
66.249.64.87 - - [07/Jun/2022:01:04:42 +0100] "GET / HTTP/1.1" 301 0 "-" "Mozilla/5.0 (compatible; Googlebot/2.1; +http://www.google.com/bot.html)"
51.222.253.15 - - [07/Jun/2022:01:11:11 +0100] "GET /robots.txt HTTP/2" 301 0 "-" "Mozilla/5.0 (compatible; AhrefsBot/7.0; +http://ahrefs.com/robot/)"
51.222.253.15 - - [07/Jun/2022:01:11:13 +0100] "GET /robots.txt HTTP/1.1" 200 102 "-" "Mozilla/5.0 (compatible; AhrefsBot/7.0; +http://ahrefs.com/robot/)"
104.225.142.116 - - [07/Jun/2022:01:11:13 +0100] "HEAD / HTTP/1.1" 200 0 "-" "-"
54.36.148.217 - - [07/Jun/2022:01:11:14 +0100] "GET / HTTP/2" 301 0 "-" "Mozilla/5.0 (compatible; AhrefsBot/7.0; +http://ahrefs.com/robot/)"
109.248.43.195 - - [07/Jun/2022:01:25:06 +0100] "GET /robots.txt HTTP/1.1" 200 116 "-" "Mozilla/5.0 (compatible; BLEXBot/1.0; +http://webmeup-crawler.com/)"
109.248.43.195 - - [07/Jun/2022:01:25:06 +0100] "GET /news/whats-happened-in-2020/ HTTP/1.1" 200 13700 "-" "Mozilla/5.0 (compatible; BLEXBot/1.0; +http://webmeup-crawler.com/)"
109.248.43.195 - - [07/Jun/2022:01:46:54 +0100] "GET /wp-content/themes/sketch/404.php HTTP/1.1" 403 6988 "www.google.com" "Mozlila/5.0 (Linux; Android 7.0; SM-G892A Bulid/NRD90M; wv) AppleWebKit/537.36 (KHTML, like Gecko) Version/4.0 Chrome/60.0.3112.107 Moblie Safari/537.36"
109.248.43.212 - - [07/Jun/2022:01:46:54 +0100] "HEAD / HTTP/1.1" 200 0 "-" "-"
162.55.92.90 - - [07/Jun/2022:01:47:09 +0100] "GET /wp-content/themes/twentyfive/include.php HTTP/1.1" 403 6988 "www.google.com" "Mozlila/5.0 (Linux; Android 7.0; SM-G892A Bulid/NRD90M; wv) AppleWebKit/537.36 (KHTML, like Gecko) Version/4.0 Chrome/60.0.3112.107 Moblie Safari/537.36"
162.55.92.90 - - [07/Jun/2022:01:47:27 +0100] "GET /wp/wp-content/themes/sketch/404.php HTTP/1.1" 403 6988 "www.google.com" "Mozlila/5.0 (Linux; Android 7.0; SM-G892A Bulid/NRD90M; wv) AppleWebKit/537.36 (KHTML, like Gecko) Version/4.0 Chrome/60.0.3112.107 Moblie Safari/537.36"
162.55.92.90 - - [07/Jun/2022:01:47:51 +0100] "GET /wordpress/wp-content/themes/sketch/404.php HTTP/1.1" 403 6988 "www.google.com" "Mozlila/5.0 (Linux; Android 7.0; SM-G892A Bulid/NRD90M; wv) AppleWebKit/537.36 (KHTML, like Gecko) Version/4.0 Chrome/60.0.3112.107 Moblie Safari/537.36"
109.248.43.195 - - [07/Jun/2022:01:47:56 +0100] "GET /blog/wp-content/themes/sketch/404.php HTTP/1.1" 403 6988 "www.google.com" "Mozlila/5.0 (Linux; Android 7.0; SM-G892A Bulid/NRD90M; wv) AppleWebKit/537.36 (KHTML, like Gecko) Version/4.0 Chrome/60.0.3112.107 Moblie Safari/537.36"
109.248.43.195 - - [07/Jun/2022:01:48:06 +0100] "GET /site/wp-content/themes/sketch/404.php HTTP/1.1" 403 6988 "www.google.com" "Mozlila/5.0 (Linux; Android 7.0; SM-G892A Bulid/NRD90M; wv) AppleWebKit/537.36 (KHTML, like Gecko) Version/4.0 Chrome/60.0.3112.107 Moblie Safari/537.36"
185.199.220.52 - - [07/Jun/2022:02:01:02 +0100] "POST /?wordfence_syncAttackData=1654563662.3218 HTTP/1.1" 200 0 "https://www.walbottlevi.com/?wordfence_syncAttackData=1654563662.3218" "WordPress/6.0; https://www.walbottlevi.com"
2.58.28.32 - - [07/Jun/2022:02:01:02 +0100] "HEAD / HTTP/1.1" 200 0 "-" "-"
54.68.32.247 - - [07/Jun/2022:02:01:33 +0100] "POST /?rest_route=%2Fwordfence%2Fv1%2Fauthenticate HTTP/1.1" 200 133 "-" "Wordfence Central API v1.0"
51.81.186.219 - - [07/Jun/2022:02:01:34 +0100] "HEAD / HTTP/1.1" 200 0 "-" "-"
54.68.32.247 - - [07/Jun/2022:02:01:34 +0100] "POST /?rest_route=%2Fwordfence%2Fv1%2Fauthenticate HTTP/1.1" 200 264 "-" "Wordfence Central API v1.0"
54.68.32.247 - - [07/Jun/2022:02:01:35 +0100] "POST /?rest_route=%2Fwordfence%2Fv1%2Fconfig HTTP/1.1" 200 3078 "-" "Wordfence Central API v1.0"
192.71.126.175 - - [07/Jun/2022:02:06:51 +0100] "GET /robots.txt HTTP/1.1" 301 0 "http://walbottlevi.com/robots.txt" "Mozilla/5.0 (Macintosh; Intel Mac OS X 10_13_6) AppleWebKit/537.36 (KHTML, like Gecko) Chrome/91.0.4472.114 Safari/537.36"
192.71.36.158 - - [07/Jun/2022:02:06:52 +0100] "GET /robots.txt HTTP/1.1" 200 116 "https://walbottlevi.com/robots.txt" "Mozilla/5.0 (Macintosh; Intel Mac OS X 10_13_6) AppleWebKit/537.36 (KHTML, like Gecko) Chrome/91.0.4472.114 Safari/537.36"
16.170.121.215 - - [07/Jun/2022:02:06:52 +0100] "HEAD / HTTP/1.1" 200 0 "-" "-"
192.36.71.133 - - [07/Jun/2022:02:06:52 +0100] "GET /sitemap_index.xml HTTP/1.1" 200 325 "-" "Mozilla/5.0 (Macintosh; Intel Mac OS X 10_13_6) AppleWebKit/537.36 (KHTML, like Gecko) Chrome/91.0.4472.114 Safari/537.36"
192.71.2.171 - - [07/Jun/2022:02:06:53 +0100] "GET /humans.txt HTTP/1.1" 301 0 "http://walbottlevi.com/humans.txt" "Mozilla/5.0 (Macintosh; Intel Mac OS X 10_13_6) AppleWebKit/537.36 (KHTML, like Gecko) Chrome/91.0.4472.114 Safari/537.36"
192.71.23.211 - - [07/Jun/2022:02:06:53 +0100] "GET /humans.txt HTTP/1.1" 404 11675 "https://walbottlevi.com/humans.txt" "Mozilla/5.0 (Macintosh; Intel Mac OS X 10_13_6) AppleWebKit/537.36 (KHTML, like Gecko) Chrome/91.0.4472.114 Safari/537.36"
192.71.12.140 - - [07/Jun/2022:02:06:55 +0100] "GET /ads.txt HTTP/1.1" 301 0 "http://walbottlevi.com/ads.txt" "Mozilla/5.0 (Macintosh; Intel Mac OS X 10_13_6) AppleWebKit/537.36 (KHTML, like Gecko) Chrome/91.0.4472.114 Safari/537.36"
192.71.126.175 - - [07/Jun/2022:02:06:55 +0100] "GET /ads.txt HTTP/1.1" 404 11672 "https://walbottlevi.com/ads.txt" "Mozilla/5.0 (Macintosh; Intel Mac OS X 10_13_6) AppleWebKit/537.36 (KHTML, like Gecko) Chrome/91.0.4472.114 Safari/537.36"
192.71.224.240 - - [07/Jun/2022:02:06:57 +0100] "GET / HTTP/1.1" 301 0 "http://walbottlevi.com/" "Mozilla/5.0 (Macintosh; Intel Mac OS X 10_13_6) AppleWebKit/537.36 (KHTML, like Gecko) Chrome/91.0.4472.114 Safari/537.36"
192.71.44.44 - - [07/Jun/2022:02:06:57 +0100] "GET / HTTP/1.1" 200 12605 "https://walbottlevi.com/" "Mozilla/5.0 (Macintosh; Intel Mac OS X 10_13_6) AppleWebKit/537.36 (KHTML, like Gecko) Chrome/91.0.4472.114 Safari/537.36"
51.222.253.7 - - [07/Jun/2022:02:09:18 +0100] "GET /robots.txt HTTP/2" 301 0 "-" "Mozilla/5.0 (compatible; AhrefsBot/7.0; +http://ahrefs.com/robot/)"
