2.58.28.32 - - [03/Jun/2022:05:04:40 +0100] "HEAD / HTTP/1.1" 200 0 "-" "-"
54.36.149.4 - - [03/Jun/2022:05:38:01 +0100] "GET /using-the-hall-during-covid-19/ HTTP/1.1" 200 11222 "-" "Mozilla/5.0 (compatible; AhrefsBot/7.0; +http://ahrefs.com/robot/)"
40.77.167.66 - - [03/Jun/2022:05:53:29 +0100] "GET /wp-content/uploads/2021/07/thumbnail_IMG_0342-300x224.jpg HTTP/1.1" 403 1229 "-" "Mozilla/5.0 (compatible; bingbot/2.0; +http://www.bing.com/bingbot.htm)"
54.68.32.247 - - [03/Jun/2022:06:01:33 +0100] "POST /?rest_route=%2Fwordfence%2Fv1%2Fauthenticate HTTP/1.1" 200 133 "-" "Wordfence Central API v1.0"
51.81.186.219 - - [03/Jun/2022:06:01:34 +0100] "HEAD / HTTP/1.1" 200 0 "-" "-"
54.68.32.247 - - [03/Jun/2022:06:01:34 +0100] "POST /?rest_route=%2Fwordfence%2Fv1%2Fauthenticate HTTP/1.1" 200 264 "-" "Wordfence Central API v1.0"
54.68.32.247 - - [03/Jun/2022:06:01:35 +0100] "POST /?rest_route=%2Fwordfence%2Fv1%2Fconfig HTTP/1.1" 200 3081 "-" "Wordfence Central API v1.0"
54.68.32.247 - - [03/Jun/2022:07:01:33 +0100] "POST /?rest_route=%2Fwordfence%2Fv1%2Fauthenticate HTTP/1.1" 200 134 "-" "Wordfence Central API v1.0"
51.81.186.219 - - [03/Jun/2022:07:01:34 +0100] "HEAD / HTTP/1.1" 200 0 "-" "-"
54.68.32.247 - - [03/Jun/2022:07:01:34 +0100] "POST /?rest_route=%2Fwordfence%2Fv1%2Fauthenticate HTTP/1.1" 200 262 "-" "Wordfence Central API v1.0"
54.68.32.247 - - [03/Jun/2022:07:01:34 +0100] "POST /?rest_route=%2Fwordfence%2Fv1%2Fconfig HTTP/1.1" 200 3078 "-" "Wordfence Central API v1.0"
207.46.13.62 - - [03/Jun/2022:07:03:46 +0100] "GET /wp-content/uploads/2021/07/thumbnail_IMG_0342-900x672.jpg HTTP/1.1" 403 1229 "-" "Mozilla/5.0 (compatible; bingbot/2.0; +http://www.bing.com/bingbot.htm)"
149.28.11.90 - - [03/Jun/2022:07:03:47 +0100] "HEAD / HTTP/1.1" 200 0 "-" "-"
10.4.96.3 - - [03/Jun/2022:07:10:44 +0100] "GET /almo-photography/ HTTP/1.1" 200 13739 "-" "Mozilla/5.0 (compatible; DotBot/1.2; +https://opensiteexplorer.org/dotbot; help@moz.com)"
149.28.11.90 - - [03/Jun/2022:07:10:45 +0100] "HEAD / HTTP/1.1" 200 0 "-" "-"
54.191.137.17 - - [03/Jun/2022:07:18:56 +0100] "POST /wp-load.php?mwprid=6299a7c9a817e5.70540948 HTTP/1.1" 200 10310 "https://walbottlevi.com/" "Mozilla/5.0 (Windows NT 10.0; Win64; x64) AppleWebKit/537.36 (KHTML, like Gecko) Chrome/62.0.3202.94 Safari/537.36"
185.199.220.52 - - [03/Jun/2022:08:00:17 +0100] "HEAD / HTTP/2" 301 0 "-" "-"
54.68.32.247 - - [03/Jun/2022:08:01:32 +0100] "POST /?rest_route=%2Fwordfence%2Fv1%2Fauthenticate HTTP/1.1" 200 133 "-" "Wordfence Central API v1.0"
51.81.186.219 - - [03/Jun/2022:08:01:33 +0100] "HEAD / HTTP/1.1" 200 0 "-" "-"
54.68.32.247 - - [03/Jun/2022:08:01:33 +0100] "POST /?rest_route=%2Fwordfence%2Fv1%2Fauthenticate HTTP/1.1" 200 263 "-" "Wordfence Central API v1.0"
54.68.32.247 - - [03/Jun/2022:08:01:34 +0100] "POST /?rest_route=%2Fwordfence%2Fv1%2Fconfig HTTP/1.1" 200 3081 "-" "Wordfence Central API v1.0"
10.4.96.3 - - [03/Jun/2022:08:10:42 +0100] "GET /wp-content/uploads/2021/07/thumbnail_IMG_0342-1024x765.jpg HTTP/1.1" 403 1229 "-" "Mozilla/5.0 (compatible; bingbot/2.0; +http://www.bing.com/bingbot.htm)"
149.28.11.90 - - [03/Jun/2022:08:10:43 +0100] "HEAD / HTTP/1.1" 200 0 "-" "-"
54.68.32.247 - - [03/Jun/2022:09:01:33 +0100] "POST /?rest_route=%2Fwordfence%2Fv1%2Fauthenticate HTTP/1.1" 200 134 "-" "Wordfence Central API v1.0"
54.68.32.247 - - [03/Jun/2022:09:01:33 +0100] "POST /?rest_route=%2Fwordfence%2Fv1%2Fauthenticate HTTP/1.1" 200 265 "-" "Wordfence Central API v1.0"
54.68.32.247 - - [03/Jun/2022:09:01:35 +0100] "POST /?rest_route=%2Fwordfence%2Fv1%2Fconfig HTTP/1.1" 200 3081 "-" "Wordfence Central API v1.0"
54.68.32.247 - - [03/Jun/2022:10:01:32 +0100] "POST /?rest_route=%2Fwordfence%2Fv1%2Fauthenticate HTTP/1.1" 200 134 "-" "Wordfence Central API v1.0"
51.81.186.219 - - [03/Jun/2022:10:01:33 +0100] "HEAD / HTTP/1.1" 200 0 "-" "-"
54.68.32.247 - - [03/Jun/2022:10:01:33 +0100] "POST /?rest_route=%2Fwordfence%2Fv1%2Fauthenticate HTTP/1.1" 200 263 "-" "Wordfence Central API v1.0"
54.68.32.247 - - [03/Jun/2022:10:01:34 +0100] "POST /?rest_route=%2Fwordfence%2Fv1%2Fconfig HTTP/1.1" 200 3078 "-" "Wordfence Central API v1.0"
54.174.56.53 - - [03/Jun/2022:10:19:41 +0100] "HEAD / HTTP/1.1" 301 0 "-" "HubSpot Connect 2.0 (http://dev.hubspot.com/) (namespace: domainValidationHttpClient) - BizOpsCompanies-Tq2-BizCoDomainValidationAudit"
54.174.56.53 - - [03/Jun/2022:10:19:42 +0100] "HEAD / HTTP/1.1" 200 0 "-" "HubSpot Connect 2.0 (http://dev.hubspot.com/) (namespace: domainValidationHttpClient) - BizOpsCompanies-Tq2-BizCoDomainValidationAudit"
147.135.115.64 - - [03/Jun/2022:10:19:42 +0100] "HEAD / HTTP/1.1" 200 0 "-" "-"
10.4.96.3 - - [03/Jun/2022:10:30:26 +0100] "GET /sitemap_index.xml HTTP/1.1" 200 325 "-" "Mozilla/5.0 (compatible; bingbot/2.0; +http://www.bing.com/bingbot.htm)"
149.28.11.90 - - [03/Jun/2022:10:30:27 +0100] "HEAD / HTTP/1.1" 200 0 "-" "-"
54.191.137.17 - - [03/Jun/2022:10:46:48 +0100] "POST /wp-load.php?mwprid=6299d888340b13.88373381 HTTP/1.1" 200 10310 "https://walbottlevi.com/" "Mozilla/5.0 (Windows NT 10.0; Win64; x64) AppleWebKit/537.36 (KHTML, like Gecko) Chrome/62.0.3202.94 Safari/537.36"
54.191.137.17 - - [03/Jun/2022:10:46:58 +0100] "POST /wp-load.php?mwprid=6299d8937b14b4.86347383 HTTP/1.1" 200 687 "https://walbottlevi.com/" "Mozilla/5.0 (Windows NT 10.0; Win64; x64) AppleWebKit/537.36 (KHTML, like Gecko) Chrome/62.0.3202.94 Safari/537.36"
54.191.137.17 - - [03/Jun/2022:10:47:10 +0100] "POST /wp-load.php?mwprid=6299d8978c24d0.66847212 HTTP/1.1" 200 693 "https://walbottlevi.com/" "Mozilla/5.0 (Windows NT 10.0; Win64; x64) AppleWebKit/537.36 (KHTML, like Gecko) Chrome/62.0.3202.94 Safari/537.36"
138.246.253.24 - - [03/Jun/2022:10:59:25 +0100] "GET /robots.txt HTTP/1.1" 200 116 "-" "Mozilla/5.0 (Windows NT 10.0; Win64; x64) AppleWebKit/537.36 (KHTML, like Gecko) Chrome/88.0.4324.146 Safari/537.36"
10.4.96.3 - - [03/Jun/2022:11:00:45 +0100] "GET /wp-content/litespeed/css/04c205088aef6ab86671135984bde441.css?ver=ef894 HTTP/1.1" 200 250 "-" "Mozilla/5.0 (compatible; bingbot/2.0; +http://www.bing.com/bingbot.htm)"
149.28.11.90 - - [03/Jun/2022:11:00:46 +0100] "HEAD / HTTP/1.1" 200 0 "-" "-"
10.4.96.3 - - [03/Jun/2022:11:00:47 +0100] "GET /wp-content/litespeed/css/25c19f339657e9e14e0a9c731b3d26b6.css?ver=d2812 HTTP/1.1" 200 4229 "-" "Mozilla/5.0 (compatible; bingbot/2.0; +http://www.bing.com/bingbot.htm)"
40.77.167.66 - - [03/Jun/2022:11:00:49 +0100] "GET /wp-content/litespeed/css/962881a9f7b8a4ad588b826970384b0a.css?ver=f99ba HTTP/1.1" 200 4840 "-" "Mozilla/5.0 (compatible; bingbot/2.0; +http://www.bing.com/bingbot.htm)"
207.46.13.37 - - [03/Jun/2022:11:00:49 +0100] "GET /wp-content/litespeed/css/69a02e5ad71ea2e0a681c2b71eb599cd.css?ver=3132d HTTP/1.1" 200 997 "-" "Mozilla/5.0 AppleWebKit/537.36 (KHTML, like Gecko; compatible; bingbot/2.0; +http://www.bing.com/bingbot.htm) Chrome/100.0.4896.127 Safari/537.36"
10.4.96.3 - - [03/Jun/2022:11:00:49 +0100] "GET /wp-content/litespeed/css/8be1c12fa26fbbd3f12976b3a7acd889.css?ver=cd889 HTTP/1.1" 200 243 "-" "Mozilla/5.0 (compatible; bingbot/2.0; +http://www.bing.com/bingbot.htm)"
10.4.96.3 - - [03/Jun/2022:11:00:50 +0100] "GET /wp-content/litespeed/css/7040e8a9516186925834576873412e5d.css?ver=b75ef HTTP/1.1" 200 411 "-" "Mozilla/5.0 (compatible; bingbot/2.0; +http://www.bing.com/bingbot.htm)"
207.46.13.37 - - [03/Jun/2022:11:00:51 +0100] "GET /wp-content/litespeed/css/a3b3f3d8e72861c7cab9284cc54d7a48.css?ver=d7a48 HTTP/1.1" 200 456 "-" "Mozilla/5.0 (compatible; bingbot/2.0; +http://www.bing.com/bingbot.htm)"
40.77.167.66 - - [03/Jun/2022:11:00:51 +0100] "GET /wp-content/plugins/elementor/assets/lib/swiper/swiper.min.js?ver=5.3.6 HTTP/1.1" 200 41891 "-" "Mozilla/5.0 (compatible; bingbot/2.0; +http://www.bing.com/bingbot.htm)"
207.46.13.109 - - [03/Jun/2022:11:00:52 +0100] "GET /wp-content/litespeed/css/956eedea8185869c0bd74e87310e15c7.css?ver=8fe0b HTTP/1.1" 200 25425 "-" "Mozilla/5.0 (compatible; bingbot/2.0; +http://www.bing.com/bingbot.htm)"
157.55.39.36 - - [03/Jun/2022:11:00:54 +0100] "GET /wp-content/litespeed/css/0b29fc3a09a8b968c0f2225565037d35.css?ver=37d35 HTTP/1.1" 200 325 "-" "Mozilla/5.0 (compatible; bingbot/2.0; +http://www.bing.com/bingbot.htm)"
207.46.13.37 - - [03/Jun/2022:11:00:54 +0100] "GET /wp-content/litespeed/css/cb21ec2d70e49154406ff85a4f971eb0.css?ver=d954e HTTP/1.1" 200 805 "-" "Mozilla/5.0 (compatible; bingbot/2.0; +http://www.bing.com/bingbot.htm)"
207.46.13.37 - - [03/Jun/2022:11:00:54 +0100] "GET /wp-content/plugins/cookie-law-info/public/js/cookie-law-info-public.js?ver=2.1.2 HTTP/1.1" 200 9204 "-" "Mozilla/5.0 (compatible; bingbot/2.0; +http://www.bing.com/bingbot.htm)"
207.46.13.109 - - [03/Jun/2022:11:00:55 +0100] "GET /wp-content/litespeed/css/cf22e83ddbcbe9bf0a5483ea759a38f0.css?ver=d193d HTTP/1.1" 200 14692 "-" "Mozilla/5.0 (compatible; bingbot/2.0; +http://www.bing.com/bingbot.htm)"
207.46.13.37 - - [03/Jun/2022:11:00:56 +0100] "GET /wp-content/plugins/elementor/assets/lib/share-link/share-link.min.js?ver=3.6.5 HTTP/1.1" 200 1152 "-" "Mozilla/5.0 (compatible; bingbot/2.0; +http://www.bing.com/bingbot.htm)"
157.55.39.36 - - [03/Jun/2022:11:00:56 +0100] "GET /wp-content/litespeed/css/802079df8e5562506316a2debb143a79.css?ver=0d84c HTTP/1.1" 200 964 "-" "Mozilla/5.0 (compatible; bingbot/2.0; +http://www.bing.com/bingbot.htm)"
207.46.13.37 - - [03/Jun/2022:11:00:57 +0100] "GET /wp-includes/js/jquery/ui/core.min.js?ver=1.13.1 HTTP/1.1" 200 7544 "-" "Mozilla/5.0 (compatible; bingbot/2.0; +http://www.bing.com/bingbot.htm)"
207.46.13.109 - - [03/Jun/2022:11:00:58 +0100] "GET /wp-content/plugins/elementor/assets/lib/dialog/dialog.min.js?ver=4.9.0 HTTP/1.1" 200 3760 "-" "Mozilla/5.0 (compatible; bingbot/2.0; +http://www.bing.com/bingbot.htm)"
157.55.39.36 - - [03/Jun/2022:11:01:00 +0100] "GET /wp-content/themes/lovecraft/assets/js/doubletaptogo.min.js?ver=1 HTTP/1.1" 200 358 "-" "Mozilla/5.0 (compatible; bingbot/2.0; +http://www.bing.com/bingbot.htm)"
207.46.13.109 - - [03/Jun/2022:11:01:01 +0100] "GET /wp-content/plugins/form-maker/js/scripts.min.js?ver=1.15.1 HTTP/1.1" 200 52372 "-" "Mozilla/5.0 (compatible; bingbot/2.0; +http://www.bing.com/bingbot.htm)"
10.4.96.3 - - [03/Jun/2022:11:01:02 +0100] "GET /wp-content/plugins/elementor/assets/js/preloaded-modules.min.js?ver=3.6.5 HTTP/1.1" 200 14722 "-" "Mozilla/5.0 (compatible; bingbot/2.0; +http://www.bing.com/bingbot.htm)"
207.46.13.109 - - [03/Jun/2022:11:01:04 +0100] "GET /wp-includes/js/jquery/ui/effect-shake.min.js?ver=1.13.1 HTTP/1.1" 200 486 "-" "Mozilla/5.0 (compatible; bingbot/2.0; +http://www.bing.com/bingbot.htm)"
207.46.13.36 - - [03/Jun/2022:11:01:05 +0100] "GET /wp-content/plugins/elementor/assets/js/webpack.runtime.min.js?ver=3.6.5 HTTP/1.1" 200 2247 "-" "Mozilla/5.0 (compatible; bingbot/2.0; +http://www.bing.com/bingbot.htm)"
207.46.13.36 - - [03/Jun/2022:11:01:08 +0100] "GET /wp-content/plugins/elementor/assets/lib/waypoints/waypoints.min.js?ver=4.0.2 HTTP/1.1" 200 3407 "-" "Mozilla/5.0 (compatible; bingbot/2.0; +http://www.bing.com/bingbot.htm)"
207.46.13.62 - - [03/Jun/2022:11:01:09 +0100] "GET /wp-content/litespeed/css/28077ec3d4019a380b51ef57e24685fc.css?ver=66055 HTTP/1.1" 200 1475 "-" "Mozilla/5.0 (compatible; bingbot/2.0; +http://www.bing.com/bingbot.htm)"
207.46.13.62 - - [03/Jun/2022:11:01:11 +0100] "GET /wp-content/litespeed/css/7fc244cfde1bf65913b8fe96f09025c4.css?ver=99e40 HTTP/1.1" 200 23157 "-" "Mozilla/5.0 (compatible; bingbot/2.0; +http://www.bing.com/bingbot.htm)"
207.46.13.36 - - [03/Jun/2022:11:01:11 +0100] "GET /wp-content/plugins/simple-banner/simple-banner.js?ver=2.11.0 HTTP/1.1" 200 1512 "-" "Mozilla/5.0 (compatible; bingbot/2.0; +http://www.bing.com/bingbot.htm)"
207.46.13.62 - - [03/Jun/2022:11:01:14 +0100] "GET /wp-content/litespeed/css/b50394726d8e038b2a3b6c685cdb2a02.css?ver=e1a53 HTTP/1.1" 200 3031 "-" "Mozilla/5.0 (compatible; bingbot/2.0; +http://www.bing.com/bingbot.htm)"
207.46.13.36 - - [03/Jun/2022:11:01:14 +0100] "GET /wp-includes/js/jquery/jquery.min.js?ver=3.6.0 HTTP/1.1" 200 34819 "-" "Mozilla/5.0 (compatible; bingbot/2.0; +http://www.bing.com/bingbot.htm)"
207.46.13.62 - - [03/Jun/2022:11:01:17 +0100] "GET /wp-content/litespeed/css/f1f3bb515f8594534f56b8b8eb04f322.css?ver=bdff9 HTTP/1.1" 200 10202 "-" "Mozilla/5.0 (compatible; bingbot/2.0; +http://www.bing.com/bingbot.htm)"
10.4.96.3 - - [03/Jun/2022:11:01:18 +0100] "GET /wp-includes/js/jquery/ui/effect.min.js?ver=1.13.1 HTTP/1.1" 200 7028 "-" "Mozilla/5.0 (compatible; bingbot/2.0; +http://www.bing.com/bingbot.htm)"
207.46.13.62 - - [03/Jun/2022:11:01:20 +0100] "GET /wp-content/plugins/elementor/assets/js/frontend-modules.min.js?ver=3.6.5 HTTP/1.1" 200 5026 "-" "Mozilla/5.0 (compatible; bingbot/2.0; +http://www.bing.com/bingbot.htm)"
10.4.96.3 - - [03/Jun/2022:11:01:21 +0100] "GET /wp-includes/js/wp-emoji-release.min.js?ver=6.0 HTTP/1.1" 200 5712 "-" "Mozilla/5.0 (compatible; bingbot/2.0; +http://www.bing.com/bingbot.htm)"
207.46.13.62 - - [03/Jun/2022:11:01:23 +0100] "GET /wp-content/plugins/elementor/assets/js/frontend.min.js?ver=3.6.5 HTTP/1.1" 200 12321 "-" "Mozilla/5.0 (compatible; bingbot/2.0; +http://www.bing.com/bingbot.htm)"
207.46.13.62 - - [03/Jun/2022:11:01:26 +0100] "GET /wp-content/uploads/form-maker-frontend/js/fm-script-1.js?ver=2104138307 HTTP/1.1" 200 1844 "-" "Mozilla/5.0 (compatible; bingbot/2.0; +http://www.bing.com/bingbot.htm)"
54.68.32.247 - - [03/Jun/2022:11:01:33 +0100] "POST /?rest_route=%2Fwordfence%2Fv1%2Fauthenticate HTTP/1.1" 200 134 "-" "Wordfence Central API v1.0"
54.68.32.247 - - [03/Jun/2022:11:01:34 +0100] "POST /?rest_route=%2Fwordfence%2Fv1%2Fauthenticate HTTP/1.1" 200 263 "-" "Wordfence Central API v1.0"
54.68.32.247 - - [03/Jun/2022:11:01:35 +0100] "POST /?rest_route=%2Fwordfence%2Fv1%2Fconfig HTTP/1.1" 200 3081 "-" "Wordfence Central API v1.0"
54.191.137.17 - - [03/Jun/2022:11:02:20 +0100] "GET / HTTP/2" 301 0 "-" "Mozilla/5.0 (X11; Linux x86_64) AppleWebKit/537.36 (KHTML, like Gecko) HeadlessChrome/60.0.3112.101 Safari/537.36"
40.77.190.154 - - [03/Jun/2022:11:16:49 +0100] "GET /wp-admin/admin-ajax.php HTTP/1.1" 400 1 "-" "Mozilla/5.0 (Windows NT 6.1; WOW64) AppleWebKit/534+ (KHTML, like Gecko) BingPreview/1.0b"
149.28.121.72 - - [03/Jun/2022:11:16:50 +0100] "HEAD / HTTP/1.1" 200 0 "-" "-"
157.55.39.36 - - [03/Jun/2022:11:32:46 +0100] "GET /wp-content/uploads/2022/02/RomanandSorm30-1280x1974.jpg HTTP/1.1" 403 1229 "-" "Mozilla/5.0 (compatible; bingbot/2.0; +http://www.bing.com/bingbot.htm)"
149.28.11.90 - - [03/Jun/2022:11:32:46 +0100] "HEAD / HTTP/1.1" 200 0 "-" "-"
54.68.32.247 - - [03/Jun/2022:12:01:33 +0100] "POST /?rest_route=%2Fwordfence%2Fv1%2Fauthenticate HTTP/1.1" 200 134 "-" "Wordfence Central API v1.0"
51.81.186.219 - - [03/Jun/2022:12:01:34 +0100] "HEAD / HTTP/1.1" 200 0 "-" "-"
54.68.32.247 - - [03/Jun/2022:12:01:34 +0100] "POST /?rest_route=%2Fwordfence%2Fv1%2Fauthenticate HTTP/1.1" 200 264 "-" "Wordfence Central API v1.0"
54.68.32.247 - - [03/Jun/2022:12:01:35 +0100] "POST /?rest_route=%2Fwordfence%2Fv1%2Fconfig HTTP/1.1" 200 3081 "-" "Wordfence Central API v1.0"
10.4.96.3 - - [03/Jun/2022:12:03:47 +0100] "GET /wp-content/uploads/2021/09/119-709x1536.jpg HTTP/1.1" 403 1229 "-" "Mozilla/5.0 (compatible; bingbot/2.0; +http://www.bing.com/bingbot.htm)"
149.28.11.90 - - [03/Jun/2022:12:03:47 +0100] "HEAD / HTTP/1.1" 200 0 "-" "-"
10.4.96.3 - - [03/Jun/2022:12:37:24 +0100] "GET /author/Peterswe/page/3/ HTTP/1.1" 200 12197 "-" "Mozilla/5.0 (compatible; bingbot/2.0; +http://www.bing.com/bingbot.htm)"
31.185.228.244 - - [03/Jun/2022:12:43:16 +0100] "GET /activities/ HTTP/1.1" 200 11184 "https://www.walbottlevi.com/" "Mozilla/5.0 (iPhone; CPU iPhone OS 15_5 like Mac OS X) AppleWebKit/605.1.15 (KHTML, like Gecko) CriOS/102.0.5005.87 Mobile/15E148 Safari/604.1"
2.58.28.32 - - [03/Jun/2022:12:43:16 +0100] "HEAD / HTTP/1.1" 200 0 "-" "-"
31.185.228.244 - - [03/Jun/2022:12:43:34 +0100] "GET /activities/get-fit-with-lisa/ HTTP/1.1" 200 11291 "https://www.walbottlevi.com/activities/" "Mozilla/5.0 (iPhone; CPU iPhone OS 15_5 like Mac OS X) AppleWebKit/605.1.15 (KHTML, like Gecko) CriOS/102.0.5005.87 Mobile/15E148 Safari/604.1"
31.185.228.244 - - [03/Jun/2022:12:43:34 +0100] "GET /wp-content/uploads/2021/09/Slide1.png HTTP/1.1" 200 236032 "https://www.walbottlevi.com/activities/get-fit-with-lisa/" "Mozilla/5.0 (iPhone; CPU iPhone OS 15_5 like Mac OS X) AppleWebKit/605.1.15 (KHTML, like Gecko) CriOS/102.0.5005.87 Mobile/15E148 Safari/604.1"
31.185.228.244 - - [03/Jun/2022:12:44:27 +0100] "GET /activities/street-dance/ HTTP/1.1" 200 11829 "https://www.walbottlevi.com/activities/get-fit-with-lisa/" "Mozilla/5.0 (iPhone; CPU iPhone OS 15_5 like Mac OS X) AppleWebKit/605.1.15 (KHTML, like Gecko) CriOS/102.0.5005.87 Mobile/15E148 Safari/604.1"
31.185.228.244 - - [03/Jun/2022:12:44:28 +0100] "GET /wp-content/uploads/2021/06/street-dance-683x1024.jpg HTTP/1.1" 200 145451 "https://www.walbottlevi.com/activities/street-dance/" "Mozilla/5.0 (iPhone; CPU iPhone OS 15_5 like Mac OS X) AppleWebKit/605.1.15 (KHTML, like Gecko) CriOS/102.0.5005.87 Mobile/15E148 Safari/604.1"
31.185.228.244 - - [03/Jun/2022:12:44:28 +0100] "GET /wp-content/uploads/2021/06/disney-dance-900x900.jpg HTTP/1.1" 200 175789 "https://www.walbottlevi.com/activities/street-dance/" "Mozilla/5.0 (iPhone; CPU iPhone OS 15_5 like Mac OS X) AppleWebKit/605.1.15 (KHTML, like Gecko) CriOS/102.0.5005.87 Mobile/15E148 Safari/604.1"
54.68.32.247 - - [03/Jun/2022:13:01:34 +0100] "POST /?rest_route=%2Fwordfence%2Fv1%2Fauthenticate HTTP/1.1" 200 134 "-" "Wordfence Central API v1.0"
51.81.186.219 - - [03/Jun/2022:13:01:34 +0100] "HEAD / HTTP/1.1" 200 0 "-" "-"
54.68.32.247 - - [03/Jun/2022:13:01:35 +0100] "POST /?rest_route=%2Fwordfence%2Fv1%2Fauthenticate HTTP/1.1" 200 265 "-" "Wordfence Central API v1.0"
54.68.32.247 - - [03/Jun/2022:13:01:35 +0100] "POST /?rest_route=%2Fwordfence%2Fv1%2Fconfig HTTP/1.1" 200 3078 "-" "Wordfence Central API v1.0"
54.68.32.247 - - [03/Jun/2022:14:01:32 +0100] "POST /?rest_route=%2Fwordfence%2Fv1%2Fauthenticate HTTP/1.1" 200 133 "-" "Wordfence Central API v1.0"
51.81.186.219 - - [03/Jun/2022:14:01:33 +0100] "HEAD / HTTP/1.1" 200 0 "-" "-"
54.68.32.247 - - [03/Jun/2022:14:01:33 +0100] "POST /?rest_route=%2Fwordfence%2Fv1%2Fauthenticate HTTP/1.1" 200 263 "-" "Wordfence Central API v1.0"
54.68.32.247 - - [03/Jun/2022:14:01:34 +0100] "POST /?rest_route=%2Fwordfence%2Fv1%2Fconfig HTTP/1.1" 200 3081 "-" "Wordfence Central API v1.0"
34.79.114.31 - - [03/Jun/2022:14:29:26 +0100] "GET /contact/ HTTP/1.1" 200 16250 "-" "DnBCrawler-Analytics"
152.228.171.66 - - [03/Jun/2022:14:29:26 +0100] "HEAD / HTTP/1.1" 200 0 "-" "-"
34.79.114.31 - - [03/Jun/2022:14:29:27 +0100] "GET /news/ HTTP/1.1" 200 13149 "-" "DnBCrawler-Analytics"
34.79.114.31 - - [03/Jun/2022:14:29:27 +0100] "GET /almo-photography/ HTTP/1.1" 200 13739 "-" "DnBCrawler-Analytics"
34.79.114.31 - - [03/Jun/2022:14:29:27 +0100] "GET /activities/over-60s/ HTTP/1.1" 200 12840 "-" "DnBCrawler-Analytics"
34.79.114.31 - - [03/Jun/2022:14:29:27 +0100] "GET /activities/street-dance/ HTTP/1.1" 200 13403 "-" "DnBCrawler-Analytics"
34.79.114.31 - - [03/Jun/2022:14:29:27 +0100] "GET /activities/gentle-movement-to-music/ HTTP/1.1" 200 12457 "-" "DnBCrawler-Analytics"
34.79.114.31 - - [03/Jun/2022:14:29:27 +0100] "GET /activities/treble-time/ HTTP/1.1" 200 13670 "-" "DnBCrawler-Analytics"
34.79.114.31 - - [03/Jun/2022:14:29:27 +0100] "GET /activities/yoga/ HTTP/1.1" 200 12709 "-" "DnBCrawler-Analytics"
34.79.114.31 - - [03/Jun/2022:14:29:27 +0100] "GET /activities/walbottle-art-group/ HTTP/1.1" 200 12744 "-" "DnBCrawler-Analytics"
157.55.39.36 - - [03/Jun/2022:14:57:45 +0100] "GET /news/ HTTP/1.1" 200 13149 "-" "Mozilla/5.0 (compatible; bingbot/2.0; +http://www.bing.com/bingbot.htm)"
149.28.11.90 - - [03/Jun/2022:14:57:45 +0100] "HEAD / HTTP/1.1" 200 0 "-" "-"
54.68.32.247 - - [03/Jun/2022:15:01:33 +0100] "POST /?rest_route=%2Fwordfence%2Fv1%2Fauthenticate HTTP/1.1" 200 132 "-" "Wordfence Central API v1.0"
51.81.186.219 - - [03/Jun/2022:15:01:34 +0100] "HEAD / HTTP/1.1" 200 0 "-" "-"
54.68.32.247 - - [03/Jun/2022:15:01:34 +0100] "POST /?rest_route=%2Fwordfence%2Fv1%2Fauthenticate HTTP/1.1" 200 262 "-" "Wordfence Central API v1.0"
54.68.32.247 - - [03/Jun/2022:15:01:35 +0100] "POST /?rest_route=%2Fwordfence%2Fv1%2Fconfig HTTP/1.1" 200 3078 "-" "Wordfence Central API v1.0"
86.156.165.171 - - [03/Jun/2022:15:25:30 +0100] "GET /news/ HTTP/1.1" 200 11541 "https://www.google.com/" "Mozilla/5.0 (Macintosh; Intel Mac OS X 10_13_6) AppleWebKit/605.1.15 (KHTML, like Gecko) Version/13.1.2 Safari/605.1.15"
2.58.28.32 - - [03/Jun/2022:15:25:30 +0100] "HEAD / HTTP/1.1" 200 0 "-" "-"
86.156.165.171 - - [03/Jun/2022:15:28:23 +0100] "GET /news/page/2/ HTTP/1.1" 200 11282 "https://www.walbottlevi.com/news/" "Mozilla/5.0 (Macintosh; Intel Mac OS X 10_13_6) AppleWebKit/605.1.15 (KHTML, like Gecko) Version/13.1.2 Safari/605.1.15"
86.156.165.171 - - [03/Jun/2022:15:28:38 +0100] "GET /news/page/3/ HTTP/1.1" 200 10734 "https://www.walbottlevi.com/news/page/2/" "Mozilla/5.0 (Macintosh; Intel Mac OS X 10_13_6) AppleWebKit/605.1.15 (KHTML, like Gecko) Version/13.1.2 Safari/605.1.15"
2.58.28.32 - - [03/Jun/2022:15:28:38 +0100] "HEAD / HTTP/1.1" 200 0 "-" "-"
54.68.32.247 - - [03/Jun/2022:16:01:33 +0100] "POST /?rest_route=%2Fwordfence%2Fv1%2Fauthenticate HTTP/1.1" 200 134 "-" "Wordfence Central API v1.0"
51.81.186.219 - - [03/Jun/2022:16:01:34 +0100] "HEAD / HTTP/1.1" 200 0 "-" "-"
54.68.32.247 - - [03/Jun/2022:16:01:34 +0100] "POST /?rest_route=%2Fwordfence%2Fv1%2Fauthenticate HTTP/1.1" 200 264 "-" "Wordfence Central API v1.0"
54.68.32.247 - - [03/Jun/2022:16:01:35 +0100] "POST /?rest_route=%2Fwordfence%2Fv1%2Fconfig HTTP/1.1" 200 3078 "-" "Wordfence Central API v1.0"
66.249.68.95 - - [03/Jun/2022:16:49:01 +0100] "GET /robots.txt HTTP/1.1" 200 102 "-" "Mozilla/5.0 (compatible; Googlebot/2.1; +http://www.google.com/bot.html)"
64.225.34.246 - - [03/Jun/2022:16:49:02 +0100] "HEAD / HTTP/1.1" 200 0 "-" "-"
66.249.68.67 - - [03/Jun/2022:16:49:02 +0100] "GET /wp-content/uploads/2020/09/cropped-IMG_0477-scaled-2.jpg HTTP/1.1" 403 1229 "-" "Googlebot-Image/1.0"
185.199.220.52 - - [03/Jun/2022:17:01:05 +0100] "POST /wp-admin/admin-ajax.php?action=wordfence_testAjax HTTP/1.1" 200 32 "https://www.walbottlevi.com/wp-admin/admin-ajax.php?action=wordfence_testAjax" "WordPress/6.0; https://www.walbottlevi.com"
2.58.28.32 - - [03/Jun/2022:17:01:05 +0100] "HEAD / HTTP/1.1" 200 0 "-" "-"
185.199.220.52 - - [03/Jun/2022:17:01:06 +0100] "GET /wp-admin/admin-ajax.php?action=wordfence_doScan&isFork=0&scanMode=quick&cronKey=5117595694b813a699cea20237e5354f&signature=2b209e2c5d8be9dd94fd126cc0cf6afb7f66b80011c7544affa3f17268a7fd98 HTTP/1.1" 200 0 "-" "WordPress/6.0; https://www.walbottlevi.com"
54.68.32.247 - - [03/Jun/2022:17:01:38 +0100] "POST /?rest_route=%2Fwordfence%2Fv1%2Fauthenticate HTTP/1.1" 200 134 "-" "Wordfence Central API v1.0"
51.81.186.219 - - [03/Jun/2022:17:01:39 +0100] "HEAD / HTTP/1.1" 200 0 "-" "-"
54.68.32.247 - - [03/Jun/2022:17:01:39 +0100] "POST /?rest_route=%2Fwordfence%2Fv1%2Fauthenticate HTTP/1.1" 200 263 "-" "Wordfence Central API v1.0"
54.68.32.247 - - [03/Jun/2022:17:01:40 +0100] "POST /?rest_route=%2Fwordfence%2Fv1%2Fconfig HTTP/1.1" 200 3078 "-" "Wordfence Central API v1.0"
54.36.148.222 - - [03/Jun/2022:17:28:05 +0100] "GET /robots.txt HTTP/2" 301 0 "-" "Mozilla/5.0 (compatible; AhrefsBot/7.0; +http://ahrefs.com/robot/)"
54.68.32.247 - - [03/Jun/2022:18:01:33 +0100] "POST /?rest_route=%2Fwordfence%2Fv1%2Fauthenticate HTTP/1.1" 200 133 "-" "Wordfence Central API v1.0"
51.81.186.219 - - [03/Jun/2022:18:01:34 +0100] "HEAD / HTTP/1.1" 200 0 "-" "-"
54.68.32.247 - - [03/Jun/2022:18:01:34 +0100] "POST /?rest_route=%2Fwordfence%2Fv1%2Fauthenticate HTTP/1.1" 200 261 "-" "Wordfence Central API v1.0"
54.68.32.247 - - [03/Jun/2022:18:01:35 +0100] "POST /?rest_route=%2Fwordfence%2Fv1%2Fconfig HTTP/1.1" 200 3078 "-" "Wordfence Central API v1.0"
66.249.68.67 - - [03/Jun/2022:18:59:41 +0100] "GET /post-sitemap.xml HTTP/1.1" 200 608 "-" "Mozilla/5.0 (compatible; Googlebot/2.1; +http://www.google.com/bot.html)"
64.225.34.246 - - [03/Jun/2022:18:59:42 +0100] "HEAD / HTTP/1.1" 200 0 "-" "-"
54.68.32.247 - - [03/Jun/2022:19:01:33 +0100] "POST /?rest_route=%2Fwordfence%2Fv1%2Fauthenticate HTTP/1.1" 200 134 "-" "Wordfence Central API v1.0"
51.81.186.219 - - [03/Jun/2022:19:01:34 +0100] "HEAD / HTTP/1.1" 200 0 "-" "-"
54.68.32.247 - - [03/Jun/2022:19:01:34 +0100] "POST /?rest_route=%2Fwordfence%2Fv1%2Fauthenticate HTTP/1.1" 200 263 "-" "Wordfence Central API v1.0"
54.68.32.247 - - [03/Jun/2022:19:01:35 +0100] "POST /?rest_route=%2Fwordfence%2Fv1%2Fconfig HTTP/1.1" 200 3078 "-" "Wordfence Central API v1.0"
185.191.171.38 - - [03/Jun/2022:19:21:02 +0100] "GET /news/category/uncategorized/ HTTP/1.1" 200 13038 "-" "Mozilla/5.0 (compatible; SemrushBot/7~bl; +http://www.semrush.com/bot.html)"
135.148.148.230 - - [03/Jun/2022:19:21:03 +0100] "HEAD / HTTP/1.1" 200 0 "-" "-"
66.249.68.64 - - [03/Jun/2022:19:29:51 +0100] "GET /wp-content/plugins/cookie-law-info/public/js/cookie-law-info-public.js?ver=2.1.2 HTTP/1.1" 200 7223 "https://www.walbottlevi.com/" "Mozilla/5.0 (Linux; Android 6.0.1; Nexus 5X Build/MMB29P) AppleWebKit/537.36 (KHTML, like Gecko) Chrome/101.0.4951.64 Mobile Safari/537.36 (compatible; Googlebot/2.1; +http://www.google.com/bot.html)"
66.249.68.64 - - [03/Jun/2022:19:29:51 +0100] "GET /wp-includes/js/jquery/jquery.min.js?ver=3.6.0 HTTP/1.1" 200 30273 "https://www.walbottlevi.com/" "Mozilla/5.0 (Linux; Android 6.0.1; Nexus 5X Build/MMB29P) AppleWebKit/537.36 (KHTML, like Gecko) Chrome/101.0.4951.64 Mobile Safari/537.36 (compatible; Googlebot/2.1; +http://www.google.com/bot.html)"
66.249.68.95 - - [03/Jun/2022:19:29:51 +0100] "GET /wp-content/litespeed/css/0b29fc3a09a8b968c0f2225565037d35.css?ver=37d35 HTTP/1.1" 200 279 "https://www.walbottlevi.com/" "Mozilla/5.0 (Linux; Android 6.0.1; Nexus 5X Build/MMB29P) AppleWebKit/537.36 (KHTML, like Gecko) Chrome/101.0.4951.64 Mobile Safari/537.36 (compatible; Googlebot/2.1; +http://www.google.com/bot.html)"
66.249.68.64 - - [03/Jun/2022:19:29:51 +0100] "GET /wp-content/themes/lovecraft/assets/js/doubletaptogo.min.js?ver=1 HTTP/1.1" 200 297 "https://www.walbottlevi.com/" "Mozilla/5.0 (Linux; Android 6.0.1; Nexus 5X Build/MMB29P) AppleWebKit/537.36 (KHTML, like Gecko) Chrome/101.0.4951.64 Mobile Safari/537.36 (compatible; Googlebot/2.1; +http://www.google.com/bot.html)"
64.225.34.246 - - [03/Jun/2022:19:29:51 +0100] "HEAD / HTTP/1.1" 200 0 "-" "-"
66.249.68.95 - - [03/Jun/2022:19:29:52 +0100] "GET /wp-content/litespeed/css/28077ec3d4019a380b51ef57e24685fc.css?ver=66055 HTTP/1.1" 200 1220 "https://www.walbottlevi.com/" "Mozilla/5.0 (Linux; Android 6.0.1; Nexus 5X Build/MMB29P) AppleWebKit/537.36 (KHTML, like Gecko) Chrome/101.0.4951.64 Mobile Safari/537.36 (compatible; Googlebot/2.1; +http://www.google.com/bot.html)"
10.4.96.3 - - [03/Jun/2022:19:56:01 +0100] "GET /sitemap_index.xml HTTP/1.1" 200 325 "-" "Mozilla/5.0 (compatible; bingbot/2.0; +http://www.bing.com/bingbot.htm)"
149.28.11.90 - - [03/Jun/2022:19:56:02 +0100] "HEAD / HTTP/1.1" 200 0 "-" "-"
54.68.32.247 - - [03/Jun/2022:20:01:32 +0100] "POST /?rest_route=%2Fwordfence%2Fv1%2Fauthenticate HTTP/1.1" 200 133 "-" "Wordfence Central API v1.0"
51.81.186.219 - - [03/Jun/2022:20:01:33 +0100] "HEAD / HTTP/1.1" 200 0 "-" "-"
54.68.32.247 - - [03/Jun/2022:20:01:34 +0100] "POST /?rest_route=%2Fwordfence%2Fv1%2Fauthenticate HTTP/1.1" 200 265 "-" "Wordfence Central API v1.0"
54.68.32.247 - - [03/Jun/2022:20:01:35 +0100] "POST /?rest_route=%2Fwordfence%2Fv1%2Fconfig HTTP/1.1" 200 3081 "-" "Wordfence Central API v1.0"
150.249.214.250 - - [03/Jun/2022:20:44:49 +0100] "HEAD / HTTP/1.1" 301 0 "-" "Mozilla/5.0 (Windows NT 10.0; Win64; x64) AppleWebKit/537.36 (KHTML, like Gecko) Chrome/74.0.3729.169 Safari/537.36"
39.111.208.132 - - [03/Jun/2022:20:44:52 +0100] "HEAD / HTTP/1.1" 200 0 "-" "Mozilla/5.0 (Windows NT 10.0; Win64; x64) AppleWebKit/537.36 (KHTML, like Gecko) Chrome/74.0.3729.169 Safari/537.36"
74.3.163.74 - - [03/Jun/2022:20:44:52 +0100] "HEAD / HTTP/1.1" 200 0 "-" "-"
54.68.32.247 - - [03/Jun/2022:21:01:32 +0100] "POST /?rest_route=%2Fwordfence%2Fv1%2Fauthenticate HTTP/1.1" 200 133 "-" "Wordfence Central API v1.0"
51.81.186.219 - - [03/Jun/2022:21:01:33 +0100] "HEAD / HTTP/1.1" 200 0 "-" "-"
54.68.32.247 - - [03/Jun/2022:21:01:33 +0100] "POST /?rest_route=%2Fwordfence%2Fv1%2Fauthenticate HTTP/1.1" 200 264 "-" "Wordfence Central API v1.0"
54.68.32.247 - - [03/Jun/2022:21:01:34 +0100] "POST /?rest_route=%2Fwordfence%2Fv1%2Fconfig HTTP/1.1" 200 3081 "-" "Wordfence Central API v1.0"
34.222.47.228 - - [03/Jun/2022:21:36:58 +0100] "GET / HTTP/1.1" 301 0 "-" "Mozilla/5.0 (X11; Linux x86_64) AppleWebKit/537.36 (KHTML, like Gecko) Chrome/83.0.4103.97 Safari/537.36"
54.185.170.44 - - [03/Jun/2022:21:36:58 +0100] "GET / HTTP/1.1" 301 0 "-" "Mozilla/5.0 (X11; Linux x86_64) AppleWebKit/537.36 (KHTML, like Gecko) Chrome/83.0.4103.97 Safari/537.36"
34.222.47.228 - - [03/Jun/2022:21:37:00 +0100] "GET / HTTP/1.1" 200 12605 "-" "Mozilla/5.0 (X11; Linux x86_64) AppleWebKit/537.36 (KHTML, like Gecko) Chrome/83.0.4103.97 Safari/537.36"
149.28.11.90 - - [03/Jun/2022:21:37:00 +0100] "HEAD / HTTP/1.1" 200 0 "-" "-"
52.33.44.202 - - [03/Jun/2022:21:37:31 +0100] "GET /favicon.ico HTTP/1.1" 404 1238 "-" "Mozilla/5.0 (X11; Linux x86_64) AppleWebKit/537.36 (KHTML, like Gecko) Chrome/83.0.4103.97 Safari/537.36"
52.33.44.202 - - [03/Jun/2022:21:37:32 +0100] "GET / HTTP/1.1" 301 0 "-" "Mozilla/5.0 (X11; Linux x86_64) AppleWebKit/537.36 (KHTML, like Gecko) Chrome/83.0.4103.97 Safari/537.36"
52.33.44.202 - - [03/Jun/2022:21:37:33 +0100] "GET /wp-content/uploads/2019/11/cropped-WVIMain-32x32.png HTTP/1.1" 403 1229 "-" "Go-http-client/1.1"
51.222.253.20 - - [03/Jun/2022:21:39:58 +0100] "GET /robots.txt HTTP/1.1" 200 102 "-" "Mozilla/5.0 (compatible; AhrefsBot/7.0; +http://ahrefs.com/robot/)"
199.59.247.242 - - [03/Jun/2022:21:39:58 +0100] "HEAD / HTTP/1.1" 200 0 "-" "-"
207.46.13.109 - - [03/Jun/2022:21:43:09 +0100] "GET /diary/ HTTP/1.1" 200 12205 "-" "Mozilla/5.0 (compatible; bingbot/2.0; +http://www.bing.com/bingbot.htm)"
149.28.11.90 - - [03/Jun/2022:21:43:09 +0100] "HEAD / HTTP/1.1" 200 0 "-" "-"
207.46.13.37 - - [03/Jun/2022:21:43:29 +0100] "GET /wp-content/plugins/cookie-law-info/public/js/cookie-law-info-public.js?ver=2.1.2 HTTP/1.1" 200 9204 "-" "Mozilla/5.0 (compatible; bingbot/2.0; +http://www.bing.com/bingbot.htm)"
207.46.13.36 - - [03/Jun/2022:21:43:37 +0100] "GET /wp-content/litespeed/css/04c205088aef6ab86671135984bde441.css?ver=ef894 HTTP/1.1" 200 250 "-" "Mozilla/5.0 (compatible; bingbot/2.0; +http://www.bing.com/bingbot.htm)"
207.46.13.36 - - [03/Jun/2022:21:43:40 +0100] "GET /wp-content/plugins/simple-banner/simple-banner.js?ver=2.11.0 HTTP/1.1" 200 1512 "-" "Mozilla/5.0 (compatible; bingbot/2.0; +http://www.bing.com/bingbot.htm)"
149.28.11.90 - - [03/Jun/2022:21:43:40 +0100] "HEAD / HTTP/1.1" 200 0 "-" "-"
40.77.188.29 - - [03/Jun/2022:21:59:30 +0100] "GET /wp-content/themes/lovecraft/assets/fonts/genericons/Genericons.woff HTTP/1.1" 200 13116 "-" "Mozilla/5.0 (Windows NT 6.1; WOW64) AppleWebKit/534+ (KHTML, like Gecko) BingPreview/1.0b"
149.28.121.72 - - [03/Jun/2022:21:59:30 +0100] "HEAD / HTTP/1.1" 200 0 "-" "-"
148.252.132.111 - - [03/Jun/2022:21:59:48 +0100] "GET /diary/ HTTP/1.1" 200 10949 "https://www.walbottlevi.com/" "Mozilla/5.0 (Linux; Android 8.1.0; SM-T585) AppleWebKit/537.36 (KHTML, like Gecko) Chrome/70.0.3538.110 Safari/537.36"
2.58.28.32 - - [03/Jun/2022:21:59:49 +0100] "HEAD / HTTP/1.1" 200 0 "-" "-"
54.68.32.247 - - [03/Jun/2022:22:01:33 +0100] "POST /?rest_route=%2Fwordfence%2Fv1%2Fauthenticate HTTP/1.1" 200 133 "-" "Wordfence Central API v1.0"
54.68.32.247 - - [03/Jun/2022:22:01:34 +0100] "POST /?rest_route=%2Fwordfence%2Fv1%2Fauthenticate HTTP/1.1" 200 264 "-" "Wordfence Central API v1.0"
54.68.32.247 - - [03/Jun/2022:22:01:35 +0100] "POST /?rest_route=%2Fwordfence%2Fv1%2Fconfig HTTP/1.1" 200 3081 "-" "Wordfence Central API v1.0"
148.252.132.111 - - [03/Jun/2022:22:02:17 +0100] "GET /activities/walbottle-art-group/ HTTP/1.1" 200 11292 "https://www.walbottlevi.com/diary/" "Mozilla/5.0 (Linux; Android 8.1.0; SM-T585) AppleWebKit/537.36 (KHTML, like Gecko) Chrome/70.0.3538.110 Safari/537.36"
148.252.132.111 - - [03/Jun/2022:22:02:18 +0100] "GET /wp-content/uploads/2021/07/WAG.png HTTP/1.1" 200 232452 "https://www.walbottlevi.com/activities/walbottle-art-group/" "Mozilla/5.0 (Linux; Android 8.1.0; SM-T585) AppleWebKit/537.36 (KHTML, like Gecko) Chrome/70.0.3538.110 Safari/537.36"
148.252.132.111 - - [03/Jun/2022:22:02:53 +0100] "GET /news/ HTTP/1.1" 200 11533 "https://www.walbottlevi.com/" "Mozilla/5.0 (Linux; Android 8.1.0; SM-T585) AppleWebKit/537.36 (KHTML, like Gecko) Chrome/70.0.3538.110 Safari/537.36"
148.252.132.111 - - [03/Jun/2022:22:04:19 +0100] "GET /news/page/2/ HTTP/1.1" 200 11274 "https://www.walbottlevi.com/news/" "Mozilla/5.0 (Linux; Android 8.1.0; SM-T585) AppleWebKit/537.36 (KHTML, like Gecko) Chrome/70.0.3538.110 Safari/537.36"
2.58.28.32 - - [03/Jun/2022:22:04:20 +0100] "HEAD / HTTP/1.1" 200 0 "-" "-"
148.252.132.111 - - [03/Jun/2022:22:06:52 +0100] "GET /news/page/3/ HTTP/1.1" 200 10749 "https://www.walbottlevi.com/news/page/2/" "Mozilla/5.0 (Linux; Android 8.1.0; SM-T585) AppleWebKit/537.36 (KHTML, like Gecko) Chrome/70.0.3538.110 Safari/537.36"
148.252.132.111 - - [03/Jun/2022:22:07:04 +0100] "GET /activities/over-60s/ HTTP/1.1" 200 11347 "https://www.walbottlevi.com/news/page/3/" "Mozilla/5.0 (Linux; Android 8.1.0; SM-T585) AppleWebKit/537.36 (KHTML, like Gecko) Chrome/70.0.3538.110 Safari/537.36"
148.252.132.111 - - [03/Jun/2022:22:07:05 +0100] "GET /wp-content/uploads/2021/07/Over-60s.png.webp HTTP/1.1" 200 41602 "https://www.walbottlevi.com/activities/over-60s/" "Mozilla/5.0 (Linux; Android 8.1.0; SM-T585) AppleWebKit/537.36 (KHTML, like Gecko) Chrome/70.0.3538.110 Safari/537.36"
66.249.68.64 - - [03/Jun/2022:22:07:20 +0100] "GET /wp-content/plugins/cookie-law-info/public/images/logo-cookieyes.svg HTTP/1.1" 200 1030 "-" "Googlebot-Image/1.0"
64.225.34.246 - - [03/Jun/2022:22:07:21 +0100] "HEAD / HTTP/1.1" 200 0 "-" "-"
148.252.132.111 - - [03/Jun/2022:22:07:30 +0100] "GET /activities/gentle-movement-to-music/ HTTP/1.1" 200 11111 "https://www.walbottlevi.com/news/page/3/" "Mozilla/5.0 (Linux; Android 8.1.0; SM-T585) AppleWebKit/537.36 (KHTML, like Gecko) Chrome/70.0.3538.110 Safari/537.36"
54.191.137.17 - - [03/Jun/2022:22:58:33 +0100] "POST /wp-load.php?mwprid=629a840a3df895.31799198 HTTP/1.1" 200 10311 "https://walbottlevi.com/" "Mozilla/5.0 (Windows NT 10.0; Win64; x64) AppleWebKit/537.36 (KHTML, like Gecko) Chrome/62.0.3202.94 Safari/537.36"
54.191.137.17 - - [03/Jun/2022:22:58:45 +0100] "POST /wp-load.php?mwprid=629a8415eaebc8.73525472 HTTP/1.1" 200 689 "https://walbottlevi.com/" "Mozilla/5.0 (Windows NT 10.0; Win64; x64) AppleWebKit/537.36 (KHTML, like Gecko) Chrome/62.0.3202.94 Safari/537.36"
54.191.137.17 - - [03/Jun/2022:22:58:50 +0100] "POST /wp-load.php?mwprid=629a8417dc5f36.83661172 HTTP/1.1" 200 690 "https://walbottlevi.com/" "Mozilla/5.0 (Windows NT 10.0; Win64; x64) AppleWebKit/537.36 (KHTML, like Gecko) Chrome/62.0.3202.94 Safari/537.36"
54.68.32.247 - - [03/Jun/2022:23:01:32 +0100] "POST /?rest_route=%2Fwordfence%2Fv1%2Fauthenticate HTTP/1.1" 200 134 "-" "Wordfence Central API v1.0"
51.81.186.219 - - [03/Jun/2022:23:01:33 +0100] "HEAD / HTTP/1.1" 200 0 "-" "-"
54.68.32.247 - - [03/Jun/2022:23:01:33 +0100] "POST /?rest_route=%2Fwordfence%2Fv1%2Fauthenticate HTTP/1.1" 200 261 "-" "Wordfence Central API v1.0"
54.68.32.247 - - [03/Jun/2022:23:01:34 +0100] "POST /?rest_route=%2Fwordfence%2Fv1%2Fconfig HTTP/1.1" 200 3078 "-" "Wordfence Central API v1.0"
205.210.31.17 - - [03/Jun/2022:23:33:37 +0100] "GET / HTTP/1.1" 401 35 "-" "Expanse, a Palo Alto Networks company, searches across the global IPv4 space multiple times per day to identify customers&#39; presences on the Internet. If you would like to be excluded from our scans, please send IP addresses/domains to: scaninfo@paloaltonetworks.com"
54.36.148.60 - - [03/Jun/2022:23:44:15 +0100] "GET /news/all-classes-now-back/ HTTP/1.1" 200 11816 "-" "Mozilla/5.0 (compatible; AhrefsBot/7.0; +http://ahrefs.com/robot/)"
54.68.32.247 - - [04/Jun/2022:00:01:34 +0100] "POST /?rest_route=%2Fwordfence%2Fv1%2Fauthenticate HTTP/1.1" 200 134 "-" "Wordfence Central API v1.0"
54.68.32.247 - - [04/Jun/2022:00:01:35 +0100] "POST /?rest_route=%2Fwordfence%2Fv1%2Fauthenticate HTTP/1.1" 200 264 "-" "Wordfence Central API v1.0"
54.68.32.247 - - [04/Jun/2022:00:01:36 +0100] "POST /?rest_route=%2Fwordfence%2Fv1%2Fconfig HTTP/1.1" 200 3081 "-" "Wordfence Central API v1.0"
87.250.224.131 - - [04/Jun/2022:00:29:35 +0100] "GET /activity.xml HTTP/1.1" 404 11671 "-" "Mozilla/5.0 (compatible; YandexBot/3.0; +http://yandex.com/bots)"
54.36.149.88 - - [04/Jun/2022:00:37:25 +0100] "GET /news/page/3/ HTTP/1.1" 200 10734 "-" "Mozilla/5.0 (compatible; AhrefsBot/7.0; +http://ahrefs.com/robot/)"
152.228.171.66 - - [04/Jun/2022:00:37:25 +0100] "HEAD / HTTP/1.1" 200 0 "-" "-"
207.46.13.109 - - [04/Jun/2022:00:53:57 +0100] "GET /wp-content/uploads/2021/09/119-473x1024.jpg HTTP/1.1" 403 1229 "-" "Mozilla/5.0 (compatible; bingbot/2.0; +http://www.bing.com/bingbot.htm)"
54.68.32.247 - - [04/Jun/2022:01:01:33 +0100] "POST /?rest_route=%2Fwordfence%2Fv1%2Fauthenticate HTTP/1.1" 200 133 "-" "Wordfence Central API v1.0"
54.68.32.247 - - [04/Jun/2022:01:01:34 +0100] "POST /?rest_route=%2Fwordfence%2Fv1%2Fauthenticate HTTP/1.1" 200 263 "-" "Wordfence Central API v1.0"
54.68.32.247 - - [04/Jun/2022:01:01:35 +0100] "POST /?rest_route=%2Fwordfence%2Fv1%2Fconfig HTTP/1.1" 200 3081 "-" "Wordfence Central API v1.0"
131.72.236.128 - - [04/Jun/2022:01:27:43 +0100] "GET /wp-login.php HTTP/1.1" 403 6988 "http://wvi.org.uk/wp-login.php" "Mozilla/5.0 (X11; Ubuntu; Linux x86_64; rv:62.0) Gecko/20100101 Firefox/62.0"
209.208.26.218 - - [04/Jun/2022:01:27:43 +0100] "HEAD / HTTP/1.1" 200 0 "-" "-"
185.199.220.52 - - [04/Jun/2022:02:01:02 +0100] "POST /?wordfence_syncAttackData=1654304462.2071 HTTP/1.1" 200 0 "https://www.walbottlevi.com/?wordfence_syncAttackData=1654304462.2071" "WordPress/6.0; https://www.walbottlevi.com"
2.58.28.32 - - [04/Jun/2022:02:01:02 +0100] "HEAD / HTTP/1.1" 200 0 "-" "-"
54.68.32.247 - - [04/Jun/2022:02:01:33 +0100] "POST /?rest_route=%2Fwordfence%2Fv1%2Fauthenticate HTTP/1.1" 200 134 "-" "Wordfence Central API v1.0"
51.81.186.219 - - [04/Jun/2022:02:01:34 +0100] "HEAD / HTTP/1.1" 200 0 "-" "-"
54.68.32.247 - - [04/Jun/2022:02:01:34 +0100] "POST /?rest_route=%2Fwordfence%2Fv1%2Fauthenticate HTTP/1.1" 200 265 "-" "Wordfence Central API v1.0"
54.68.32.247 - - [04/Jun/2022:02:01:35 +0100] "POST /?rest_route=%2Fwordfence%2Fv1%2Fconfig HTTP/1.1" 200 3081 "-" "Wordfence Central API v1.0"
40.77.167.38 - - [04/Jun/2022:02:17:58 +0100] "GET /sitemap_index.xml HTTP/1.1" 200 325 "-" "Mozilla/5.0 (compatible; bingbot/2.0; +http://www.bing.com/bingbot.htm)"
185.191.171.9 - - [04/Jun/2022:02:26:42 +0100] "GET /activities/pilates-with-julia/ HTTP/1.1" 200 12422 "-" "Mozilla/5.0 (compatible; SemrushBot/7~bl; +http://www.semrush.com/bot.html)"
135.148.148.230 - - [04/Jun/2022:02:26:42 +0100] "HEAD / HTTP/1.1" 200 0 "-" "-"
87.250.224.125 - - [04/Jun/2022:02:48:14 +0100] "GET /sitemap_index.xml HTTP/1.1" 200 325 "-" "Mozilla/5.0 (compatible; YandexBot/3.0; +http://yandex.com/bots)"
193.203.202.215 - - [04/Jun/2022:02:48:15 +0100] "HEAD / HTTP/1.1" 200 0 "-" "-"
54.68.32.247 - - [04/Jun/2022:03:01:34 +0100] "POST /?rest_route=%2Fwordfence%2Fv1%2Fauthenticate HTTP/1.1" 200 133 "-" "Wordfence Central API v1.0"
51.81.186.219 - - [04/Jun/2022:03:01:35 +0100] "HEAD / HTTP/1.1" 200 0 "-" "-"
54.68.32.247 - - [04/Jun/2022:03:01:35 +0100] "POST /?rest_route=%2Fwordfence%2Fv1%2Fauthenticate HTTP/1.1" 200 266 "-" "Wordfence Central API v1.0"
54.68.32.247 - - [04/Jun/2022:03:01:36 +0100] "POST /?rest_route=%2Fwordfence%2Fv1%2Fconfig HTTP/1.1" 200 3081 "-" "Wordfence Central API v1.0"
66.249.68.64 - - [04/Jun/2022:03:46:27 +0100] "GET /activities/over-60s/ HTTP/1.1" 200 11348 "-" "Mozilla/5.0 (Linux; Android 6.0.1; Nexus 5X Build/MMB29P) AppleWebKit/537.36 (KHTML, like Gecko) Chrome/101.0.4951.64 Mobile Safari/537.36 (compatible; Googlebot/2.1; +http://www.google.com/bot.html)"
64.225.34.246 - - [04/Jun/2022:03:46:28 +0100] "HEAD / HTTP/1.1" 200 0 "-" "-"
66.249.68.64 - - [04/Jun/2022:03:46:39 +0100] "GET /wp-content/litespeed/css/0b29fc3a09a8b968c0f2225565037d35.css?ver=37d35 HTTP/1.1" 200 279 "https://www.walbottlevi.com/activities/over-60s/" "Mozilla/5.0 (Linux; Android 6.0.1; Nexus 5X Build/MMB29P) AppleWebKit/537.36 (KHTML, like Gecko) Chrome/101.0.4951.64 Mobile Safari/537.36 (compatible; Googlebot/2.1; +http://www.google.com/bot.html)"
54.68.32.247 - - [04/Jun/2022:04:01:32 +0100] "POST /?rest_route=%2Fwordfence%2Fv1%2Fauthenticate HTTP/1.1" 200 133 "-" "Wordfence Central API v1.0"
54.68.32.247 - - [04/Jun/2022:04:01:33 +0100] "POST /?rest_route=%2Fwordfence%2Fv1%2Fauthenticate HTTP/1.1" 200 264 "-" "Wordfence Central API v1.0"
54.68.32.247 - - [04/Jun/2022:04:01:34 +0100] "POST /?rest_route=%2Fwordfence%2Fv1%2Fconfig HTTP/1.1" 200 3081 "-" "Wordfence Central API v1.0"
66.249.68.64 - - [04/Jun/2022:04:35:54 +0100] "GET /wp-content/litespeed/css/cb21ec2d70e49154406ff85a4f971eb0.css?ver=d954e HTTP/1.1" 200 630 "https://www.walbottlevi.com/" "Mozilla/5.0 AppleWebKit/537.36 (KHTML, like Gecko; compatible; Googlebot/2.1; +http://www.google.com/bot.html) Chrome/101.0.4951.64 Safari/537.36"
64.225.34.246 - - [04/Jun/2022:04:35:54 +0100] "HEAD / HTTP/1.1" 200 0 "-" "-"
66.249.68.95 - - [04/Jun/2022:04:35:54 +0100] "GET /wp-content/litespeed/css/962881a9f7b8a4ad588b826970384b0a.css?ver=f99ba HTTP/1.1" 200 3518 "https://www.walbottlevi.com/" "Mozilla/5.0 AppleWebKit/537.36 (KHTML, like Gecko; compatible; Googlebot/2.1; +http://www.google.com/bot.html) Chrome/101.0.4951.64 Safari/537.36"
66.249.68.95 - - [04/Jun/2022:04:35:59 +0100] "GET /wp-content/themes/lovecraft/assets/js/global.js?ver=2.0.1 HTTP/1.1" 200 896 "https://www.walbottlevi.com/" "Mozilla/5.0 AppleWebKit/537.36 (KHTML, like Gecko; compatible; Googlebot/2.1; +http://www.google.com/bot.html) Chrome/101.0.4951.64 Safari/537.36"
54.68.32.247 - - [04/Jun/2022:05:01:33 +0100] "POST /?rest_route=%2Fwordfence%2Fv1%2Fauthenticate HTTP/1.1" 200 134 "-" "Wordfence Central API v1.0"
54.68.32.247 - - [04/Jun/2022:05:01:34 +0100] "POST /?rest_route=%2Fwordfence%2Fv1%2Fauthenticate HTTP/1.1" 200 265 "-" "Wordfence Central API v1.0"
54.68.32.247 - - [04/Jun/2022:05:01:35 +0100] "POST /?rest_route=%2Fwordfence%2Fv1%2Fconfig HTTP/1.1" 200 3081 "-" "Wordfence Central API v1.0"
66.249.68.95 - - [04/Jun/2022:05:04:37 +0100] "GET /activities/yoga/ HTTP/1.1" 200 11257 "-" "Mozilla/5.0 (compatible; Googlebot/2.1; +http://www.google.com/bot.html)"
64.225.34.246 - - [04/Jun/2022:05:04:38 +0100] "HEAD / HTTP/1.1" 200 0 "-" "-"
66.249.68.95 - - [04/Jun/2022:05:04:52 +0100] "GET /wp-content/litespeed/css/0b29fc3a09a8b968c0f2225565037d35.css?ver=37d35 HTTP/1.1" 200 279 "https://www.walbottlevi.com/activities/yoga/" "Mozilla/5.0 AppleWebKit/537.36 (KHTML, like Gecko; compatible; Googlebot/2.1; +http://www.google.com/bot.html) Chrome/101.0.4951.64 Safari/537.36"
64.225.34.246 - - [04/Jun/2022:05:04:52 +0100] "HEAD / HTTP/1.1" 200 0 "-" "-"
94.12.10.164 - - [04/Jun/2022:05:06:03 +0100] "GET /.well-known/assetlinks.json HTTP/1.1" 301 0 "-" "Mozilla/5.0 (Macintosh; Intel Mac OS X 10_11_6) AppleWebKit/537.36 (KHTML, like Gecko) Chrome/53.0.2785.143 Safari/537.36"
94.12.10.164 - - [04/Jun/2022:05:06:04 +0100] "GET /.well-known/assetlinks.json HTTP/1.1" 404 11671 "-" "Mozilla/5.0 (Macintosh; Intel Mac OS X 10_11_6) AppleWebKit/537.36 (KHTML, like Gecko) Chrome/53.0.2785.143 Safari/537.36"
40.77.167.38 - - [04/Jun/2022:05:07:42 +0100] "GET /sitemap_index.xml HTTP/1.1" 200 325 "-" "Mozilla/5.0 (compatible; bingbot/2.0; +http://www.bing.com/bingbot.htm)"
54.68.32.247 - - [04/Jun/2022:06:01:33 +0100] "POST /?rest_route=%2Fwordfence%2Fv1%2Fauthenticate HTTP/1.1" 200 133 "-" "Wordfence Central API v1.0"
54.68.32.247 - - [04/Jun/2022:06:01:34 +0100] "POST /?rest_route=%2Fwordfence%2Fv1%2Fauthenticate HTTP/1.1" 200 265 "-" "Wordfence Central API v1.0"
54.68.32.247 - - [04/Jun/2022:06:01:35 +0100] "POST /?rest_route=%2Fwordfence%2Fv1%2Fconfig HTTP/1.1" 200 3081 "-" "Wordfence Central API v1.0"
101.68.211.2 - - [04/Jun/2022:06:13:48 +0100] "GET / HTTP/1.1" 200 12605 "-" "Mozilla/5.0 (Macintosh; Intel Mac OS X 10.11; rv:47.0) Gecko/20100101 Firefox/47.0"
65.21.81.50 - - [04/Jun/2022:06:13:49 +0100] "HEAD / HTTP/1.1" 200 0 "-" "-"
54.68.32.247 - - [04/Jun/2022:07:01:33 +0100] "POST /?rest_route=%2Fwordfence%2Fv1%2Fauthenticate HTTP/1.1" 200 133 "-" "Wordfence Central API v1.0"
54.68.32.247 - - [04/Jun/2022:07:01:34 +0100] "POST /?rest_route=%2Fwordfence%2Fv1%2Fauthenticate HTTP/1.1" 200 264 "-" "Wordfence Central API v1.0"
54.68.32.247 - - [04/Jun/2022:07:01:35 +0100] "POST /?rest_route=%2Fwordfence%2Fv1%2Fconfig HTTP/1.1" 200 3081 "-" "Wordfence Central API v1.0"
54.191.137.17 - - [04/Jun/2022:07:20:09 +0100] "POST /wp-load.php?mwprid=629af98f649de0.92769790 HTTP/1.1" 200 10310 "https://walbottlevi.com/" "Mozilla/5.0 (Windows NT 10.0; Win64; x64) AppleWebKit/537.36 (KHTML, like Gecko) Chrome/62.0.3202.94 Safari/537.36"
185.199.220.52 - - [04/Jun/2022:08:00:08 +0100] "HEAD / HTTP/2" 301 0 "-" "-"
54.68.32.247 - - [04/Jun/2022:08:01:32 +0100] "POST /?rest_route=%2Fwordfence%2Fv1%2Fauthenticate HTTP/1.1" 200 134 "-" "Wordfence Central API v1.0"
54.68.32.247 - - [04/Jun/2022:08:01:33 +0100] "POST /?rest_route=%2Fwordfence%2Fv1%2Fauthenticate HTTP/1.1" 200 263 "-" "Wordfence Central API v1.0"
54.68.32.247 - - [04/Jun/2022:08:01:34 +0100] "POST /?rest_route=%2Fwordfence%2Fv1%2Fconfig HTTP/1.1" 200 3081 "-" "Wordfence Central API v1.0"
54.191.137.17 - - [04/Jun/2022:08:14:35 +0100] "POST /wp-load.php?mwprid=629b065baba329.73268382 HTTP/1.1" 200 10310 "https://walbottlevi.com/" "Mozilla/5.0 (Windows NT 10.0; Win64; x64) AppleWebKit/537.36 (KHTML, like Gecko) Chrome/62.0.3202.94 Safari/537.36"
54.36.149.47 - - [04/Jun/2022:08:18:58 +0100] "GET /useful-documents/ HTTP/1.1" 200 11332 "-" "Mozilla/5.0 (compatible; AhrefsBot/7.0; +http://ahrefs.com/robot/)"
152.228.171.66 - - [04/Jun/2022:08:18:58 +0100] "HEAD / HTTP/1.1" 200 0 "-" "-"
54.68.32.247 - - [04/Jun/2022:09:01:33 +0100] "POST /?rest_route=%2Fwordfence%2Fv1%2Fauthenticate HTTP/1.1" 200 133 "-" "Wordfence Central API v1.0"
54.68.32.247 - - [04/Jun/2022:09:01:34 +0100] "POST /?rest_route=%2Fwordfence%2Fv1%2Fauthenticate HTTP/1.1" 200 263 "-" "Wordfence Central API v1.0"
54.68.32.247 - - [04/Jun/2022:09:01:35 +0100] "POST /?rest_route=%2Fwordfence%2Fv1%2Fconfig HTTP/1.1" 200 3081 "-" "Wordfence Central API v1.0"
54.191.137.17 - - [04/Jun/2022:09:17:29 +0100] "POST /wp-load.php?mwprid=629b1519153235.28946104 HTTP/1.1" 200 10310 "https://walbottlevi.com/" "Mozilla/5.0 (Windows NT 10.0; Win64; x64) AppleWebKit/537.36 (KHTML, like Gecko) Chrome/62.0.3202.94 Safari/537.36"
152.44.105.168 - - [04/Jun/2022:09:24:26 +0100] "GET / HTTP/1.1" 200 11217 "-" "Mozilla/5.0 (X11; Linux x86_64) AppleWebKit/537.36 (KHTML, like Gecko) Chrome/98.0.4758.80 Safari/537.36"
64.225.34.246 - - [04/Jun/2022:09:24:27 +0100] "HEAD / HTTP/1.1" 200 0 "-" "-"
152.44.105.168 - - [04/Jun/2022:09:24:27 +0100] "GET /wp-content/plugins/cookie-law-info/public/js/cookie-law-info-public.js?ver=2.1.2 HTTP/1.1" 200 7223 "https://www.walbottlevi.com/" "Mozilla/5.0 (X11; Linux x86_64) AppleWebKit/537.36 (KHTML, like Gecko) Chrome/98.0.4758.80 Safari/537.36"
152.44.105.168 - - [04/Jun/2022:09:24:27 +0100] "GET /wp-content/plugins/simple-banner/simple-banner.js?ver=2.11.0 HTTP/1.1" 200 1233 "https://www.walbottlevi.com/" "Mozilla/5.0 (X11; Linux x86_64) AppleWebKit/537.36 (KHTML, like Gecko) Chrome/98.0.4758.80 Safari/537.36"
152.44.105.168 - - [04/Jun/2022:09:24:27 +0100] "GET /wp-content/themes/lovecraft/assets/js/doubletaptogo.min.js?ver=1 HTTP/1.1" 200 297 "https://www.walbottlevi.com/" "Mozilla/5.0 (X11; Linux x86_64) AppleWebKit/537.36 (KHTML, like Gecko) Chrome/98.0.4758.80 Safari/537.36"
152.44.105.168 - - [04/Jun/2022:09:24:27 +0100] "GET /wp-content/litespeed/css/04c205088aef6ab86671135984bde441.css?ver=ef894 HTTP/1.1" 200 165 "https://www.walbottlevi.com/" "Mozilla/5.0 (X11; Linux x86_64) AppleWebKit/537.36 (KHTML, like Gecko) Chrome/98.0.4758.80 Safari/537.36"
152.44.105.168 - - [04/Jun/2022:09:24:27 +0100] "GET /wp-includes/js/jquery/jquery-migrate.min.js?ver=3.3.2 HTTP/1.1" 200 3995 "https://www.walbottlevi.com/" "Mozilla/5.0 (X11; Linux x86_64) AppleWebKit/537.36 (KHTML, like Gecko) Chrome/98.0.4758.80 Safari/537.36"
152.44.105.168 - - [04/Jun/2022:09:24:27 +0100] "GET /wp-content/litespeed/css/8576258e7ed95683a61ed71d30331f17.css?ver=f8048 HTTP/1.1" 200 1226 "https://www.walbottlevi.com/" "Mozilla/5.0 (X11; Linux x86_64) AppleWebKit/537.36 (KHTML, like Gecko) Chrome/98.0.4758.80 Safari/537.36"
152.44.105.168 - - [04/Jun/2022:09:24:27 +0100] "GET /wp-includes/js/jquery/jquery.min.js?ver=3.6.0 HTTP/1.1" 200 30273 "https://www.walbottlevi.com/" "Mozilla/5.0 (X11; Linux x86_64) AppleWebKit/537.36 (KHTML, like Gecko) Chrome/98.0.4758.80 Safari/537.36"
152.44.105.168 - - [04/Jun/2022:09:24:27 +0100] "GET /wp-content/litespeed/css/cf22e83ddbcbe9bf0a5483ea759a38f0.css?ver=d193d HTTP/1.1" 200 10867 "https://www.walbottlevi.com/" "Mozilla/5.0 (X11; Linux x86_64) AppleWebKit/537.36 (KHTML, like Gecko) Chrome/98.0.4758.80 Safari/537.36"
