31.13.103.19 - - [01/Jun/2022:09:43:48 +0100] "GET /news/walbottle-festival/ HTTP/1.1" 200 13846 "-" "facebookexternalhit/1.1 (+http://www.facebook.com/externalhit_uatext.php)"
69.171.249.119 - - [01/Jun/2022:09:43:50 +0100] "GET /wp-content/uploads/2020/09/cropped-IMG_0477-scaled-2.jpg HTTP/1.1" 403 1229 "-" "facebookexternalhit/1.1 (+http://www.facebook.com/externalhit_uatext.php)"
54.68.32.247 - - [01/Jun/2022:10:01:33 +0100] "POST /?rest_route=%2Fwordfence%2Fv1%2Fauthenticate HTTP/1.1" 200 132 "-" "Wordfence Central API v1.0"
51.81.186.219 - - [01/Jun/2022:10:01:33 +0100] "HEAD / HTTP/1.1" 200 0 "-" "-"
54.68.32.247 - - [01/Jun/2022:10:01:33 +0100] "POST /?rest_route=%2Fwordfence%2Fv1%2Fauthenticate HTTP/1.1" 200 266 "-" "Wordfence Central API v1.0"
54.68.32.247 - - [01/Jun/2022:10:01:34 +0100] "POST /?rest_route=%2Fwordfence%2Fv1%2Fconfig HTTP/1.1" 200 3078 "-" "Wordfence Central API v1.0"
54.36.148.172 - - [01/Jun/2022:10:24:38 +0100] "GET /news/whats-happened-in-2020/ HTTP/1.1" 200 12084 "-" "Mozilla/5.0 (compatible; AhrefsBot/7.0; +http://ahrefs.com/robot/)"
54.68.32.247 - - [01/Jun/2022:11:01:33 +0100] "POST /?rest_route=%2Fwordfence%2Fv1%2Fauthenticate HTTP/1.1" 200 133 "-" "Wordfence Central API v1.0"
54.68.32.247 - - [01/Jun/2022:11:01:34 +0100] "POST /?rest_route=%2Fwordfence%2Fv1%2Fauthenticate HTTP/1.1" 200 266 "-" "Wordfence Central API v1.0"
54.68.32.247 - - [01/Jun/2022:11:01:34 +0100] "POST /?rest_route=%2Fwordfence%2Fv1%2Fconfig HTTP/1.1" 200 3081 "-" "Wordfence Central API v1.0"
54.191.137.17 - - [01/Jun/2022:11:29:47 +0100] "POST /wp-load.php?mwprid=62973f9c33ebe9.60408494 HTTP/1.1" 200 11047 "https://walbottlevi.com/" "Mozilla/5.0 (Windows NT 10.0; Win64; x64) AppleWebKit/537.36 (KHTML, like Gecko) Chrome/62.0.3202.94 Safari/537.36"
54.191.137.17 - - [01/Jun/2022:11:29:57 +0100] "POST /wp-load.php?mwprid=62973fa60e0c91.11903816 HTTP/1.1" 200 689 "https://walbottlevi.com/" "Mozilla/5.0 (Windows NT 10.0; Win64; x64) AppleWebKit/537.36 (KHTML, like Gecko) Chrome/62.0.3202.94 Safari/537.36"
54.191.137.17 - - [01/Jun/2022:11:30:02 +0100] "POST /wp-load.php?mwprid=62973fa7195157.66817169 HTTP/1.1" 200 692 "https://walbottlevi.com/" "Mozilla/5.0 (Windows NT 10.0; Win64; x64) AppleWebKit/537.36 (KHTML, like Gecko) Chrome/62.0.3202.94 Safari/537.36"
54.191.137.17 - - [01/Jun/2022:11:30:19 +0100] "GET / HTTP/2" 301 0 "-" "Mozilla/5.0 (X11; Linux x86_64) AppleWebKit/537.36 (KHTML, like Gecko) HeadlessChrome/60.0.3112.101 Safari/537.36"
54.191.137.17 - - [01/Jun/2022:11:30:21 +0100] "GET / HTTP/1.1" 200 12603 "-" "Mozilla/5.0 (X11; Linux x86_64) AppleWebKit/537.36 (KHTML, like Gecko) HeadlessChrome/60.0.3112.101 Safari/537.36"
54.191.137.17 - - [01/Jun/2022:11:30:21 +0100] "GET /wp-includes/js/jquery/jquery-migrate.min.js?ver=3.3.2 HTTP/1.1" 200 4461 "https://www.walbottlevi.com/" "Mozilla/5.0 (X11; Linux x86_64) AppleWebKit/537.36 (KHTML, like Gecko) HeadlessChrome/60.0.3112.101 Safari/537.36"
54.191.137.17 - - [01/Jun/2022:11:30:21 +0100] "GET /wp-content/litespeed/css/cf22e83ddbcbe9bf0a5483ea759a38f0.css?ver=d193d HTTP/1.1" 200 14692 "https://www.walbottlevi.com/" "Mozilla/5.0 (X11; Linux x86_64) AppleWebKit/537.36 (KHTML, like Gecko) HeadlessChrome/60.0.3112.101 Safari/537.36"
54.191.137.17 - - [01/Jun/2022:11:30:21 +0100] "GET /wp-includes/js/jquery/jquery.min.js?ver=3.6.0 HTTP/1.1" 200 34819 "https://www.walbottlevi.com/" "Mozilla/5.0 (X11; Linux x86_64) AppleWebKit/537.36 (KHTML, like Gecko) HeadlessChrome/60.0.3112.101 Safari/537.36"
54.191.137.17 - - [01/Jun/2022:11:30:21 +0100] "GET /wp-content/plugins/cookie-law-info/public/js/cookie-law-info-public.js?ver=2.1.2 HTTP/1.1" 200 9204 "https://www.walbottlevi.com/" "Mozilla/5.0 (X11; Linux x86_64) AppleWebKit/537.36 (KHTML, like Gecko) HeadlessChrome/60.0.3112.101 Safari/537.36"
54.191.137.17 - - [01/Jun/2022:11:30:21 +0100] "GET /wp-content/plugins/simple-banner/simple-banner.js?ver=2.11.0 HTTP/1.1" 200 1512 "https://www.walbottlevi.com/" "Mozilla/5.0 (X11; Linux x86_64) AppleWebKit/537.36 (KHTML, like Gecko) HeadlessChrome/60.0.3112.101 Safari/537.36"
54.191.137.17 - - [01/Jun/2022:11:30:21 +0100] "GET /wp-content/litespeed/css/8576258e7ed95683a61ed71d30331f17.css?ver=f8048 HTTP/1.1" 200 1410 "https://www.walbottlevi.com/" "Mozilla/5.0 (X11; Linux x86_64) AppleWebKit/537.36 (KHTML, like Gecko) HeadlessChrome/60.0.3112.101 Safari/537.36"
54.191.137.17 - - [01/Jun/2022:11:30:21 +0100] "GET /wp-content/litespeed/css/f1f3bb515f8594534f56b8b8eb04f322.css?ver=bdff9 HTTP/1.1" 200 10202 "https://www.walbottlevi.com/" "Mozilla/5.0 (X11; Linux x86_64) AppleWebKit/537.36 (KHTML, like Gecko) HeadlessChrome/60.0.3112.101 Safari/537.36"
54.191.137.17 - - [01/Jun/2022:11:30:21 +0100] "GET /wp-content/litespeed/css/04c205088aef6ab86671135984bde441.css?ver=ef894 HTTP/1.1" 200 250 "https://www.walbottlevi.com/" "Mozilla/5.0 (X11; Linux x86_64) AppleWebKit/537.36 (KHTML, like Gecko) HeadlessChrome/60.0.3112.101 Safari/537.36"
54.191.137.17 - - [01/Jun/2022:11:30:21 +0100] "GET /wp-content/litespeed/css/cb21ec2d70e49154406ff85a4f971eb0.css?ver=d954e HTTP/1.1" 200 805 "https://www.walbottlevi.com/" "Mozilla/5.0 (X11; Linux x86_64) AppleWebKit/537.36 (KHTML, like Gecko) HeadlessChrome/60.0.3112.101 Safari/537.36"
54.191.137.17 - - [01/Jun/2022:11:30:21 +0100] "GET /wp-content/litespeed/css/0b29fc3a09a8b968c0f2225565037d35.css?ver=37d35 HTTP/1.1" 200 325 "https://www.walbottlevi.com/" "Mozilla/5.0 (X11; Linux x86_64) AppleWebKit/537.36 (KHTML, like Gecko) HeadlessChrome/60.0.3112.101 Safari/537.36"
54.191.137.17 - - [01/Jun/2022:11:30:21 +0100] "GET /wp-content/litespeed/css/962881a9f7b8a4ad588b826970384b0a.css?ver=f99ba HTTP/1.1" 200 4840 "https://www.walbottlevi.com/" "Mozilla/5.0 (X11; Linux x86_64) AppleWebKit/537.36 (KHTML, like Gecko) HeadlessChrome/60.0.3112.101 Safari/537.36"
54.191.137.17 - - [01/Jun/2022:11:30:21 +0100] "GET /wp-content/themes/lovecraft/assets/js/doubletaptogo.min.js?ver=1 HTTP/1.1" 200 358 "https://www.walbottlevi.com/" "Mozilla/5.0 (X11; Linux x86_64) AppleWebKit/537.36 (KHTML, like Gecko) HeadlessChrome/60.0.3112.101 Safari/537.36"
54.191.137.17 - - [01/Jun/2022:11:30:21 +0100] "GET /wp-content/litespeed/css/28077ec3d4019a380b51ef57e24685fc.css?ver=66055 HTTP/1.1" 200 1475 "https://www.walbottlevi.com/" "Mozilla/5.0 (X11; Linux x86_64) AppleWebKit/537.36 (KHTML, like Gecko) HeadlessChrome/60.0.3112.101 Safari/537.36"
51.81.186.219 - - [01/Jun/2022:11:30:22 +0100] "HEAD / HTTP/1.1" 200 0 "-" "-"
54.191.137.17 - - [01/Jun/2022:11:30:22 +0100] "GET /wp-content/themes/lovecraft/assets/js/global.js?ver=2.0.1 HTTP/1.1" 200 1046 "https://www.walbottlevi.com/" "Mozilla/5.0 (X11; Linux x86_64) AppleWebKit/537.36 (KHTML, like Gecko) HeadlessChrome/60.0.3112.101 Safari/537.36"
54.191.137.17 - - [01/Jun/2022:11:30:22 +0100] "GET /wp-includes/js/wp-emoji-release.min.js?ver=6.0 HTTP/1.1" 200 5712 "https://www.walbottlevi.com/" "Mozilla/5.0 (X11; Linux x86_64) AppleWebKit/537.36 (KHTML, like Gecko) HeadlessChrome/60.0.3112.101 Safari/537.36"
54.191.137.17 - - [01/Jun/2022:11:30:22 +0100] "GET /wp-content/uploads/2020/09/cropped-IMG_0477-scaled-2.jpg.webp HTTP/1.1" 200 124034 "https://www.walbottlevi.com/" "Mozilla/5.0 (X11; Linux x86_64) AppleWebKit/537.36 (KHTML, like Gecko) HeadlessChrome/60.0.3112.101 Safari/537.36"
54.191.137.17 - - [01/Jun/2022:11:30:22 +0100] "GET /wp-content/plugins/cookie-law-info/public/images/logo-cookieyes.svg HTTP/1.1" 200 1136 "https://www.walbottlevi.com/" "Mozilla/5.0 (X11; Linux x86_64) AppleWebKit/537.36 (KHTML, like Gecko) HeadlessChrome/60.0.3112.101 Safari/537.36"
54.191.137.17 - - [01/Jun/2022:11:30:22 +0100] "GET /wp-content/uploads/2020/09/cropped-IMG_0477-scaled-2.jpg HTTP/1.1" 200 133514 "https://www.walbottlevi.com/" "Mozilla/5.0 (X11; Linux x86_64) AppleWebKit/537.36 (KHTML, like Gecko) HeadlessChrome/60.0.3112.101 Safari/537.36"
54.191.137.17 - - [01/Jun/2022:11:40:19 +0100] "GET / HTTP/1.1" 301 0 "-" "Mozilla/5.0 (Windows NT 10.0; Win64; x64) AppleWebKit/537.36 (KHTML, like Gecko) Chrome/62.0.3202.94 Safari/537.36"
54.191.137.17 - - [01/Jun/2022:11:40:20 +0100] "POST /wp-load.php?mwprid=6297421513b221.00424973 HTTP/1.1" 200 807 "https://walbottlevi.com/" "Mozilla/5.0 (Windows NT 10.0; Win64; x64) AppleWebKit/537.36 (KHTML, like Gecko) Chrome/62.0.3202.94 Safari/537.36"
54.191.137.17 - - [01/Jun/2022:11:40:28 +0100] "GET / HTTP/1.1" 301 0 "-" "Mozilla/5.0 (Windows NT 10.0; Win64; x64) AppleWebKit/537.36 (KHTML, like Gecko) Chrome/62.0.3202.94 Safari/537.36"
114.119.136.12 - - [01/Jun/2022:11:50:55 +0100] "GET /robots.txt HTTP/1.1" 301 0 "-" "Mozilla/5.0 (compatible;PetalBot;+https://webmaster.petalsearch.com/site/petalbot)"
10.4.96.3 - - [01/Jun/2022:11:52:03 +0100] "GET /?lightbox=dataItem-jd3gjerg HTTP/1.1" 200 12606 "-" "Mozilla/5.0 (compatible; bingbot/2.0; +http://www.bing.com/bingbot.htm)"
207.46.13.109 - - [01/Jun/2022:11:52:20 +0100] "GET /wp-content/litespeed/css/cf22e83ddbcbe9bf0a5483ea759a38f0.css?ver=d193d HTTP/1.1" 200 14692 "-" "Mozilla/5.0 (compatible; bingbot/2.0; +http://www.bing.com/bingbot.htm)"
10.4.96.3 - - [01/Jun/2022:11:52:20 +0100] "GET /wp-content/litespeed/css/cb21ec2d70e49154406ff85a4f971eb0.css?ver=d954e HTTP/1.1" 200 805 "-" "Mozilla/5.0 (compatible; bingbot/2.0; +http://www.bing.com/bingbot.htm)"
149.28.11.90 - - [01/Jun/2022:11:52:20 +0100] "HEAD / HTTP/1.1" 200 0 "-" "-"
207.46.13.62 - - [01/Jun/2022:11:52:22 +0100] "GET /wp-content/litespeed/css/28077ec3d4019a380b51ef57e24685fc.css?ver=66055 HTTP/1.1" 200 1475 "-" "Mozilla/5.0 (compatible; bingbot/2.0; +http://www.bing.com/bingbot.htm)"
157.55.39.215 - - [01/Jun/2022:11:52:22 +0100] "GET /wp-content/plugins/cookie-law-info/public/js/cookie-law-info-public.js?ver=2.1.2 HTTP/1.1" 200 9204 "-" "Mozilla/5.0 (compatible; bingbot/2.0; +http://www.bing.com/bingbot.htm)"
10.4.96.3 - - [01/Jun/2022:11:52:25 +0100] "GET /wp-content/litespeed/css/04c205088aef6ab86671135984bde441.css?ver=ef894 HTTP/1.1" 200 250 "-" "Mozilla/5.0 (compatible; bingbot/2.0; +http://www.bing.com/bingbot.htm)"
157.55.39.36 - - [01/Jun/2022:11:52:26 +0100] "GET /wp-content/litespeed/css/0b29fc3a09a8b968c0f2225565037d35.css?ver=37d35 HTTP/1.1" 200 325 "-" "Mozilla/5.0 (compatible; bingbot/2.0; +http://www.bing.com/bingbot.htm)"
10.4.96.3 - - [01/Jun/2022:11:52:28 +0100] "GET /wp-content/plugins/simple-banner/simple-banner.js?ver=2.11.0 HTTP/1.1" 200 1512 "-" "Mozilla/5.0 (compatible; bingbot/2.0; +http://www.bing.com/bingbot.htm)"
207.46.13.117 - - [01/Jun/2022:11:52:28 +0100] "GET /wp-content/litespeed/css/962881a9f7b8a4ad588b826970384b0a.css?ver=f99ba HTTP/1.1" 200 4840 "-" "Mozilla/5.0 (compatible; bingbot/2.0; +http://www.bing.com/bingbot.htm)"
157.55.39.36 - - [01/Jun/2022:11:52:28 +0100] "GET /wp-content/themes/lovecraft/assets/js/doubletaptogo.min.js?ver=1 HTTP/1.1" 200 358 "-" "Mozilla/5.0 (compatible; bingbot/2.0; +http://www.bing.com/bingbot.htm)"
10.4.96.3 - - [01/Jun/2022:11:52:31 +0100] "GET /wp-includes/js/jquery/jquery.min.js?ver=3.6.0 HTTP/1.1" 200 34819 "-" "Mozilla/5.0 (compatible; bingbot/2.0; +http://www.bing.com/bingbot.htm)"
10.4.96.3 - - [01/Jun/2022:11:52:32 +0100] "GET /wp-includes/js/wp-emoji-release.min.js?ver=6.0 HTTP/1.1" 200 5712 "-" "Mozilla/5.0 (compatible; bingbot/2.0; +http://www.bing.com/bingbot.htm)"
10.4.96.3 - - [01/Jun/2022:11:52:46 +0100] "GET /wp-includes/js/jquery/jquery-migrate.min.js?ver=3.3.2 HTTP/1.1" 200 4461 "-" "Mozilla/5.0 (compatible; bingbot/2.0; +http://www.bing.com/bingbot.htm)"
149.28.11.90 - - [01/Jun/2022:11:52:47 +0100] "HEAD / HTTP/1.1" 200 0 "-" "-"
40.77.167.105 - - [01/Jun/2022:12:00:04 +0100] "GET /robots.txt HTTP/1.1" 200 116 "-" "Mozilla/5.0 (compatible; bingbot/2.0; +http://www.bing.com/bingbot.htm)"
54.68.32.247 - - [01/Jun/2022:12:01:34 +0100] "POST /?rest_route=%2Fwordfence%2Fv1%2Fauthenticate HTTP/1.1" 200 134 "-" "Wordfence Central API v1.0"
54.68.32.247 - - [01/Jun/2022:12:01:35 +0100] "POST /?rest_route=%2Fwordfence%2Fv1%2Fauthenticate HTTP/1.1" 200 264 "-" "Wordfence Central API v1.0"
54.68.32.247 - - [01/Jun/2022:12:01:36 +0100] "POST /?rest_route=%2Fwordfence%2Fv1%2Fconfig HTTP/1.1" 200 3081 "-" "Wordfence Central API v1.0"
3.101.123.156 - - [01/Jun/2022:12:01:41 +0100] "GET / HTTP/1.1" 301 0 "-" "Mozilla/5.0 (compatible; Orbbot/1.1;)"
3.101.123.156 - - [01/Jun/2022:12:01:44 +0100] "GET / HTTP/1.1" 200 12608 "-" "Mozilla/5.0 (compatible; Orbbot/1.1;)"
3.101.123.156 - - [01/Jun/2022:12:01:51 +0100] "GET / HTTP/1.1" 301 0 "-" "Mozilla/5.0 (compatible; Orbbot/1.1;)"
40.77.139.69 - - [01/Jun/2022:12:08:14 +0100] "GET /wp-content/litespeed/css/f1f3bb515f8594534f56b8b8eb04f322.css?ver=bdff9 HTTP/1.1" 200 38325 "-" "Mozilla/5.0 (Windows NT 6.1; WOW64) AppleWebKit/534+ (KHTML, like Gecko) BingPreview/1.0b"
149.28.121.72 - - [01/Jun/2022:12:08:14 +0100] "HEAD / HTTP/1.1" 200 0 "-" "-"
40.77.139.6 - - [01/Jun/2022:12:08:15 +0100] "GET /wp-content/plugins/cookie-law-info/public/images/logo-cookieyes.svg HTTP/1.1" 200 2581 "-" "Mozilla/5.0 (Windows NT 6.1; WOW64) AppleWebKit/534+ (KHTML, like Gecko) BingPreview/1.0b"
54.36.149.74 - - [01/Jun/2022:12:14:53 +0100] "GET /diary/ HTTP/1.1" 200 10923 "-" "Mozilla/5.0 (compatible; AhrefsBot/7.0; +http://ahrefs.com/robot/)"
114.119.137.54 - - [01/Jun/2022:12:30:14 +0100] "GET / HTTP/1.1" 301 0 "-" "Mozilla/5.0 (Linux; Android 7.0;) AppleWebKit/537.36 (KHTML, like Gecko) Mobile Safari/537.36 (compatible; PetalBot;+https://webmaster.petalsearch.com/site/petalbot)"
114.119.137.64 - - [01/Jun/2022:12:51:19 +0100] "GET /post-sitemap.xml HTTP/1.1" 200 662 "-" "Mozilla/5.0 (Linux; Android 7.0;) AppleWebKit/537.36 (KHTML, like Gecko) Mobile Safari/537.36 (compatible; PetalBot;+https://webmaster.petalsearch.com/site/petalbot)"
193.203.202.215 - - [01/Jun/2022:12:51:19 +0100] "HEAD / HTTP/1.1" 200 0 "-" "-"
54.68.32.247 - - [01/Jun/2022:13:01:33 +0100] "POST /?rest_route=%2Fwordfence%2Fv1%2Fauthenticate HTTP/1.1" 200 133 "-" "Wordfence Central API v1.0"
51.81.186.219 - - [01/Jun/2022:13:01:34 +0100] "HEAD / HTTP/1.1" 200 0 "-" "-"
54.68.32.247 - - [01/Jun/2022:13:01:34 +0100] "POST /?rest_route=%2Fwordfence%2Fv1%2Fauthenticate HTTP/1.1" 200 264 "-" "Wordfence Central API v1.0"
54.68.32.247 - - [01/Jun/2022:13:01:35 +0100] "POST /?rest_route=%2Fwordfence%2Fv1%2Fconfig HTTP/1.1" 200 3081 "-" "Wordfence Central API v1.0"
114.119.137.64 - - [01/Jun/2022:13:04:28 +0100] "GET /author/peterswe/ HTTP/1.1" 200 13084 "https://www.walbottlevi.com/news/2021/07/" "Mozilla/5.0 (Linux; Android 7.0;) AppleWebKit/537.36 (KHTML, like Gecko) Mobile Safari/537.36 (compatible; PetalBot;+https://webmaster.petalsearch.com/site/petalbot)"
193.203.202.215 - - [01/Jun/2022:13:04:28 +0100] "HEAD / HTTP/1.1" 200 0 "-" "-"
54.191.137.17 - - [01/Jun/2022:13:41:41 +0100] "POST /wp-load.php?mwprid=62975e85bce582.30412191 HTTP/1.1" 200 11171 "https://walbottlevi.com/" "Mozilla/5.0 (Windows NT 10.0; Win64; x64) AppleWebKit/537.36 (KHTML, like Gecko) Chrome/62.0.3202.94 Safari/537.36"
54.191.137.17 - - [01/Jun/2022:13:41:52 +0100] "POST /wp-load.php?mwprid=62975e9192c2f6.73534564 HTTP/1.1" 200 694 "https://walbottlevi.com/" "Mozilla/5.0 (Windows NT 10.0; Win64; x64) AppleWebKit/537.36 (KHTML, like Gecko) Chrome/62.0.3202.94 Safari/537.36"
54.191.137.17 - - [01/Jun/2022:13:41:58 +0100] "POST /wp-load.php?mwprid=62975e92bd24b6.10568321 HTTP/1.1" 200 689 "https://walbottlevi.com/" "Mozilla/5.0 (Windows NT 10.0; Win64; x64) AppleWebKit/537.36 (KHTML, like Gecko) Chrome/62.0.3202.94 Safari/537.36"
10.4.96.3 - - [01/Jun/2022:13:50:03 +0100] "GET /page-sitemap.xml HTTP/1.1" 200 1232 "-" "Mozilla/5.0 (compatible; bingbot/2.0; +http://www.bing.com/bingbot.htm)"
54.191.137.17 - - [01/Jun/2022:14:00:00 +0100] "POST /wp-load.php?mwprid=629762d09aacb5.68563851 HTTP/1.1" 200 11171 "https://walbottlevi.com/" "Mozilla/5.0 (Windows NT 10.0; Win64; x64) AppleWebKit/537.36 (KHTML, like Gecko) Chrome/62.0.3202.94 Safari/537.36"
54.191.137.17 - - [01/Jun/2022:14:00:10 +0100] "POST /wp-load.php?mwprid=629762db653319.56836855 HTTP/1.1" 200 690 "https://walbottlevi.com/" "Mozilla/5.0 (Windows NT 10.0; Win64; x64) AppleWebKit/537.36 (KHTML, like Gecko) Chrome/62.0.3202.94 Safari/537.36"
54.191.137.17 - - [01/Jun/2022:14:00:58 +0100] "GET / HTTP/1.1" 301 0 "-" "Mozilla/5.0 (Windows NT 10.0; Win64; x64) AppleWebKit/537.36 (KHTML, like Gecko) Chrome/62.0.3202.94 Safari/537.36"
54.191.137.17 - - [01/Jun/2022:14:00:59 +0100] "POST /wp-load.php?mwprid=62976305b0abe3.31623479 HTTP/1.1" 200 696 "https://walbottlevi.com/" "Mozilla/5.0 (Windows NT 10.0; Win64; x64) AppleWebKit/537.36 (KHTML, like Gecko) Chrome/62.0.3202.94 Safari/537.36"
74.125.208.100 - - [01/Jun/2022:14:01:23 +0100] "GET /.well-known/traffic-advice HTTP/1.1" 404 11669 "-" "Chrome Privacy Preserving Prefetch Proxy"
86.188.46.135 - - [01/Jun/2022:14:01:26 +0100] "GET /wp-content/uploads/2019/11/cropped-WVIMain-180x180.png HTTP/1.1" 200 18084 "https://www.walbottlevi.com/" "Mozilla/5.0 (Linux; Android 11; SM-A217F) AppleWebKit/537.36 (KHTML, like Gecko) Chrome/102.0.5005.78 Mobile Safari/537.36"
2.58.28.32 - - [01/Jun/2022:14:01:26 +0100] "HEAD / HTTP/1.1" 200 0 "-" "-"
54.68.32.247 - - [01/Jun/2022:14:01:32 +0100] "POST /?rest_route=%2Fwordfence%2Fv1%2Fauthenticate HTTP/1.1" 200 133 "-" "Wordfence Central API v1.0"
54.68.32.247 - - [01/Jun/2022:14:01:33 +0100] "POST /?rest_route=%2Fwordfence%2Fv1%2Fauthenticate HTTP/1.1" 200 265 "-" "Wordfence Central API v1.0"
54.68.32.247 - - [01/Jun/2022:14:01:34 +0100] "POST /?rest_route=%2Fwordfence%2Fv1%2Fconfig HTTP/1.1" 200 3081 "-" "Wordfence Central API v1.0"
54.191.137.17 - - [01/Jun/2022:14:02:10 +0100] "POST /wp-load.php?mwprid=62976350e3e5a4.61332891 HTTP/1.1" 200 834 "https://walbottlevi.com/" "Mozilla/5.0 (Windows NT 10.0; Win64; x64) AppleWebKit/537.36 (KHTML, like Gecko) Chrome/62.0.3202.94 Safari/537.36"
54.191.137.17 - - [01/Jun/2022:14:02:19 +0100] "GET / HTTP/1.1" 301 0 "-" "Mozilla/5.0 (Windows NT 10.0; Win64; x64) AppleWebKit/537.36 (KHTML, like Gecko) Chrome/62.0.3202.94 Safari/537.36"
159.203.1.170 - - [01/Jun/2022:14:35:32 +0100] "HEAD /wordpress HTTP/1.1" 301 0 "http://walbottlevi.com/wordpress" "Mozilla/5.0 (Windows NT 10.0; Win64; x64) AppleWebKit/537.36 (KHTML, like Gecko) Chrome/74.0.3729.169 Safari/537.36"
159.203.1.170 - - [01/Jun/2022:14:35:34 +0100] "HEAD /wordpress HTTP/1.1" 404 0 "https://walbottlevi.com/wordpress" "Mozilla/5.0 (Windows NT 10.0; Win64; x64) AppleWebKit/537.36 (KHTML, like Gecko) Chrome/74.0.3729.169 Safari/537.36"
104.225.142.116 - - [01/Jun/2022:14:35:34 +0100] "HEAD / HTTP/1.1" 200 0 "-" "-"
159.203.1.170 - - [01/Jun/2022:14:35:35 +0100] "HEAD / HTTP/1.1" 301 0 "http://walbottlevi.com/" "Mozilla/5.0 (Windows NT 10.0; Win64; x64) AppleWebKit/537.36 (KHTML, like Gecko) Chrome/74.0.3729.169 Safari/537.36"
159.203.1.170 - - [01/Jun/2022:14:35:36 +0100] "HEAD / HTTP/1.1" 200 0 "https://walbottlevi.com/" "Mozilla/5.0 (Windows NT 10.0; Win64; x64) AppleWebKit/537.36 (KHTML, like Gecko) Chrome/74.0.3729.169 Safari/537.36"
159.203.1.170 - - [01/Jun/2022:14:35:37 +0100] "HEAD /wp HTTP/1.1" 301 0 "http://walbottlevi.com/wp" "Mozilla/5.0 (Windows NT 10.0; Win64; x64) AppleWebKit/537.36 (KHTML, like Gecko) Chrome/74.0.3729.169 Safari/537.36"
159.203.1.170 - - [01/Jun/2022:14:35:37 +0100] "HEAD /wp HTTP/1.1" 404 0 "https://walbottlevi.com/wp" "Mozilla/5.0 (Windows NT 10.0; Win64; x64) AppleWebKit/537.36 (KHTML, like Gecko) Chrome/74.0.3729.169 Safari/537.36"
159.203.1.170 - - [01/Jun/2022:14:35:38 +0100] "HEAD /bc HTTP/1.1" 301 0 "http://walbottlevi.com/bc" "Mozilla/5.0 (Windows NT 10.0; Win64; x64) AppleWebKit/537.36 (KHTML, like Gecko) Chrome/74.0.3729.169 Safari/537.36"
159.203.1.170 - - [01/Jun/2022:14:35:39 +0100] "HEAD /bc HTTP/1.1" 404 0 "https://walbottlevi.com/bc" "Mozilla/5.0 (Windows NT 10.0; Win64; x64) AppleWebKit/537.36 (KHTML, like Gecko) Chrome/74.0.3729.169 Safari/537.36"
159.203.1.170 - - [01/Jun/2022:14:35:40 +0100] "HEAD /bk HTTP/1.1" 301 0 "http://walbottlevi.com/bk" "Mozilla/5.0 (Windows NT 10.0; Win64; x64) AppleWebKit/537.36 (KHTML, like Gecko) Chrome/74.0.3729.169 Safari/537.36"
159.203.1.170 - - [01/Jun/2022:14:35:41 +0100] "HEAD /bk HTTP/1.1" 404 0 "https://walbottlevi.com/bk" "Mozilla/5.0 (Windows NT 10.0; Win64; x64) AppleWebKit/537.36 (KHTML, like Gecko) Chrome/74.0.3729.169 Safari/537.36"
159.203.1.170 - - [01/Jun/2022:14:35:42 +0100] "HEAD /backup HTTP/1.1" 301 0 "http://walbottlevi.com/backup" "Mozilla/5.0 (Windows NT 10.0; Win64; x64) AppleWebKit/537.36 (KHTML, like Gecko) Chrome/74.0.3729.169 Safari/537.36"
159.203.1.170 - - [01/Jun/2022:14:35:42 +0100] "HEAD /backup HTTP/1.1" 404 0 "https://walbottlevi.com/backup" "Mozilla/5.0 (Windows NT 10.0; Win64; x64) AppleWebKit/537.36 (KHTML, like Gecko) Chrome/74.0.3729.169 Safari/537.36"
159.203.1.170 - - [01/Jun/2022:14:35:43 +0100] "HEAD /old HTTP/1.1" 301 0 "http://walbottlevi.com/old" "Mozilla/5.0 (Windows NT 10.0; Win64; x64) AppleWebKit/537.36 (KHTML, like Gecko) Chrome/74.0.3729.169 Safari/537.36"
159.203.1.170 - - [01/Jun/2022:14:35:44 +0100] "HEAD /old HTTP/1.1" 404 0 "https://walbottlevi.com/old" "Mozilla/5.0 (Windows NT 10.0; Win64; x64) AppleWebKit/537.36 (KHTML, like Gecko) Chrome/74.0.3729.169 Safari/537.36"
159.203.1.170 - - [01/Jun/2022:14:35:45 +0100] "HEAD /new HTTP/1.1" 301 0 "http://walbottlevi.com/new" "Mozilla/5.0 (Windows NT 10.0; Win64; x64) AppleWebKit/537.36 (KHTML, like Gecko) Chrome/74.0.3729.169 Safari/537.36"
159.203.1.170 - - [01/Jun/2022:14:35:45 +0100] "HEAD /new HTTP/1.1" 404 0 "https://walbottlevi.com/new" "Mozilla/5.0 (Windows NT 10.0; Win64; x64) AppleWebKit/537.36 (KHTML, like Gecko) Chrome/74.0.3729.169 Safari/537.36"
159.203.1.170 - - [01/Jun/2022:14:35:46 +0100] "HEAD /main HTTP/1.1" 301 0 "http://walbottlevi.com/main" "Mozilla/5.0 (Windows NT 10.0; Win64; x64) AppleWebKit/537.36 (KHTML, like Gecko) Chrome/74.0.3729.169 Safari/537.36"
159.203.1.170 - - [01/Jun/2022:14:35:47 +0100] "HEAD /main HTTP/1.1" 404 0 "https://walbottlevi.com/main" "Mozilla/5.0 (Windows NT 10.0; Win64; x64) AppleWebKit/537.36 (KHTML, like Gecko) Chrome/74.0.3729.169 Safari/537.36"
159.203.1.170 - - [01/Jun/2022:14:35:48 +0100] "HEAD /home HTTP/1.1" 301 0 "http://walbottlevi.com/home" "Mozilla/5.0 (Windows NT 10.0; Win64; x64) AppleWebKit/537.36 (KHTML, like Gecko) Chrome/74.0.3729.169 Safari/537.36"
159.203.1.170 - - [01/Jun/2022:14:35:48 +0100] "HEAD / HTTP/1.1" 200 0 "https://walbottlevi.com/home" "Mozilla/5.0 (Windows NT 10.0; Win64; x64) AppleWebKit/537.36 (KHTML, like Gecko) Chrome/74.0.3729.169 Safari/537.36"
54.68.32.247 - - [01/Jun/2022:15:01:32 +0100] "POST /?rest_route=%2Fwordfence%2Fv1%2Fauthenticate HTTP/1.1" 200 133 "-" "Wordfence Central API v1.0"
51.81.186.219 - - [01/Jun/2022:15:01:33 +0100] "HEAD / HTTP/1.1" 200 0 "-" "-"
54.68.32.247 - - [01/Jun/2022:15:01:33 +0100] "POST /?rest_route=%2Fwordfence%2Fv1%2Fauthenticate HTTP/1.1" 200 266 "-" "Wordfence Central API v1.0"
54.68.32.247 - - [01/Jun/2022:15:01:34 +0100] "POST /?rest_route=%2Fwordfence%2Fv1%2Fconfig HTTP/1.1" 200 3078 "-" "Wordfence Central API v1.0"
10.4.96.3 - - [01/Jun/2022:15:32:13 +0100] "GET /wp-content/uploads/2022/02/RomanandSorm30-664x1024.jpg HTTP/1.1" 403 1229 "-" "Mozilla/5.0 (compatible; bingbot/2.0; +http://www.bing.com/bingbot.htm)"
149.28.11.90 - - [01/Jun/2022:15:32:13 +0100] "HEAD / HTTP/1.1" 200 0 "-" "-"
54.68.32.247 - - [01/Jun/2022:16:01:33 +0100] "POST /?rest_route=%2Fwordfence%2Fv1%2Fauthenticate HTTP/1.1" 200 134 "-" "Wordfence Central API v1.0"
54.68.32.247 - - [01/Jun/2022:16:01:34 +0100] "POST /?rest_route=%2Fwordfence%2Fv1%2Fauthenticate HTTP/1.1" 200 264 "-" "Wordfence Central API v1.0"
54.68.32.247 - - [01/Jun/2022:16:01:35 +0100] "POST /?rest_route=%2Fwordfence%2Fv1%2Fconfig HTTP/1.1" 200 3081 "-" "Wordfence Central API v1.0"
44.202.97.59 - - [01/Jun/2022:16:21:08 +0100] "GET / HTTP/1.1" 200 12605 "-" "Mozilla/5.0 (Windows NT 10.0; Win64; x64) AppleWebKit/537.36 (KHTML, like Gecko) Chrome/66.0.3359.181 Safari/537.36"
135.148.148.230 - - [01/Jun/2022:16:21:09 +0100] "HEAD / HTTP/1.1" 200 0 "-" "-"
44.202.97.59 - - [01/Jun/2022:16:21:09 +0100] "GET /wp-content/uploads/2019/11/cropped-WVIMain-32x32.png HTTP/1.1" 403 1229 "-" "Mozilla/5.0 (Windows NT 6.1; WOW64; rv:22.0) Gecko/20100101 Firefox/22.0"
207.46.13.62 - - [01/Jun/2022:16:21:38 +0100] "GET /sitemap_index.xml HTTP/1.1" 200 325 "-" "Mozilla/5.0 (compatible; bingbot/2.0; +http://www.bing.com/bingbot.htm)"
54.191.137.17 - - [01/Jun/2022:16:36:09 +0100] "POST /wp-load.php?mwprid=6297876500a0c3.65092802 HTTP/1.1" 200 10311 "https://walbottlevi.com/" "Mozilla/5.0 (Windows NT 10.0; Win64; x64) AppleWebKit/537.36 (KHTML, like Gecko) Chrome/62.0.3202.94 Safari/537.36"
54.191.137.17 - - [01/Jun/2022:16:36:17 +0100] "POST /wp-load.php?mwprid=62978770328819.12767736 HTTP/1.1" 200 692 "https://walbottlevi.com/" "Mozilla/5.0 (Windows NT 10.0; Win64; x64) AppleWebKit/537.36 (KHTML, like Gecko) Chrome/62.0.3202.94 Safari/537.36"
54.191.137.17 - - [01/Jun/2022:16:36:20 +0100] "POST /wp-load.php?mwprid=62978771d7c484.17470753 HTTP/1.1" 200 688 "https://walbottlevi.com/" "Mozilla/5.0 (Windows NT 10.0; Win64; x64) AppleWebKit/537.36 (KHTML, like Gecko) Chrome/62.0.3202.94 Safari/537.36"
185.199.220.52 - - [01/Jun/2022:17:01:05 +0100] "POST /wp-admin/admin-ajax.php?action=wordfence_testAjax HTTP/1.1" 200 32 "https://www.walbottlevi.com/wp-admin/admin-ajax.php?action=wordfence_testAjax" "WordPress/6.0; https://www.walbottlevi.com"
2.58.28.32 - - [01/Jun/2022:17:01:06 +0100] "HEAD / HTTP/1.1" 200 0 "-" "-"
185.199.220.52 - - [01/Jun/2022:17:01:06 +0100] "GET /wp-admin/admin-ajax.php?action=wordfence_doScan&isFork=0&scanMode=quick&cronKey=b068da40cb26ba27ccd48d23f0a5e9aa&signature=15bffe268ea2b89e43bb9064c72036e84dff86bda491cacca0bcc6e904ec386f HTTP/1.1" 200 0 "-" "WordPress/6.0; https://www.walbottlevi.com"
185.199.220.52 - - [01/Jun/2022:17:01:07 +0100] "POST /wp-admin/admin-ajax.php?action=wordfence_testAjax HTTP/1.1" 200 32 "https://www.walbottlevi.com/wp-admin/admin-ajax.php?action=wordfence_testAjax" "WordPress/6.0; https://www.walbottlevi.com"
54.68.32.247 - - [01/Jun/2022:17:01:39 +0100] "POST /?rest_route=%2Fwordfence%2Fv1%2Fauthenticate HTTP/1.1" 200 134 "-" "Wordfence Central API v1.0"
51.81.186.219 - - [01/Jun/2022:17:01:40 +0100] "HEAD / HTTP/1.1" 200 0 "-" "-"
54.68.32.247 - - [01/Jun/2022:17:01:41 +0100] "POST /?rest_route=%2Fwordfence%2Fv1%2Fauthenticate HTTP/1.1" 200 264 "-" "Wordfence Central API v1.0"
54.68.32.247 - - [01/Jun/2022:17:01:41 +0100] "POST /?rest_route=%2Fwordfence%2Fv1%2Fconfig HTTP/1.1" 200 3078 "-" "Wordfence Central API v1.0"
185.199.220.52 - - [01/Jun/2022:17:01:55 +0100] "POST /wp-admin/admin-ajax.php?action=wordfence_testAjax HTTP/1.1" 200 32 "https://www.walbottlevi.com/wp-admin/admin-ajax.php?action=wordfence_testAjax" "WordPress/6.0; https://www.walbottlevi.com"
185.199.220.52 - - [01/Jun/2022:17:01:07 +0100] "GET /wp-admin/admin-ajax.php?action=wordfence_doScan&isFork=0&scanMode=custom&cronKey=d4508721597c2f57e0784fe06b1aac25&signature=f598679c5e0b82944e6068decc78d57c1d01c6eb967c1ce66fe6f0f4e8f68d19 HTTP/1.1" 200 0 "-" "WordPress/6.0; https://www.walbottlevi.com"
185.199.220.52 - - [01/Jun/2022:17:02:42 +0100] "POST /wp-admin/admin-ajax.php?action=wordfence_testAjax HTTP/1.1" 200 32 "https://www.walbottlevi.com/wp-admin/admin-ajax.php?action=wordfence_testAjax" "WordPress/6.0; https://www.walbottlevi.com"
2.58.28.32 - - [01/Jun/2022:17:02:42 +0100] "HEAD / HTTP/1.1" 200 0 "-" "-"
185.199.220.52 - - [01/Jun/2022:17:01:55 +0100] "GET /wp-admin/admin-ajax.php?action=wordfence_doScan&isFork=1&scanMode=custom&cronKey=aadbb6a11d935215494e6cc01348127e&signature=26dfd782a05b3130cca7a096ffb042007b3077df9fd33eaf0eca408351a01e32 HTTP/1.1" 200 0 "-" "WordPress/6.0; https://www.walbottlevi.com"
185.199.220.52 - - [01/Jun/2022:17:03:06 +0100] "POST /wp-admin/admin-ajax.php?action=wordfence_testAjax HTTP/1.1" 200 32 "https://www.walbottlevi.com/wp-admin/admin-ajax.php?action=wordfence_testAjax" "WordPress/6.0; https://www.walbottlevi.com"
185.199.220.52 - - [01/Jun/2022:17:02:42 +0100] "GET /wp-admin/admin-ajax.php?action=wordfence_doScan&isFork=1&scanMode=custom&cronKey=0edb322ccb232d32395130b232b7f5df&signature=775dc33f0eee54362681537d8acf0bb1669bd8eda4d08c87f07d96406732cf71 HTTP/1.1" 200 0 "-" "WordPress/6.0; https://www.walbottlevi.com"
185.199.220.52 - - [01/Jun/2022:17:03:39 +0100] "GET /.user.ini HTTP/1.1" 403 1229 "https://www.walbottlevi.com/.user.ini" "WordPress/6.0; https://www.walbottlevi.com"
185.199.220.52 - - [01/Jun/2022:17:03:53 +0100] "POST /wp-admin/admin-ajax.php?action=wordfence_testAjax HTTP/1.1" 200 32 "https://www.walbottlevi.com/wp-admin/admin-ajax.php?action=wordfence_testAjax" "WordPress/6.0; https://www.walbottlevi.com"
185.199.220.52 - - [01/Jun/2022:17:03:06 +0100] "GET /wp-admin/admin-ajax.php?action=wordfence_doScan&isFork=1&scanMode=custom&cronKey=f05603a8546526ea8d565f50d68a9407&signature=099f06e5aa22f77ce7b86cef35fb17e991ee21ce495e29912d906aca653dd0a1 HTTP/1.1" 200 0 "-" "WordPress/6.0; https://www.walbottlevi.com"
185.199.220.52 - - [01/Jun/2022:17:04:17 +0100] "POST /wp-admin/admin-ajax.php?action=wordfence_testAjax HTTP/1.1" 200 32 "https://www.walbottlevi.com/wp-admin/admin-ajax.php?action=wordfence_testAjax" "WordPress/6.0; https://www.walbottlevi.com"
185.199.220.52 - - [01/Jun/2022:17:03:53 +0100] "GET /wp-admin/admin-ajax.php?action=wordfence_doScan&isFork=1&scanMode=custom&cronKey=b977a05a66b015260b6ab5c98c473365&signature=5e67414c272bad4207f2bf2e9aa13ea61687dd8e37ca14a2d1cb5c9567594882 HTTP/1.1" 200 0 "-" "WordPress/6.0; https://www.walbottlevi.com"
185.199.220.52 - - [01/Jun/2022:17:04:17 +0100] "GET /wp-admin/admin-ajax.php?action=wordfence_doScan&isFork=1&scanMode=custom&cronKey=9e351e9a9d7115fa43f029e7160e5ae7&signature=8df3d700a2a4e9601dd03b889d569dba199cd301643864ba2ee8e72f257e207d HTTP/1.1" 200 0 "-" "WordPress/6.0; https://www.walbottlevi.com"
207.46.13.62 - - [01/Jun/2022:17:21:15 +0100] "GET /news/category/uncategorized/ HTTP/1.1" 200 13038 "-" "Mozilla/5.0 (compatible; bingbot/2.0; +http://www.bing.com/bingbot.htm)"
207.46.13.36 - - [01/Jun/2022:17:31:06 +0100] "GET /wp-login.php?action=lostpassword HTTP/1.1" 200 1442 "-" "Mozilla/5.0 (compatible; bingbot/2.0; +http://www.bing.com/bingbot.htm)"
149.28.11.90 - - [01/Jun/2022:17:31:07 +0100] "HEAD / HTTP/1.1" 200 0 "-" "-"
54.68.32.247 - - [01/Jun/2022:18:01:33 +0100] "POST /?rest_route=%2Fwordfence%2Fv1%2Fauthenticate HTTP/1.1" 200 134 "-" "Wordfence Central API v1.0"
54.68.32.247 - - [01/Jun/2022:18:01:34 +0100] "POST /?rest_route=%2Fwordfence%2Fv1%2Fauthenticate HTTP/1.1" 200 264 "-" "Wordfence Central API v1.0"
54.68.32.247 - - [01/Jun/2022:18:01:35 +0100] "POST /?rest_route=%2Fwordfence%2Fv1%2Fconfig HTTP/1.1" 200 3081 "-" "Wordfence Central API v1.0"
31.13.127.18 - - [01/Jun/2022:18:21:50 +0100] "GET /wp-content/uploads/2020/09/cropped-IMG_0477-scaled-2.jpg HTTP/1.1" 403 1229 "-" "facebookexternalhit/1.1 (+http://www.facebook.com/externalhit_uatext.php)"
31.13.103.22 - - [01/Jun/2022:18:27:24 +0100] "GET /agm/ HTTP/1.1" 200 12384 "-" "facebookexternalhit/1.1 (+http://www.facebook.com/externalhit_uatext.php)"
146.88.239.197 - - [01/Jun/2022:18:27:25 +0100] "HEAD / HTTP/1.1" 200 0 "-" "-"
31.13.103.2 - - [01/Jun/2022:18:28:42 +0100] "GET /activities/ HTTP/1.1" 200 12536 "-" "facebookexternalhit/1.1 (+http://www.facebook.com/externalhit_uatext.php)"
146.88.239.197 - - [01/Jun/2022:18:28:42 +0100] "HEAD / HTTP/1.1" 200 0 "-" "-"
10.4.96.3 - - [01/Jun/2022:18:31:51 +0100] "GET /sitemap_index.xml HTTP/1.1" 200 325 "-" "Mozilla/5.0 (compatible; bingbot/2.0; +http://www.bing.com/bingbot.htm)"
34.77.72.106 - - [01/Jun/2022:18:46:30 +0100] "GET /contact/ HTTP/1.1" 200 16250 "-" "DnBCrawler-Analytics"
34.76.217.160 - - [01/Jun/2022:18:46:30 +0100] "GET /contact/ HTTP/1.1" 200 16243 "-" "DnBCrawler-Analytics"
34.76.217.160 - - [01/Jun/2022:18:46:31 +0100] "GET /news/ HTTP/1.1" 200 13150 "-" "DnBCrawler-Analytics"
34.77.72.106 - - [01/Jun/2022:18:46:31 +0100] "GET /news/ HTTP/1.1" 200 13149 "-" "DnBCrawler-Analytics"
34.76.217.160 - - [01/Jun/2022:18:46:32 +0100] "GET /activities/ HTTP/1.1" 200 12536 "-" "DnBCrawler-Analytics"
34.77.72.106 - - [01/Jun/2022:18:46:32 +0100] "GET /almo-photography/ HTTP/1.1" 200 13741 "-" "DnBCrawler-Analytics"
34.76.217.160 - - [01/Jun/2022:18:46:32 +0100] "GET /almo-photography/ HTTP/1.1" 200 13739 "-" "DnBCrawler-Analytics"
34.77.72.106 - - [01/Jun/2022:18:46:32 +0100] "GET /activities/over-60s/ HTTP/1.1" 200 12835 "-" "DnBCrawler-Analytics"
34.76.217.160 - - [01/Jun/2022:18:46:33 +0100] "GET /activities/over-60s/ HTTP/1.1" 200 12840 "-" "DnBCrawler-Analytics"
34.77.72.106 - - [01/Jun/2022:18:46:33 +0100] "GET /activities/street-dance/ HTTP/1.1" 200 13404 "-" "DnBCrawler-Analytics"
34.76.217.160 - - [01/Jun/2022:18:46:34 +0100] "GET /activities/street-dance/ HTTP/1.1" 200 13403 "-" "DnBCrawler-Analytics"
34.77.72.106 - - [01/Jun/2022:18:46:35 +0100] "GET /activities/gentle-movement-to-music/ HTTP/1.1" 200 12456 "-" "DnBCrawler-Analytics"
34.76.217.160 - - [01/Jun/2022:18:46:36 +0100] "GET /activities/gentle-movement-to-music/ HTTP/1.1" 200 12457 "-" "DnBCrawler-Analytics"
34.77.72.106 - - [01/Jun/2022:18:46:36 +0100] "GET /activities/treble-time/ HTTP/1.1" 200 13670 "-" "DnBCrawler-Analytics"
34.77.72.106 - - [01/Jun/2022:18:46:37 +0100] "GET /activities/yoga/ HTTP/1.1" 200 12710 "-" "DnBCrawler-Analytics"
34.76.217.160 - - [01/Jun/2022:18:46:37 +0100] "GET /activities/yoga/ HTTP/1.1" 200 12709 "-" "DnBCrawler-Analytics"
34.77.72.106 - - [01/Jun/2022:18:46:38 +0100] "GET /activities/walbottle-art-group/ HTTP/1.1" 200 12744 "-" "DnBCrawler-Analytics"
34.76.217.160 - - [01/Jun/2022:18:46:38 +0100] "GET /activities/walbottle-art-group/ HTTP/1.1" 200 12744 "-" "DnBCrawler-Analytics"
114.119.137.8 - - [01/Jun/2022:18:52:48 +0100] "GET /page-sitemap.xml HTTP/1.1" 200 1232 "-" "Mozilla/5.0 (compatible;PetalBot;+https://webmaster.petalsearch.com/site/petalbot)"
193.203.202.215 - - [01/Jun/2022:18:52:49 +0100] "HEAD / HTTP/1.1" 200 0 "-" "-"
54.68.32.247 - - [01/Jun/2022:19:01:35 +0100] "POST /?rest_route=%2Fwordfence%2Fv1%2Fauthenticate HTTP/1.1" 200 133 "-" "Wordfence Central API v1.0"
51.81.186.219 - - [01/Jun/2022:19:01:36 +0100] "HEAD / HTTP/1.1" 200 0 "-" "-"
54.68.32.247 - - [01/Jun/2022:19:01:36 +0100] "POST /?rest_route=%2Fwordfence%2Fv1%2Fauthenticate HTTP/1.1" 200 264 "-" "Wordfence Central API v1.0"
54.68.32.247 - - [01/Jun/2022:19:01:37 +0100] "POST /?rest_route=%2Fwordfence%2Fv1%2Fconfig HTTP/1.1" 200 3081 "-" "Wordfence Central API v1.0"
207.46.13.36 - - [01/Jun/2022:19:19:27 +0100] "GET /contact/ HTTP/1.1" 200 16250 "-" "Mozilla/5.0 (compatible; bingbot/2.0; +http://www.bing.com/bingbot.htm)"
82.132.247.149 - - [01/Jun/2022:19:40:50 +0100] "GET /activities/ HTTP/1.1" 200 11192 "https://www.walbottlevi.com/news/" "Mozilla/5.0 (Linux; Android 11; SAMSUNG SM-A125F) AppleWebKit/537.36 (KHTML, like Gecko) SamsungBrowser/16.2 Chrome/92.0.4515.166 Mobile Safari/537.36"
82.132.247.149 - - [01/Jun/2022:19:41:16 +0100] "GET /activities/street-dance/ HTTP/1.1" 200 11817 "https://www.walbottlevi.com/activities/" "Mozilla/5.0 (Linux; Android 11; SAMSUNG SM-A125F) AppleWebKit/537.36 (KHTML, like Gecko) SamsungBrowser/16.2 Chrome/92.0.4515.166 Mobile Safari/537.36"
82.132.247.149 - - [01/Jun/2022:19:41:17 +0100] "GET /wp-content/uploads/2021/06/street-dance-683x1024.jpg.webp HTTP/1.1" 200 113108 "https://www.walbottlevi.com/activities/street-dance/" "Mozilla/5.0 (Linux; Android 11; SAMSUNG SM-A125F) AppleWebKit/537.36 (KHTML, like Gecko) SamsungBrowser/16.2 Chrome/92.0.4515.166 Mobile Safari/537.36"
82.132.247.149 - - [01/Jun/2022:19:41:17 +0100] "GET /wp-content/uploads/2021/06/disney-dance-768x768.jpg.webp HTTP/1.1" 200 111752 "https://www.walbottlevi.com/activities/street-dance/" "Mozilla/5.0 (Linux; Android 11; SAMSUNG SM-A125F) AppleWebKit/537.36 (KHTML, like Gecko) SamsungBrowser/16.2 Chrome/92.0.4515.166 Mobile Safari/537.36"
114.119.137.68 - - [01/Jun/2022:19:50:52 +0100] "GET /activities/treble-time/ HTTP/1.1" 200 13670 "https://www.walbottlevi.com/news/category/uncategorized/page/2/" "Mozilla/5.0 (Linux; Android 7.0;) AppleWebKit/537.36 (KHTML, like Gecko) Mobile Safari/537.36 (compatible; PetalBot;+https://webmaster.petalsearch.com/site/petalbot)"
193.203.202.215 - - [01/Jun/2022:19:50:52 +0100] "HEAD / HTTP/1.1" 200 0 "-" "-"
54.68.32.247 - - [01/Jun/2022:20:01:33 +0100] "POST /?rest_route=%2Fwordfence%2Fv1%2Fauthenticate HTTP/1.1" 200 133 "-" "Wordfence Central API v1.0"
51.81.186.219 - - [01/Jun/2022:20:01:34 +0100] "HEAD / HTTP/1.1" 200 0 "-" "-"
54.68.32.247 - - [01/Jun/2022:20:01:34 +0100] "POST /?rest_route=%2Fwordfence%2Fv1%2Fauthenticate HTTP/1.1" 200 264 "-" "Wordfence Central API v1.0"
54.68.32.247 - - [01/Jun/2022:20:01:34 +0100] "POST /?rest_route=%2Fwordfence%2Fv1%2Fconfig HTTP/1.1" 200 3078 "-" "Wordfence Central API v1.0"
134.209.33.150 - - [01/Jun/2022:20:31:05 +0100] "GET / HTTP/1.0" 401 35 "-" "Mozilla/5.0 (compatible; NetcraftSurveyAgent/1.0; +info@netcraft.com)"
54.68.32.247 - - [01/Jun/2022:21:01:34 +0100] "POST /?rest_route=%2Fwordfence%2Fv1%2Fauthenticate HTTP/1.1" 200 132 "-" "Wordfence Central API v1.0"
51.81.186.219 - - [01/Jun/2022:21:01:35 +0100] "HEAD / HTTP/1.1" 200 0 "-" "-"
54.68.32.247 - - [01/Jun/2022:21:01:35 +0100] "POST /?rest_route=%2Fwordfence%2Fv1%2Fauthenticate HTTP/1.1" 200 266 "-" "Wordfence Central API v1.0"
54.68.32.247 - - [01/Jun/2022:21:01:35 +0100] "POST /?rest_route=%2Fwordfence%2Fv1%2Fconfig HTTP/1.1" 200 3078 "-" "Wordfence Central API v1.0"
54.185.233.44 - - [01/Jun/2022:21:13:16 +0100] "GET / HTTP/1.1" 301 0 "-" "Mozilla/5.0 (Windows NT 10.0; Win64; x64)AppleWebKit/537.36 (KHTML, like Gecko) Chrome/66.0.3359.181 Safari/537.36"
212.102.33.168 - - [01/Jun/2022:21:52:39 +0100] "GET /contact/ HTTP/1.1" 200 16250 "https://www.walbottlevi.com" "Mozilla/5.0 (Windows NT 10.0; Win64; x64) AppleWebKit/537.36 (KHTML, like Gecko) Chrome/62.0.3202.94 Safari/537.36"
212.102.33.168 - - [01/Jun/2022:21:52:40 +0100] "POST /contact/ HTTP/1.1" 200 16846 "https://www.walbottlevi.com" "Mozilla/5.0 (Windows NT 10.0; Win64; x64) AppleWebKit/537.36 (KHTML, like Gecko) Chrome/62.0.3202.94 Safari/537.36"
87.250.224.11 - - [01/Jun/2022:22:43:14 +0100] "GET /charity HTTP/1.1" 404 11671 "-" "Mozilla/5.0 (compatible; YandexBot/3.0; +http://yandex.com/bots)"
193.203.202.215 - - [01/Jun/2022:22:43:15 +0100] "HEAD / HTTP/1.1" 200 0 "-" "-"
34.229.110.93 - - [01/Jun/2022:22:51:04 +0100] "GET / HTTP/1.1" 301 0 "http://walbottlevi.com/" "Mozilla/5.0 (Windows NT 10.0; Win64; x64) AppleWebKit/537.36 (KHTML, like Gecko) Chrome/99.0. 4844.82 Safari/537.36"
54.68.32.247 - - [01/Jun/2022:23:01:34 +0100] "POST /?rest_route=%2Fwordfence%2Fv1%2Fauthenticate HTTP/1.1" 200 134 "-" "Wordfence Central API v1.0"
54.68.32.247 - - [01/Jun/2022:23:01:35 +0100] "POST /?rest_route=%2Fwordfence%2Fv1%2Fauthenticate HTTP/1.1" 200 264 "-" "Wordfence Central API v1.0"
54.68.32.247 - - [01/Jun/2022:23:01:36 +0100] "POST /?rest_route=%2Fwordfence%2Fv1%2Fconfig HTTP/1.1" 200 3081 "-" "Wordfence Central API v1.0"
51.81.186.219 - - [01/Jun/2022:23:01:37 +0100] "HEAD / HTTP/1.1" 200 0 "-" "-"
54.36.149.46 - - [01/Jun/2022:23:41:29 +0100] "GET /news/category/uncategorized/page/3/ HTTP/1.1" 200 10791 "-" "Mozilla/5.0 (compatible; AhrefsBot/7.0; +http://ahrefs.com/robot/)"
54.68.32.247 - - [02/Jun/2022:00:01:34 +0100] "POST /?rest_route=%2Fwordfence%2Fv1%2Fauthenticate HTTP/1.1" 200 134 "-" "Wordfence Central API v1.0"
51.81.186.219 - - [02/Jun/2022:00:01:34 +0100] "HEAD / HTTP/1.1" 200 0 "-" "-"
54.68.32.247 - - [02/Jun/2022:00:01:35 +0100] "POST /?rest_route=%2Fwordfence%2Fv1%2Fauthenticate HTTP/1.1" 200 263 "-" "Wordfence Central API v1.0"
54.68.32.247 - - [02/Jun/2022:00:01:36 +0100] "POST /?rest_route=%2Fwordfence%2Fv1%2Fconfig HTTP/1.1" 200 3081 "-" "Wordfence Central API v1.0"
54.36.148.212 - - [02/Jun/2022:00:20:02 +0100] "GET /news/category/uncategorized/page/2/ HTTP/1.1" 200 11283 "-" "Mozilla/5.0 (compatible; AhrefsBot/7.0; +http://ahrefs.com/robot/)"
152.228.171.66 - - [02/Jun/2022:00:20:03 +0100] "HEAD / HTTP/1.1" 200 0 "-" "-"
114.119.137.67 - - [02/Jun/2022:00:34:02 +0100] "GET /news/whats-happened-in-2020/ HTTP/1.1" 200 13700 "https://www.walbottlevi.com/news/page/3/" "Mozilla/5.0 (Linux; Android 7.0;) AppleWebKit/537.36 (KHTML, like Gecko) Mobile Safari/537.36 (compatible; PetalBot;+https://webmaster.petalsearch.com/site/petalbot)"
193.203.202.215 - - [02/Jun/2022:00:34:03 +0100] "HEAD / HTTP/1.1" 200 0 "-" "-"
114.119.137.67 - - [02/Jun/2022:00:47:07 +0100] "GET /almo-photography/ HTTP/1.1" 200 13739 "https://walbottlevi.com/" "Mozilla/5.0 (Linux; Android 7.0;) AppleWebKit/537.36 (KHTML, like Gecko) Mobile Safari/537.36 (compatible; PetalBot;+https://webmaster.petalsearch.com/site/petalbot)"
193.203.202.215 - - [02/Jun/2022:00:47:07 +0100] "HEAD / HTTP/1.1" 200 0 "-" "-"
54.36.148.214 - - [02/Jun/2022:00:59:27 +0100] "GET /facilities/ HTTP/1.1" 200 11870 "-" "Mozilla/5.0 (compatible; AhrefsBot/7.0; +http://ahrefs.com/robot/)"
152.228.171.66 - - [02/Jun/2022:00:59:27 +0100] "HEAD / HTTP/1.1" 200 0 "-" "-"
54.68.32.247 - - [02/Jun/2022:01:01:33 +0100] "POST /?rest_route=%2Fwordfence%2Fv1%2Fauthenticate HTTP/1.1" 200 133 "-" "Wordfence Central API v1.0"
54.68.32.247 - - [02/Jun/2022:01:01:34 +0100] "POST /?rest_route=%2Fwordfence%2Fv1%2Fauthenticate HTTP/1.1" 200 263 "-" "Wordfence Central API v1.0"
54.68.32.247 - - [02/Jun/2022:01:01:35 +0100] "POST /?rest_route=%2Fwordfence%2Fv1%2Fconfig HTTP/1.1" 200 3081 "-" "Wordfence Central API v1.0"
54.68.32.247 - - [02/Jun/2022:02:01:33 +0100] "POST /?rest_route=%2Fwordfence%2Fv1%2Fauthenticate HTTP/1.1" 200 133 "-" "Wordfence Central API v1.0"
51.81.186.219 - - [02/Jun/2022:02:01:34 +0100] "HEAD / HTTP/1.1" 200 0 "-" "-"
54.68.32.247 - - [02/Jun/2022:02:01:35 +0100] "POST /?rest_route=%2Fwordfence%2Fv1%2Fauthenticate HTTP/1.1" 200 264 "-" "Wordfence Central API v1.0"
54.68.32.247 - - [02/Jun/2022:02:01:36 +0100] "POST /?rest_route=%2Fwordfence%2Fv1%2Fconfig HTTP/1.1" 200 3081 "-" "Wordfence Central API v1.0"
185.191.171.33 - - [02/Jun/2022:02:34:33 +0100] "GET /activities/get-fit-with-lisa/ HTTP/1.1" 200 12708 "-" "Mozilla/5.0 (compatible; SemrushBot/7~bl; +http://www.semrush.com/bot.html)"
135.148.148.230 - - [02/Jun/2022:02:34:34 +0100] "HEAD / HTTP/1.1" 200 0 "-" "-"
114.119.152.86 - - [02/Jun/2022:02:44:55 +0100] "GET /robots.txt HTTP/1.1" 301 0 "-" "Mozilla/5.0 (compatible;PetalBot;+https://webmaster.petalsearch.com/site/petalbot)"
54.68.32.247 - - [02/Jun/2022:03:01:33 +0100] "POST /?rest_route=%2Fwordfence%2Fv1%2Fauthenticate HTTP/1.1" 200 133 "-" "Wordfence Central API v1.0"
51.81.186.219 - - [02/Jun/2022:03:01:33 +0100] "HEAD / HTTP/1.1" 200 0 "-" "-"
54.68.32.247 - - [02/Jun/2022:03:01:34 +0100] "POST /?rest_route=%2Fwordfence%2Fv1%2Fauthenticate HTTP/1.1" 200 263 "-" "Wordfence Central API v1.0"
54.68.32.247 - - [02/Jun/2022:03:01:35 +0100] "POST /?rest_route=%2Fwordfence%2Fv1%2Fconfig HTTP/1.1" 200 3081 "-" "Wordfence Central API v1.0"
51.81.186.219 - - [02/Jun/2022:03:01:35 +0100] "HEAD / HTTP/1.1" 200 0 "-" "-"
13.57.187.145 - - [02/Jun/2022:03:02:29 +0100] "GET /favicon.ico HTTP/1.1" 404 1238 "www.walbottlevi.com" "Mozilla/5.0 (Macintosh; Intel Mac OS X 10_15_7) AppleWebKit/537.36 (KHTML, like Gecko) Chrome/88.0.4324.96 Safari/537.36"
64.225.34.246 - - [02/Jun/2022:03:02:29 +0100] "HEAD / HTTP/1.1" 200 0 "-" "-"
13.57.187.145 - - [02/Jun/2022:03:02:29 +0100] "GET /wp-content/uploads/2019/11/cropped-WVIMain-32x32.png HTTP/1.1" 403 1229 "www.walbottlevi.com" "Mozilla/5.0 (Windows NT 6.1; Win64; x64; rv:84.0) Gecko/20100101 Firefox/84.0"
54.68.32.247 - - [02/Jun/2022:04:01:33 +0100] "POST /?rest_route=%2Fwordfence%2Fv1%2Fauthenticate HTTP/1.1" 200 134 "-" "Wordfence Central API v1.0"
51.81.186.219 - - [02/Jun/2022:04:01:34 +0100] "HEAD / HTTP/1.1" 200 0 "-" "-"
54.68.32.247 - - [02/Jun/2022:04:01:34 +0100] "POST /?rest_route=%2Fwordfence%2Fv1%2Fauthenticate HTTP/1.1" 200 265 "-" "Wordfence Central API v1.0"
54.68.32.247 - - [02/Jun/2022:04:01:35 +0100] "POST /?rest_route=%2Fwordfence%2Fv1%2Fconfig HTTP/1.1" 200 3081 "-" "Wordfence Central API v1.0"
157.55.39.215 - - [02/Jun/2022:04:13:26 +0100] "GET /wp-content/uploads/2021/07/thumbnail_IMG_0342-768x574.jpg HTTP/1.1" 403 1229 "-" "Mozilla/5.0 (compatible; bingbot/2.0; +http://www.bing.com/bingbot.htm)"
54.68.32.247 - - [02/Jun/2022:05:01:33 +0100] "POST /?rest_route=%2Fwordfence%2Fv1%2Fauthenticate HTTP/1.1" 200 132 "-" "Wordfence Central API v1.0"
51.81.186.219 - - [02/Jun/2022:05:01:34 +0100] "HEAD / HTTP/1.1" 200 0 "-" "-"
54.68.32.247 - - [02/Jun/2022:05:01:34 +0100] "POST /?rest_route=%2Fwordfence%2Fv1%2Fauthenticate HTTP/1.1" 200 263 "-" "Wordfence Central API v1.0"
54.68.32.247 - - [02/Jun/2022:05:01:35 +0100] "POST /?rest_route=%2Fwordfence%2Fv1%2Fconfig HTTP/1.1" 200 3078 "-" "Wordfence Central API v1.0"
94.12.10.164 - - [02/Jun/2022:05:04:46 +0100] "GET /.well-known/assetlinks.json HTTP/1.1" 301 0 "-" "Mozilla/5.0 (Macintosh; Intel Mac OS X 10_11_6) AppleWebKit/537.36 (KHTML, like Gecko) Chrome/53.0.2785.143 Safari/537.36"
94.12.10.164 - - [02/Jun/2022:05:04:47 +0100] "GET /.well-known/assetlinks.json HTTP/1.1" 404 11672 "-" "Mozilla/5.0 (Macintosh; Intel Mac OS X 10_11_6) AppleWebKit/537.36 (KHTML, like Gecko) Chrome/53.0.2785.143 Safari/537.36"
2.58.28.32 - - [02/Jun/2022:05:04:47 +0100] "HEAD / HTTP/1.1" 200 0 "-" "-"
94.12.10.164 - - [02/Jun/2022:05:06:20 +0100] "GET /.well-known/assetlinks.json HTTP/1.1" 301 0 "-" "Mozilla/5.0 (Macintosh; Intel Mac OS X 10_11_6) AppleWebKit/537.36 (KHTML, like Gecko) Chrome/53.0.2785.143 Safari/537.36"
10.4.96.3 - - [02/Jun/2022:05:31:16 +0100] "GET /sitemap_index.xml HTTP/1.1" 200 325 "-" "Mozilla/5.0 (compatible; bingbot/2.0; +http://www.bing.com/bingbot.htm)"
66.249.75.238 - - [02/Jun/2022:05:41:54 +0100] "GET /robots.txt HTTP/1.1" 200 102 "-" "Mozilla/5.0 (compatible; Googlebot/2.1; +http://www.google.com/bot.html)"
66.249.75.238 - - [02/Jun/2022:05:42:18 +0100] "GET /using-the-hall-during-covid-19/ HTTP/1.1" 200 11222 "-" "Mozilla/5.0 (compatible; Googlebot/2.1; +http://www.google.com/bot.html)"
54.68.32.247 - - [02/Jun/2022:06:01:32 +0100] "POST /?rest_route=%2Fwordfence%2Fv1%2Fauthenticate HTTP/1.1" 200 134 "-" "Wordfence Central API v1.0"
51.81.186.219 - - [02/Jun/2022:06:01:32 +0100] "HEAD / HTTP/1.1" 200 0 "-" "-"
54.68.32.247 - - [02/Jun/2022:06:01:33 +0100] "POST /?rest_route=%2Fwordfence%2Fv1%2Fauthenticate HTTP/1.1" 200 264 "-" "Wordfence Central API v1.0"
54.68.32.247 - - [02/Jun/2022:06:01:34 +0100] "POST /?rest_route=%2Fwordfence%2Fv1%2Fconfig HTTP/1.1" 200 3081 "-" "Wordfence Central API v1.0"
185.191.171.14 - - [02/Jun/2022:06:07:12 +0100] "GET /news/page/3/ HTTP/1.1" 200 12171 "-" "Mozilla/5.0 (compatible; SemrushBot/7~bl; +http://www.semrush.com/bot.html)"
135.148.148.230 - - [02/Jun/2022:06:07:13 +0100] "HEAD / HTTP/1.1" 200 0 "-" "-"
114.119.151.83 - - [02/Jun/2022:06:28:42 +0100] "GET /robots.txt HTTP/1.1" 301 0 "-" "Mozilla/5.0 (compatible;PetalBot;+https://webmaster.petalsearch.com/site/petalbot)"
54.68.32.247 - - [02/Jun/2022:07:01:33 +0100] "POST /?rest_route=%2Fwordfence%2Fv1%2Fauthenticate HTTP/1.1" 200 132 "-" "Wordfence Central API v1.0"
51.81.186.219 - - [02/Jun/2022:07:01:34 +0100] "HEAD / HTTP/1.1" 200 0 "-" "-"
54.68.32.247 - - [02/Jun/2022:07:01:34 +0100] "POST /?rest_route=%2Fwordfence%2Fv1%2Fauthenticate HTTP/1.1" 200 263 "-" "Wordfence Central API v1.0"
54.68.32.247 - - [02/Jun/2022:07:01:35 +0100] "POST /?rest_route=%2Fwordfence%2Fv1%2Fconfig HTTP/1.1" 200 3078 "-" "Wordfence Central API v1.0"
54.191.137.17 - - [02/Jun/2022:07:16:40 +0100] "POST /wp-load.php?mwprid=629855c82d8059.07930529 HTTP/1.1" 200 10310 "https://walbottlevi.com/" "Mozilla/5.0 (Windows NT 10.0; Win64; x64) AppleWebKit/537.36 (KHTML, like Gecko) Chrome/62.0.3202.94 Safari/537.36"
185.199.220.52 - - [02/Jun/2022:08:00:15 +0100] "HEAD / HTTP/2" 301 0 "-" "-"
54.68.32.247 - - [02/Jun/2022:08:01:32 +0100] "POST /?rest_route=%2Fwordfence%2Fv1%2Fauthenticate HTTP/1.1" 200 133 "-" "Wordfence Central API v1.0"
51.81.186.219 - - [02/Jun/2022:08:01:33 +0100] "HEAD / HTTP/1.1" 200 0 "-" "-"
54.68.32.247 - - [02/Jun/2022:08:01:34 +0100] "POST /?rest_route=%2Fwordfence%2Fv1%2Fauthenticate HTTP/1.1" 200 262 "-" "Wordfence Central API v1.0"
54.68.32.247 - - [02/Jun/2022:08:01:34 +0100] "POST /?rest_route=%2Fwordfence%2Fv1%2Fconfig HTTP/1.1" 200 3078 "-" "Wordfence Central API v1.0"
173.252.107.10 - - [02/Jun/2022:08:30:18 +0100] "GET /wp-content/uploads/2020/09/cropped-IMG_0477-scaled-2.jpg HTTP/1.1" 403 1229 "-" "facebookexternalhit/1.1 (+http://www.facebook.com/externalhit_uatext.php)"
104.225.142.116 - - [02/Jun/2022:08:30:18 +0100] "HEAD / HTTP/1.1" 200 0 "-" "-"
54.68.32.247 - - [02/Jun/2022:09:01:33 +0100] "POST /?rest_route=%2Fwordfence%2Fv1%2Fauthenticate HTTP/1.1" 200 133 "-" "Wordfence Central API v1.0"
51.81.186.219 - - [02/Jun/2022:09:01:34 +0100] "HEAD / HTTP/1.1" 200 0 "-" "-"
54.68.32.247 - - [02/Jun/2022:09:01:34 +0100] "POST /?rest_route=%2Fwordfence%2Fv1%2Fauthenticate HTTP/1.1" 200 262 "-" "Wordfence Central API v1.0"
54.68.32.247 - - [02/Jun/2022:09:01:35 +0100] "POST /?rest_route=%2Fwordfence%2Fv1%2Fconfig HTTP/1.1" 200 3081 "-" "Wordfence Central API v1.0"
51.222.253.10 - - [02/Jun/2022:09:25:15 +0100] "GET /robots.txt HTTP/1.1" 200 102 "-" "Mozilla/5.0 (compatible; AhrefsBot/7.0; +http://ahrefs.com/robot/)"
54.68.32.247 - - [02/Jun/2022:10:01:33 +0100] "POST /?rest_route=%2Fwordfence%2Fv1%2Fauthenticate HTTP/1.1" 200 134 "-" "Wordfence Central API v1.0"
51.81.186.219 - - [02/Jun/2022:10:01:34 +0100] "HEAD / HTTP/1.1" 200 0 "-" "-"
54.68.32.247 - - [02/Jun/2022:10:01:34 +0100] "POST /?rest_route=%2Fwordfence%2Fv1%2Fauthenticate HTTP/1.1" 200 261 "-" "Wordfence Central API v1.0"
