54.68.32.247 - - [07/May/2022:07:01:31 +0100] "POST /?rest_route=%2Fwordfence%2Fv1%2Fauthenticate HTTP/1.1" 200 133 "-" "Wordfence Central API v1.0"
51.81.186.219 - - [07/May/2022:07:01:32 +0100] "HEAD / HTTP/1.1" 200 0 "-" "-"
54.68.32.247 - - [07/May/2022:07:01:32 +0100] "POST /?rest_route=%2Fwordfence%2Fv1%2Fauthenticate HTTP/1.1" 200 256 "-" "Wordfence Central API v1.0"
54.68.32.247 - - [07/May/2022:07:01:33 +0100] "POST /?rest_route=%2Fwordfence%2Fv1%2Fconfig HTTP/1.1" 200 3079 "-" "Wordfence Central API v1.0"
157.55.39.159 - - [07/May/2022:07:14:41 +0100] "GET /activities/over-60s/ HTTP/1.1" 200 12907 "-" "Mozilla/5.0 (compatible; bingbot/2.0; +http://www.bing.com/bingbot.htm)"
149.28.11.90 - - [07/May/2022:07:14:42 +0100] "HEAD / HTTP/1.1" 200 0 "-" "-"
54.191.137.17 - - [07/May/2022:07:25:07 +0100] "POST /wp-load.php?mwprid=627610bfda3e02.61395389 HTTP/1.1" 200 10314 "https://walbottlevi.com/" "Mozilla/5.0 (Windows NT 10.0; Win64; x64) AppleWebKit/537.36 (KHTML, like Gecko) Chrome/62.0.3202.94 Safari/537.36"
185.199.220.52 - - [07/May/2022:08:00:05 +0100] "HEAD / HTTP/2" 301 0 "-" "-"
54.68.32.247 - - [07/May/2022:08:01:33 +0100] "POST /?rest_route=%2Fwordfence%2Fv1%2Fauthenticate HTTP/1.1" 200 133 "-" "Wordfence Central API v1.0"
54.68.32.247 - - [07/May/2022:08:01:34 +0100] "POST /?rest_route=%2Fwordfence%2Fv1%2Fauthenticate HTTP/1.1" 200 256 "-" "Wordfence Central API v1.0"
54.68.32.247 - - [07/May/2022:08:01:35 +0100] "POST /?rest_route=%2Fwordfence%2Fv1%2Fconfig HTTP/1.1" 200 3082 "-" "Wordfence Central API v1.0"
5.45.207.124 - - [07/May/2022:08:08:50 +0100] "GET /robots.txt HTTP/1.1" 301 0 "-" "Mozilla/5.0 (compatible; YandexBot/3.0; +http://yandex.com/bots)"
87.250.224.96 - - [07/May/2022:08:09:15 +0100] "GET /robots.txt HTTP/1.1" 301 0 "-" "Mozilla/5.0 (compatible; YandexBot/3.0; +http://yandex.com/bots)"
87.250.224.96 - - [07/May/2022:08:09:19 +0100] "GET / HTTP/1.1" 301 0 "-" "Mozilla/5.0 (compatible; YandexBot/3.0; +http://yandex.com/bots)"
37.152.209.229 - - [07/May/2022:08:09:49 +0100] "GET /contact/ HTTP/1.1" 200 14502 "https://www.walbottlevi.com/" "Mozilla/5.0 (Macintosh; Intel Mac OS X 10_15_6) AppleWebKit/605.1.15 (KHTML, like Gecko) Version/15.4 Safari/605.1.15"
2.58.28.32 - - [07/May/2022:08:09:49 +0100] "HEAD / HTTP/1.1" 200 0 "-" "-"
37.152.209.229 - - [07/May/2022:08:09:49 +0100] "POST /wp-admin/admin-ajax.php HTTP/1.1" 200 0 "https://www.walbottlevi.com/contact/" "Mozilla/5.0 (Macintosh; Intel Mac OS X 10_15_6) AppleWebKit/605.1.15 (KHTML, like Gecko) Version/15.4 Safari/605.1.15"
95.108.213.74 - - [07/May/2022:08:11:07 +0100] "GET / HTTP/1.1" 301 0 "-" "Mozilla/5.0 (compatible; YandexBot/3.0; +http://yandex.com/bots)"
40.77.167.24 - - [07/May/2022:08:15:05 +0100] "GET /sitemap_index.xml HTTP/1.1" 200 325 "-" "Mozilla/5.0 (compatible; bingbot/2.0; +http://www.bing.com/bingbot.htm)"
149.28.11.90 - - [07/May/2022:08:15:06 +0100] "HEAD / HTTP/1.1" 200 0 "-" "-"
207.46.13.36 - - [07/May/2022:08:35:05 +0100] "GET /activities/treble-time/ HTTP/1.1" 200 13752 "-" "Mozilla/5.0 (compatible; bingbot/2.0; +http://www.bing.com/bingbot.htm)"
149.28.11.90 - - [07/May/2022:08:35:06 +0100] "HEAD / HTTP/1.1" 200 0 "-" "-"
66.249.66.40 - - [07/May/2022:08:57:56 +0100] "GET / HTTP/1.1" 301 0 "-" "Mozilla/5.0 (compatible; Googlebot/2.1; +http://www.google.com/bot.html)"
66.249.68.64 - - [07/May/2022:08:58:33 +0100] "GET /wp-includes/js/jquery/jquery.min.js?ver=3.6.0 HTTP/1.1" 200 30273 "https://www.walbottlevi.com/" "Mozilla/5.0 AppleWebKit/537.36 (KHTML, like Gecko; compatible; Googlebot/2.1; +http://www.google.com/bot.html) Chrome/100.0.4896.127 Safari/537.36"
64.225.34.246 - - [07/May/2022:08:58:34 +0100] "HEAD / HTTP/1.1" 200 0 "-" "-"
54.68.32.247 - - [07/May/2022:09:01:33 +0100] "POST /?rest_route=%2Fwordfence%2Fv1%2Fauthenticate HTTP/1.1" 200 134 "-" "Wordfence Central API v1.0"
54.68.32.247 - - [07/May/2022:09:01:34 +0100] "POST /?rest_route=%2Fwordfence%2Fv1%2Fauthenticate HTTP/1.1" 200 256 "-" "Wordfence Central API v1.0"
54.68.32.247 - - [07/May/2022:09:01:34 +0100] "POST /?rest_route=%2Fwordfence%2Fv1%2Fconfig HTTP/1.1" 200 3082 "-" "Wordfence Central API v1.0"
10.4.96.3 - - [07/May/2022:09:49:24 +0100] "GET /news/summer-update/feed/ HTTP/1.1" 200 792 "-" "Mozilla/5.0 (compatible; DotBot/1.2; +https://opensiteexplorer.org/dotbot; help@moz.com)"
149.28.11.90 - - [07/May/2022:09:49:25 +0100] "HEAD / HTTP/1.1" 200 0 "-" "-"
54.68.32.247 - - [07/May/2022:10:01:33 +0100] "POST /?rest_route=%2Fwordfence%2Fv1%2Fauthenticate HTTP/1.1" 200 134 "-" "Wordfence Central API v1.0"
54.68.32.247 - - [07/May/2022:10:01:34 +0100] "POST /?rest_route=%2Fwordfence%2Fv1%2Fauthenticate HTTP/1.1" 200 256 "-" "Wordfence Central API v1.0"
54.68.32.247 - - [07/May/2022:10:01:35 +0100] "POST /?rest_route=%2Fwordfence%2Fv1%2Fconfig HTTP/1.1" 200 3082 "-" "Wordfence Central API v1.0"
114.119.137.67 - - [07/May/2022:10:09:02 +0100] "GET /news/all-classes-now-back/ HTTP/1.1" 200 13491 "-" "Mozilla/5.0 (Linux; Android 7.0;) AppleWebKit/537.36 (KHTML, like Gecko) Mobile Safari/537.36 (compatible; PetalBot;+https://webmaster.petalsearch.com/site/petalbot)"
193.203.202.215 - - [07/May/2022:10:09:02 +0100] "HEAD / HTTP/1.1" 200 0 "-" "-"
114.119.137.54 - - [07/May/2022:10:40:51 +0100] "GET /news/2021/07/ HTTP/1.1" 200 12322 "-" "Mozilla/5.0 (Linux; Android 7.0;) AppleWebKit/537.36 (KHTML, like Gecko) Mobile Safari/537.36 (compatible; PetalBot;+https://webmaster.petalsearch.com/site/petalbot)"
193.203.202.215 - - [07/May/2022:10:40:51 +0100] "HEAD / HTTP/1.1" 200 0 "-" "-"
114.119.137.54 - - [07/May/2022:10:58:58 +0100] "GET /sitemap_index.xml HTTP/1.1" 200 325 "-" "Mozilla/5.0 (Linux; Android 7.0;) AppleWebKit/537.36 (KHTML, like Gecko) Mobile Safari/537.36 (compatible; PetalBot;+https://webmaster.petalsearch.com/site/petalbot)"
54.68.32.247 - - [07/May/2022:11:01:33 +0100] "POST /?rest_route=%2Fwordfence%2Fv1%2Fauthenticate HTTP/1.1" 200 135 "-" "Wordfence Central API v1.0"
54.68.32.247 - - [07/May/2022:11:01:34 +0100] "POST /?rest_route=%2Fwordfence%2Fv1%2Fauthenticate HTTP/1.1" 200 256 "-" "Wordfence Central API v1.0"
54.68.32.247 - - [07/May/2022:11:01:35 +0100] "POST /?rest_route=%2Fwordfence%2Fv1%2Fconfig HTTP/1.1" 200 3082 "-" "Wordfence Central API v1.0"
66.249.68.34 - - [07/May/2022:11:03:56 +0100] "GET / HTTP/1.1" 301 0 "-" "Mozilla/5.0 (compatible; Googlebot/2.1; +http://www.google.com/bot.html)"
114.119.137.64 - - [07/May/2022:11:41:01 +0100] "GET /news/whats-happened-in-2020/ HTTP/1.1" 200 13769 "-" "Mozilla/5.0 (Linux; Android 7.0;) AppleWebKit/537.36 (KHTML, like Gecko) Mobile Safari/537.36 (compatible; PetalBot;+https://webmaster.petalsearch.com/site/petalbot)"
193.203.202.215 - - [07/May/2022:11:41:01 +0100] "HEAD / HTTP/1.1" 200 0 "-" "-"
190.237.229.16 - - [07/May/2022:11:48:16 +0100] "GET / HTTP/1.1" 301 0 "-" "Mozilla/5.0 (Windows NT 10.0; Win64; x64) AppleWebKit/537.36 (KHTML, like Gecko) Chrome/85.0.4183.121 Safari/537.36"
190.237.229.16 - - [07/May/2022:11:48:19 +0100] "GET / HTTP/1.1" 200 11280 "-" "Mozilla/5.0 (Windows NT 10.0; Win64; x64) AppleWebKit/537.36 (KHTML, like Gecko) Chrome/85.0.4183.121 Safari/537.36"
193.203.202.215 - - [07/May/2022:11:48:19 +0100] "HEAD / HTTP/1.1" 200 0 "-" "-"
190.237.229.16 - - [07/May/2022:11:48:30 +0100] "GET /comments/feed/ HTTP/1.1" 200 1544 "-" "Mozilla/5.0 (Windows NT 10.0; Win64; x64) AppleWebKit/537.36 (KHTML, like Gecko) Chrome/85.0.4183.121 Safari/537.36"
190.237.229.16 - - [07/May/2022:11:48:31 +0100] "GET /comments/feed/ HTTP/1.1" 200 1544 "-" "Mozilla/5.0 (Windows NT 10.0; Win64; x64) AppleWebKit/537.36 (KHTML, like Gecko) Chrome/85.0.4183.121 Safari/537.36"
190.237.229.16 - - [07/May/2022:11:48:32 +0100] "GET /news/ HTTP/1.1" 200 11605 "-" "Mozilla/5.0 (Windows NT 10.0; Win64; x64) AppleWebKit/537.36 (KHTML, like Gecko) Chrome/85.0.4183.121 Safari/537.36"
190.237.229.16 - - [07/May/2022:11:48:43 +0100] "GET /contact/ HTTP/1.1" 200 14538 "-" "Mozilla/5.0 (Windows NT 10.0; Win64; x64) AppleWebKit/537.36 (KHTML, like Gecko) Chrome/85.0.4183.121 Safari/537.36"
54.68.32.247 - - [07/May/2022:12:01:34 +0100] "POST /?rest_route=%2Fwordfence%2Fv1%2Fauthenticate HTTP/1.1" 200 134 "-" "Wordfence Central API v1.0"
54.68.32.247 - - [07/May/2022:12:01:35 +0100] "POST /?rest_route=%2Fwordfence%2Fv1%2Fauthenticate HTTP/1.1" 200 256 "-" "Wordfence Central API v1.0"
54.68.32.247 - - [07/May/2022:12:01:36 +0100] "POST /?rest_route=%2Fwordfence%2Fv1%2Fconfig HTTP/1.1" 200 3082 "-" "Wordfence Central API v1.0"
40.77.167.24 - - [07/May/2022:12:44:00 +0100] "GET /sitemap_index.xml HTTP/1.1" 200 325 "-" "Mozilla/5.0 (compatible; bingbot/2.0; +http://www.bing.com/bingbot.htm)"
54.68.32.247 - - [07/May/2022:13:01:32 +0100] "POST /?rest_route=%2Fwordfence%2Fv1%2Fauthenticate HTTP/1.1" 200 133 "-" "Wordfence Central API v1.0"
51.81.186.219 - - [07/May/2022:13:01:33 +0100] "HEAD / HTTP/1.1" 200 0 "-" "-"
54.68.32.247 - - [07/May/2022:13:01:33 +0100] "POST /?rest_route=%2Fwordfence%2Fv1%2Fauthenticate HTTP/1.1" 200 256 "-" "Wordfence Central API v1.0"
54.68.32.247 - - [07/May/2022:13:01:34 +0100] "POST /?rest_route=%2Fwordfence%2Fv1%2Fconfig HTTP/1.1" 200 3082 "-" "Wordfence Central API v1.0"
66.249.68.67 - - [07/May/2022:13:12:18 +0100] "GET /wp-content/uploads/2021/06/street-dance-683x1024.jpg HTTP/1.1" 403 1229 "-" "Googlebot-Image/1.0"
64.225.34.246 - - [07/May/2022:13:12:19 +0100] "HEAD / HTTP/1.1" 200 0 "-" "-"
185.191.171.16 - - [07/May/2022:13:33:06 +0100] "GET /robots.txt HTTP/1.1" 200 116 "-" "Mozilla/5.0 (compatible; SemrushBot/7~bl; +http://www.semrush.com/bot.html)"
185.191.171.9 - - [07/May/2022:13:33:08 +0100] "GET /gallery/ HTTP/1.1" 200 15048 "-" "Mozilla/5.0 (compatible; SemrushBot/7~bl; +http://www.semrush.com/bot.html)"
114.119.145.187 - - [07/May/2022:13:56:06 +0100] "GET /robots.txt HTTP/1.1" 301 0 "-" "Mozilla/5.0 (compatible;PetalBot;+https://webmaster.petalsearch.com/site/petalbot)"
185.191.171.26 - - [07/May/2022:13:58:17 +0100] "GET /wp-comments-post.php HTTP/1.1" 405 0 "-" "Mozilla/5.0 (compatible; SemrushBot/7~bl; +http://www.semrush.com/bot.html)"
135.148.148.230 - - [07/May/2022:13:58:17 +0100] "HEAD / HTTP/1.1" 200 0 "-" "-"
54.68.32.247 - - [07/May/2022:14:01:32 +0100] "POST /?rest_route=%2Fwordfence%2Fv1%2Fauthenticate HTTP/1.1" 200 134 "-" "Wordfence Central API v1.0"
54.68.32.247 - - [07/May/2022:14:01:33 +0100] "POST /?rest_route=%2Fwordfence%2Fv1%2Fauthenticate HTTP/1.1" 200 253 "-" "Wordfence Central API v1.0"
54.68.32.247 - - [07/May/2022:14:01:34 +0100] "POST /?rest_route=%2Fwordfence%2Fv1%2Fconfig HTTP/1.1" 200 3082 "-" "Wordfence Central API v1.0"
66.249.68.67 - - [07/May/2022:14:15:14 +0100] "GET /activities/walbottle-art-group/ HTTP/1.1" 200 11304 "-" "Mozilla/5.0 (compatible; Googlebot/2.1; +http://www.google.com/bot.html)"
64.225.34.246 - - [07/May/2022:14:15:15 +0100] "HEAD / HTTP/1.1" 200 0 "-" "-"
10.4.96.3 - - [07/May/2022:14:25:01 +0100] "GET /sitemap_index.xml HTTP/1.1" 200 325 "-" "Mozilla/5.0 (compatible; bingbot/2.0; +http://www.bing.com/bingbot.htm)"
149.28.11.90 - - [07/May/2022:14:25:01 +0100] "HEAD / HTTP/1.1" 200 0 "-" "-"
54.36.148.198 - - [07/May/2022:14:45:55 +0100] "GET /robots.txt HTTP/2" 301 0 "-" "Mozilla/5.0 (compatible; AhrefsBot/7.0; +http://ahrefs.com/robot/)"
54.36.148.149 - - [07/May/2022:14:45:56 +0100] "GET / HTTP/2" 301 0 "-" "Mozilla/5.0 (compatible; AhrefsBot/7.0; +http://ahrefs.com/robot/)"
54.191.137.17 - - [07/May/2022:14:57:57 +0100] "POST /wp-load.php?mwprid=62767ae5744467.48996942 HTTP/1.1" 200 10314 "https://walbottlevi.com/" "Mozilla/5.0 (Windows NT 10.0; Win64; x64) AppleWebKit/537.36 (KHTML, like Gecko) Chrome/62.0.3202.94 Safari/537.36"
54.191.137.17 - - [07/May/2022:14:58:05 +0100] "POST /wp-load.php?mwprid=62767aeea51a67.83271750 HTTP/1.1" 200 690 "https://walbottlevi.com/" "Mozilla/5.0 (Windows NT 10.0; Win64; x64) AppleWebKit/537.36 (KHTML, like Gecko) Chrome/62.0.3202.94 Safari/537.36"
54.191.137.17 - - [07/May/2022:14:58:15 +0100] "GET / HTTP/2" 301 0 "-" "Mozilla/5.0 (X11; Linux x86_64) AppleWebKit/537.36 (KHTML, like Gecko) HeadlessChrome/60.0.3112.101 Safari/537.36"
54.191.137.17 - - [07/May/2022:14:58:16 +0100] "GET / HTTP/1.1" 200 12697 "-" "Mozilla/5.0 (X11; Linux x86_64) AppleWebKit/537.36 (KHTML, like Gecko) HeadlessChrome/60.0.3112.101 Safari/537.36"
54.191.137.17 - - [07/May/2022:14:58:17 +0100] "GET /wp-content/litespeed/css/cb21ec2d70e49154406ff85a4f971eb0.css?ver=4a728 HTTP/1.1" 200 805 "https://www.walbottlevi.com/" "Mozilla/5.0 (X11; Linux x86_64) AppleWebKit/537.36 (KHTML, like Gecko) HeadlessChrome/60.0.3112.101 Safari/537.36"
54.191.137.17 - - [07/May/2022:14:58:17 +0100] "GET /wp-content/litespeed/css/8576258e7ed95683a61ed71d30331f17.css?ver=3458c HTTP/1.1" 200 1410 "https://www.walbottlevi.com/" "Mozilla/5.0 (X11; Linux x86_64) AppleWebKit/537.36 (KHTML, like Gecko) HeadlessChrome/60.0.3112.101 Safari/537.36"
54.191.137.17 - - [07/May/2022:14:58:17 +0100] "GET /wp-includes/js/jquery/jquery.min.js?ver=3.6.0 HTTP/1.1" 200 34819 "https://www.walbottlevi.com/" "Mozilla/5.0 (X11; Linux x86_64) AppleWebKit/537.36 (KHTML, like Gecko) HeadlessChrome/60.0.3112.101 Safari/537.36"
54.191.137.17 - - [07/May/2022:14:58:17 +0100] "GET /wp-content/litespeed/css/f1f3bb515f8594534f56b8b8eb04f322.css?ver=bdff9 HTTP/1.1" 200 10202 "https://www.walbottlevi.com/" "Mozilla/5.0 (X11; Linux x86_64) AppleWebKit/537.36 (KHTML, like Gecko) HeadlessChrome/60.0.3112.101 Safari/537.36"
54.191.137.17 - - [07/May/2022:14:58:17 +0100] "GET /wp-includes/js/jquery/jquery-migrate.min.js?ver=3.3.2 HTTP/1.1" 200 4461 "https://www.walbottlevi.com/" "Mozilla/5.0 (X11; Linux x86_64) AppleWebKit/537.36 (KHTML, like Gecko) HeadlessChrome/60.0.3112.101 Safari/537.36"
54.191.137.17 - - [07/May/2022:14:58:17 +0100] "GET /wp-content/litespeed/css/04c205088aef6ab86671135984bde441.css?ver=ef894 HTTP/1.1" 200 250 "https://www.walbottlevi.com/" "Mozilla/5.0 (X11; Linux x86_64) AppleWebKit/537.36 (KHTML, like Gecko) HeadlessChrome/60.0.3112.101 Safari/537.36"
54.191.137.17 - - [07/May/2022:14:58:17 +0100] "GET /wp-content/plugins/simple-banner/simple-banner.js?ver=2.11.0 HTTP/1.1" 200 1512 "https://www.walbottlevi.com/" "Mozilla/5.0 (X11; Linux x86_64) AppleWebKit/537.36 (KHTML, like Gecko) HeadlessChrome/60.0.3112.101 Safari/537.36"
54.191.137.17 - - [07/May/2022:14:58:17 +0100] "GET /wp-content/plugins/cookie-law-info/public/js/cookie-law-info-public.js?ver=2.1.1 HTTP/1.1" 200 9478 "https://www.walbottlevi.com/" "Mozilla/5.0 (X11; Linux x86_64) AppleWebKit/537.36 (KHTML, like Gecko) HeadlessChrome/60.0.3112.101 Safari/537.36"
54.191.137.17 - - [07/May/2022:14:58:17 +0100] "GET /wp-content/litespeed/css/cf22e83ddbcbe9bf0a5483ea759a38f0.css?ver=a27c7 HTTP/1.1" 200 14079 "https://www.walbottlevi.com/" "Mozilla/5.0 (X11; Linux x86_64) AppleWebKit/537.36 (KHTML, like Gecko) HeadlessChrome/60.0.3112.101 Safari/537.36"
54.191.137.17 - - [07/May/2022:14:58:17 +0100] "GET /wp-content/themes/lovecraft/assets/js/doubletaptogo.min.js?ver=1 HTTP/1.1" 200 358 "https://www.walbottlevi.com/" "Mozilla/5.0 (X11; Linux x86_64) AppleWebKit/537.36 (KHTML, like Gecko) HeadlessChrome/60.0.3112.101 Safari/537.36"
54.191.137.17 - - [07/May/2022:14:58:17 +0100] "GET /wp-content/litespeed/css/79ac2e166a64deb7082c8f4a065d36e5.css?ver=d36e5 HTTP/1.1" 200 325 "https://www.walbottlevi.com/" "Mozilla/5.0 (X11; Linux x86_64) AppleWebKit/537.36 (KHTML, like Gecko) HeadlessChrome/60.0.3112.101 Safari/537.36"
54.191.137.17 - - [07/May/2022:14:58:17 +0100] "GET /wp-content/litespeed/css/962881a9f7b8a4ad588b826970384b0a.css?ver=24dc7 HTTP/1.1" 200 4840 "https://www.walbottlevi.com/" "Mozilla/5.0 (X11; Linux x86_64) AppleWebKit/537.36 (KHTML, like Gecko) HeadlessChrome/60.0.3112.101 Safari/537.36"
54.191.137.17 - - [07/May/2022:14:58:17 +0100] "GET /wp-content/litespeed/css/28077ec3d4019a380b51ef57e24685fc.css?ver=188fb HTTP/1.1" 200 1475 "https://www.walbottlevi.com/" "Mozilla/5.0 (X11; Linux x86_64) AppleWebKit/537.36 (KHTML, like Gecko) HeadlessChrome/60.0.3112.101 Safari/537.36"
51.81.186.219 - - [07/May/2022:14:58:17 +0100] "HEAD / HTTP/1.1" 200 0 "-" "-"
54.191.137.17 - - [07/May/2022:14:58:17 +0100] "GET /wp-content/themes/lovecraft/assets/js/global.js?ver=2.0.1 HTTP/1.1" 200 1046 "https://www.walbottlevi.com/" "Mozilla/5.0 (X11; Linux x86_64) AppleWebKit/537.36 (KHTML, like Gecko) HeadlessChrome/60.0.3112.101 Safari/537.36"
54.191.137.17 - - [07/May/2022:14:58:17 +0100] "GET /wp-content/uploads/2020/09/cropped-IMG_0477-scaled-2.jpg.webp HTTP/1.1" 200 124034 "https://www.walbottlevi.com/" "Mozilla/5.0 (X11; Linux x86_64) AppleWebKit/537.36 (KHTML, like Gecko) HeadlessChrome/60.0.3112.101 Safari/537.36"
54.191.137.17 - - [07/May/2022:14:58:17 +0100] "GET /wp-content/plugins/cookie-law-info/public/images/logo-cookieyes.svg HTTP/1.1" 200 1136 "https://www.walbottlevi.com/" "Mozilla/5.0 (X11; Linux x86_64) AppleWebKit/537.36 (KHTML, like Gecko) HeadlessChrome/60.0.3112.101 Safari/537.36"
54.191.137.17 - - [07/May/2022:14:58:17 +0100] "GET /wp-includes/js/wp-emoji-release.min.js?ver=5.9.3 HTTP/1.1" 200 5623 "https://www.walbottlevi.com/" "Mozilla/5.0 (X11; Linux x86_64) AppleWebKit/537.36 (KHTML, like Gecko) HeadlessChrome/60.0.3112.101 Safari/537.36"
54.191.137.17 - - [07/May/2022:14:58:17 +0100] "GET /wp-content/uploads/2020/09/cropped-IMG_0477-scaled-2.jpg HTTP/1.1" 200 133514 "https://www.walbottlevi.com/" "Mozilla/5.0 (X11; Linux x86_64) AppleWebKit/537.36 (KHTML, like Gecko) HeadlessChrome/60.0.3112.101 Safari/537.36"
54.191.137.17 - - [07/May/2022:14:59:21 +0100] "POST /wp-load.php?mwprid=62767b3a571628.74722255 HTTP/1.1" 200 686 "https://walbottlevi.com/" "Mozilla/5.0 (Windows NT 10.0; Win64; x64) AppleWebKit/537.36 (KHTML, like Gecko) Chrome/62.0.3202.94 Safari/537.36"
54.68.32.247 - - [07/May/2022:15:01:31 +0100] "POST /?rest_route=%2Fwordfence%2Fv1%2Fauthenticate HTTP/1.1" 200 134 "-" "Wordfence Central API v1.0"
54.68.32.247 - - [07/May/2022:15:01:32 +0100] "POST /?rest_route=%2Fwordfence%2Fv1%2Fauthenticate HTTP/1.1" 200 254 "-" "Wordfence Central API v1.0"
54.68.32.247 - - [07/May/2022:15:01:33 +0100] "POST /?rest_route=%2Fwordfence%2Fv1%2Fconfig HTTP/1.1" 200 3082 "-" "Wordfence Central API v1.0"
51.81.186.219 - - [07/May/2022:15:01:34 +0100] "HEAD / HTTP/1.1" 200 0 "-" "-"
66.249.68.95 - - [07/May/2022:15:51:08 +0100] "GET /activities/walbottle-art-group/ HTTP/1.1" 200 11304 "-" "Mozilla/5.0 (Linux; Android 6.0.1; Nexus 5X Build/MMB29P) AppleWebKit/537.36 (KHTML, like Gecko) Chrome/101.0.4951.54 Mobile Safari/537.36 (compatible; Googlebot/2.1; +http://www.google.com/bot.html)"
64.225.34.246 - - [07/May/2022:15:51:08 +0100] "HEAD / HTTP/1.1" 200 0 "-" "-"
66.249.68.95 - - [07/May/2022:15:53:27 +0100] "GET /wp-content/litespeed/css/8576258e7ed95683a61ed71d30331f17.css?ver=3458c HTTP/1.1" 200 1226 "https://www.walbottlevi.com/activities/walbottle-art-group/" "Mozilla/5.0 (Linux; Android 6.0.1; Nexus 5X Build/MMB29P) AppleWebKit/537.36 (KHTML, like Gecko) Chrome/100.0.4896.127 Mobile Safari/537.36 (compatible; Googlebot/2.1; +http://www.google.com/bot.html)"
66.249.68.64 - - [07/May/2022:15:53:27 +0100] "GET /wp-content/litespeed/css/04c205088aef6ab86671135984bde441.css?ver=ef894 HTTP/1.1" 200 165 "https://www.walbottlevi.com/activities/walbottle-art-group/" "Mozilla/5.0 (Linux; Android 6.0.1; Nexus 5X Build/MMB29P) AppleWebKit/537.36 (KHTML, like Gecko) Chrome/100.0.4896.127 Mobile Safari/537.36 (compatible; Googlebot/2.1; +http://www.google.com/bot.html)"
66.249.68.64 - - [07/May/2022:15:53:27 +0100] "GET /wp-content/litespeed/css/962881a9f7b8a4ad588b826970384b0a.css?ver=24dc7 HTTP/1.1" 200 3518 "https://www.walbottlevi.com/activities/walbottle-art-group/" "Mozilla/5.0 (Linux; Android 6.0.1; Nexus 5X Build/MMB29P) AppleWebKit/537.36 (KHTML, like Gecko) Chrome/100.0.4896.127 Mobile Safari/537.36 (compatible; Googlebot/2.1; +http://www.google.com/bot.html)"
66.249.68.64 - - [07/May/2022:15:53:28 +0100] "GET /wp-includes/js/wp-emoji-release.min.js?ver=5.9.3 HTTP/1.1" 200 4539 "https://www.walbottlevi.com/activities/walbottle-art-group/" "Mozilla/5.0 (Linux; Android 6.0.1; Nexus 5X Build/MMB29P) AppleWebKit/537.36 (KHTML, like Gecko) Chrome/100.0.4896.127 Mobile Safari/537.36 (compatible; Googlebot/2.1; +http://www.google.com/bot.html)"
54.68.32.247 - - [07/May/2022:16:01:33 +0100] "POST /?rest_route=%2Fwordfence%2Fv1%2Fauthenticate HTTP/1.1" 200 133 "-" "Wordfence Central API v1.0"
54.68.32.247 - - [07/May/2022:16:01:33 +0100] "POST /?rest_route=%2Fwordfence%2Fv1%2Fauthenticate HTTP/1.1" 200 257 "-" "Wordfence Central API v1.0"
54.68.32.247 - - [07/May/2022:16:01:34 +0100] "POST /?rest_route=%2Fwordfence%2Fv1%2Fconfig HTTP/1.1" 200 3082 "-" "Wordfence Central API v1.0"
54.191.137.17 - - [07/May/2022:16:34:53 +0100] "POST /wp-load.php?mwprid=6276919dd7e740.40169521 HTTP/1.1" 200 10314 "https://walbottlevi.com/" "Mozilla/5.0 (Windows NT 10.0; Win64; x64) AppleWebKit/537.36 (KHTML, like Gecko) Chrome/62.0.3202.94 Safari/537.36"
54.191.137.17 - - [07/May/2022:16:35:01 +0100] "POST /wp-load.php?mwprid=627691a6a223a9.16898559 HTTP/1.1" 200 690 "https://walbottlevi.com/" "Mozilla/5.0 (Windows NT 10.0; Win64; x64) AppleWebKit/537.36 (KHTML, like Gecko) Chrome/62.0.3202.94 Safari/537.36"
54.191.137.17 - - [07/May/2022:16:35:07 +0100] "POST /wp-load.php?mwprid=627691a87186c5.14031481 HTTP/1.1" 200 690 "https://walbottlevi.com/" "Mozilla/5.0 (Windows NT 10.0; Win64; x64) AppleWebKit/537.36 (KHTML, like Gecko) Chrome/62.0.3202.94 Safari/537.36"
91.227.68.184 - - [07/May/2022:16:44:36 +0100] "HEAD / HTTP/1.1" 301 0 "-" "Mozilla/4.0 (compatible; MSIE 8.0; Windows NT 6.0; Trident/4.0; SLCC1; .NET CLR 2.0.50727; InfoPath.2; .NET CLR 3.5.30729; .NET CLR 3.0.30729; .NET4.0C)"
91.227.68.184 - - [07/May/2022:16:44:38 +0100] "HEAD / HTTP/1.1" 200 0 "-" "Mozilla/4.0 (compatible; MSIE 8.0; Windows NT 5.1; Trident/4.0; InfoPath.1; AskTbFXTV5/5.14.1.20007)"
65.21.81.50 - - [07/May/2022:16:44:38 +0100] "HEAD / HTTP/1.1" 200 0 "-" "-"
91.227.68.184 - - [07/May/2022:16:44:38 +0100] "GET / HTTP/1.1" 200 12694 "-" "Mozilla/5.0 (Windows NT 6.1; WOW64; rv:8.0) Gecko/20100101 Firefox/8.0"
185.199.220.52 - - [07/May/2022:17:01:03 +0100] "POST /wp-admin/admin-ajax.php?action=wordfence_testAjax HTTP/1.1" 200 32 "https://www.walbottlevi.com/wp-admin/admin-ajax.php?action=wordfence_testAjax" "WordPress/5.9.3; https://www.walbottlevi.com"
2.58.28.32 - - [07/May/2022:17:01:04 +0100] "HEAD / HTTP/1.1" 200 0 "-" "-"
54.68.32.247 - - [07/May/2022:17:01:06 +0100] "POST /?rest_route=%2Fwordfence%2Fv1%2Fauthenticate HTTP/1.1" 200 133 "-" "Wordfence Central API v1.0"
54.68.32.247 - - [07/May/2022:17:01:07 +0100] "POST /?rest_route=%2Fwordfence%2Fv1%2Fauthenticate HTTP/1.1" 200 254 "-" "Wordfence Central API v1.0"
54.68.32.247 - - [07/May/2022:17:01:07 +0100] "POST /?rest_route=%2Fwordfence%2Fv1%2Fscan%2Fissues HTTP/1.1" 200 95 "-" "Wordfence Central API v1.0"
185.199.220.52 - - [07/May/2022:17:01:04 +0100] "GET /wp-admin/admin-ajax.php?action=wordfence_doScan&isFork=0&scanMode=quick&cronKey=58c86d88c1fbbece9a51a54277f93a27&signature=81b690981914ee7583c1544247a3eefda1bd984dc7a4655d87a18eac2bc8cab2 HTTP/1.1" 200 0 "-" "WordPress/5.9.3; https://www.walbottlevi.com"
54.68.32.247 - - [07/May/2022:17:01:36 +0100] "POST /?rest_route=%2Fwordfence%2Fv1%2Fauthenticate HTTP/1.1" 200 133 "-" "Wordfence Central API v1.0"
54.68.32.247 - - [07/May/2022:17:01:37 +0100] "POST /?rest_route=%2Fwordfence%2Fv1%2Fauthenticate HTTP/1.1" 200 257 "-" "Wordfence Central API v1.0"
54.68.32.247 - - [07/May/2022:17:01:37 +0100] "POST /?rest_route=%2Fwordfence%2Fv1%2Fconfig HTTP/1.1" 200 3082 "-" "Wordfence Central API v1.0"
10.4.96.3 - - [07/May/2022:17:12:06 +0100] "GET /sitemap_index.xml HTTP/1.1" 200 325 "-" "Mozilla/5.0 (compatible; bingbot/2.0; +http://www.bing.com/bingbot.htm)"
149.28.11.90 - - [07/May/2022:17:12:07 +0100] "HEAD / HTTP/1.1" 200 0 "-" "-"
173.252.107.6 - - [07/May/2022:17:40:57 +0100] "GET /wp-content/uploads/2020/09/cropped-IMG_0477-scaled-2.jpg HTTP/1.1" 403 1229 "-" "facebookexternalhit/1.1 (+http://www.facebook.com/externalhit_uatext.php)"
104.225.142.116 - - [07/May/2022:17:40:58 +0100] "HEAD / HTTP/1.1" 200 0 "-" "-"
54.68.32.247 - - [07/May/2022:18:01:32 +0100] "POST /?rest_route=%2Fwordfence%2Fv1%2Fauthenticate HTTP/1.1" 200 133 "-" "Wordfence Central API v1.0"
54.68.32.247 - - [07/May/2022:18:01:33 +0100] "POST /?rest_route=%2Fwordfence%2Fv1%2Fauthenticate HTTP/1.1" 200 257 "-" "Wordfence Central API v1.0"
54.68.32.247 - - [07/May/2022:18:01:34 +0100] "POST /?rest_route=%2Fwordfence%2Fv1%2Fconfig HTTP/1.1" 200 3082 "-" "Wordfence Central API v1.0"
114.119.137.64 - - [07/May/2022:18:29:58 +0100] "GET /useful-documents/ HTTP/1.1" 200 12769 "-" "Mozilla/5.0 (Linux; Android 7.0;) AppleWebKit/537.36 (KHTML, like Gecko) Mobile Safari/537.36 (compatible; PetalBot;+https://webmaster.petalsearch.com/site/petalbot)"
193.203.202.215 - - [07/May/2022:18:29:59 +0100] "HEAD / HTTP/1.1" 200 0 "-" "-"
185.191.171.6 - - [07/May/2022:18:41:33 +0100] "GET /news/re-opening/ HTTP/1.1" 200 14107 "-" "Mozilla/5.0 (compatible; SemrushBot/7~bl; +http://www.semrush.com/bot.html)"
135.148.148.230 - - [07/May/2022:18:41:33 +0100] "HEAD / HTTP/1.1" 200 0 "-" "-"
23.224.89.187 - - [07/May/2022:18:59:00 +0100] "GET / HTTP/1.1" 301 0 "-" "Mozilla/5.0 (Windows NT 6.1; WOW64; rv:40.0) Gecko/20100101 Firefox/40.1"
23.224.89.187 - - [07/May/2022:18:59:03 +0100] "GET / HTTP/1.1" 301 0 "-" "Mozilla/5.0 (Windows NT 6.1; WOW64; rv:38.0) Gecko/20100101 Firefox/38.0"
23.224.89.187 - - [07/May/2022:18:59:04 +0100] "GET /wp-login.php HTTP/1.1" 200 2692 "-" "Mozilla/5.0 (Windows NT 6.1; WOW64; rv:38.0) Gecko/20100101 Firefox/38.0"
54.68.32.247 - - [07/May/2022:19:01:33 +0100] "POST /?rest_route=%2Fwordfence%2Fv1%2Fauthenticate HTTP/1.1" 200 133 "-" "Wordfence Central API v1.0"
54.68.32.247 - - [07/May/2022:19:01:34 +0100] "POST /?rest_route=%2Fwordfence%2Fv1%2Fauthenticate HTTP/1.1" 200 257 "-" "Wordfence Central API v1.0"
54.68.32.247 - - [07/May/2022:19:01:35 +0100] "POST /?rest_route=%2Fwordfence%2Fv1%2Fconfig HTTP/1.1" 200 3082 "-" "Wordfence Central API v1.0"
167.71.69.173 - - [07/May/2022:19:01:45 +0100] "GET /wp-login.php HTTP/1.1" 200 12208 "http://cpanel.walbottlevi.com/wp-login.php" "Mozilla/5.0 (X11; Ubuntu; Linux x86_64; rv:62.0) Gecko/20100101 Firefox/62.0"
114.119.137.65 - - [07/May/2022:19:05:21 +0100] "GET /author/peterswe/page/2/ HTTP/1.1" 200 12861 "-" "Mozilla/5.0 (Linux; Android 7.0;) AppleWebKit/537.36 (KHTML, like Gecko) Mobile Safari/537.36 (compatible; PetalBot;+https://webmaster.petalsearch.com/site/petalbot)"
193.203.202.215 - - [07/May/2022:19:05:21 +0100] "HEAD / HTTP/1.1" 200 0 "-" "-"
114.119.137.68 - - [07/May/2022:19:18:10 +0100] "GET /contact/ HTTP/1.1" 200 16293 "-" "Mozilla/5.0 (Linux; Android 7.0;) AppleWebKit/537.36 (KHTML, like Gecko) Mobile Safari/537.36 (compatible; PetalBot;+https://webmaster.petalsearch.com/site/petalbot)"
193.203.202.215 - - [07/May/2022:19:18:11 +0100] "HEAD / HTTP/1.1" 200 0 "-" "-"
54.191.137.17 - - [07/May/2022:19:18:48 +0100] "POST /wp-load.php?mwprid=6276b8090060f6.48362770 HTTP/1.1" 200 10314 "https://walbottlevi.com/" "Mozilla/5.0 (Windows NT 10.0; Win64; x64) AppleWebKit/537.36 (KHTML, like Gecko) Chrome/62.0.3202.94 Safari/537.36"
54.191.137.17 - - [07/May/2022:19:18:56 +0100] "POST /wp-load.php?mwprid=6276b811de92d1.92470816 HTTP/1.1" 200 694 "https://walbottlevi.com/" "Mozilla/5.0 (Windows NT 10.0; Win64; x64) AppleWebKit/537.36 (KHTML, like Gecko) Chrome/62.0.3202.94 Safari/537.36"
54.191.137.17 - - [07/May/2022:19:19:02 +0100] "POST /wp-load.php?mwprid=6276b813589489.64063023 HTTP/1.1" 200 691 "https://walbottlevi.com/" "Mozilla/5.0 (Windows NT 10.0; Win64; x64) AppleWebKit/537.36 (KHTML, like Gecko) Chrome/62.0.3202.94 Safari/537.36"
54.68.32.247 - - [07/May/2022:20:01:32 +0100] "POST /?rest_route=%2Fwordfence%2Fv1%2Fauthenticate HTTP/1.1" 200 133 "-" "Wordfence Central API v1.0"
54.68.32.247 - - [07/May/2022:20:01:33 +0100] "POST /?rest_route=%2Fwordfence%2Fv1%2Fauthenticate HTTP/1.1" 200 257 "-" "Wordfence Central API v1.0"
54.68.32.247 - - [07/May/2022:20:01:34 +0100] "POST /?rest_route=%2Fwordfence%2Fv1%2Fconfig HTTP/1.1" 200 3082 "-" "Wordfence Central API v1.0"
51.254.199.11 - - [07/May/2022:20:10:41 +0100] "GET / HTTP/1.1" 301 0 "-" "Mozilla/5.0 (Windows NT 10.0; Win64; x64) AppleWebKit/537.36 (KHTML, like Gecko) Chrome/74.0.3729.169 Safari/537.36"
51.254.199.11 - - [07/May/2022:20:10:48 +0100] "GET / HTTP/1.1" 200 12694 "-" "Mozilla/5.0 (Windows NT 10.0; Win64; x64) AppleWebKit/537.36 (KHTML, like Gecko) Chrome/74.0.3729.169 Safari/537.36"
114.119.137.70 - - [07/May/2022:20:14:10 +0100] "GET /activities/treble-time/ HTTP/1.1" 200 13752 "-" "Mozilla/5.0 (Linux; Android 7.0;) AppleWebKit/537.36 (KHTML, like Gecko) Mobile Safari/537.36 (compatible; PetalBot;+https://webmaster.petalsearch.com/site/petalbot)"
193.203.202.215 - - [07/May/2022:20:14:10 +0100] "HEAD / HTTP/1.1" 200 0 "-" "-"
66.249.68.64 - - [07/May/2022:20:57:20 +0100] "GET /post-sitemap.xml HTTP/1.1" 200 608 "-" "Mozilla/5.0 (compatible; Googlebot/2.1; +http://www.google.com/bot.html)"
64.225.34.246 - - [07/May/2022:20:57:21 +0100] "HEAD / HTTP/1.1" 200 0 "-" "-"
54.68.32.247 - - [07/May/2022:21:01:32 +0100] "POST /?rest_route=%2Fwordfence%2Fv1%2Fauthenticate HTTP/1.1" 200 134 "-" "Wordfence Central API v1.0"
54.68.32.247 - - [07/May/2022:21:01:34 +0100] "POST /?rest_route=%2Fwordfence%2Fv1%2Fauthenticate HTTP/1.1" 200 257 "-" "Wordfence Central API v1.0"
54.68.32.247 - - [07/May/2022:21:01:35 +0100] "POST /?rest_route=%2Fwordfence%2Fv1%2Fconfig HTTP/1.1" 200 3082 "-" "Wordfence Central API v1.0"
10.4.96.3 - - [07/May/2022:21:40:51 +0100] "GET /sitemap_index.xml HTTP/1.1" 200 325 "-" "Mozilla/5.0 (compatible; bingbot/2.0; +http://www.bing.com/bingbot.htm)"
149.28.11.90 - - [07/May/2022:21:40:52 +0100] "HEAD / HTTP/1.1" 200 0 "-" "-"
54.68.32.247 - - [07/May/2022:22:01:33 +0100] "POST /?rest_route=%2Fwordfence%2Fv1%2Fauthenticate HTTP/1.1" 200 133 "-" "Wordfence Central API v1.0"
54.68.32.247 - - [07/May/2022:22:01:34 +0100] "POST /?rest_route=%2Fwordfence%2Fv1%2Fauthenticate HTTP/1.1" 200 257 "-" "Wordfence Central API v1.0"
54.68.32.247 - - [07/May/2022:22:01:35 +0100] "POST /?rest_route=%2Fwordfence%2Fv1%2Fconfig HTTP/1.1" 200 3082 "-" "Wordfence Central API v1.0"
66.249.68.95 - - [07/May/2022:22:26:47 +0100] "GET /useful-documents/ HTTP/1.1" 200 11385 "-" "Mozilla/5.0 (Linux; Android 6.0.1; Nexus 5X Build/MMB29P) AppleWebKit/537.36 (KHTML, like Gecko) Chrome/101.0.4951.54 Mobile Safari/537.36 (compatible; Googlebot/2.1; +http://www.google.com/bot.html)"
64.225.34.246 - - [07/May/2022:22:26:47 +0100] "HEAD / HTTP/1.1" 200 0 "-" "-"
157.55.39.55 - - [07/May/2022:22:51:50 +0100] "GET /wp-login.php?action=lostpassword HTTP/1.1" 200 1434 "-" "Mozilla/5.0 (compatible; bingbot/2.0; +http://www.bing.com/bingbot.htm)"
149.28.11.90 - - [07/May/2022:22:51:51 +0100] "HEAD / HTTP/1.1" 200 0 "-" "-"
54.68.32.247 - - [07/May/2022:23:01:33 +0100] "POST /?rest_route=%2Fwordfence%2Fv1%2Fauthenticate HTTP/1.1" 200 133 "-" "Wordfence Central API v1.0"
54.68.32.247 - - [07/May/2022:23:01:34 +0100] "POST /?rest_route=%2Fwordfence%2Fv1%2Fauthenticate HTTP/1.1" 200 258 "-" "Wordfence Central API v1.0"
54.68.32.247 - - [07/May/2022:23:01:35 +0100] "POST /?rest_route=%2Fwordfence%2Fv1%2Fconfig HTTP/1.1" 200 3082 "-" "Wordfence Central API v1.0"
54.36.148.28 - - [07/May/2022:23:03:18 +0100] "GET /news/kitchen-progress/ HTTP/1.1" 200 12178 "-" "Mozilla/5.0 (compatible; AhrefsBot/7.0; +http://ahrefs.com/robot/)"
152.228.171.66 - - [07/May/2022:23:03:18 +0100] "HEAD / HTTP/1.1" 200 0 "-" "-"
92.20.10.144 - - [07/May/2022:23:41:23 +0100] "GET /activities/ HTTP/1.1" 200 11246 "https://www.walbottlevi.com/" "Mozilla/5.0 (Linux; Android 7.0; PRA-LX1) AppleWebKit/537.36 (KHTML, like Gecko) Chrome/96.0.4664.45 Mobile Safari/537.36"
2.58.28.32 - - [07/May/2022:23:41:23 +0100] "HEAD / HTTP/1.1" 200 0 "-" "-"
92.20.10.144 - - [07/May/2022:23:41:33 +0100] "GET /activities/over-60s/ HTTP/1.1" 200 11417 "https://www.walbottlevi.com/activities/" "Mozilla/5.0 (Linux; Android 7.0; PRA-LX1) AppleWebKit/537.36 (KHTML, like Gecko) Chrome/96.0.4664.45 Mobile Safari/537.36"
92.20.10.144 - - [07/May/2022:23:41:34 +0100] "GET /wp-content/uploads/2021/07/Over-60s.png.webp HTTP/1.1" 200 41602 "https://www.walbottlevi.com/activities/over-60s/" "Mozilla/5.0 (Linux; Android 7.0; PRA-LX1) AppleWebKit/537.36 (KHTML, like Gecko) Chrome/96.0.4664.45 Mobile Safari/537.36"
92.20.10.144 - - [07/May/2022:23:42:15 +0100] "GET /activities/yoga/ HTTP/1.1" 200 11347 "https://www.walbottlevi.com/activities/" "Mozilla/5.0 (Linux; Android 7.0; PRA-LX1) AppleWebKit/537.36 (KHTML, like Gecko) Chrome/96.0.4664.45 Mobile Safari/537.36"
2.58.28.32 - - [07/May/2022:23:42:15 +0100] "HEAD / HTTP/1.1" 200 0 "-" "-"
92.20.10.144 - - [07/May/2022:23:42:16 +0100] "GET /wp-content/uploads/2021/09/Yoga.png.webp HTTP/1.1" 200 51566 "https://www.walbottlevi.com/activities/yoga/" "Mozilla/5.0 (Linux; Android 7.0; PRA-LX1) AppleWebKit/537.36 (KHTML, like Gecko) Chrome/96.0.4664.45 Mobile Safari/537.36"
54.68.32.247 - - [08/May/2022:00:01:34 +0100] "POST /?rest_route=%2Fwordfence%2Fv1%2Fauthenticate HTTP/1.1" 200 134 "-" "Wordfence Central API v1.0"
51.81.186.219 - - [08/May/2022:00:01:34 +0100] "HEAD / HTTP/1.1" 200 0 "-" "-"
54.68.32.247 - - [08/May/2022:00:01:35 +0100] "POST /?rest_route=%2Fwordfence%2Fv1%2Fauthenticate HTTP/1.1" 200 256 "-" "Wordfence Central API v1.0"
54.68.32.247 - - [08/May/2022:00:01:35 +0100] "POST /?rest_route=%2Fwordfence%2Fv1%2Fconfig HTTP/1.1" 200 3079 "-" "Wordfence Central API v1.0"
185.199.220.52 - - [08/May/2022:00:06:02 +0100] "POST /?wordfence_syncAttackData=1651964762.3469 HTTP/1.1" 200 0 "https://www.walbottlevi.com/?wordfence_syncAttackData=1651964762.3469" "WordPress/5.9.3; https://www.walbottlevi.com"
2.58.28.32 - - [08/May/2022:00:06:02 +0100] "HEAD / HTTP/1.1" 200 0 "-" "-"
173.252.79.18 - - [08/May/2022:00:15:45 +0100] "HEAD / HTTP/1.1" 301 0 "-" "facebookexternalhit/1.1 (+http://www.facebook.com/externalhit_uatext.php)"
173.252.79.18 - - [08/May/2022:00:15:46 +0100] "HEAD / HTTP/1.1" 200 0 "-" "facebookexternalhit/1.1 (+http://www.facebook.com/externalhit_uatext.php)"
173.252.79.20 - - [08/May/2022:00:15:47 +0100] "GET /robots.txt HTTP/1.1" 200 116 "-" "facebookexternalhit/1.1 (+http://www.facebook.com/externalhit_uatext.php)"
173.252.79.19 - - [08/May/2022:00:15:49 +0100] "GET / HTTP/1.1" 200 12694 "-" "facebookexternalhit/1.1 (+http://www.facebook.com/externalhit_uatext.php)"
185.191.171.5 - - [08/May/2022:00:32:42 +0100] "GET /robots.txt HTTP/1.1" 200 116 "-" "Mozilla/5.0 (compatible; SemrushBot/7~bl; +http://www.semrush.com/bot.html)"
147.135.115.64 - - [08/May/2022:00:32:42 +0100] "HEAD / HTTP/1.1" 200 0 "-" "-"
185.191.171.17 - - [08/May/2022:00:32:42 +0100] "GET /author/peterswe/ HTTP/1.1" 200 13155 "-" "Mozilla/5.0 (compatible; SemrushBot/7~bl; +http://www.semrush.com/bot.html)"
10.4.96.3 - - [08/May/2022:00:59:31 +0100] "GET /contact/ HTTP/1.1" 200 16293 "-" "Mozilla/5.0 (compatible; bingbot/2.0; +http://www.bing.com/bingbot.htm)"
149.28.11.90 - - [08/May/2022:00:59:32 +0100] "HEAD / HTTP/1.1" 200 0 "-" "-"
10.4.96.3 - - [08/May/2022:00:59:44 +0100] "GET /wp-content/litespeed/css/8576258e7ed95683a61ed71d30331f17.css?ver=3458c HTTP/1.1" 200 1410 "-" "Mozilla/5.0 (compatible; bingbot/2.0; +http://www.bing.com/bingbot.htm)"
10.4.96.3 - - [08/May/2022:00:59:44 +0100] "GET /wp-content/litespeed/css/802079df8e5562506316a2debb143a79.css?ver=0d84c HTTP/1.1" 200 964 "-" "Mozilla/5.0 (compatible; bingbot/2.0; +http://www.bing.com/bingbot.htm)"
149.28.11.90 - - [08/May/2022:00:59:45 +0100] "HEAD / HTTP/1.1" 200 0 "-" "-"
157.55.39.159 - - [08/May/2022:00:59:45 +0100] "GET /wp-content/litespeed/css/28077ec3d4019a380b51ef57e24685fc.css?ver=188fb HTTP/1.1" 200 1475 "-" "Mozilla/5.0 (compatible; bingbot/2.0; +http://www.bing.com/bingbot.htm)"
207.46.13.149 - - [08/May/2022:00:59:46 +0100] "GET /wp-content/themes/lovecraft/assets/js/doubletaptogo.min.js?ver=1 HTTP/1.1" 200 358 "-" "Mozilla/5.0 (compatible; bingbot/2.0; +http://www.bing.com/bingbot.htm)"
207.46.13.165 - - [08/May/2022:00:59:47 +0100] "GET /wp-content/plugins/cookie-law-info/public/js/cookie-law-info-public.js?ver=2.1.1 HTTP/1.1" 200 9478 "-" "Mozilla/5.0 (compatible; bingbot/2.0; +http://www.bing.com/bingbot.htm)"
157.55.39.159 - - [08/May/2022:00:59:48 +0100] "GET /wp-content/litespeed/css/69a02e5ad71ea2e0a681c2b71eb599cd.css?ver=3132d HTTP/1.1" 200 997 "-" "Mozilla/5.0 (compatible; bingbot/2.0; +http://www.bing.com/bingbot.htm)"
207.46.13.36 - - [08/May/2022:00:59:48 +0100] "GET /wp-content/litespeed/css/25c19f339657e9e14e0a9c731b3d26b6.css?ver=d2812 HTTP/1.1" 200 4229 "-" "Mozilla/5.0 (compatible; bingbot/2.0; +http://www.bing.com/bingbot.htm)"
40.77.167.24 - - [08/May/2022:00:59:50 +0100] "GET /wp-content/litespeed/css/50516b603f19d3a993e08ff2eb7e2f71.css?ver=e2f71 HTTP/1.1" 200 456 "-" "Mozilla/5.0 (compatible; bingbot/2.0; +http://www.bing.com/bingbot.htm)"
207.46.13.165 - - [08/May/2022:00:59:50 +0100] "GET /wp-content/plugins/elementor/assets/lib/swiper/swiper.min.js?ver=5.3.6 HTTP/1.1" 200 41891 "-" "Mozilla/5.0 (compatible; bingbot/2.0; +http://www.bing.com/bingbot.htm)"
207.46.13.36 - - [08/May/2022:00:59:51 +0100] "GET /wp-content/litespeed/css/79ac2e166a64deb7082c8f4a065d36e5.css?ver=d36e5 HTTP/1.1" 200 325 "-" "Mozilla/5.0 (compatible; bingbot/2.0; +http://www.bing.com/bingbot.htm)"
157.55.39.159 - - [08/May/2022:00:59:51 +0100] "GET /wp-content/litespeed/css/7040e8a9516186925834576873412e5d.css?ver=b75ef HTTP/1.1" 200 411 "-" "Mozilla/5.0 (compatible; bingbot/2.0; +http://www.bing.com/bingbot.htm)"
157.55.39.55 - - [08/May/2022:00:59:52 +0100] "GET /wp-content/litespeed/css/04c205088aef6ab86671135984bde441.css?ver=ef894 HTTP/1.1" 200 250 "-" "Mozilla/5.0 (compatible; bingbot/2.0; +http://www.bing.com/bingbot.htm)"
40.77.167.24 - - [08/May/2022:00:59:53 +0100] "GET /wp-content/litespeed/css/b50394726d8e038b2a3b6c685cdb2a02.css?ver=e1a53 HTTP/1.1" 200 3031 "-" "Mozilla/5.0 (compatible; bingbot/2.0; +http://www.bing.com/bingbot.htm)"
207.46.13.36 - - [08/May/2022:00:59:54 +0100] "GET /wp-content/litespeed/css/8be1c12fa26fbbd3f12976b3a7acd889.css?ver=cd889 HTTP/1.1" 200 243 "-" "Mozilla/5.0 (compatible; bingbot/2.0; +http://www.bing.com/bingbot.htm)"
157.55.39.159 - - [08/May/2022:00:59:54 +0100] "GET /wp-content/litespeed/css/962881a9f7b8a4ad588b826970384b0a.css?ver=24dc7 HTTP/1.1" 200 4840 "-" "Mozilla/5.0 (compatible; bingbot/2.0; +http://www.bing.com/bingbot.htm)"
157.55.39.55 - - [08/May/2022:00:59:55 +0100] "GET /wp-content/litespeed/css/7fc244cfde1bf65913b8fe96f09025c4.css?ver=f7f1e HTTP/1.1" 200 23157 "-" "Mozilla/5.0 (compatible; bingbot/2.0; +http://www.bing.com/bingbot.htm)"
207.46.13.36 - - [08/May/2022:00:59:57 +0100] "GET /wp-content/litespeed/css/956eedea8185869c0bd74e87310e15c7.css?ver=8fe0b HTTP/1.1" 200 25425 "-" "Mozilla/5.0 (compatible; bingbot/2.0; +http://www.bing.com/bingbot.htm)"
157.55.39.159 - - [08/May/2022:00:59:57 +0100] "GET /wp-content/plugins/elementor/assets/lib/share-link/share-link.min.js?ver=3.6.5 HTTP/1.1" 200 1152 "-" "Mozilla/5.0 (compatible; bingbot/2.0; +http://www.bing.com/bingbot.htm)"
157.55.39.55 - - [08/May/2022:00:59:58 +0100] "GET /wp-content/plugins/elementor/assets/js/preloaded-modules.min.js?ver=3.6.5 HTTP/1.1" 200 14722 "-" "Mozilla/5.0 (compatible; bingbot/2.0; +http://www.bing.com/bingbot.htm)"
207.46.13.36 - - [08/May/2022:01:00:00 +0100] "GET /wp-content/plugins/elementor/assets/lib/dialog/dialog.min.js?ver=4.9.0 HTTP/1.1" 200 3760 "-" "Mozilla/5.0 (compatible; bingbot/2.0; +http://www.bing.com/bingbot.htm)"
157.55.39.159 - - [08/May/2022:01:00:00 +0100] "GET /wp-includes/js/jquery/ui/core.min.js?ver=1.13.1 HTTP/1.1" 200 7518 "-" "Mozilla/5.0 (compatible; bingbot/2.0; +http://www.bing.com/bingbot.htm)"
157.55.39.55 - - [08/May/2022:01:00:01 +0100] "GET /wp-content/plugins/elementor/assets/js/webpack.runtime.min.js?ver=3.6.5 HTTP/1.1" 200 2247 "-" "Mozilla/5.0 (compatible; bingbot/2.0; +http://www.bing.com/bingbot.htm)"
40.77.167.24 - - [08/May/2022:01:00:02 +0100] "GET /wp-content/plugins/elementor/assets/js/frontend-modules.min.js?ver=3.6.5 HTTP/1.1" 200 5026 "-" "Mozilla/5.0 (compatible; bingbot/2.0; +http://www.bing.com/bingbot.htm)"
207.46.13.36 - - [08/May/2022:01:00:03 +0100] "GET /wp-includes/js/jquery/ui/effect-shake.min.js?ver=1.13.1 HTTP/1.1" 200 486 "-" "Mozilla/5.0 (compatible; bingbot/2.0; +http://www.bing.com/bingbot.htm)"
157.55.39.55 - - [08/May/2022:01:00:04 +0100] "GET /wp-content/plugins/elementor/assets/lib/waypoints/waypoints.min.js?ver=4.0.2 HTTP/1.1" 200 3407 "-" "Mozilla/5.0 (compatible; bingbot/2.0; +http://www.bing.com/bingbot.htm)"
40.77.167.24 - - [08/May/2022:01:00:05 +0100] "GET /wp-content/plugins/elementor/assets/js/frontend.min.js?ver=3.6.5 HTTP/1.1" 200 12321 "-" "Mozilla/5.0 (compatible; bingbot/2.0; +http://www.bing.com/bingbot.htm)"
207.46.13.36 - - [08/May/2022:01:00:06 +0100] "GET /wp-includes/js/wp-emoji-release.min.js?ver=5.9.3 HTTP/1.1" 200 5623 "-" "Mozilla/5.0 (compatible; bingbot/2.0; +http://www.bing.com/bingbot.htm)"
157.55.39.55 - - [08/May/2022:01:00:07 +0100] "GET /wp-content/plugins/simple-banner/simple-banner.js?ver=2.11.0 HTTP/1.1" 200 1512 "-" "Mozilla/5.0 (compatible; bingbot/2.0; +http://www.bing.com/bingbot.htm)"
40.77.167.24 - - [08/May/2022:01:00:07 +0100] "GET /wp-content/plugins/form-maker/js/scripts.min.js?ver=1.14.12 HTTP/1.1" 200 31075 "-" "Mozilla/5.0 (compatible; bingbot/2.0; +http://www.bing.com/bingbot.htm)"
157.55.39.55 - - [08/May/2022:01:00:10 +0100] "GET /wp-includes/js/jquery/jquery.min.js?ver=3.6.0 HTTP/1.1" 200 34819 "-" "Mozilla/5.0 (compatible; bingbot/2.0; +http://www.bing.com/bingbot.htm)"
40.77.167.24 - - [08/May/2022:01:00:10 +0100] "GET /wp-content/uploads/form-maker-frontend/js/fm-script-1.js?ver=2104138307 HTTP/1.1" 200 1844 "-" "Mozilla/5.0 (compatible; bingbot/2.0; +http://www.bing.com/bingbot.htm)"
54.68.32.247 - - [08/May/2022:01:01:35 +0100] "POST /?rest_route=%2Fwordfence%2Fv1%2Fauthenticate HTTP/1.1" 200 133 "-" "Wordfence Central API v1.0"
54.68.32.247 - - [08/May/2022:01:01:36 +0100] "POST /?rest_route=%2Fwordfence%2Fv1%2Fauthenticate HTTP/1.1" 200 257 "-" "Wordfence Central API v1.0"
54.68.32.247 - - [08/May/2022:01:01:37 +0100] "POST /?rest_route=%2Fwordfence%2Fv1%2Fconfig HTTP/1.1" 200 3082 "-" "Wordfence Central API v1.0"
40.77.167.106 - - [08/May/2022:01:13:00 +0100] "GET /robots.txt HTTP/1.1" 200 116 "-" "Mozilla/5.0 (compatible; bingbot/2.0; +http://www.bing.com/bingbot.htm)"
149.28.11.90 - - [08/May/2022:01:13:00 +0100] "HEAD / HTTP/1.1" 200 0 "-" "-"
40.77.139.34 - - [08/May/2022:01:15:44 +0100] "GET /wp-includes/js/jquery/ui/effect.min.js?ver=1.13.1 HTTP/1.1" 200 17359 "-" "Mozilla/5.0 (Windows NT 6.1; WOW64) AppleWebKit/534+ (KHTML, like Gecko) BingPreview/1.0b"
149.28.121.72 - - [08/May/2022:01:15:45 +0100] "HEAD / HTTP/1.1" 200 0 "-" "-"
40.77.139.72 - - [08/May/2022:01:15:45 +0100] "GET /wp-content/plugins/cookie-law-info/public/images/logo-cookieyes.svg HTTP/1.1" 200 2581 "-" "Mozilla/5.0 (Windows NT 6.1; WOW64) AppleWebKit/534+ (KHTML, like Gecko) BingPreview/1.0b"
40.77.191.226 - - [08/May/2022:01:15:45 +0100] "GET /wp-admin/admin-ajax.php HTTP/1.1" 400 21 "-" "Mozilla/5.0 (Windows NT 6.1; WOW64) AppleWebKit/534+ (KHTML, like Gecko) BingPreview/1.0b"
103.90.235.91 - - [08/May/2022:01:28:57 +0100] "GET /wp-login.php HTTP/1.1" 401 52 "http://cpcontacts.walbottlevi.com/wp-login.php" "Mozilla/5.0 (X11; Ubuntu; Linux x86_64; rv:62.0) Gecko/20100101 Firefox/62.0"
114.119.131.253 - - [08/May/2022:01:43:40 +0100] "GET /robots.txt HTTP/1.1" 301 0 "-" "Mozilla/5.0 (compatible;PetalBot;+https://webmaster.petalsearch.com/site/petalbot)"
54.191.137.17 - - [08/May/2022:01:47:13 +0100] "POST /wp-load.php?mwprid=62771311e3c7e9.52217326 HTTP/1.1" 200 10314 "https://walbottlevi.com/" "Mozilla/5.0 (Windows NT 10.0; Win64; x64) AppleWebKit/537.36 (KHTML, like Gecko) Chrome/62.0.3202.94 Safari/537.36"
54.191.137.17 - - [08/May/2022:01:47:22 +0100] "POST /wp-load.php?mwprid=6277131baf3589.57214415 HTTP/1.1" 200 689 "https://walbottlevi.com/" "Mozilla/5.0 (Windows NT 10.0; Win64; x64) AppleWebKit/537.36 (KHTML, like Gecko) Chrome/62.0.3202.94 Safari/537.36"
54.191.137.17 - - [08/May/2022:01:47:30 +0100] "POST /wp-load.php?mwprid=6277131d9d69f2.24288908 HTTP/1.1" 200 693 "https://walbottlevi.com/" "Mozilla/5.0 (Windows NT 10.0; Win64; x64) AppleWebKit/537.36 (KHTML, like Gecko) Chrome/62.0.3202.94 Safari/537.36"
54.68.32.247 - - [08/May/2022:02:01:31 +0100] "POST /?rest_route=%2Fwordfence%2Fv1%2Fauthenticate HTTP/1.1" 200 134 "-" "Wordfence Central API v1.0"
54.68.32.247 - - [08/May/2022:02:01:32 +0100] "POST /?rest_route=%2Fwordfence%2Fv1%2Fauthenticate HTTP/1.1" 200 256 "-" "Wordfence Central API v1.0"
54.68.32.247 - - [08/May/2022:02:01:33 +0100] "POST /?rest_route=%2Fwordfence%2Fv1%2Fconfig HTTP/1.1" 200 3082 "-" "Wordfence Central API v1.0"
40.77.167.24 - - [08/May/2022:02:11:47 +0100] "GET /sitemap_index.xml HTTP/1.1" 200 325 "-" "Mozilla/5.0 (compatible; bingbot/2.0; +http://www.bing.com/bingbot.htm)"
149.28.11.90 - - [08/May/2022:02:11:48 +0100] "HEAD / HTTP/1.1" 200 0 "-" "-"
207.46.13.149 - - [08/May/2022:02:22:32 +0100] "GET /activities/yoga/ HTTP/1.1" 200 12794 "-" "Mozilla/5.0 (compatible; bingbot/2.0; +http://www.bing.com/bingbot.htm)"
54.68.32.247 - - [08/May/2022:03:01:33 +0100] "POST /?rest_route=%2Fwordfence%2Fv1%2Fauthenticate HTTP/1.1" 200 134 "-" "Wordfence Central API v1.0"
51.81.186.219 - - [08/May/2022:03:01:33 +0100] "HEAD / HTTP/1.1" 200 0 "-" "-"
54.68.32.247 - - [08/May/2022:03:01:34 +0100] "POST /?rest_route=%2Fwordfence%2Fv1%2Fauthenticate HTTP/1.1" 200 256 "-" "Wordfence Central API v1.0"
54.68.32.247 - - [08/May/2022:03:01:35 +0100] "POST /?rest_route=%2Fwordfence%2Fv1%2Fconfig HTTP/1.1" 200 3082 "-" "Wordfence Central API v1.0"
51.222.253.4 - - [08/May/2022:03:05:38 +0100] "GET /robots.txt HTTP/2" 301 0 "-" "Mozilla/5.0 (compatible; AhrefsBot/7.0; +http://ahrefs.com/robot/)"
51.222.253.4 - - [08/May/2022:03:05:38 +0100] "GET /robots.txt HTTP/1.1" 200 102 "-" "Mozilla/5.0 (compatible; AhrefsBot/7.0; +http://ahrefs.com/robot/)"
199.59.247.242 - - [08/May/2022:03:05:38 +0100] "HEAD / HTTP/1.1" 200 0 "-" "-"
66.249.68.37 - - [08/May/2022:03:05:56 +0100] "GET /robots.txt HTTP/1.1" 301 0 "-" "Mozilla/5.0 (compatible; Googlebot/2.1; +http://www.google.com/bot.html)"
66.249.68.64 - - [08/May/2022:03:05:57 +0100] "GET /robots.txt HTTP/1.1" 200 102 "-" "Mozilla/5.0 (compatible; Googlebot/2.1; +http://www.google.com/bot.html)"
64.225.34.246 - - [08/May/2022:03:05:57 +0100] "HEAD / HTTP/1.1" 200 0 "-" "-"
66.249.68.63 - - [08/May/2022:03:05:58 +0100] "GET / HTTP/1.1" 301 0 "-" "Mozilla/5.0 (Linux; Android 6.0.1; Nexus 5X Build/MMB29P) AppleWebKit/537.36 (KHTML, like Gecko) Chrome/101.0.4951.54 Mobile Safari/537.36 (compatible; Googlebot/2.1; +http://www.google.com/bot.html)"
162.55.86.53 - - [08/May/2022:03:25:24 +0100] "GET /robots.txt HTTP/1.1" 200 116 "-" "Mozilla/5.0 (compatible; BLEXBot/1.0; +http://webmeup-crawler.com/)"
109.248.43.212 - - [08/May/2022:03:25:24 +0100] "HEAD / HTTP/1.1" 200 0 "-" "-"
162.55.86.53 - - [08/May/2022:03:25:25 +0100] "GET / HTTP/1.1" 200 12694 "-" "Mozilla/5.0 (compatible; BLEXBot/1.0; +http://webmeup-crawler.com/)"
185.191.171.39 - - [08/May/2022:03:35:39 +0100] "GET /agm/ HTTP/1.1" 200 12462 "-" "Mozilla/5.0 (compatible; SemrushBot/7~bl; +http://www.semrush.com/bot.html)"
135.148.148.230 - - [08/May/2022:03:35:40 +0100] "HEAD / HTTP/1.1" 200 0 "-" "-"
54.68.32.247 - - [08/May/2022:04:01:33 +0100] "POST /?rest_route=%2Fwordfence%2Fv1%2Fauthenticate HTTP/1.1" 200 134 "-" "Wordfence Central API v1.0"
54.68.32.247 - - [08/May/2022:04:01:34 +0100] "POST /?rest_route=%2Fwordfence%2Fv1%2Fauthenticate HTTP/1.1" 200 258 "-" "Wordfence Central API v1.0"
54.68.32.247 - - [08/May/2022:04:01:35 +0100] "POST /?rest_route=%2Fwordfence%2Fv1%2Fconfig HTTP/1.1" 200 3082 "-" "Wordfence Central API v1.0"
114.119.137.67 - - [08/May/2022:04:11:57 +0100] "GET /news/category/uncategorized/page/2/ HTTP/1.1" 200 12806 "-" "Mozilla/5.0 (Linux; Android 7.0;) AppleWebKit/537.36 (KHTML, like Gecko) Mobile Safari/537.36 (compatible; PetalBot;+https://webmaster.petalsearch.com/site/petalbot)"
193.203.202.215 - - [08/May/2022:04:11:57 +0100] "HEAD / HTTP/1.1" 200 0 "-" "-"
173.252.79.11 - - [08/May/2022:04:13:31 +0100] "GET / HTTP/1.1" 301 0 "-" "facebookexternalhit/1.1 (+http://www.facebook.com/externalhit_uatext.php)"
173.252.79.12 - - [08/May/2022:04:13:33 +0100] "GET /contact HTTP/1.1" 301 0 "-" "facebookexternalhit/1.1 (+http://www.facebook.com/externalhit_uatext.php)"
173.252.79.12 - - [08/May/2022:04:13:33 +0100] "GET /contact/ HTTP/1.1" 200 16293 "-" "facebookexternalhit/1.1 (+http://www.facebook.com/externalhit_uatext.php)"
114.119.132.218 - - [08/May/2022:04:20:22 +0100] "GET /robots.txt HTTP/1.1" 301 0 "-" "Mozilla/5.0 (compatible;PetalBot;+https://webmaster.petalsearch.com/site/petalbot)"
114.119.137.7 - - [08/May/2022:04:28:42 +0100] "GET /wreath-making-session/ HTTP/1.1" 200 13659 "-" "Mozilla/5.0 (Linux; Android 7.0;) AppleWebKit/537.36 (KHTML, like Gecko) Mobile Safari/537.36 (compatible; PetalBot;+https://webmaster.petalsearch.com/site/petalbot)"
193.203.202.215 - - [08/May/2022:04:28:42 +0100] "HEAD / HTTP/1.1" 200 0 "-" "-"
90.211.218.21 - - [08/May/2022:04:28:42 +0100] "GET /.well-known/assetlinks.json HTTP/1.1" 301 0 "-" "Mozilla/5.0 (Macintosh; Intel Mac OS X 10_11_6) AppleWebKit/537.36 (KHTML, like Gecko) Chrome/53.0.2785.143 Safari/537.36"
90.211.218.21 - - [08/May/2022:04:28:43 +0100] "GET /.well-known/assetlinks.json HTTP/1.1" 404 11754 "-" "Mozilla/5.0 (Macintosh; Intel Mac OS X 10_11_6) AppleWebKit/537.36 (KHTML, like Gecko) Chrome/53.0.2785.143 Safari/537.36"
