54.36.149.15 - - [03/May/2022:03:55:22 +0100] "GET /wp-includes/js/jquery/jquery.min.js?ver=3.6.0 HTTP/1.1" 200 30273 "-" "Mozilla/5.0 (compatible; AhrefsBot/7.0; +http://ahrefs.com/robot/)"
54.36.148.191 - - [03/May/2022:03:55:22 +0100] "GET /wp-content/litespeed/css/28077ec3d4019a380b51ef57e24685fc.css?ver=188fb HTTP/1.1" 200 1220 "-" "Mozilla/5.0 (compatible; AhrefsBot/7.0; +http://ahrefs.com/robot/)"
54.36.149.1 - - [03/May/2022:03:55:23 +0100] "GET /wp-content/litespeed/css/8576258e7ed95683a61ed71d30331f17.css?ver=3458c HTTP/1.1" 200 1226 "-" "Mozilla/5.0 (compatible; AhrefsBot/7.0; +http://ahrefs.com/robot/)"
54.36.149.71 - - [03/May/2022:03:55:23 +0100] "GET /wp-content/litespeed/css/cf22e83ddbcbe9bf0a5483ea759a38f0.css?ver=a27c7 HTTP/1.1" 200 10493 "-" "Mozilla/5.0 (compatible; AhrefsBot/7.0; +http://ahrefs.com/robot/)"
54.36.148.53 - - [03/May/2022:03:55:23 +0100] "GET /wp-content/litespeed/css/f1f3bb515f8594534f56b8b8eb04f322.css?ver=bdff9 HTTP/1.1" 200 7848 "-" "Mozilla/5.0 (compatible; AhrefsBot/7.0; +http://ahrefs.com/robot/)"
54.36.148.153 - - [03/May/2022:03:55:23 +0100] "GET /wp-content/litespeed/css/79ac2e166a64deb7082c8f4a065d36e5.css?ver=d36e5 HTTP/1.1" 200 279 "-" "Mozilla/5.0 (compatible; AhrefsBot/7.0; +http://ahrefs.com/robot/)"
54.36.148.29 - - [03/May/2022:03:55:24 +0100] "GET /wp-content/uploads/2019/11/cropped-WVIMain-192x192.png HTTP/1.1" 403 1229 "-" "Mozilla/5.0 (compatible; AhrefsBot/7.0; +http://ahrefs.com/robot/)"
54.36.148.115 - - [03/May/2022:03:55:24 +0100] "GET /wp-content/uploads/2020/09/cropped-IMG_0477-scaled-2.jpg HTTP/1.1" 403 1229 "-" "Mozilla/5.0 (compatible; AhrefsBot/7.0; +http://ahrefs.com/robot/)"
54.36.149.104 - - [03/May/2022:03:55:24 +0100] "GET /wp-content/plugins/cookie-law-info/public/js/cookie-law-info-public.js?ver=2.1.1 HTTP/1.1" 200 7496 "-" "Mozilla/5.0 (compatible; AhrefsBot/7.0; +http://ahrefs.com/robot/)"
54.36.148.20 - - [03/May/2022:03:55:24 +0100] "GET /wp-content/litespeed/css/cb21ec2d70e49154406ff85a4f971eb0.css?ver=4a728 HTTP/1.1" 200 630 "-" "Mozilla/5.0 (compatible; AhrefsBot/7.0; +http://ahrefs.com/robot/)"
54.36.149.77 - - [03/May/2022:03:55:24 +0100] "GET /wp-includes/js/comment-reply.min.js?ver=5.9.3 HTTP/1.1" 200 1221 "-" "Mozilla/5.0 (compatible; AhrefsBot/7.0; +http://ahrefs.com/robot/)"
54.36.148.157 - - [03/May/2022:03:55:24 +0100] "GET /wp-content/themes/lovecraft/assets/js/global.js?ver=2.0.1 HTTP/1.1" 200 896 "-" "Mozilla/5.0 (compatible; AhrefsBot/7.0; +http://ahrefs.com/robot/)"
54.36.148.42 - - [03/May/2022:03:55:24 +0100] "GET /wp-content/plugins/cookie-law-info/public/images/logo-cookieyes.svg HTTP/1.1" 200 1030 "-" "Mozilla/5.0 (compatible; AhrefsBot/7.0; +http://ahrefs.com/robot/)"
54.36.148.173 - - [03/May/2022:03:55:25 +0100] "GET /wp-content/litespeed/css/962881a9f7b8a4ad588b826970384b0a.css?ver=24dc7 HTTP/1.1" 200 3518 "-" "Mozilla/5.0 (compatible; AhrefsBot/7.0; +http://ahrefs.com/robot/)"
54.68.32.247 - - [03/May/2022:04:01:32 +0100] "POST /?rest_route=%2Fwordfence%2Fv1%2Fauthenticate HTTP/1.1" 200 133 "-" "Wordfence Central API v1.0"
51.81.186.219 - - [03/May/2022:04:01:33 +0100] "HEAD / HTTP/1.1" 200 0 "-" "-"
54.68.32.247 - - [03/May/2022:04:01:33 +0100] "POST /?rest_route=%2Fwordfence%2Fv1%2Fauthenticate HTTP/1.1" 200 257 "-" "Wordfence Central API v1.0"
54.68.32.247 - - [03/May/2022:04:01:33 +0100] "POST /?rest_route=%2Fwordfence%2Fv1%2Fconfig HTTP/1.1" 200 3080 "-" "Wordfence Central API v1.0"
192.99.18.122 - - [03/May/2022:04:23:44 +0100] "GET / HTTP/1.1" 301 0 "https://www.google.com" "Mozilla/5.0 (iPhone; CPU iPhone OS 12_1 like Mac OS X) AppleWebKit/605.1.15 (KHTML, like Gecko) CriOS/77.0.3865.93 Mobile/15E148 Safari/605.1"
192.99.18.122 - - [03/May/2022:04:23:46 +0100] "GET / HTTP/1.1" 200 12699 "https://walbottlevi.com/" "Mozilla/5.0 (iPhone; CPU iPhone OS 12_1 like Mac OS X) AppleWebKit/605.1.15 (KHTML, like Gecko) CriOS/77.0.3865.93 Mobile/15E148 Safari/605.1"
199.59.247.242 - - [03/May/2022:04:23:46 +0100] "HEAD / HTTP/1.1" 200 0 "-" "-"
192.99.18.122 - - [03/May/2022:04:23:46 +0100] "GET /activities/ HTTP/1.1" 200 12612 "https://www.google.com" "Mozilla/5.0 (iPhone; CPU iPhone OS 12_1 like Mac OS X) AppleWebKit/605.1.15 (KHTML, like Gecko) CriOS/77.0.3865.93 Mobile/15E148 Safari/605.1"
192.99.18.122 - - [03/May/2022:04:23:46 +0100] "GET /almo-photography/ HTTP/1.1" 200 13712 "https://www.google.com" "Mozilla/5.0 (iPhone; CPU iPhone OS 12_1 like Mac OS X) AppleWebKit/605.1.15 (KHTML, like Gecko) CriOS/77.0.3865.93 Mobile/15E148 Safari/605.1"
192.99.18.122 - - [03/May/2022:04:23:47 +0100] "GET /activities/over-60s/ HTTP/1.1" 200 12916 "https://www.google.com" "Mozilla/5.0 (iPhone; CPU iPhone OS 12_1 like Mac OS X) AppleWebKit/605.1.15 (KHTML, like Gecko) CriOS/77.0.3865.93 Mobile/15E148 Safari/605.1"
192.99.18.122 - - [03/May/2022:04:23:47 +0100] "GET /activities/street-dance/ HTTP/1.1" 200 13314 "https://www.google.com" "Mozilla/5.0 (iPhone; CPU iPhone OS 12_1 like Mac OS X) AppleWebKit/605.1.15 (KHTML, like Gecko) CriOS/77.0.3865.93 Mobile/15E148 Safari/605.1"
192.99.18.122 - - [03/May/2022:04:23:48 +0100] "GET /activities/gentle-movement-to-music/ HTTP/1.1" 200 12552 "https://www.google.com" "Mozilla/5.0 (iPhone; CPU iPhone OS 12_1 like Mac OS X) AppleWebKit/605.1.15 (KHTML, like Gecko) CriOS/77.0.3865.93 Mobile/15E148 Safari/605.1"
192.99.18.122 - - [03/May/2022:04:23:48 +0100] "GET /activities/treble-time/ HTTP/1.1" 200 13752 "https://www.google.com" "Mozilla/5.0 (iPhone; CPU iPhone OS 12_1 like Mac OS X) AppleWebKit/605.1.15 (KHTML, like Gecko) CriOS/77.0.3865.93 Mobile/15E148 Safari/605.1"
192.99.18.122 - - [03/May/2022:04:23:49 +0100] "GET /activities/yoga/ HTTP/1.1" 200 12798 "https://www.google.com" "Mozilla/5.0 (iPhone; CPU iPhone OS 12_1 like Mac OS X) AppleWebKit/605.1.15 (KHTML, like Gecko) CriOS/77.0.3865.93 Mobile/15E148 Safari/605.1"
192.99.18.122 - - [03/May/2022:04:23:49 +0100] "GET /activities/walbottle-art-group/ HTTP/1.1" 200 12820 "https://www.google.com" "Mozilla/5.0 (iPhone; CPU iPhone OS 12_1 like Mac OS X) AppleWebKit/605.1.15 (KHTML, like Gecko) CriOS/77.0.3865.93 Mobile/15E148 Safari/605.1"
90.211.218.21 - - [03/May/2022:04:29:50 +0100] "GET /.well-known/assetlinks.json HTTP/1.1" 301 0 "-" "Mozilla/5.0 (Macintosh; Intel Mac OS X 10_11_6) AppleWebKit/537.36 (KHTML, like Gecko) Chrome/53.0.2785.143 Safari/537.36"
90.211.218.21 - - [03/May/2022:04:29:51 +0100] "GET /.well-known/assetlinks.json HTTP/1.1" 404 11756 "-" "Mozilla/5.0 (Macintosh; Intel Mac OS X 10_11_6) AppleWebKit/537.36 (KHTML, like Gecko) Chrome/53.0.2785.143 Safari/537.36"
2.58.28.32 - - [03/May/2022:04:29:52 +0100] "HEAD / HTTP/1.1" 200 0 "-" "-"
10.4.96.3 - - [03/May/2022:04:44:47 +0100] "GET /sitemap_index.xml HTTP/1.1" 200 325 "-" "Mozilla/5.0 (compatible; bingbot/2.0; +http://www.bing.com/bingbot.htm)"
149.28.11.90 - - [03/May/2022:04:44:48 +0100] "HEAD / HTTP/1.1" 200 0 "-" "-"
54.68.32.247 - - [03/May/2022:05:01:32 +0100] "POST /?rest_route=%2Fwordfence%2Fv1%2Fauthenticate HTTP/1.1" 200 133 "-" "Wordfence Central API v1.0"
51.81.186.219 - - [03/May/2022:05:01:33 +0100] "HEAD / HTTP/1.1" 200 0 "-" "-"
54.68.32.247 - - [03/May/2022:05:01:33 +0100] "POST /?rest_route=%2Fwordfence%2Fv1%2Fauthenticate HTTP/1.1" 200 258 "-" "Wordfence Central API v1.0"
54.68.32.247 - - [03/May/2022:05:01:34 +0100] "POST /?rest_route=%2Fwordfence%2Fv1%2Fconfig HTTP/1.1" 200 3080 "-" "Wordfence Central API v1.0"
66.249.64.89 - - [03/May/2022:05:12:51 +0100] "GET / HTTP/1.1" 301 0 "-" "Mozilla/5.0 (Linux; Android 6.0.1; Nexus 5X Build/MMB29P) AppleWebKit/537.36 (KHTML, like Gecko) Chrome/100.0.4896.127 Mobile Safari/537.36 (compatible; Googlebot/2.1; +http://www.google.com/bot.html)"
54.68.32.247 - - [03/May/2022:06:01:33 +0100] "POST /?rest_route=%2Fwordfence%2Fv1%2Fauthenticate HTTP/1.1" 200 133 "-" "Wordfence Central API v1.0"
54.68.32.247 - - [03/May/2022:06:01:34 +0100] "POST /?rest_route=%2Fwordfence%2Fv1%2Fauthenticate HTTP/1.1" 200 255 "-" "Wordfence Central API v1.0"
54.68.32.247 - - [03/May/2022:06:01:35 +0100] "POST /?rest_route=%2Fwordfence%2Fv1%2Fconfig HTTP/1.1" 200 3082 "-" "Wordfence Central API v1.0"
10.4.96.3 - - [03/May/2022:06:08:33 +0100] "GET /diary/ HTTP/1.1" 200 12281 "-" "Mozilla/5.0 (compatible; DotBot/1.2; +https://opensiteexplorer.org/dotbot; help@moz.com)"
149.28.11.90 - - [03/May/2022:06:08:34 +0100] "HEAD / HTTP/1.1" 200 0 "-" "-"
54.36.148.51 - - [03/May/2022:06:53:26 +0100] "GET /activities/gentle-movement-to-music/ HTTP/1.1" 200 11137 "-" "Mozilla/5.0 (compatible; AhrefsBot/7.0; +http://ahrefs.com/robot/)"
152.228.171.66 - - [03/May/2022:06:53:26 +0100] "HEAD / HTTP/1.1" 200 0 "-" "-"
54.68.32.247 - - [03/May/2022:07:01:32 +0100] "POST /?rest_route=%2Fwordfence%2Fv1%2Fauthenticate HTTP/1.1" 200 134 "-" "Wordfence Central API v1.0"
51.81.186.219 - - [03/May/2022:07:01:32 +0100] "HEAD / HTTP/1.1" 200 0 "-" "-"
54.68.32.247 - - [03/May/2022:07:01:33 +0100] "POST /?rest_route=%2Fwordfence%2Fv1%2Fauthenticate HTTP/1.1" 200 255 "-" "Wordfence Central API v1.0"
54.68.32.247 - - [03/May/2022:07:01:34 +0100] "POST /?rest_route=%2Fwordfence%2Fv1%2Fconfig HTTP/1.1" 200 3082 "-" "Wordfence Central API v1.0"
66.249.68.64 - - [03/May/2022:07:32:14 +0100] "GET /activities/treble-time/ HTTP/1.1" 200 12199 "-" "Mozilla/5.0 (Linux; Android 6.0.1; Nexus 5X Build/MMB29P) AppleWebKit/537.36 (KHTML, like Gecko) Chrome/100.0.4896.127 Mobile Safari/537.36 (compatible; Googlebot/2.1; +http://www.google.com/bot.html)"
64.225.34.246 - - [03/May/2022:07:32:15 +0100] "HEAD / HTTP/1.1" 200 0 "-" "-"
66.249.68.95 - - [03/May/2022:07:32:22 +0100] "GET /wp-content/plugins/simple-banner/simple-banner.js?ver=2.11.0 HTTP/1.1" 200 1233 "https://www.walbottlevi.com/activities/treble-time/" "Mozilla/5.0 (Linux; Android 6.0.1; Nexus 5X Build/MMB29P) AppleWebKit/537.36 (KHTML, like Gecko) Chrome/101.0.4951.41 Mobile Safari/537.36 (compatible; Googlebot/2.1; +http://www.google.com/bot.html)"
66.249.68.95 - - [03/May/2022:07:32:22 +0100] "GET /wp-content/litespeed/css/28077ec3d4019a380b51ef57e24685fc.css?ver=188fb HTTP/1.1" 200 1220 "https://www.walbottlevi.com/activities/treble-time/" "Mozilla/5.0 (Linux; Android 6.0.1; Nexus 5X Build/MMB29P) AppleWebKit/537.36 (KHTML, like Gecko) Chrome/101.0.4951.41 Mobile Safari/537.36 (compatible; Googlebot/2.1; +http://www.google.com/bot.html)"
185.199.220.52 - - [03/May/2022:08:00:05 +0100] "HEAD / HTTP/2" 301 0 "-" "-"
54.68.32.247 - - [03/May/2022:08:01:31 +0100] "POST /?rest_route=%2Fwordfence%2Fv1%2Fauthenticate HTTP/1.1" 200 134 "-" "Wordfence Central API v1.0"
51.81.186.219 - - [03/May/2022:08:01:32 +0100] "HEAD / HTTP/1.1" 200 0 "-" "-"
54.68.32.247 - - [03/May/2022:08:01:32 +0100] "POST /?rest_route=%2Fwordfence%2Fv1%2Fauthenticate HTTP/1.1" 200 256 "-" "Wordfence Central API v1.0"
54.68.32.247 - - [03/May/2022:08:01:33 +0100] "POST /?rest_route=%2Fwordfence%2Fv1%2Fconfig HTTP/1.1" 200 3080 "-" "Wordfence Central API v1.0"
66.249.68.67 - - [03/May/2022:08:36:54 +0100] "GET /category-sitemap.xml HTTP/1.1" 200 353 "-" "Mozilla/5.0 (compatible; Googlebot/2.1; +http://www.google.com/bot.html)"
64.225.34.246 - - [03/May/2022:08:36:55 +0100] "HEAD / HTTP/1.1" 200 0 "-" "-"
40.77.167.24 - - [03/May/2022:08:39:01 +0100] "GET /sitemap_index.xml HTTP/1.1" 200 325 "-" "Mozilla/5.0 (compatible; bingbot/2.0; +http://www.bing.com/bingbot.htm)"
149.28.11.90 - - [03/May/2022:08:39:01 +0100] "HEAD / HTTP/1.1" 200 0 "-" "-"
54.68.32.247 - - [03/May/2022:09:01:33 +0100] "POST /?rest_route=%2Fwordfence%2Fv1%2Fauthenticate HTTP/1.1" 200 134 "-" "Wordfence Central API v1.0"
51.81.186.219 - - [03/May/2022:09:01:33 +0100] "HEAD / HTTP/1.1" 200 0 "-" "-"
54.68.32.247 - - [03/May/2022:09:01:34 +0100] "POST /?rest_route=%2Fwordfence%2Fv1%2Fauthenticate HTTP/1.1" 200 258 "-" "Wordfence Central API v1.0"
54.68.32.247 - - [03/May/2022:09:01:34 +0100] "POST /?rest_route=%2Fwordfence%2Fv1%2Fconfig HTTP/1.1" 200 3080 "-" "Wordfence Central API v1.0"
40.77.167.24 - - [03/May/2022:09:02:13 +0100] "GET /sitemap_index.xml HTTP/1.1" 200 325 "-" "Mozilla/5.0 (compatible; bingbot/2.0; +http://www.bing.com/bingbot.htm)"
149.28.11.90 - - [03/May/2022:09:02:14 +0100] "HEAD / HTTP/1.1" 200 0 "-" "-"
213.226.88.1 - - [03/May/2022:09:32:46 +0100] "GET /diary/ HTTP/1.1" 200 10991 "https://www.walbottlevi.com/activities/" "Mozilla/5.0 (Windows NT 10.0; Win64; x64) AppleWebKit/537.36 (KHTML, like Gecko) Chrome/100.0.4896.127 Safari/537.36 Edg/100.0.1185.50"
2.58.28.32 - - [03/May/2022:09:32:47 +0100] "HEAD / HTTP/1.1" 200 0 "-" "-"
213.226.88.1 - - [03/May/2022:09:33:02 +0100] "GET /almo-photography/ HTTP/1.1" 200 12155 "https://www.walbottlevi.com/diary/" "Mozilla/5.0 (Windows NT 10.0; Win64; x64) AppleWebKit/537.36 (KHTML, like Gecko) Chrome/100.0.4896.127 Safari/537.36 Edg/100.0.1185.50"
213.226.88.1 - - [03/May/2022:09:33:03 +0100] "GET /wp-content/uploads/2022/02/RomanandSorm30-996x1536.jpg HTTP/1.1" 200 120730 "https://www.walbottlevi.com/almo-photography/" "Mozilla/5.0 (Windows NT 10.0; Win64; x64) AppleWebKit/537.36 (KHTML, like Gecko) Chrome/100.0.4896.127 Safari/537.36 Edg/100.0.1185.50"
213.226.88.1 - - [03/May/2022:09:33:03 +0100] "GET /wp-content/uploads/2022/02/RomanandSorm2-2-819x1024.jpg HTTP/1.1" 200 125105 "https://www.walbottlevi.com/almo-photography/" "Mozilla/5.0 (Windows NT 10.0; Win64; x64) AppleWebKit/537.36 (KHTML, like Gecko) Chrome/100.0.4896.127 Safari/537.36 Edg/100.0.1185.50"
213.226.88.1 - - [03/May/2022:09:33:03 +0100] "GET /wp-content/uploads/2022/02/Nyla-Edited-1-2-819x1024.jpg HTTP/1.1" 200 91244 "https://www.walbottlevi.com/almo-photography/" "Mozilla/5.0 (Windows NT 10.0; Win64; x64) AppleWebKit/537.36 (KHTML, like Gecko) Chrome/100.0.4896.127 Safari/537.36 Edg/100.0.1185.50"
213.226.88.1 - - [03/May/2022:09:33:15 +0100] "GET /activities/over-60s/ HTTP/1.1" 200 11412 "https://www.walbottlevi.com/almo-photography/" "Mozilla/5.0 (Windows NT 10.0; Win64; x64) AppleWebKit/537.36 (KHTML, like Gecko) Chrome/100.0.4896.127 Safari/537.36 Edg/100.0.1185.50"
213.226.88.1 - - [03/May/2022:09:33:15 +0100] "GET /wp-content/uploads/2021/07/Over-60s.png.webp HTTP/1.1" 200 41602 "https://www.walbottlevi.com/activities/over-60s/" "Mozilla/5.0 (Windows NT 10.0; Win64; x64) AppleWebKit/537.36 (KHTML, like Gecko) Chrome/100.0.4896.127 Safari/537.36 Edg/100.0.1185.50"
213.226.88.1 - - [03/May/2022:09:35:07 +0100] "GET /activities/street-dance/ HTTP/1.1" 200 11729 "https://www.walbottlevi.com/almo-photography/" "Mozilla/5.0 (Windows NT 10.0; Win64; x64) AppleWebKit/537.36 (KHTML, like Gecko) Chrome/100.0.4896.127 Safari/537.36 Edg/100.0.1185.50"
2.58.28.32 - - [03/May/2022:09:35:07 +0100] "HEAD / HTTP/1.1" 200 0 "-" "-"
213.226.88.1 - - [03/May/2022:09:35:07 +0100] "GET /wp-content/uploads/2021/06/street-dance-200x300.jpg.webp HTTP/1.1" 200 21010 "https://www.walbottlevi.com/activities/street-dance/" "Mozilla/5.0 (Windows NT 10.0; Win64; x64) AppleWebKit/537.36 (KHTML, like Gecko) Chrome/100.0.4896.127 Safari/537.36 Edg/100.0.1185.50"
213.226.88.1 - - [03/May/2022:09:35:07 +0100] "GET /wp-content/uploads/2021/06/disney-dance.jpg.webp HTTP/1.1" 200 228120 "https://www.walbottlevi.com/activities/street-dance/" "Mozilla/5.0 (Windows NT 10.0; Win64; x64) AppleWebKit/537.36 (KHTML, like Gecko) Chrome/100.0.4896.127 Safari/537.36 Edg/100.0.1185.50"
213.226.90.1 - - [03/May/2022:09:37:25 +0100] "GET /activities/gentle-movement-to-music/ HTTP/1.1" 200 11163 "https://www.walbottlevi.com/activities/street-dance/" "Mozilla/5.0 (Windows NT 10.0; Win64; x64) AppleWebKit/537.36 (KHTML, like Gecko) Chrome/100.0.4896.127 Safari/537.36 Edg/100.0.1185.50"
213.226.90.1 - - [03/May/2022:09:38:31 +0100] "GET /activities/treble-time/ HTTP/1.1" 200 12189 "https://www.walbottlevi.com/activities/gentle-movement-to-music/" "Mozilla/5.0 (Windows NT 10.0; Win64; x64) AppleWebKit/537.36 (KHTML, like Gecko) Chrome/100.0.4896.127 Safari/537.36 Edg/100.0.1185.50"
213.226.90.1 - - [03/May/2022:09:40:38 +0100] "GET /activities/walbottle-art-group/ HTTP/1.1" 200 11316 "https://www.walbottlevi.com/activities/yoga/" "Mozilla/5.0 (Windows NT 10.0; Win64; x64) AppleWebKit/537.36 (KHTML, like Gecko) Chrome/100.0.4896.127 Safari/537.36 Edg/100.0.1185.50"
213.226.90.1 - - [03/May/2022:09:40:38 +0100] "GET /wp-content/uploads/2021/07/WAG.png HTTP/1.1" 200 232452 "https://www.walbottlevi.com/activities/walbottle-art-group/" "Mozilla/5.0 (Windows NT 10.0; Win64; x64) AppleWebKit/537.36 (KHTML, like Gecko) Chrome/100.0.4896.127 Safari/537.36 Edg/100.0.1185.50"
213.226.90.1 - - [03/May/2022:09:42:41 +0100] "GET /facilities/ HTTP/1.1" 200 11837 "https://www.walbottlevi.com/activities/walbottle-art-group/" "Mozilla/5.0 (Windows NT 10.0; Win64; x64) AppleWebKit/537.36 (KHTML, like Gecko) Chrome/100.0.4896.127 Safari/537.36 Edg/100.0.1185.50"
213.226.90.1 - - [03/May/2022:09:42:43 +0100] "GET /wp-content/uploads/2021/05/hall1-1024x768.jpg HTTP/1.1" 200 73204 "https://www.walbottlevi.com/facilities/" "Mozilla/5.0 (Windows NT 10.0; Win64; x64) AppleWebKit/537.36 (KHTML, like Gecko) Chrome/100.0.4896.127 Safari/537.36 Edg/100.0.1185.50"
213.226.90.1 - - [03/May/2022:09:42:43 +0100] "GET /wp-content/uploads/2020/11/drone-shot.jpeg HTTP/1.1" 200 121849 "https://www.walbottlevi.com/facilities/" "Mozilla/5.0 (Windows NT 10.0; Win64; x64) AppleWebKit/537.36 (KHTML, like Gecko) Chrome/100.0.4896.127 Safari/537.36 Edg/100.0.1185.50"
213.226.90.1 - - [03/May/2022:09:42:43 +0100] "GET /wp-content/uploads/2019/11/76647940_498759010723654_531067741168205824_n-1152x1536.jpg.webp HTTP/1.1" 200 71114 "https://www.walbottlevi.com/facilities/" "Mozilla/5.0 (Windows NT 10.0; Win64; x64) AppleWebKit/537.36 (KHTML, like Gecko) Chrome/100.0.4896.127 Safari/537.36 Edg/100.0.1185.50"
213.226.90.1 - - [03/May/2022:09:42:43 +0100] "GET /wp-content/uploads/2021/05/hall2-1024x768.jpg HTTP/1.1" 200 71719 "https://www.walbottlevi.com/facilities/" "Mozilla/5.0 (Windows NT 10.0; Win64; x64) AppleWebKit/537.36 (KHTML, like Gecko) Chrome/100.0.4896.127 Safari/537.36 Edg/100.0.1185.50"
2.58.28.32 - - [03/May/2022:09:42:43 +0100] "HEAD / HTTP/1.1" 200 0 "-" "-"
176.109.191.216 - - [03/May/2022:09:46:49 +0100] "GET /wp-content/uploads.php HTTP/1.1" 301 0 "-" "-"
176.109.191.216 - - [03/May/2022:09:46:50 +0100] "GET /wp-content/uploads.php HTTP/1.1" 404 11752 "-" "-"
216.244.66.244 - - [03/May/2022:09:59:38 +0100] "GET /system/app/pages/recentChanges?offset=75 HTTP/1.1" 404 11759 "-" "Mozilla/5.0 (compatible; DotBot/1.2; +https://opensiteexplorer.org/dotbot; help@moz.com)"
54.68.32.247 - - [03/May/2022:10:01:32 +0100] "POST /?rest_route=%2Fwordfence%2Fv1%2Fauthenticate HTTP/1.1" 200 132 "-" "Wordfence Central API v1.0"
51.81.186.219 - - [03/May/2022:10:01:33 +0100] "HEAD / HTTP/1.1" 200 0 "-" "-"
54.68.32.247 - - [03/May/2022:10:01:33 +0100] "POST /?rest_route=%2Fwordfence%2Fv1%2Fauthenticate HTTP/1.1" 200 255 "-" "Wordfence Central API v1.0"
54.68.32.247 - - [03/May/2022:10:01:34 +0100] "POST /?rest_route=%2Fwordfence%2Fv1%2Fconfig HTTP/1.1" 200 3082 "-" "Wordfence Central API v1.0"
208.100.26.246 - - [03/May/2022:10:08:52 +0100] "GET / HTTP/1.1" 200 12691 "-" "Mozilla/5.0 (iPad; CPU OS 11_3 like Mac OS X) AppleWebKit/605.1.15 (KHTML, like Gecko) Version/11.0 Mobile/15E148 Safari/604.1"
208.100.26.246 - - [03/May/2022:10:08:52 +0100] "GET / HTTP/1.1" 200 12691 "http://www.walbottlevi.com/" "Mozilla/5.0 (Linux; Android 10; SM-A6060) AppleWebKit/537.36 (KHTML, like Gecko) Chrome/84.0.4147.89 Mobile Safari/537.36"
149.28.121.72 - - [03/May/2022:10:08:52 +0100] "HEAD / HTTP/1.1" 200 0 "-" "-"
45.76.17.119 - - [03/May/2022:10:08:52 +0100] "HEAD / HTTP/1.1" 200 0 "-" "-"
40.77.167.24 - - [03/May/2022:10:24:11 +0100] "GET /wp-content/uploads/2021/07/Over-60s.png HTTP/1.1" 403 1229 "-" "Mozilla/5.0 (compatible; bingbot/2.0; +http://www.bing.com/bingbot.htm)"
149.28.11.90 - - [03/May/2022:10:24:11 +0100] "HEAD / HTTP/1.1" 200 0 "-" "-"
216.244.66.244 - - [03/May/2022:10:45:58 +0100] "GET /news/re-opening/ HTTP/1.1" 200 14106 "-" "Mozilla/5.0 (compatible; DotBot/1.2; +https://opensiteexplorer.org/dotbot; help@moz.com)"
54.68.32.247 - - [03/May/2022:11:01:33 +0100] "POST /?rest_route=%2Fwordfence%2Fv1%2Fauthenticate HTTP/1.1" 200 133 "-" "Wordfence Central API v1.0"
54.68.32.247 - - [03/May/2022:11:01:34 +0100] "POST /?rest_route=%2Fwordfence%2Fv1%2Fauthenticate HTTP/1.1" 200 256 "-" "Wordfence Central API v1.0"
54.68.32.247 - - [03/May/2022:11:01:35 +0100] "POST /?rest_route=%2Fwordfence%2Fv1%2Fconfig HTTP/1.1" 200 3082 "-" "Wordfence Central API v1.0"
5.9.70.113 - - [03/May/2022:11:06:17 +0100] "GET /robots.txt HTTP/1.1" 301 0 "-" "Mozilla/5.0 (compatible; MJ12bot/v1.4.8; http://mj12bot.com/)"
5.9.70.113 - - [03/May/2022:11:06:20 +0100] "GET /robots.txt HTTP/1.1" 200 116 "-" "Mozilla/5.0 (compatible; MJ12bot/v1.4.8; http://mj12bot.com/)"
109.248.43.212 - - [03/May/2022:11:06:20 +0100] "HEAD / HTTP/1.1" 200 0 "-" "-"
5.9.70.113 - - [03/May/2022:11:06:31 +0100] "GET / HTTP/1.1" 301 0 "-" "Mozilla/5.0 (compatible; MJ12bot/v1.4.8; http://mj12bot.com/)"
5.9.70.113 - - [03/May/2022:11:06:34 +0100] "GET / HTTP/1.1" 200 11268 "-" "Mozilla/5.0 (compatible; MJ12bot/v1.4.8; http://mj12bot.com/)"
157.55.39.55 - - [03/May/2022:11:52:59 +0100] "GET /wp-content/uploads/2021/05/hall1-768x576.jpg HTTP/1.1" 403 1229 "-" "Mozilla/5.0 (compatible; bingbot/2.0; +http://www.bing.com/bingbot.htm)"
149.28.11.90 - - [03/May/2022:11:52:59 +0100] "HEAD / HTTP/1.1" 200 0 "-" "-"
104.144.6.100 - - [03/May/2022:11:55:50 +0100] "GET /news/2022/02 HTTP/1.1" 301 0 "-" "Mozilla/5.0 (X11; Linux x86_64) AppleWebKit/537.36 (KHTML, like Gecko) Chrome/98.0.4758.80 Safari/537.36"
104.225.142.116 - - [03/May/2022:11:55:51 +0100] "HEAD / HTTP/1.1" 200 0 "-" "-"
104.144.6.100 - - [03/May/2022:11:55:51 +0100] "GET /news/2022/02/ HTTP/1.1" 200 11344 "-" "Mozilla/5.0 (X11; Linux x86_64) AppleWebKit/537.36 (KHTML, like Gecko) Chrome/98.0.4758.80 Safari/537.36"
104.144.6.100 - - [03/May/2022:11:55:51 +0100] "GET /wp-content/litespeed/css/cb21ec2d70e49154406ff85a4f971eb0.css?ver=4a728 HTTP/1.1" 200 684 "https://www.walbottlevi.com/news/2022/02/" "Mozilla/5.0 (X11; Linux x86_64) AppleWebKit/537.36 (KHTML, like Gecko) Chrome/98.0.4758.80 Safari/537.36"
104.144.6.100 - - [03/May/2022:11:55:51 +0100] "GET /wp-content/litespeed/css/cf22e83ddbcbe9bf0a5483ea759a38f0.css?ver=a27c7 HTTP/1.1" 200 11399 "https://www.walbottlevi.com/news/2022/02/" "Mozilla/5.0 (X11; Linux x86_64) AppleWebKit/537.36 (KHTML, like Gecko) Chrome/98.0.4758.80 Safari/537.36"
104.144.6.100 - - [03/May/2022:11:55:51 +0100] "GET /wp-content/litespeed/css/962881a9f7b8a4ad588b826970384b0a.css?ver=24dc7 HTTP/1.1" 200 3972 "https://www.walbottlevi.com/news/2022/02/" "Mozilla/5.0 (X11; Linux x86_64) AppleWebKit/537.36 (KHTML, like Gecko) Chrome/98.0.4758.80 Safari/537.36"
104.144.6.100 - - [03/May/2022:11:55:51 +0100] "GET /wp-content/litespeed/css/04c205088aef6ab86671135984bde441.css?ver=ef894 HTTP/1.1" 200 183 "https://www.walbottlevi.com/news/2022/02/" "Mozilla/5.0 (X11; Linux x86_64) AppleWebKit/537.36 (KHTML, like Gecko) Chrome/98.0.4758.80 Safari/537.36"
104.144.6.100 - - [03/May/2022:11:55:51 +0100] "GET /wp-content/litespeed/css/79ac2e166a64deb7082c8f4a065d36e5.css?ver=d36e5 HTTP/1.1" 200 286 "https://www.walbottlevi.com/news/2022/02/" "Mozilla/5.0 (X11; Linux x86_64) AppleWebKit/537.36 (KHTML, like Gecko) Chrome/98.0.4758.80 Safari/537.36"
104.144.6.100 - - [03/May/2022:11:55:51 +0100] "GET /wp-content/litespeed/css/8576258e7ed95683a61ed71d30331f17.css?ver=3458c HTTP/1.1" 200 1308 "https://www.walbottlevi.com/news/2022/02/" "Mozilla/5.0 (X11; Linux x86_64) AppleWebKit/537.36 (KHTML, like Gecko) Chrome/98.0.4758.80 Safari/537.36"
104.144.6.100 - - [03/May/2022:11:55:51 +0100] "GET /wp-content/themes/lovecraft/assets/js/doubletaptogo.min.js?ver=1 HTTP/1.1" 200 297 "https://www.walbottlevi.com/news/2022/02/" "Mozilla/5.0 (X11; Linux x86_64) AppleWebKit/537.36 (KHTML, like Gecko) Chrome/98.0.4758.80 Safari/537.36"
104.144.6.100 - - [03/May/2022:11:55:51 +0100] "GET /wp-content/litespeed/css/f1f3bb515f8594534f56b8b8eb04f322.css?ver=bdff9 HTTP/1.1" 200 8673 "https://www.walbottlevi.com/news/2022/02/" "Mozilla/5.0 (X11; Linux x86_64) AppleWebKit/537.36 (KHTML, like Gecko) Chrome/98.0.4758.80 Safari/537.36"
104.144.6.100 - - [03/May/2022:11:55:51 +0100] "GET /wp-includes/js/jquery/jquery.min.js?ver=3.6.0 HTTP/1.1" 200 30273 "https://www.walbottlevi.com/news/2022/02/" "Mozilla/5.0 (X11; Linux x86_64) AppleWebKit/537.36 (KHTML, like Gecko) Chrome/98.0.4758.80 Safari/537.36"
104.144.6.100 - - [03/May/2022:11:55:51 +0100] "GET /wp-includes/js/jquery/jquery-migrate.min.js?ver=3.3.2 HTTP/1.1" 200 3995 "https://www.walbottlevi.com/news/2022/02/" "Mozilla/5.0 (X11; Linux x86_64) AppleWebKit/537.36 (KHTML, like Gecko) Chrome/98.0.4758.80 Safari/537.36"
104.144.6.100 - - [03/May/2022:11:55:51 +0100] "GET /wp-content/plugins/cookie-law-info/public/js/cookie-law-info-public.js?ver=2.1.1 HTTP/1.1" 200 7496 "https://www.walbottlevi.com/news/2022/02/" "Mozilla/5.0 (X11; Linux x86_64) AppleWebKit/537.36 (KHTML, like Gecko) Chrome/98.0.4758.80 Safari/537.36"
104.144.6.100 - - [03/May/2022:11:55:51 +0100] "GET /wp-content/plugins/simple-banner/simple-banner.js?ver=2.11.0 HTTP/1.1" 200 1233 "https://www.walbottlevi.com/news/2022/02/" "Mozilla/5.0 (X11; Linux x86_64) AppleWebKit/537.36 (KHTML, like Gecko) Chrome/98.0.4758.80 Safari/537.36"
104.144.6.100 - - [03/May/2022:11:55:52 +0100] "GET /wp-content/litespeed/css/28077ec3d4019a380b51ef57e24685fc.css?ver=188fb HTTP/1.1" 200 1220 "https://www.walbottlevi.com/news/2022/02/" "Mozilla/5.0 (X11; Linux x86_64) AppleWebKit/537.36 (KHTML, like Gecko) Chrome/98.0.4758.80 Safari/537.36"
104.144.6.100 - - [03/May/2022:11:55:52 +0100] "GET /wp-content/themes/lovecraft/assets/js/global.js?ver=2.0.1 HTTP/1.1" 200 896 "https://www.walbottlevi.com/news/2022/02/" "Mozilla/5.0 (X11; Linux x86_64) AppleWebKit/537.36 (KHTML, like Gecko) Chrome/98.0.4758.80 Safari/537.36"
104.144.6.100 - - [03/May/2022:11:55:52 +0100] "GET /wp-includes/js/wp-emoji-release.min.js?ver=5.9.3 HTTP/1.1" 200 4539 "https://www.walbottlevi.com/news/2022/02/" "Mozilla/5.0 (X11; Linux x86_64) AppleWebKit/537.36 (KHTML, like Gecko) Chrome/98.0.4758.80 Safari/537.36"
104.144.6.100 - - [03/May/2022:11:55:52 +0100] "GET /wp-content/themes/lovecraft/assets/fonts/genericons/Genericons.woff HTTP/1.1" 200 13116 "https://www.walbottlevi.com/wp-content/litespeed/css/8576258e7ed95683a61ed71d30331f17.css?ver=3458c" "Mozilla/5.0 (X11; Linux x86_64) AppleWebKit/537.36 (KHTML, like Gecko) Chrome/98.0.4758.80 Safari/537.36"
198.20.168.229 - - [03/May/2022:11:55:54 +0100] "GET /news/walbottle-festival HTTP/1.1" 301 0 "-" "Mozilla/5.0 (X11; Linux x86_64) AppleWebKit/537.36 (KHTML, like Gecko) Chrome/98.0.4758.80 Safari/537.36"
199.34.83.112 - - [03/May/2022:11:55:55 +0100] "GET /news/projector-and-screen HTTP/1.1" 301 0 "-" "Mozilla/5.0 (X11; Linux x86_64) AppleWebKit/537.36 (KHTML, like Gecko) Chrome/98.0.4758.80 Safari/537.36"
149.28.121.72 - - [03/May/2022:11:55:55 +0100] "HEAD / HTTP/1.1" 200 0 "-" "-"
198.20.168.229 - - [03/May/2022:11:55:55 +0100] "GET /news/walbottle-festival/ HTTP/1.1" 200 12281 "-" "Mozilla/5.0 (X11; Linux x86_64) AppleWebKit/537.36 (KHTML, like Gecko) Chrome/98.0.4758.80 Safari/537.36"
199.34.83.112 - - [03/May/2022:11:55:55 +0100] "GET /news/projector-and-screen/ HTTP/1.1" 200 11927 "-" "Mozilla/5.0 (X11; Linux x86_64) AppleWebKit/537.36 (KHTML, like Gecko) Chrome/98.0.4758.80 Safari/537.36"
199.34.83.112 - - [03/May/2022:11:55:57 +0100] "GET /wp-content/litespeed/css/cb21ec2d70e49154406ff85a4f971eb0.css?ver=4a728 HTTP/1.1" 200 630 "https://www.walbottlevi.com/news/projector-and-screen/" "Mozilla/5.0 (X11; Linux x86_64) AppleWebKit/537.36 (KHTML, like Gecko) Chrome/98.0.4758.80 Safari/537.36"
199.34.83.112 - - [03/May/2022:11:55:57 +0100] "GET /wp-content/litespeed/css/962881a9f7b8a4ad588b826970384b0a.css?ver=24dc7 HTTP/1.1" 200 3518 "https://www.walbottlevi.com/news/projector-and-screen/" "Mozilla/5.0 (X11; Linux x86_64) AppleWebKit/537.36 (KHTML, like Gecko) Chrome/98.0.4758.80 Safari/537.36"
199.34.83.112 - - [03/May/2022:11:55:56 +0100] "GET /wp-content/litespeed/css/cf22e83ddbcbe9bf0a5483ea759a38f0.css?ver=a27c7 HTTP/1.1" 200 11399 "https://www.walbottlevi.com/news/projector-and-screen/" "Mozilla/5.0 (X11; Linux x86_64) AppleWebKit/537.36 (KHTML, like Gecko) Chrome/98.0.4758.80 Safari/537.36"
199.34.83.112 - - [03/May/2022:11:55:57 +0100] "GET /wp-content/litespeed/css/04c205088aef6ab86671135984bde441.css?ver=ef894 HTTP/1.1" 200 165 "https://www.walbottlevi.com/news/projector-and-screen/" "Mozilla/5.0 (X11; Linux x86_64) AppleWebKit/537.36 (KHTML, like Gecko) Chrome/98.0.4758.80 Safari/537.36"
199.34.83.112 - - [03/May/2022:11:55:57 +0100] "GET /wp-content/litespeed/css/79ac2e166a64deb7082c8f4a065d36e5.css?ver=d36e5 HTTP/1.1" 200 279 "https://www.walbottlevi.com/news/projector-and-screen/" "Mozilla/5.0 (X11; Linux x86_64) AppleWebKit/537.36 (KHTML, like Gecko) Chrome/98.0.4758.80 Safari/537.36"
199.34.83.112 - - [03/May/2022:11:55:57 +0100] "GET /wp-content/litespeed/css/8576258e7ed95683a61ed71d30331f17.css?ver=3458c HTTP/1.1" 200 1226 "https://www.walbottlevi.com/news/projector-and-screen/" "Mozilla/5.0 (X11; Linux x86_64) AppleWebKit/537.36 (KHTML, like Gecko) Chrome/98.0.4758.80 Safari/537.36"
199.34.83.112 - - [03/May/2022:11:55:57 +0100] "GET /wp-content/litespeed/css/f1f3bb515f8594534f56b8b8eb04f322.css?ver=bdff9 HTTP/1.1" 200 7848 "https://www.walbottlevi.com/news/projector-and-screen/" "Mozilla/5.0 (X11; Linux x86_64) AppleWebKit/537.36 (KHTML, like Gecko) Chrome/98.0.4758.80 Safari/537.36"
199.34.83.112 - - [03/May/2022:11:55:57 +0100] "GET /wp-includes/js/jquery/jquery-migrate.min.js?ver=3.3.2 HTTP/1.1" 200 3995 "https://www.walbottlevi.com/news/projector-and-screen/" "Mozilla/5.0 (X11; Linux x86_64) AppleWebKit/537.36 (KHTML, like Gecko) Chrome/98.0.4758.80 Safari/537.36"
199.34.83.112 - - [03/May/2022:11:55:57 +0100] "GET /wp-content/plugins/cookie-law-info/public/js/cookie-law-info-public.js?ver=2.1.1 HTTP/1.1" 200 7496 "https://www.walbottlevi.com/news/projector-and-screen/" "Mozilla/5.0 (X11; Linux x86_64) AppleWebKit/537.36 (KHTML, like Gecko) Chrome/98.0.4758.80 Safari/537.36"
199.34.83.112 - - [03/May/2022:11:55:57 +0100] "GET /wp-content/plugins/simple-banner/simple-banner.js?ver=2.11.0 HTTP/1.1" 200 1233 "https://www.walbottlevi.com/news/projector-and-screen/" "Mozilla/5.0 (X11; Linux x86_64) AppleWebKit/537.36 (KHTML, like Gecko) Chrome/98.0.4758.80 Safari/537.36"
199.34.83.112 - - [03/May/2022:11:55:57 +0100] "GET /wp-includes/js/jquery/jquery.min.js?ver=3.6.0 HTTP/1.1" 200 30273 "https://www.walbottlevi.com/news/projector-and-screen/" "Mozilla/5.0 (X11; Linux x86_64) AppleWebKit/537.36 (KHTML, like Gecko) Chrome/98.0.4758.80 Safari/537.36"
199.34.83.112 - - [03/May/2022:11:55:57 +0100] "GET /wp-content/themes/lovecraft/assets/js/doubletaptogo.min.js?ver=1 HTTP/1.1" 200 297 "https://www.walbottlevi.com/news/projector-and-screen/" "Mozilla/5.0 (X11; Linux x86_64) AppleWebKit/537.36 (KHTML, like Gecko) Chrome/98.0.4758.80 Safari/537.36"
198.20.168.229 - - [03/May/2022:11:55:57 +0100] "GET /wp-includes/js/comment-reply.min.js?ver=5.9.3 HTTP/1.1" 200 1221 "https://www.walbottlevi.com/news/walbottle-festival/" "Mozilla/5.0 (X11; Linux x86_64) AppleWebKit/537.36 (KHTML, like Gecko) Chrome/98.0.4758.80 Safari/537.36"
199.34.83.112 - - [03/May/2022:11:55:57 +0100] "GET /wp-content/litespeed/css/28077ec3d4019a380b51ef57e24685fc.css?ver=188fb HTTP/1.1" 200 1220 "https://www.walbottlevi.com/news/projector-and-screen/" "Mozilla/5.0 (X11; Linux x86_64) AppleWebKit/537.36 (KHTML, like Gecko) Chrome/98.0.4758.80 Safari/537.36"
199.34.83.112 - - [03/May/2022:11:55:57 +0100] "GET /wp-content/themes/lovecraft/assets/js/global.js?ver=2.0.1 HTTP/1.1" 200 896 "https://www.walbottlevi.com/news/projector-and-screen/" "Mozilla/5.0 (X11; Linux x86_64) AppleWebKit/537.36 (KHTML, like Gecko) Chrome/98.0.4758.80 Safari/537.36"
199.34.83.112 - - [03/May/2022:11:55:57 +0100] "GET /wp-includes/js/comment-reply.min.js?ver=5.9.3 HTTP/1.1" 200 1221 "https://www.walbottlevi.com/news/projector-and-screen/" "Mozilla/5.0 (X11; Linux x86_64) AppleWebKit/537.36 (KHTML, like Gecko) Chrome/98.0.4758.80 Safari/537.36"
199.34.83.112 - - [03/May/2022:11:55:57 +0100] "GET /wp-includes/js/wp-emoji-release.min.js?ver=5.9.3 HTTP/1.1" 200 4539 "https://www.walbottlevi.com/news/projector-and-screen/" "Mozilla/5.0 (X11; Linux x86_64) AppleWebKit/537.36 (KHTML, like Gecko) Chrome/98.0.4758.80 Safari/537.36"
199.34.83.112 - - [03/May/2022:11:55:57 +0100] "GET /wp-content/themes/lovecraft/assets/fonts/genericons/Genericons.woff HTTP/1.1" 200 13116 "https://www.walbottlevi.com/wp-content/litespeed/css/8576258e7ed95683a61ed71d30331f17.css?ver=3458c" "Mozilla/5.0 (X11; Linux x86_64) AppleWebKit/537.36 (KHTML, like Gecko) Chrome/98.0.4758.80 Safari/537.36"
188.222.52.253 - - [03/May/2022:11:59:05 +0100] "GET /news/ HTTP/1.1" 200 11604 "https://www.walbottlevi.com/" "Mozilla/5.0 (Windows NT 10.0; Win64; x64) AppleWebKit/537.36 (KHTML, like Gecko) Chrome/100.0.4896.127 Safari/537.36"
2.58.28.32 - - [03/May/2022:11:59:05 +0100] "HEAD / HTTP/1.1" 200 0 "-" "-"
54.68.32.247 - - [03/May/2022:12:01:34 +0100] "POST /?rest_route=%2Fwordfence%2Fv1%2Fauthenticate HTTP/1.1" 200 134 "-" "Wordfence Central API v1.0"
54.68.32.247 - - [03/May/2022:12:01:35 +0100] "POST /?rest_route=%2Fwordfence%2Fv1%2Fauthenticate HTTP/1.1" 200 255 "-" "Wordfence Central API v1.0"
54.68.32.247 - - [03/May/2022:12:01:35 +0100] "POST /?rest_route=%2Fwordfence%2Fv1%2Fconfig HTTP/1.1" 200 3082 "-" "Wordfence Central API v1.0"
161.35.177.120 - - [03/May/2022:12:13:14 +0100] "GET / HTTP/1.0" 401 35 "-" "Mozilla/5.0 (compatible; NetcraftSurveyAgent/1.0; +info@netcraft.com)"
165.22.46.66 - - [03/May/2022:12:20:08 +0100] "GET / HTTP/1.0" 301 0 "-" "Mozilla/5.0 (compatible; NetcraftSurveyAgent/1.0; +info@netcraft.com)"
165.22.46.66 - - [03/May/2022:12:20:18 +0100] "GET / HTTP/1.1" 200 12691 "-" "Mozilla/5.0 (compatible; NetcraftSurveyAgent/1.0; +info@netcraft.com)"
165.227.116.222 - - [03/May/2022:12:20:18 +0100] "HEAD / HTTP/1.1" 200 0 "-" "-"
54.36.148.141 - - [03/May/2022:12:32:29 +0100] "GET /activities/treble-time/ HTTP/1.1" 200 12199 "-" "Mozilla/5.0 (compatible; AhrefsBot/7.0; +http://ahrefs.com/robot/)"
152.228.171.66 - - [03/May/2022:12:32:29 +0100] "HEAD / HTTP/1.1" 200 0 "-" "-"
10.4.96.3 - - [03/May/2022:12:42:07 +0100] "GET /news/kitchen-progress/ HTTP/1.1" 200 13814 "-" "Mozilla/5.0 (compatible; DotBot/1.2; +https://opensiteexplorer.org/dotbot; help@moz.com)"
54.68.32.247 - - [03/May/2022:13:01:33 +0100] "POST /?rest_route=%2Fwordfence%2Fv1%2Fauthenticate HTTP/1.1" 200 133 "-" "Wordfence Central API v1.0"
51.81.186.219 - - [03/May/2022:13:01:33 +0100] "HEAD / HTTP/1.1" 200 0 "-" "-"
54.68.32.247 - - [03/May/2022:13:01:34 +0100] "POST /?rest_route=%2Fwordfence%2Fv1%2Fauthenticate HTTP/1.1" 200 256 "-" "Wordfence Central API v1.0"
54.68.32.247 - - [03/May/2022:13:01:34 +0100] "POST /?rest_route=%2Fwordfence%2Fv1%2Fconfig HTTP/1.1" 200 3082 "-" "Wordfence Central API v1.0"
54.36.149.103 - - [03/May/2022:13:16:23 +0100] "GET /activities/over-60s/ HTTP/1.1" 200 11400 "-" "Mozilla/5.0 (compatible; AhrefsBot/7.0; +http://ahrefs.com/robot/)"
216.244.66.244 - - [03/May/2022:13:41:16 +0100] "GET /news/2020/12/ HTTP/1.1" 200 11989 "-" "Mozilla/5.0 (compatible; DotBot/1.2; +https://opensiteexplorer.org/dotbot; help@moz.com)"
149.28.11.90 - - [03/May/2022:13:41:17 +0100] "HEAD / HTTP/1.1" 200 0 "-" "-"
216.244.66.244 - - [03/May/2022:13:42:23 +0100] "GET /feed/ HTTP/1.1" 200 16378 "-" "Mozilla/5.0 (compatible; DotBot/1.2; +https://opensiteexplorer.org/dotbot; help@moz.com)"
157.55.39.123 - - [03/May/2022:13:42:55 +0100] "GET /?lightbox=dataItem-jd3ghast1 HTTP/1.1" 200 12692 "-" "Mozilla/5.0 (compatible; bingbot/2.0; +http://www.bing.com/bingbot.htm)"
54.68.32.247 - - [03/May/2022:14:01:33 +0100] "POST /?rest_route=%2Fwordfence%2Fv1%2Fauthenticate HTTP/1.1" 200 134 "-" "Wordfence Central API v1.0"
54.68.32.247 - - [03/May/2022:14:01:34 +0100] "POST /?rest_route=%2Fwordfence%2Fv1%2Fauthenticate HTTP/1.1" 200 255 "-" "Wordfence Central API v1.0"
54.68.32.247 - - [03/May/2022:14:01:35 +0100] "POST /?rest_route=%2Fwordfence%2Fv1%2Fconfig HTTP/1.1" 200 3082 "-" "Wordfence Central API v1.0"
161.35.190.3 - - [03/May/2022:14:13:16 +0100] "GET / HTTP/1.0" 301 0 "-" "Mozilla/5.0 (compatible; NetcraftSurveyAgent/1.0; +info@netcraft.com)"
216.244.66.244 - - [03/May/2022:14:42:18 +0100] "GET /news/all-classes-now-back/feed/ HTTP/1.1" 200 814 "-" "Mozilla/5.0 (compatible; DotBot/1.2; +https://opensiteexplorer.org/dotbot; help@moz.com)"
31.13.103.118 - - [03/May/2022:14:59:07 +0100] "GET /news/walbottle-festival/ HTTP/1.1" 200 13915 "-" "facebookexternalhit/1.1 (+http://www.facebook.com/externalhit_uatext.php)"
31.13.103.15 - - [03/May/2022:14:59:07 +0100] "GET /news/walbottle-festival/ HTTP/1.1" 200 13915 "-" "facebookexternalhit/1.1 (+http://www.facebook.com/externalhit_uatext.php)"
31.13.103.13 - - [03/May/2022:14:59:07 +0100] "GET /wp-content/uploads/2020/09/cropped-IMG_0477-scaled-2.jpg HTTP/1.1" 403 1229 "-" "facebookexternalhit/1.1 (+http://www.facebook.com/externalhit_uatext.php)"
69.63.184.2 - - [03/May/2022:14:59:09 +0100] "GET /wp-content/uploads/2020/09/cropped-IMG_0477-scaled-2.jpg HTTP/1.1" 403 1229 "-" "facebookexternalhit/1.1 (+http://www.facebook.com/externalhit_uatext.php)"
54.68.32.247 - - [03/May/2022:15:01:34 +0100] "POST /?rest_route=%2Fwordfence%2Fv1%2Fauthenticate HTTP/1.1" 200 134 "-" "Wordfence Central API v1.0"
54.68.32.247 - - [03/May/2022:15:01:35 +0100] "POST /?rest_route=%2Fwordfence%2Fv1%2Fauthenticate HTTP/1.1" 200 256 "-" "Wordfence Central API v1.0"
54.68.32.247 - - [03/May/2022:15:01:36 +0100] "POST /?rest_route=%2Fwordfence%2Fv1%2Fconfig HTTP/1.1" 200 3082 "-" "Wordfence Central API v1.0"
10.4.96.3 - - [03/May/2022:15:04:27 +0100] "GET /sitemap_index.xml HTTP/1.1" 200 325 "-" "Mozilla/5.0 (compatible; bingbot/2.0; +http://www.bing.com/bingbot.htm)"
149.28.11.90 - - [03/May/2022:15:04:27 +0100] "HEAD / HTTP/1.1" 200 0 "-" "-"
54.36.148.75 - - [03/May/2022:15:35:38 +0100] "GET /activities/get-fit-with-lisa/ HTTP/1.1" 200 11325 "-" "Mozilla/5.0 (compatible; AhrefsBot/7.0; +http://ahrefs.com/robot/)"
152.228.171.66 - - [03/May/2022:15:35:38 +0100] "HEAD / HTTP/1.1" 200 0 "-" "-"
157.55.39.55 - - [03/May/2022:15:43:20 +0100] "GET /wp-content/uploads/2021/06/street-dance-768x1151.jpg HTTP/1.1" 403 1229 "-" "Mozilla/5.0 (compatible; bingbot/2.0; +http://www.bing.com/bingbot.htm)"
173.252.107.3 - - [03/May/2022:15:43:36 +0100] "GET /wp-content/uploads/2020/09/cropped-IMG_0477-scaled-2.jpg HTTP/1.1" 403 1229 "-" "facebookexternalhit/1.1 (+http://www.facebook.com/externalhit_uatext.php)"
104.225.142.116 - - [03/May/2022:15:43:37 +0100] "HEAD / HTTP/1.1" 200 0 "-" "-"
10.4.96.3 - - [03/May/2022:15:43:39 +0100] "GET /wp-content/uploads/2021/07/Over-60s-709x1024.png HTTP/1.1" 403 1229 "-" "Mozilla/5.0 (compatible; bingbot/2.0; +http://www.bing.com/bingbot.htm)"
213.205.192.3 - - [03/May/2022:15:44:45 +0100] "GET /news/walbottle-festival/?fbclid=IwAR29LSJ3kWQNYkqoWCxVy7Hbpco_4Zx13YUjvkdCMQ2bxGIH4XWtXU4w97U HTTP/1.1" 200 12261 "http://m.facebook.com" "Mozilla/5.0 (iPhone; CPU iPhone OS 15_4_1 like Mac OS X) AppleWebKit/605.1.15 (KHTML, like Gecko) Mobile/19E258 [FBAN/FBIOS;FBDV/iPhone12,1;FBMD/iPhone;FBSN/iOS;FBSV/15.4.1;FBSS/2;FBID/phone;FBLC/en_GB;FBOP/5]"
2.58.28.32 - - [03/May/2022:15:44:45 +0100] "HEAD / HTTP/1.1" 200 0 "-" "-"
213.205.192.3 - - [03/May/2022:15:44:45 +0100] "GET /wp-includes/js/comment-reply.min.js?ver=5.9.3 HTTP/1.1" 200 1221 "https://www.walbottlevi.com/news/walbottle-festival/?fbclid=IwAR29LSJ3kWQNYkqoWCxVy7Hbpco_4Zx13YUjvkdCMQ2bxGIH4XWtXU4w97U" "Mozilla/5.0 (iPhone; CPU iPhone OS 15_4_1 like Mac OS X) AppleWebKit/605.1.15 (KHTML, like Gecko) Mobile/19E258 [FBAN/FBIOS;FBDV/iPhone12,1;FBMD/iPhone;FBSN/iOS;FBSV/15.4.1;FBSS/2;FBID/phone;FBLC/en_GB;FBOP/5]"
213.205.192.3 - - [03/May/2022:15:45:38 +0100] "GET /activities/ HTTP/1.1" 200 11247 "https://www.walbottlevi.com/news/walbottle-festival/?fbclid=IwAR29LSJ3kWQNYkqoWCxVy7Hbpco_4Zx13YUjvkdCMQ2bxGIH4XWtXU4w97U" "Mozilla/5.0 (iPhone; CPU iPhone OS 15_4_1 like Mac OS X) AppleWebKit/605.1.15 (KHTML, like Gecko) Mobile/19E258 [FBAN/FBIOS;FBDV/iPhone12,1;FBMD/iPhone;FBSN/iOS;FBSV/15.4.1;FBSS/2;FBID/phone;FBLC/en_GB;FBOP/5]"
213.205.192.3 - - [03/May/2022:15:45:51 +0100] "GET /diary/ HTTP/1.1" 200 10998 "https://www.walbottlevi.com/activities/" "Mozilla/5.0 (iPhone; CPU iPhone OS 15_4_1 like Mac OS X) AppleWebKit/605.1.15 (KHTML, like Gecko) Mobile/19E258 [FBAN/FBIOS;FBDV/iPhone12,1;FBMD/iPhone;FBSN/iOS;FBSV/15.4.1;FBSS/2;FBID/phone;FBLC/en_GB;FBOP/5]"
54.68.32.247 - - [03/May/2022:16:01:32 +0100] "POST /?rest_route=%2Fwordfence%2Fv1%2Fauthenticate HTTP/1.1" 200 133 "-" "Wordfence Central API v1.0"
54.68.32.247 - - [03/May/2022:16:01:33 +0100] "POST /?rest_route=%2Fwordfence%2Fv1%2Fauthenticate HTTP/1.1" 200 254 "-" "Wordfence Central API v1.0"
54.68.32.247 - - [03/May/2022:16:01:34 +0100] "POST /?rest_route=%2Fwordfence%2Fv1%2Fconfig HTTP/1.1" 200 3082 "-" "Wordfence Central API v1.0"
157.55.39.159 - - [03/May/2022:16:15:58 +0100] "GET /wp-content/uploads/2021/07/JWA-208x300.png HTTP/1.1" 403 1229 "-" "Mozilla/5.0 (compatible; bingbot/2.0; +http://www.bing.com/bingbot.htm)"
139.198.19.213 - - [03/May/2022:16:42:03 +0100] "GET / HTTP/1.1" 200 12691 "http://www.walbottlevi.com" "Mozilla/5.0 (compatible; Baiduspider/2.0; +http://www.baidu.com/search/spider.html)"
65.21.81.50 - - [03/May/2022:16:42:03 +0100] "HEAD / HTTP/1.1" 200 0 "-" "-"
87.250.224.126 - - [03/May/2022:16:51:02 +0100] "GET /nulla-metus-metus-ullamcorper-vel-tincidunt/ HTTP/1.1" 404 11756 "-" "Mozilla/5.0 (compatible; YandexBot/3.0; +http://yandex.com/bots)"
185.199.220.52 - - [03/May/2022:17:01:04 +0100] "POST /wp-admin/admin-ajax.php?action=wordfence_testAjax HTTP/1.1" 200 32 "https://www.walbottlevi.com/wp-admin/admin-ajax.php?action=wordfence_testAjax" "WordPress/5.9.3; https://www.walbottlevi.com"
2.58.28.32 - - [03/May/2022:17:01:05 +0100] "HEAD / HTTP/1.1" 200 0 "-" "-"
54.68.32.247 - - [03/May/2022:17:01:07 +0100] "POST /?rest_route=%2Fwordfence%2Fv1%2Fauthenticate HTTP/1.1" 200 132 "-" "Wordfence Central API v1.0"
54.68.32.247 - - [03/May/2022:17:01:07 +0100] "POST /?rest_route=%2Fwordfence%2Fv1%2Fauthenticate HTTP/1.1" 200 256 "-" "Wordfence Central API v1.0"
54.68.32.247 - - [03/May/2022:17:01:08 +0100] "POST /?rest_route=%2Fwordfence%2Fv1%2Fscan%2Fissues HTTP/1.1" 200 95 "-" "Wordfence Central API v1.0"
185.199.220.52 - - [03/May/2022:17:01:05 +0100] "GET /wp-admin/admin-ajax.php?action=wordfence_doScan&isFork=0&scanMode=quick&cronKey=cbf803a95ef4508fab9bbc100655fa49&signature=ca65300f57b1599655bac2601ee5cf82ce55cf8d30e3c9a2a4aac4a2c6464bbb HTTP/1.1" 200 0 "-" "WordPress/5.9.3; https://www.walbottlevi.com"
54.68.32.247 - - [03/May/2022:17:01:38 +0100] "POST /?rest_route=%2Fwordfence%2Fv1%2Fauthenticate HTTP/1.1" 200 132 "-" "Wordfence Central API v1.0"
54.68.32.247 - - [03/May/2022:17:01:39 +0100] "POST /?rest_route=%2Fwordfence%2Fv1%2Fauthenticate HTTP/1.1" 200 256 "-" "Wordfence Central API v1.0"
54.68.32.247 - - [03/May/2022:17:01:40 +0100] "POST /?rest_route=%2Fwordfence%2Fv1%2Fconfig HTTP/1.1" 200 3082 "-" "Wordfence Central API v1.0"
54.36.148.214 - - [03/May/2022:17:14:43 +0100] "GET /facilities/ HTTP/1.1" 200 11791 "-" "Mozilla/5.0 (compatible; AhrefsBot/7.0; +http://ahrefs.com/robot/)"
152.228.171.66 - - [03/May/2022:17:14:43 +0100] "HEAD / HTTP/1.1" 200 0 "-" "-"
185.199.220.52 - - [03/May/2022:17:32:32 +0100] "POST /wp-admin/admin-ajax.php?action=as_async_request_queue_runner&nonce=4c6dcef6ac HTTP/1.1" 403 22 "https://www.walbottlevi.com/wp-admin/admin-ajax.php?action=as_async_request_queue_runner&nonce=4c6dcef6ac" "WordPress/5.9.3; https://www.walbottlevi.com"
54.191.137.17 - - [03/May/2022:17:32:30 +0100] "POST /wp-load.php?mwprid=6271591f2583b7.95274854 HTTP/1.1" 200 10778 "https://walbottlevi.com/" "Mozilla/5.0 (Windows NT 10.0; Win64; x64) AppleWebKit/537.36 (KHTML, like Gecko) Chrome/62.0.3202.94 Safari/537.36"
54.191.137.17 - - [03/May/2022:17:32:39 +0100] "POST /wp-load.php?mwprid=6271592827dab9.29023893 HTTP/1.1" 200 688 "https://walbottlevi.com/" "Mozilla/5.0 (Windows NT 10.0; Win64; x64) AppleWebKit/537.36 (KHTML, like Gecko) Chrome/62.0.3202.94 Safari/537.36"
54.191.137.17 - - [03/May/2022:17:32:43 +0100] "POST /wp-load.php?mwprid=62715928dd3a22.54752574 HTTP/1.1" 200 692 "https://walbottlevi.com/" "Mozilla/5.0 (Windows NT 10.0; Win64; x64) AppleWebKit/537.36 (KHTML, like Gecko) Chrome/62.0.3202.94 Safari/537.36"
54.191.137.17 - - [03/May/2022:17:34:03 +0100] "POST /wp-load.php?mwprid=6271597b08c560.40202866 HTTP/1.1" 200 67 "https://walbottlevi.com/" "Mozilla/5.0 (Windows NT 10.0; Win64; x64) AppleWebKit/537.36 (KHTML, like Gecko) Chrome/62.0.3202.94 Safari/537.36"
54.191.137.17 - - [03/May/2022:17:34:03 +0100] "POST /wp-load.php?mwprid=6271597c940f94.26179875 HTTP/1.1" 200 61 "https://walbottlevi.com/" "Mozilla/5.0 (Windows NT 10.0; Win64; x64) AppleWebKit/537.36 (KHTML, like Gecko) Chrome/62.0.3202.94 Safari/537.36"
40.77.167.24 - - [03/May/2022:17:37:42 +0100] "GET /sitemap_index.xml HTTP/1.1" 200 325 "-" "Mozilla/5.0 (compatible; bingbot/2.0; +http://www.bing.com/bingbot.htm)"
54.68.32.247 - - [03/May/2022:18:01:33 +0100] "POST /?rest_route=%2Fwordfence%2Fv1%2Fauthenticate HTTP/1.1" 200 134 "-" "Wordfence Central API v1.0"
51.81.186.219 - - [03/May/2022:18:01:33 +0100] "HEAD / HTTP/1.1" 200 0 "-" "-"
54.68.32.247 - - [03/May/2022:18:01:33 +0100] "POST /?rest_route=%2Fwordfence%2Fv1%2Fauthenticate HTTP/1.1" 200 257 "-" "Wordfence Central API v1.0"
54.68.32.247 - - [03/May/2022:18:01:34 +0100] "POST /?rest_route=%2Fwordfence%2Fv1%2Fconfig HTTP/1.1" 200 3079 "-" "Wordfence Central API v1.0"
157.55.39.10 - - [03/May/2022:18:06:50 +0100] "GET / HTTP/1.1" 200 12691 "-" "Mozilla/5.0 (compatible; bingbot/2.0; +http://www.bing.com/bingbot.htm)"
149.28.11.90 - - [03/May/2022:18:06:51 +0100] "HEAD / HTTP/1.1" 200 0 "-" "-"
157.55.39.10 - - [03/May/2022:18:07:00 +0100] "GET /wp-content/themes/lovecraft/assets/js/doubletaptogo.min.js?ver=1 HTTP/1.1" 200 358 "-" "Mozilla/5.0 (compatible; bingbot/2.0; +http://www.bing.com/bingbot.htm)"
157.55.39.55 - - [03/May/2022:18:07:02 +0100] "GET /wp-content/litespeed/css/04c205088aef6ab86671135984bde441.css?ver=ef894 HTTP/1.1" 200 250 "-" "Mozilla/5.0 (compatible; bingbot/2.0; +http://www.bing.com/bingbot.htm)"
157.55.39.55 - - [03/May/2022:18:07:04 +0100] "GET /wp-content/plugins/simple-banner/simple-banner.js?ver=2.11.0 HTTP/1.1" 200 1512 "-" "Mozilla/5.0 (compatible; bingbot/2.0; +http://www.bing.com/bingbot.htm)"
149.28.11.90 - - [03/May/2022:18:07:04 +0100] "HEAD / HTTP/1.1" 200 0 "-" "-"
157.55.39.55 - - [03/May/2022:18:07:04 +0100] "GET /wp-content/themes/lovecraft/assets/js/global.js?ver=2.0.1 HTTP/1.1" 200 1046 "-" "Mozilla/5.0 (compatible; bingbot/2.0; +http://www.bing.com/bingbot.htm)"
40.77.167.24 - - [03/May/2022:18:07:05 +0100] "GET /wp-content/litespeed/css/cf22e83ddbcbe9bf0a5483ea759a38f0.css?ver=a27c7 HTTP/1.1" 200 14079 "-" "Mozilla/5.0 (compatible; bingbot/2.0; +http://www.bing.com/bingbot.htm)"
157.55.39.55 - - [03/May/2022:18:07:05 +0100] "GET /wp-includes/js/jquery/jquery.min.js?ver=3.6.0 HTTP/1.1" 200 34819 "-" "Mozilla/5.0 (compatible; bingbot/2.0; +http://www.bing.com/bingbot.htm)"
40.77.167.24 - - [03/May/2022:18:07:06 +0100] "GET /wp-content/litespeed/css/f1f3bb515f8594534f56b8b8eb04f322.css?ver=bdff9 HTTP/1.1" 200 10202 "-" "Mozilla/5.0 (compatible; bingbot/2.0; +http://www.bing.com/bingbot.htm)"
207.46.13.36 - - [03/May/2022:18:07:09 +0100] "GET /wp-content/litespeed/css/79ac2e166a64deb7082c8f4a065d36e5.css?ver=d36e5 HTTP/1.1" 200 325 "-" "Mozilla/5.0 (compatible; bingbot/2.0; +http://www.bing.com/bingbot.htm)"
157.55.39.123 - - [03/May/2022:18:07:09 +0100] "GET /wp-content/litespeed/css/8576258e7ed95683a61ed71d30331f17.css?ver=3458c HTTP/1.1" 200 1410 "-" "Mozilla/5.0 (compatible; bingbot/2.0; +http://www.bing.com/bingbot.htm)"
207.46.13.36 - - [03/May/2022:18:07:11 +0100] "GET /wp-includes/js/wp-emoji-release.min.js?ver=5.9.3 HTTP/1.1" 200 5623 "-" "Mozilla/5.0 (compatible; bingbot/2.0; +http://www.bing.com/bingbot.htm)"
157.55.39.123 - - [03/May/2022:18:07:12 +0100] "GET /wp-content/plugins/cookie-law-info/public/js/cookie-law-info-public.js?ver=2.1.1 HTTP/1.1" 200 9478 "-" "Mozilla/5.0 (compatible; bingbot/2.0; +http://www.bing.com/bingbot.htm)"
157.55.39.123 - - [03/May/2022:18:07:15 +0100] "GET /wp-includes/js/jquery/jquery-migrate.min.js?ver=3.3.2 HTTP/1.1" 200 4461 "-" "Mozilla/5.0 (compatible; bingbot/2.0; +http://www.bing.com/bingbot.htm)"
157.55.39.159 - - [03/May/2022:18:07:19 +0100] "GET /wp-content/litespeed/css/28077ec3d4019a380b51ef57e24685fc.css?ver=188fb HTTP/1.1" 200 1475 "-" "Mozilla/5.0 (compatible; bingbot/2.0; +http://www.bing.com/bingbot.htm)"
157.55.39.159 - - [03/May/2022:18:07:22 +0100] "GET /wp-content/litespeed/css/962881a9f7b8a4ad588b826970384b0a.css?ver=24dc7 HTTP/1.1" 200 4840 "-" "Mozilla/5.0 (compatible; bingbot/2.0; +http://www.bing.com/bingbot.htm)"
10.4.96.3 - - [03/May/2022:18:13:52 +0100] "GET / HTTP/1.1" 200 12691 "-" "Mozilla/5.0 (compatible; bingbot/2.0; +http://www.bing.com/bingbot.htm)"
149.28.11.90 - - [03/May/2022:18:13:52 +0100] "HEAD / HTTP/1.1" 200 0 "-" "-"
40.77.189.234 - - [03/May/2022:18:23:02 +0100] "GET /wp-content/plugins/cookie-law-info/public/images/logo-cookieyes.svg HTTP/1.1" 200 2581 "-" "Mozilla/5.0 (Windows NT 6.1; WOW64) AppleWebKit/534+ (KHTML, like Gecko) BingPreview/1.0b"
149.28.121.72 - - [03/May/2022:18:23:02 +0100] "HEAD / HTTP/1.1" 200 0 "-" "-"
