94.1.34.111 - - [30/Apr/2022:10:39:38 +0100] "GET /wp-content/litespeed/css/cb21ec2d70e49154406ff85a4f971eb0.css?ver=4a728 HTTP/1.1" 200 630 "https://www.walbottlevi.com/diary/" "Mozilla/5.0 (Macintosh; Intel Mac OS X 10_15_6) AppleWebKit/605.1.15 (KHTML, like Gecko) Version/15.3 Safari/605.1.15"
94.1.34.111 - - [30/Apr/2022:10:39:38 +0100] "GET /wp-content/litespeed/css/cf22e83ddbcbe9bf0a5483ea759a38f0.css?ver=a27c7 HTTP/1.1" 200 10493 "https://www.walbottlevi.com/diary/" "Mozilla/5.0 (Macintosh; Intel Mac OS X 10_15_6) AppleWebKit/605.1.15 (KHTML, like Gecko) Version/15.3 Safari/605.1.15"
94.1.34.111 - - [30/Apr/2022:10:39:38 +0100] "GET /wp-content/litespeed/css/79ac2e166a64deb7082c8f4a065d36e5.css?ver=d36e5 HTTP/1.1" 200 279 "https://www.walbottlevi.com/diary/" "Mozilla/5.0 (Macintosh; Intel Mac OS X 10_15_6) AppleWebKit/605.1.15 (KHTML, like Gecko) Version/15.3 Safari/605.1.15"
94.1.34.111 - - [30/Apr/2022:10:39:38 +0100] "GET /wp-content/litespeed/css/28077ec3d4019a380b51ef57e24685fc.css?ver=188fb HTTP/1.1" 200 1220 "https://www.walbottlevi.com/diary/" "Mozilla/5.0 (Macintosh; Intel Mac OS X 10_15_6) AppleWebKit/605.1.15 (KHTML, like Gecko) Version/15.3 Safari/605.1.15"
94.1.34.111 - - [30/Apr/2022:10:39:38 +0100] "GET /wp-content/litespeed/css/f1f3bb515f8594534f56b8b8eb04f322.css?ver=bdff9 HTTP/1.1" 200 7848 "https://www.walbottlevi.com/diary/" "Mozilla/5.0 (Macintosh; Intel Mac OS X 10_15_6) AppleWebKit/605.1.15 (KHTML, like Gecko) Version/15.3 Safari/605.1.15"
152.228.171.66 - - [30/Apr/2022:10:39:38 +0100] "HEAD / HTTP/1.1" 200 0 "-" "-"
94.1.34.111 - - [30/Apr/2022:10:42:50 +0100] "GET /activities/treble-time/ HTTP/1.1" 200 12201 "https://www.walbottlevi.com/diary/" "Mozilla/5.0 (Macintosh; Intel Mac OS X 10_15_6) AppleWebKit/605.1.15 (KHTML, like Gecko) Version/15.3 Safari/605.1.15"
216.244.66.244 - - [30/Apr/2022:10:52:25 +0100] "GET /home/twitter_logo.png?attredirects=0 HTTP/1.1" 404 11755 "-" "Mozilla/5.0 (compatible; DotBot/1.2; +https://opensiteexplorer.org/dotbot; help@moz.com)"
54.68.32.247 - - [30/Apr/2022:11:01:33 +0100] "POST /?rest_route=%2Fwordfence%2Fv1%2Fauthenticate HTTP/1.1" 200 133 "-" "Wordfence Central API v1.0"
54.68.32.247 - - [30/Apr/2022:11:01:34 +0100] "POST /?rest_route=%2Fwordfence%2Fv1%2Fauthenticate HTTP/1.1" 200 254 "-" "Wordfence Central API v1.0"
54.68.32.247 - - [30/Apr/2022:11:01:35 +0100] "POST /?rest_route=%2Fwordfence%2Fv1%2Fconfig HTTP/1.1" 200 3082 "-" "Wordfence Central API v1.0"
54.68.32.247 - - [30/Apr/2022:12:01:34 +0100] "POST /?rest_route=%2Fwordfence%2Fv1%2Fauthenticate HTTP/1.1" 200 133 "-" "Wordfence Central API v1.0"
51.81.186.219 - - [30/Apr/2022:12:01:35 +0100] "HEAD / HTTP/1.1" 200 0 "-" "-"
54.68.32.247 - - [30/Apr/2022:12:01:35 +0100] "POST /?rest_route=%2Fwordfence%2Fv1%2Fauthenticate HTTP/1.1" 200 257 "-" "Wordfence Central API v1.0"
54.68.32.247 - - [30/Apr/2022:12:01:35 +0100] "POST /?rest_route=%2Fwordfence%2Fv1%2Fconfig HTTP/1.1" 200 3080 "-" "Wordfence Central API v1.0"
40.77.167.24 - - [30/Apr/2022:12:09:46 +0100] "GET /sitemap_index.xml HTTP/1.1" 200 325 "-" "Mozilla/5.0 (compatible; bingbot/2.0; +http://www.bing.com/bingbot.htm)"
10.4.96.3 - - [30/Apr/2022:12:22:19 +0100] "GET /activities/gentle-movement-to-music/ HTTP/1.1" 200 12544 "-" "Mozilla/5.0 (compatible; DotBot/1.2; +https://opensiteexplorer.org/dotbot; help@moz.com)"
79.70.177.32 - - [30/Apr/2022:12:24:35 +0100] "GET / HTTP/1.1" 200 11282 "https://www.google.com/" "Mozilla/5.0 (Windows NT 6.1; Win64; x64) AppleWebKit/537.36 (KHTML, like Gecko) Chrome/100.0.4896.127 Safari/537.36"
79.70.177.32 - - [30/Apr/2022:12:24:35 +0100] "GET /wp-includes/js/jquery/jquery.min.js?ver=3.6.0 HTTP/1.1" 200 30273 "https://www.walbottlevi.com/" "Mozilla/5.0 (Windows NT 6.1; Win64; x64) AppleWebKit/537.36 (KHTML, like Gecko) Chrome/100.0.4896.127 Safari/537.36"
79.70.177.32 - - [30/Apr/2022:12:24:36 +0100] "GET /wp-includes/js/jquery/jquery-migrate.min.js?ver=3.3.2 HTTP/1.1" 200 3995 "https://www.walbottlevi.com/" "Mozilla/5.0 (Windows NT 6.1; Win64; x64) AppleWebKit/537.36 (KHTML, like Gecko) Chrome/100.0.4896.127 Safari/537.36"
79.70.177.32 - - [30/Apr/2022:12:24:36 +0100] "GET /wp-content/litespeed/css/962881a9f7b8a4ad588b826970384b0a.css?ver=24dc7 HTTP/1.1" 200 3518 "https://www.walbottlevi.com/" "Mozilla/5.0 (Windows NT 6.1; Win64; x64) AppleWebKit/537.36 (KHTML, like Gecko) Chrome/100.0.4896.127 Safari/537.36"
79.70.177.32 - - [30/Apr/2022:12:24:36 +0100] "GET /wp-content/litespeed/css/04c205088aef6ab86671135984bde441.css?ver=ef894 HTTP/1.1" 200 165 "https://www.walbottlevi.com/" "Mozilla/5.0 (Windows NT 6.1; Win64; x64) AppleWebKit/537.36 (KHTML, like Gecko) Chrome/100.0.4896.127 Safari/537.36"
79.70.177.32 - - [30/Apr/2022:12:24:36 +0100] "GET /wp-content/litespeed/css/8576258e7ed95683a61ed71d30331f17.css?ver=3458c HTTP/1.1" 200 1226 "https://www.walbottlevi.com/" "Mozilla/5.0 (Windows NT 6.1; Win64; x64) AppleWebKit/537.36 (KHTML, like Gecko) Chrome/100.0.4896.127 Safari/537.36"
79.70.177.32 - - [30/Apr/2022:12:24:36 +0100] "GET /wp-content/themes/lovecraft/assets/js/doubletaptogo.min.js?ver=1 HTTP/1.1" 200 297 "https://www.walbottlevi.com/" "Mozilla/5.0 (Windows NT 6.1; Win64; x64) AppleWebKit/537.36 (KHTML, like Gecko) Chrome/100.0.4896.127 Safari/537.36"
79.70.177.32 - - [30/Apr/2022:12:24:36 +0100] "GET /wp-content/plugins/cookie-law-info/public/js/cookie-law-info-public.js?ver=2.1.1 HTTP/1.1" 200 7496 "https://www.walbottlevi.com/" "Mozilla/5.0 (Windows NT 6.1; Win64; x64) AppleWebKit/537.36 (KHTML, like Gecko) Chrome/100.0.4896.127 Safari/537.36"
79.70.177.32 - - [30/Apr/2022:12:24:36 +0100] "GET /wp-content/plugins/simple-banner/simple-banner.js?ver=2.11.0 HTTP/1.1" 200 1233 "https://www.walbottlevi.com/" "Mozilla/5.0 (Windows NT 6.1; Win64; x64) AppleWebKit/537.36 (KHTML, like Gecko) Chrome/100.0.4896.127 Safari/537.36"
79.70.177.32 - - [30/Apr/2022:12:24:36 +0100] "GET /wp-content/uploads/2020/09/cropped-IMG_0477-scaled-2.jpg.webp HTTP/1.1" 200 124034 "https://www.walbottlevi.com/" "Mozilla/5.0 (Windows NT 6.1; Win64; x64) AppleWebKit/537.36 (KHTML, like Gecko) Chrome/100.0.4896.127 Safari/537.36"
79.70.177.32 - - [30/Apr/2022:12:24:36 +0100] "GET /wp-content/plugins/cookie-law-info/public/images/logo-cookieyes.svg HTTP/1.1" 200 1030 "https://www.walbottlevi.com/" "Mozilla/5.0 (Windows NT 6.1; Win64; x64) AppleWebKit/537.36 (KHTML, like Gecko) Chrome/100.0.4896.127 Safari/537.36"
79.70.177.32 - - [30/Apr/2022:12:24:36 +0100] "GET /wp-content/themes/lovecraft/assets/js/global.js?ver=2.0.1 HTTP/1.1" 200 896 "https://www.walbottlevi.com/" "Mozilla/5.0 (Windows NT 6.1; Win64; x64) AppleWebKit/537.36 (KHTML, like Gecko) Chrome/100.0.4896.127 Safari/537.36"
152.228.171.66 - - [30/Apr/2022:12:24:36 +0100] "HEAD / HTTP/1.1" 200 0 "-" "-"
54.68.32.247 - - [30/Apr/2022:13:01:33 +0100] "POST /?rest_route=%2Fwordfence%2Fv1%2Fauthenticate HTTP/1.1" 200 134 "-" "Wordfence Central API v1.0"
51.81.186.219 - - [30/Apr/2022:13:01:34 +0100] "HEAD / HTTP/1.1" 200 0 "-" "-"
54.68.32.247 - - [30/Apr/2022:13:01:34 +0100] "POST /?rest_route=%2Fwordfence%2Fv1%2Fauthenticate HTTP/1.1" 200 257 "-" "Wordfence Central API v1.0"
54.68.32.247 - - [30/Apr/2022:13:01:35 +0100] "POST /?rest_route=%2Fwordfence%2Fv1%2Fconfig HTTP/1.1" 200 3080 "-" "Wordfence Central API v1.0"
54.68.32.247 - - [30/Apr/2022:14:01:32 +0100] "POST /?rest_route=%2Fwordfence%2Fv1%2Fauthenticate HTTP/1.1" 200 133 "-" "Wordfence Central API v1.0"
51.81.186.219 - - [30/Apr/2022:14:01:33 +0100] "HEAD / HTTP/1.1" 200 0 "-" "-"
54.68.32.247 - - [30/Apr/2022:14:01:33 +0100] "POST /?rest_route=%2Fwordfence%2Fv1%2Fauthenticate HTTP/1.1" 200 256 "-" "Wordfence Central API v1.0"
54.68.32.247 - - [30/Apr/2022:14:01:34 +0100] "POST /?rest_route=%2Fwordfence%2Fv1%2Fconfig HTTP/1.1" 200 3082 "-" "Wordfence Central API v1.0"
54.68.32.247 - - [30/Apr/2022:15:01:33 +0100] "POST /?rest_route=%2Fwordfence%2Fv1%2Fauthenticate HTTP/1.1" 200 134 "-" "Wordfence Central API v1.0"
51.81.186.219 - - [30/Apr/2022:15:01:34 +0100] "HEAD / HTTP/1.1" 200 0 "-" "-"
54.68.32.247 - - [30/Apr/2022:15:01:34 +0100] "POST /?rest_route=%2Fwordfence%2Fv1%2Fauthenticate HTTP/1.1" 200 254 "-" "Wordfence Central API v1.0"
54.68.32.247 - - [30/Apr/2022:15:01:35 +0100] "POST /?rest_route=%2Fwordfence%2Fv1%2Fconfig HTTP/1.1" 200 3082 "-" "Wordfence Central API v1.0"
31.13.103.4 - - [30/Apr/2022:15:44:51 +0100] "GET /wreath-making-session/ HTTP/1.1" 200 13659 "-" "facebookexternalhit/1.1 (+http://www.facebook.com/externalhit_uatext.php)"
54.68.32.247 - - [30/Apr/2022:16:01:32 +0100] "POST /?rest_route=%2Fwordfence%2Fv1%2Fauthenticate HTTP/1.1" 200 133 "-" "Wordfence Central API v1.0"
51.81.186.219 - - [30/Apr/2022:16:01:33 +0100] "HEAD / HTTP/1.1" 200 0 "-" "-"
54.68.32.247 - - [30/Apr/2022:16:01:33 +0100] "POST /?rest_route=%2Fwordfence%2Fv1%2Fauthenticate HTTP/1.1" 200 257 "-" "Wordfence Central API v1.0"
54.68.32.247 - - [30/Apr/2022:16:01:34 +0100] "POST /?rest_route=%2Fwordfence%2Fv1%2Fconfig HTTP/1.1" 200 3082 "-" "Wordfence Central API v1.0"
54.191.137.17 - - [30/Apr/2022:16:13:32 +0100] "POST /wp-load.php?mwprid=626d521d2214a0.59180317 HTTP/1.1" 200 10311 "https://walbottlevi.com/" "Mozilla/5.0 (Windows NT 10.0; Win64; x64) AppleWebKit/537.36 (KHTML, like Gecko) Chrome/62.0.3202.94 Safari/537.36"
54.191.137.17 - - [30/Apr/2022:16:13:41 +0100] "POST /wp-load.php?mwprid=626d5226309ec0.12399767 HTTP/1.1" 200 691 "https://walbottlevi.com/" "Mozilla/5.0 (Windows NT 10.0; Win64; x64) AppleWebKit/537.36 (KHTML, like Gecko) Chrome/62.0.3202.94 Safari/537.36"
54.191.137.17 - - [30/Apr/2022:16:13:46 +0100] "POST /wp-load.php?mwprid=626d5226f2fc55.58586227 HTTP/1.1" 200 691 "https://walbottlevi.com/" "Mozilla/5.0 (Windows NT 10.0; Win64; x64) AppleWebKit/537.36 (KHTML, like Gecko) Chrome/62.0.3202.94 Safari/537.36"
54.191.137.17 - - [30/Apr/2022:16:13:49 +0100] "GET / HTTP/2" 301 0 "-" "Mozilla/5.0 (X11; Linux x86_64) AppleWebKit/537.36 (KHTML, like Gecko) HeadlessChrome/60.0.3112.101 Safari/537.36"
10.4.96.3 - - [30/Apr/2022:16:27:12 +0100] "GET /sitemap_index.xml HTTP/1.1" 200 325 "-" "Mozilla/5.0 (compatible; bingbot/2.0; +http://www.bing.com/bingbot.htm)"
149.28.11.90 - - [30/Apr/2022:16:27:12 +0100] "HEAD / HTTP/1.1" 200 0 "-" "-"
10.4.96.3 - - [30/Apr/2022:16:59:25 +0100] "GET /comments/feed/ HTTP/1.1" 200 1544 "-" "Mozilla/5.0 (compatible; DotBot/1.2; +https://opensiteexplorer.org/dotbot; help@moz.com)"
149.28.11.90 - - [30/Apr/2022:16:59:26 +0100] "HEAD / HTTP/1.1" 200 0 "-" "-"
185.199.220.52 - - [30/Apr/2022:17:01:04 +0100] "POST /wp-admin/admin-ajax.php?action=wordfence_testAjax HTTP/1.1" 200 32 "https://www.walbottlevi.com/wp-admin/admin-ajax.php?action=wordfence_testAjax" "WordPress/5.9.3; https://www.walbottlevi.com"
152.228.171.66 - - [30/Apr/2022:17:01:04 +0100] "HEAD / HTTP/1.1" 200 0 "-" "-"
54.68.32.247 - - [30/Apr/2022:17:01:06 +0100] "POST /?rest_route=%2Fwordfence%2Fv1%2Fauthenticate HTTP/1.1" 200 133 "-" "Wordfence Central API v1.0"
54.68.32.247 - - [30/Apr/2022:17:01:07 +0100] "POST /?rest_route=%2Fwordfence%2Fv1%2Fauthenticate HTTP/1.1" 200 256 "-" "Wordfence Central API v1.0"
54.68.32.247 - - [30/Apr/2022:17:01:08 +0100] "POST /?rest_route=%2Fwordfence%2Fv1%2Fscan%2Fissues HTTP/1.1" 200 96 "-" "Wordfence Central API v1.0"
185.199.220.52 - - [30/Apr/2022:17:01:04 +0100] "GET /wp-admin/admin-ajax.php?action=wordfence_doScan&isFork=0&scanMode=quick&cronKey=d17b3098964418aa0f37d3d362186b6b&signature=55dc68c6aea2be3e5c091a0213fdd9a68b91e5d2f3db071b40d321442c9db83a HTTP/1.1" 200 0 "-" "WordPress/5.9.3; https://www.walbottlevi.com"
54.68.32.247 - - [30/Apr/2022:17:01:37 +0100] "POST /?rest_route=%2Fwordfence%2Fv1%2Fauthenticate HTTP/1.1" 200 133 "-" "Wordfence Central API v1.0"
51.81.186.219 - - [30/Apr/2022:17:01:38 +0100] "HEAD / HTTP/1.1" 200 0 "-" "-"
54.68.32.247 - - [30/Apr/2022:17:01:38 +0100] "POST /?rest_route=%2Fwordfence%2Fv1%2Fauthenticate HTTP/1.1" 200 257 "-" "Wordfence Central API v1.0"
54.68.32.247 - - [30/Apr/2022:17:01:39 +0100] "POST /?rest_route=%2Fwordfence%2Fv1%2Fconfig HTTP/1.1" 200 3082 "-" "Wordfence Central API v1.0"
216.244.66.244 - - [30/Apr/2022:17:56:01 +0100] "GET /news/whats-happened-in-2020/ HTTP/1.1" 200 13772 "-" "Mozilla/5.0 (compatible; DotBot/1.2; +https://opensiteexplorer.org/dotbot; help@moz.com)"
149.28.11.90 - - [30/Apr/2022:17:56:01 +0100] "HEAD / HTTP/1.1" 200 0 "-" "-"
54.68.32.247 - - [30/Apr/2022:18:01:33 +0100] "POST /?rest_route=%2Fwordfence%2Fv1%2Fauthenticate HTTP/1.1" 200 132 "-" "Wordfence Central API v1.0"
51.81.186.219 - - [30/Apr/2022:18:01:34 +0100] "HEAD / HTTP/1.1" 200 0 "-" "-"
54.68.32.247 - - [30/Apr/2022:18:01:34 +0100] "POST /?rest_route=%2Fwordfence%2Fv1%2Fauthenticate HTTP/1.1" 200 257 "-" "Wordfence Central API v1.0"
54.68.32.247 - - [30/Apr/2022:18:01:34 +0100] "POST /?rest_route=%2Fwordfence%2Fv1%2Fconfig HTTP/1.1" 200 3080 "-" "Wordfence Central API v1.0"
27.115.124.101 - - [30/Apr/2022:18:16:00 +0100] "GET / HTTP/2" 301 0 "http://walbottlevi.com/" "Mozilla/5.0 (Linux; U; Android 8.0.0; zh-cn; Mi Note 2 Build/OPR1.170623.032) AppleWebKit/537.36 (KHTML, like Gecko) Version/4.0 Chrome/61.0.3163.128 Mobile Safari/537.36 XiaoMi/MiuiBrowser/10.1.1"
10.4.96.3 - - [30/Apr/2022:18:16:13 +0100] "GET /post-sitemap.xml HTTP/1.1" 200 662 "-" "Mozilla/5.0 (compatible; bingbot/2.0; +http://www.bing.com/bingbot.htm)"
149.28.11.90 - - [30/Apr/2022:18:16:13 +0100] "HEAD / HTTP/1.1" 200 0 "-" "-"
27.115.124.101 - - [30/Apr/2022:18:16:33 +0100] "GET / HTTP/2" 301 0 "http://walbottlevi.com/" "Mozilla/5.0 (Linux; U; Android 8.0.0; zh-cn; Mi Note 2 Build/OPR1.170623.032) AppleWebKit/537.36 (KHTML, like Gecko) Version/4.0 Chrome/61.0.3163.128 Mobile Safari/537.36 XiaoMi/MiuiBrowser/10.1.1"
27.115.124.38 - - [30/Apr/2022:18:18:42 +0100] "GET / HTTP/2" 301 0 "http://baidu.com/" "Mozilla/5.0 (Linux; U; Android 8.0.0; zh-cn; Mi Note 2 Build/OPR1.170623.032) AppleWebKit/537.36 (KHTML, like Gecko) Version/4.0 Chrome/61.0.3163.128 Mobile Safari/537.36 XiaoMi/MiuiBrowser/10.1.1"
27.115.124.109 - - [30/Apr/2022:18:18:44 +0100] "GET / HTTP/1.1" 200 12694 "https://www.walbottlevi.com/" "Mozilla/5.0 (Linux; U; Android 8.0.0; zh-cn; Mi Note 2 Build/OPR1.170623.032) AppleWebKit/537.36 (KHTML, like Gecko) Version/4.0 Chrome/61.0.3163.128 Mobile Safari/537.36 XiaoMi/MiuiBrowser/10.1.1"
65.21.81.50 - - [30/Apr/2022:18:18:44 +0100] "HEAD / HTTP/1.1" 200 0 "-" "-"
27.115.124.109 - - [30/Apr/2022:18:18:46 +0100] "GET /wp-content/litespeed/css/cb21ec2d70e49154406ff85a4f971eb0.css?ver=4a728 HTTP/1.1" 200 805 "https://www.walbottlevi.com/" "Mozilla/5.0 (Linux; U; Android 8.0.0; zh-cn; Mi Note 2 Build/OPR1.170623.032) AppleWebKit/537.36 (KHTML, like Gecko) Version/4.0 Chrome/61.0.3163.128 Mobile Safari/537.36 XiaoMi/MiuiBrowser/10.1.1"
27.115.124.109 - - [30/Apr/2022:18:18:46 +0100] "GET /wp-content/litespeed/css/04c205088aef6ab86671135984bde441.css?ver=ef894 HTTP/1.1" 200 250 "https://www.walbottlevi.com/" "Mozilla/5.0 (Linux; U; Android 8.0.0; zh-cn; Mi Note 2 Build/OPR1.170623.032) AppleWebKit/537.36 (KHTML, like Gecko) Version/4.0 Chrome/61.0.3163.128 Mobile Safari/537.36 XiaoMi/MiuiBrowser/10.1.1"
27.115.124.109 - - [30/Apr/2022:18:18:46 +0100] "GET /wp-content/litespeed/css/79ac2e166a64deb7082c8f4a065d36e5.css?ver=d36e5 HTTP/1.1" 200 325 "https://www.walbottlevi.com/" "Mozilla/5.0 (Linux; U; Android 8.0.0; zh-cn; Mi Note 2 Build/OPR1.170623.032) AppleWebKit/537.36 (KHTML, like Gecko) Version/4.0 Chrome/61.0.3163.128 Mobile Safari/537.36 XiaoMi/MiuiBrowser/10.1.1"
27.115.124.109 - - [30/Apr/2022:18:18:46 +0100] "GET /wp-content/litespeed/css/8576258e7ed95683a61ed71d30331f17.css?ver=3458c HTTP/1.1" 200 1410 "https://www.walbottlevi.com/" "Mozilla/5.0 (Linux; U; Android 8.0.0; zh-cn; Mi Note 2 Build/OPR1.170623.032) AppleWebKit/537.36 (KHTML, like Gecko) Version/4.0 Chrome/61.0.3163.128 Mobile Safari/537.36 XiaoMi/MiuiBrowser/10.1.1"
27.115.124.109 - - [30/Apr/2022:18:18:46 +0100] "GET /wp-content/litespeed/css/cf22e83ddbcbe9bf0a5483ea759a38f0.css?ver=a27c7 HTTP/1.1" 200 14079 "https://www.walbottlevi.com/" "Mozilla/5.0 (Linux; U; Android 8.0.0; zh-cn; Mi Note 2 Build/OPR1.170623.032) AppleWebKit/537.36 (KHTML, like Gecko) Version/4.0 Chrome/61.0.3163.128 Mobile Safari/537.36 XiaoMi/MiuiBrowser/10.1.1"
27.115.124.109 - - [30/Apr/2022:18:18:46 +0100] "GET /wp-content/litespeed/css/962881a9f7b8a4ad588b826970384b0a.css?ver=24dc7 HTTP/1.1" 200 4840 "https://www.walbottlevi.com/" "Mozilla/5.0 (Linux; U; Android 8.0.0; zh-cn; Mi Note 2 Build/OPR1.170623.032) AppleWebKit/537.36 (KHTML, like Gecko) Version/4.0 Chrome/61.0.3163.128 Mobile Safari/537.36 XiaoMi/MiuiBrowser/10.1.1"
27.115.124.109 - - [30/Apr/2022:18:18:46 +0100] "GET /wp-content/litespeed/css/f1f3bb515f8594534f56b8b8eb04f322.css?ver=bdff9 HTTP/1.1" 200 10202 "https://www.walbottlevi.com/" "Mozilla/5.0 (Linux; U; Android 8.0.0; zh-cn; Mi Note 2 Build/OPR1.170623.032) AppleWebKit/537.36 (KHTML, like Gecko) Version/4.0 Chrome/61.0.3163.128 Mobile Safari/537.36 XiaoMi/MiuiBrowser/10.1.1"
27.115.124.109 - - [30/Apr/2022:18:18:46 +0100] "GET /wp-includes/js/jquery/jquery.min.js?ver=3.6.0 HTTP/1.1" 200 34819 "https://www.walbottlevi.com/" "Mozilla/5.0 (Linux; U; Android 8.0.0; zh-cn; Mi Note 2 Build/OPR1.170623.032) AppleWebKit/537.36 (KHTML, like Gecko) Version/4.0 Chrome/61.0.3163.128 Mobile Safari/537.36 XiaoMi/MiuiBrowser/10.1.1"
27.115.124.109 - - [30/Apr/2022:18:18:46 +0100] "GET /wp-includes/js/jquery/jquery-migrate.min.js?ver=3.3.2 HTTP/1.1" 200 4461 "https://www.walbottlevi.com/" "Mozilla/5.0 (Linux; U; Android 8.0.0; zh-cn; Mi Note 2 Build/OPR1.170623.032) AppleWebKit/537.36 (KHTML, like Gecko) Version/4.0 Chrome/61.0.3163.128 Mobile Safari/537.36 XiaoMi/MiuiBrowser/10.1.1"
27.115.124.109 - - [30/Apr/2022:18:18:46 +0100] "GET /wp-content/plugins/cookie-law-info/public/js/cookie-law-info-public.js?ver=2.1.1 HTTP/1.1" 200 9478 "https://www.walbottlevi.com/" "Mozilla/5.0 (Linux; U; Android 8.0.0; zh-cn; Mi Note 2 Build/OPR1.170623.032) AppleWebKit/537.36 (KHTML, like Gecko) Version/4.0 Chrome/61.0.3163.128 Mobile Safari/537.36 XiaoMi/MiuiBrowser/10.1.1"
27.115.124.109 - - [30/Apr/2022:18:18:46 +0100] "GET /wp-content/litespeed/css/28077ec3d4019a380b51ef57e24685fc.css?ver=188fb HTTP/1.1" 200 1475 "https://www.walbottlevi.com/" "Mozilla/5.0 (Linux; U; Android 8.0.0; zh-cn; Mi Note 2 Build/OPR1.170623.032) AppleWebKit/537.36 (KHTML, like Gecko) Version/4.0 Chrome/61.0.3163.128 Mobile Safari/537.36 XiaoMi/MiuiBrowser/10.1.1"
27.115.124.109 - - [30/Apr/2022:18:18:46 +0100] "GET /wp-content/plugins/simple-banner/simple-banner.js?ver=2.11.0 HTTP/1.1" 200 1512 "https://www.walbottlevi.com/" "Mozilla/5.0 (Linux; U; Android 8.0.0; zh-cn; Mi Note 2 Build/OPR1.170623.032) AppleWebKit/537.36 (KHTML, like Gecko) Version/4.0 Chrome/61.0.3163.128 Mobile Safari/537.36 XiaoMi/MiuiBrowser/10.1.1"
27.115.124.109 - - [30/Apr/2022:18:18:46 +0100] "GET /wp-content/themes/lovecraft/assets/js/doubletaptogo.min.js?ver=1 HTTP/1.1" 200 358 "https://www.walbottlevi.com/" "Mozilla/5.0 (Linux; U; Android 8.0.0; zh-cn; Mi Note 2 Build/OPR1.170623.032) AppleWebKit/537.36 (KHTML, like Gecko) Version/4.0 Chrome/61.0.3163.128 Mobile Safari/537.36 XiaoMi/MiuiBrowser/10.1.1"
27.115.124.109 - - [30/Apr/2022:18:18:46 +0100] "GET /wp-content/themes/lovecraft/assets/js/global.js?ver=2.0.1 HTTP/1.1" 200 1046 "https://www.walbottlevi.com/" "Mozilla/5.0 (Linux; U; Android 8.0.0; zh-cn; Mi Note 2 Build/OPR1.170623.032) AppleWebKit/537.36 (KHTML, like Gecko) Version/4.0 Chrome/61.0.3163.128 Mobile Safari/537.36 XiaoMi/MiuiBrowser/10.1.1"
27.115.124.109 - - [30/Apr/2022:18:18:46 +0100] "GET /wp-content/plugins/cookie-law-info/public/images/logo-cookieyes.svg HTTP/1.1" 200 1136 "https://www.walbottlevi.com/" "Mozilla/5.0 (Linux; U; Android 8.0.0; zh-cn; Mi Note 2 Build/OPR1.170623.032) AppleWebKit/537.36 (KHTML, like Gecko) Version/4.0 Chrome/61.0.3163.128 Mobile Safari/537.36 XiaoMi/MiuiBrowser/10.1.1"
27.115.124.109 - - [30/Apr/2022:18:18:46 +0100] "GET /wp-content/uploads/2020/09/cropped-IMG_0477-scaled-2.jpg.webp HTTP/1.1" 200 124034 "https://www.walbottlevi.com/" "Mozilla/5.0 (Linux; U; Android 8.0.0; zh-cn; Mi Note 2 Build/OPR1.170623.032) AppleWebKit/537.36 (KHTML, like Gecko) Version/4.0 Chrome/61.0.3163.128 Mobile Safari/537.36 XiaoMi/MiuiBrowser/10.1.1"
27.115.124.109 - - [30/Apr/2022:18:18:46 +0100] "GET /wp-includes/js/wp-emoji-release.min.js?ver=5.9.3 HTTP/1.1" 200 5623 "https://www.walbottlevi.com/" "Mozilla/5.0 (Linux; U; Android 8.0.0; zh-cn; Mi Note 2 Build/OPR1.170623.032) AppleWebKit/537.36 (KHTML, like Gecko) Version/4.0 Chrome/61.0.3163.128 Mobile Safari/537.36 XiaoMi/MiuiBrowser/10.1.1"
27.115.124.109 - - [30/Apr/2022:18:18:47 +0100] "GET /wp-content/uploads/2020/09/cropped-IMG_0477-scaled-2.jpg HTTP/1.1" 200 133514 "https://www.walbottlevi.com/" "Mozilla/5.0 (Linux; U; Android 8.0.0; zh-cn; Mi Note 2 Build/OPR1.170623.032) AppleWebKit/537.36 (KHTML, like Gecko) Version/4.0 Chrome/61.0.3163.128 Mobile Safari/537.36 XiaoMi/MiuiBrowser/10.1.1"
27.115.124.101 - - [30/Apr/2022:18:18:50 +0100] "GET /wp-content/uploads/2019/11/cropped-WVIMain-192x192.png HTTP/1.1" 403 1229 "-" "Mozilla/5.0 (Windows NT 10.0; WOW64) AppleWebKit/537.36 (KHTML, like Gecko) Chrome/78.0.3904.108 Safari/537.36"
54.68.32.247 - - [30/Apr/2022:19:01:32 +0100] "POST /?rest_route=%2Fwordfence%2Fv1%2Fauthenticate HTTP/1.1" 200 133 "-" "Wordfence Central API v1.0"
54.68.32.247 - - [30/Apr/2022:19:01:33 +0100] "POST /?rest_route=%2Fwordfence%2Fv1%2Fauthenticate HTTP/1.1" 200 255 "-" "Wordfence Central API v1.0"
54.68.32.247 - - [30/Apr/2022:19:01:34 +0100] "POST /?rest_route=%2Fwordfence%2Fv1%2Fconfig HTTP/1.1" 200 3082 "-" "Wordfence Central API v1.0"
40.77.167.24 - - [30/Apr/2022:19:42:49 +0100] "GET /sitemap_index.xml HTTP/1.1" 200 325 "-" "Mozilla/5.0 (compatible; bingbot/2.0; +http://www.bing.com/bingbot.htm)"
54.191.137.17 - - [30/Apr/2022:19:51:23 +0100] "POST /wp-load.php?mwprid=626d8529db04a2.68999505 HTTP/1.1" 200 10311 "https://walbottlevi.com/" "Mozilla/5.0 (Windows NT 10.0; Win64; x64) AppleWebKit/537.36 (KHTML, like Gecko) Chrome/62.0.3202.94 Safari/537.36"
54.191.137.17 - - [30/Apr/2022:19:51:29 +0100] "POST /wp-load.php?mwprid=626d853149b905.92432364 HTTP/1.1" 200 691 "https://walbottlevi.com/" "Mozilla/5.0 (Windows NT 10.0; Win64; x64) AppleWebKit/537.36 (KHTML, like Gecko) Chrome/62.0.3202.94 Safari/537.36"
54.191.137.17 - - [30/Apr/2022:19:51:36 +0100] "POST /wp-load.php?mwprid=626d8538839f41.39351341 HTTP/1.1" 200 689 "https://walbottlevi.com/" "Mozilla/5.0 (Windows NT 10.0; Win64; x64) AppleWebKit/537.36 (KHTML, like Gecko) Chrome/62.0.3202.94 Safari/537.36"
54.68.32.247 - - [30/Apr/2022:20:01:32 +0100] "POST /?rest_route=%2Fwordfence%2Fv1%2Fauthenticate HTTP/1.1" 200 134 "-" "Wordfence Central API v1.0"
51.81.186.219 - - [30/Apr/2022:20:01:33 +0100] "HEAD / HTTP/1.1" 200 0 "-" "-"
54.68.32.247 - - [30/Apr/2022:20:01:33 +0100] "POST /?rest_route=%2Fwordfence%2Fv1%2Fauthenticate HTTP/1.1" 200 254 "-" "Wordfence Central API v1.0"
54.68.32.247 - - [30/Apr/2022:20:01:34 +0100] "POST /?rest_route=%2Fwordfence%2Fv1%2Fconfig HTTP/1.1" 200 3082 "-" "Wordfence Central API v1.0"
10.4.96.3 - - [30/Apr/2022:20:30:51 +0100] "GET /category-sitemap.xml HTTP/1.1" 200 388 "-" "Mozilla/5.0 (compatible; bingbot/2.0; +http://www.bing.com/bingbot.htm)"
149.28.11.90 - - [30/Apr/2022:20:30:52 +0100] "HEAD / HTTP/1.1" 200 0 "-" "-"
216.244.66.244 - - [30/Apr/2022:20:37:46 +0100] "GET /system/app/pages/recentChanges?offset=25 HTTP/1.1" 404 11756 "-" "Mozilla/5.0 (compatible; DotBot/1.2; +https://opensiteexplorer.org/dotbot; help@moz.com)"
149.28.11.90 - - [30/Apr/2022:20:37:47 +0100] "HEAD / HTTP/1.1" 200 0 "-" "-"
17.121.112.129 - - [30/Apr/2022:20:54:53 +0100] "GET /robots.txt HTTP/1.1" 200 116 "-" "Mozilla/5.0 (Macintosh; Intel Mac OS X 10_15_5) AppleWebKit/605.1.15 (KHTML, like Gecko) Version/13.1.1 Safari/605.1.15 (Applebot/0.1; +http://www.apple.com/go/applebot)"
64.225.34.246 - - [30/Apr/2022:20:54:53 +0100] "HEAD / HTTP/1.1" 200 0 "-" "-"
17.121.112.129 - - [30/Apr/2022:20:54:53 +0100] "GET /news/2021/08/ HTTP/1.1" 200 11931 "-" "Mozilla/5.0 (Macintosh; Intel Mac OS X 10_15_5) AppleWebKit/605.1.15 (KHTML, like Gecko) Version/13.1.1 Safari/605.1.15 (Applebot/0.1; +http://www.apple.com/go/applebot)"
54.68.32.247 - - [30/Apr/2022:21:01:33 +0100] "POST /?rest_route=%2Fwordfence%2Fv1%2Fauthenticate HTTP/1.1" 200 134 "-" "Wordfence Central API v1.0"
51.81.186.219 - - [30/Apr/2022:21:01:34 +0100] "HEAD / HTTP/1.1" 200 0 "-" "-"
54.68.32.247 - - [30/Apr/2022:21:01:34 +0100] "POST /?rest_route=%2Fwordfence%2Fv1%2Fauthenticate HTTP/1.1" 200 256 "-" "Wordfence Central API v1.0"
54.68.32.247 - - [30/Apr/2022:21:01:35 +0100] "POST /?rest_route=%2Fwordfence%2Fv1%2Fconfig HTTP/1.1" 200 3080 "-" "Wordfence Central API v1.0"
54.244.38.247 - - [30/Apr/2022:21:10:39 +0100] "GET / HTTP/1.1" 301 0 "-" "Mozilla/5.0 (X11; Linux x86_64) AppleWebKit/537.36 (KHTML, like Gecko) Chrome/83.0.4103.97 Safari/537.36"
10.4.96.3 - - [30/Apr/2022:21:10:46 +0100] "GET / HTTP/1.1" 200 12692 "-" "Mozilla/5.0 (X11; Linux x86_64) AppleWebKit/537.36 (KHTML, like Gecko) Chrome/83.0.4103.97 Safari/537.36"
149.28.11.90 - - [30/Apr/2022:21:10:46 +0100] "HEAD / HTTP/1.1" 200 0 "-" "-"
35.86.131.255 - - [30/Apr/2022:21:27:40 +0100] "GET / HTTP/1.1" 301 0 "-" "Mozilla/5.0 (Windows NT 10.0; Win64; x64)AppleWebKit/537.36 (KHTML, like Gecko) Chrome/66.0.3359.181 Safari/537.36"
40.77.167.24 - - [30/Apr/2022:21:37:01 +0100] "GET /page-sitemap.xml HTTP/1.1" 200 1232 "-" "Mozilla/5.0 (compatible; bingbot/2.0; +http://www.bing.com/bingbot.htm)"
149.28.11.90 - - [30/Apr/2022:21:37:02 +0100] "HEAD / HTTP/1.1" 200 0 "-" "-"
54.68.32.247 - - [30/Apr/2022:22:01:33 +0100] "POST /?rest_route=%2Fwordfence%2Fv1%2Fauthenticate HTTP/1.1" 200 133 "-" "Wordfence Central API v1.0"
51.81.186.219 - - [30/Apr/2022:22:01:34 +0100] "HEAD / HTTP/1.1" 200 0 "-" "-"
54.68.32.247 - - [30/Apr/2022:22:01:34 +0100] "POST /?rest_route=%2Fwordfence%2Fv1%2Fauthenticate HTTP/1.1" 200 255 "-" "Wordfence Central API v1.0"
54.68.32.247 - - [30/Apr/2022:22:01:34 +0100] "POST /?rest_route=%2Fwordfence%2Fv1%2Fconfig HTTP/1.1" 200 3080 "-" "Wordfence Central API v1.0"
216.244.66.244 - - [30/Apr/2022:22:14:36 +0100] "GET /activities/yoga/ HTTP/1.1" 200 12790 "-" "Mozilla/5.0 (compatible; DotBot/1.2; +https://opensiteexplorer.org/dotbot; help@moz.com)"
149.28.11.90 - - [30/Apr/2022:22:14:37 +0100] "HEAD / HTTP/1.1" 200 0 "-" "-"
45.90.62.125 - - [30/Apr/2022:22:20:06 +0100] "GET / HTTP/1.1" 301 0 "-" "Mozilla/5.0 (Windows NT 10.0; Win64; x64) AppleWebKit/537.36 (KHTML, like Gecko) Chrome/94.0.4606.61 Safari/537.36"
89.104.111.179 - - [30/Apr/2022:22:20:08 +0100] "GET /favicon.ico HTTP/1.1" 404 1238 "-" "Mozilla/5.0 (Windows NT 10.0; Win64; x64) AppleWebKit/537.36 (KHTML, like Gecko) Chrome/94.0.4606.61 Safari/537.36"
5.188.183.13 - - [30/Apr/2022:22:20:08 +0100] "HEAD / HTTP/1.1" 200 0 "-" "-"
45.90.62.125 - - [30/Apr/2022:22:20:08 +0100] "GET /favicon.ico HTTP/1.1" 404 1238 "-" "Mozilla/5.0 (Windows NT 10.0; Win64; x64) AppleWebKit/537.36 (KHTML, like Gecko) Chrome/94.0.4606.61 Safari/537.36"
10.4.96.3 - - [30/Apr/2022:22:20:11 +0100] "GET /home/cv_16_29404.gif?attredirects=0 HTTP/1.1" 404 11756 "-" "Mozilla/5.0 (compatible; DotBot/1.2; +https://opensiteexplorer.org/dotbot; help@moz.com)"
45.92.228.150 - - [30/Apr/2022:22:42:54 +0100] "GET / HTTP/1.1" 200 12692 "-" "Mozilla/5.0 (Windows NT 6.1; rv:17.0) Gecko/17.0 Firefox/17.0"
54.68.32.247 - - [30/Apr/2022:23:01:33 +0100] "POST /?rest_route=%2Fwordfence%2Fv1%2Fauthenticate HTTP/1.1" 200 134 "-" "Wordfence Central API v1.0"
51.81.186.219 - - [30/Apr/2022:23:01:34 +0100] "HEAD / HTTP/1.1" 200 0 "-" "-"
54.68.32.247 - - [30/Apr/2022:23:01:34 +0100] "POST /?rest_route=%2Fwordfence%2Fv1%2Fauthenticate HTTP/1.1" 200 257 "-" "Wordfence Central API v1.0"
54.68.32.247 - - [30/Apr/2022:23:01:34 +0100] "POST /?rest_route=%2Fwordfence%2Fv1%2Fconfig HTTP/1.1" 200 3080 "-" "Wordfence Central API v1.0"
40.77.167.24 - - [30/Apr/2022:23:59:05 +0100] "GET /wp-json/ HTTP/1.1" 200 17339 "-" "Mozilla/5.0 (compatible; bingbot/2.0; +http://www.bing.com/bingbot.htm)"
54.68.32.247 - - [01/May/2022:00:01:35 +0100] "POST /?rest_route=%2Fwordfence%2Fv1%2Fauthenticate HTTP/1.1" 200 133 "-" "Wordfence Central API v1.0"
54.68.32.247 - - [01/May/2022:00:01:36 +0100] "POST /?rest_route=%2Fwordfence%2Fv1%2Fauthenticate HTTP/1.1" 200 257 "-" "Wordfence Central API v1.0"
54.68.32.247 - - [01/May/2022:00:01:37 +0100] "POST /?rest_route=%2Fwordfence%2Fv1%2Fconfig HTTP/1.1" 200 3082 "-" "Wordfence Central API v1.0"
10.4.96.3 - - [01/May/2022:00:06:26 +0100] "GET /sitemap_index.xml HTTP/1.1" 200 325 "-" "Mozilla/5.0 (compatible; bingbot/2.0; +http://www.bing.com/bingbot.htm)"
149.28.11.90 - - [01/May/2022:00:06:26 +0100] "HEAD / HTTP/1.1" 200 0 "-" "-"
185.191.171.17 - - [01/May/2022:00:11:36 +0100] "GET /facilities/ HTTP/1.1" 200 13314 "-" "Mozilla/5.0 (compatible; SemrushBot/7~bl; +http://www.semrush.com/bot.html)"
135.148.148.230 - - [01/May/2022:00:11:36 +0100] "HEAD / HTTP/1.1" 200 0 "-" "-"
66.249.68.67 - - [01/May/2022:00:28:46 +0100] "GET /wp-content/litespeed/avatar/b679eea48cf16ebf564c46f2c55b19eb.jpg?ver=1650796973 HTTP/1.1" 403 1229 "-" "Googlebot-Image/1.0"
64.225.34.246 - - [01/May/2022:00:28:46 +0100] "HEAD / HTTP/1.1" 200 0 "-" "-"
54.68.32.247 - - [01/May/2022:01:01:33 +0100] "POST /?rest_route=%2Fwordfence%2Fv1%2Fauthenticate HTTP/1.1" 200 133 "-" "Wordfence Central API v1.0"
54.68.32.247 - - [01/May/2022:01:01:34 +0100] "POST /?rest_route=%2Fwordfence%2Fv1%2Fauthenticate HTTP/1.1" 200 256 "-" "Wordfence Central API v1.0"
54.68.32.247 - - [01/May/2022:01:01:35 +0100] "POST /?rest_route=%2Fwordfence%2Fv1%2Fconfig HTTP/1.1" 200 3082 "-" "Wordfence Central API v1.0"
54.68.32.247 - - [01/May/2022:02:01:32 +0100] "POST /?rest_route=%2Fwordfence%2Fv1%2Fauthenticate HTTP/1.1" 200 134 "-" "Wordfence Central API v1.0"
54.68.32.247 - - [01/May/2022:02:01:33 +0100] "POST /?rest_route=%2Fwordfence%2Fv1%2Fauthenticate HTTP/1.1" 200 257 "-" "Wordfence Central API v1.0"
54.68.32.247 - - [01/May/2022:02:01:34 +0100] "POST /?rest_route=%2Fwordfence%2Fv1%2Fconfig HTTP/1.1" 200 3082 "-" "Wordfence Central API v1.0"
54.36.149.72 - - [01/May/2022:02:10:39 +0100] "GET /author/Peterswe/page/1/ HTTP/1.1" 301 0 "-" "Mozilla/5.0 (compatible; AhrefsBot/7.0; +http://ahrefs.com/robot/)"
10.4.96.3 - - [01/May/2022:02:52:31 +0100] "GET /activities/over-60s/ HTTP/1.1" 200 12902 "-" "Mozilla/5.0 (compatible; DotBot/1.2; +https://opensiteexplorer.org/dotbot; help@moz.com)"
149.28.11.90 - - [01/May/2022:02:52:31 +0100] "HEAD / HTTP/1.1" 200 0 "-" "-"
54.68.32.247 - - [01/May/2022:03:01:32 +0100] "POST /?rest_route=%2Fwordfence%2Fv1%2Fauthenticate HTTP/1.1" 200 134 "-" "Wordfence Central API v1.0"
51.81.186.219 - - [01/May/2022:03:01:33 +0100] "HEAD / HTTP/1.1" 200 0 "-" "-"
54.68.32.247 - - [01/May/2022:03:01:34 +0100] "POST /?rest_route=%2Fwordfence%2Fv1%2Fauthenticate HTTP/1.1" 200 257 "-" "Wordfence Central API v1.0"
54.68.32.247 - - [01/May/2022:03:01:34 +0100] "POST /?rest_route=%2Fwordfence%2Fv1%2Fconfig HTTP/1.1" 200 3082 "-" "Wordfence Central API v1.0"
54.68.32.247 - - [01/May/2022:04:01:32 +0100] "POST /?rest_route=%2Fwordfence%2Fv1%2Fauthenticate HTTP/1.1" 200 134 "-" "Wordfence Central API v1.0"
51.81.186.219 - - [01/May/2022:04:01:33 +0100] "HEAD / HTTP/1.1" 200 0 "-" "-"
54.68.32.247 - - [01/May/2022:04:01:33 +0100] "POST /?rest_route=%2Fwordfence%2Fv1%2Fauthenticate HTTP/1.1" 200 257 "-" "Wordfence Central API v1.0"
54.68.32.247 - - [01/May/2022:04:01:34 +0100] "POST /?rest_route=%2Fwordfence%2Fv1%2Fconfig HTTP/1.1" 200 3082 "-" "Wordfence Central API v1.0"
40.77.167.106 - - [01/May/2022:04:13:13 +0100] "GET /robots.txt HTTP/2" 301 0 "-" "Mozilla/5.0 (compatible; bingbot/2.0; +http://www.bing.com/bingbot.htm)"
40.77.167.106 - - [01/May/2022:04:13:13 +0100] "GET /robots.txt HTTP/2" 301 0 "-" "Mozilla/5.0 (compatible; bingbot/2.0; +http://www.bing.com/bingbot.htm)"
157.55.39.10 - - [01/May/2022:04:13:21 +0100] "GET / HTTP/2" 301 0 "-" "Mozilla/5.0 (compatible; bingbot/2.0; +http://www.bing.com/bingbot.htm)"
10.4.96.3 - - [01/May/2022:04:13:56 +0100] "GET /wp-content/litespeed/css/04c205088aef6ab86671135984bde441.css?ver=ef894 HTTP/1.1" 200 250 "-" "Mozilla/5.0 (compatible; bingbot/2.0; +http://www.bing.com/bingbot.htm)"
10.4.96.3 - - [01/May/2022:04:13:57 +0100] "GET /wp-content/litespeed/css/28077ec3d4019a380b51ef57e24685fc.css?ver=188fb HTTP/1.1" 200 1475 "-" "Mozilla/5.0 (compatible; bingbot/2.0; +http://www.bing.com/bingbot.htm)"
10.4.96.3 - - [01/May/2022:04:13:58 +0100] "GET /wp-content/plugins/simple-banner/simple-banner.js?ver=2.11.0 HTTP/1.1" 200 1512 "-" "Mozilla/5.0 (compatible; bingbot/2.0; +http://www.bing.com/bingbot.htm)"
10.4.96.3 - - [01/May/2022:04:13:59 +0100] "GET /wp-content/themes/lovecraft/assets/js/doubletaptogo.min.js?ver=1 HTTP/1.1" 200 358 "-" "Mozilla/5.0 (compatible; bingbot/2.0; +http://www.bing.com/bingbot.htm)"
10.4.96.3 - - [01/May/2022:04:13:59 +0100] "GET /wp-content/litespeed/css/cb21ec2d70e49154406ff85a4f971eb0.css?ver=4a728 HTTP/1.1" 200 805 "-" "Mozilla/5.0 (compatible; bingbot/2.0; +http://www.bing.com/bingbot.htm)"
10.4.96.3 - - [01/May/2022:04:13:59 +0100] "GET /wp-content/litespeed/css/962881a9f7b8a4ad588b826970384b0a.css?ver=24dc7 HTTP/1.1" 200 4840 "-" "Mozilla/5.0 (compatible; bingbot/2.0; +http://www.bing.com/bingbot.htm)"
10.4.96.3 - - [01/May/2022:04:14:01 +0100] "GET /wp-includes/js/jquery/jquery.min.js?ver=3.6.0 HTTP/1.1" 200 34819 "-" "Mozilla/5.0 (compatible; bingbot/2.0; +http://www.bing.com/bingbot.htm)"
10.4.96.3 - - [01/May/2022:04:14:01 +0100] "GET /wp-content/litespeed/css/cf22e83ddbcbe9bf0a5483ea759a38f0.css?ver=a27c7 HTTP/1.1" 200 14079 "-" "Mozilla/5.0 (compatible; bingbot/2.0; +http://www.bing.com/bingbot.htm)"
157.55.39.123 - - [01/May/2022:04:14:02 +0100] "GET /wp-content/litespeed/css/8576258e7ed95683a61ed71d30331f17.css?ver=3458c HTTP/1.1" 200 1410 "-" "Mozilla/5.0 (compatible; bingbot/2.0; +http://www.bing.com/bingbot.htm)"
10.4.96.3 - - [01/May/2022:04:14:03 +0100] "GET /wp-content/litespeed/css/f1f3bb515f8594534f56b8b8eb04f322.css?ver=bdff9 HTTP/1.1" 200 10202 "-" "Mozilla/5.0 (compatible; bingbot/2.0; +http://www.bing.com/bingbot.htm)"
157.55.39.123 - - [01/May/2022:04:14:06 +0100] "GET /wp-content/plugins/cookie-law-info/public/js/cookie-law-info-public.js?ver=2.1.1 HTTP/1.1" 200 9478 "-" "Mozilla/5.0 (compatible; bingbot/2.0; +http://www.bing.com/bingbot.htm)"
10.4.96.3 - - [01/May/2022:04:14:06 +0100] "GET /wp-content/plugins/cookie-law-info/public/images/logo-cookieyes.svg HTTP/1.1" 200 1136 "-" "Mozilla/5.0 (compatible; bingbot/2.0; +http://www.bing.com/bingbot.htm)"
10.4.96.3 - - [01/May/2022:04:14:07 +0100] "GET /wp-content/litespeed/css/79ac2e166a64deb7082c8f4a065d36e5.css?ver=d36e5 HTTP/1.1" 200 325 "-" "Mozilla/5.0 (compatible; bingbot/2.0; +http://www.bing.com/bingbot.htm)"
10.4.96.3 - - [01/May/2022:04:14:09 +0100] "GET /wp-includes/js/wp-emoji-release.min.js?ver=5.9.3 HTTP/1.1" 200 5623 "-" "Mozilla/5.0 (compatible; bingbot/2.0; +http://www.bing.com/bingbot.htm)"
87.250.224.126 - - [01/May/2022:04:51:06 +0100] "GET /news/walbottleartsgroupannualexhibition11thjuly10am-5pm HTTP/1.1" 404 11754 "-" "Mozilla/5.0 (compatible; YandexBot/3.0; +http://yandex.com/bots)"
193.203.202.215 - - [01/May/2022:04:51:06 +0100] "HEAD / HTTP/1.1" 200 0 "-" "-"
54.68.32.247 - - [01/May/2022:05:01:33 +0100] "POST /?rest_route=%2Fwordfence%2Fv1%2Fauthenticate HTTP/1.1" 200 134 "-" "Wordfence Central API v1.0"
51.81.186.219 - - [01/May/2022:05:01:34 +0100] "HEAD / HTTP/1.1" 200 0 "-" "-"
54.68.32.247 - - [01/May/2022:05:01:34 +0100] "POST /?rest_route=%2Fwordfence%2Fv1%2Fauthenticate HTTP/1.1" 200 255 "-" "Wordfence Central API v1.0"
54.68.32.247 - - [01/May/2022:05:01:35 +0100] "POST /?rest_route=%2Fwordfence%2Fv1%2Fconfig HTTP/1.1" 200 3082 "-" "Wordfence Central API v1.0"
220.179.231.200 - - [01/May/2022:05:28:22 +0100] "GET / HTTP/1.1" 301 0 "-" "Mozilla/5.0 (Windows NT 10.0; Win64; x64) AppleWebKit/537.36 (KHTML, like Gecko) Chrome/85.0.4183.121 Safari/537.36"
220.179.231.200 - - [01/May/2022:05:28:35 +0100] "GET / HTTP/1.1" 200 11282 "-" "Mozilla/5.0 (Windows NT 10.0; Win64; x64) AppleWebKit/537.36 (KHTML, like Gecko) Chrome/85.0.4183.121 Safari/537.36"
193.203.202.215 - - [01/May/2022:05:28:36 +0100] "HEAD / HTTP/1.1" 200 0 "-" "-"
220.179.231.200 - - [01/May/2022:05:28:48 +0100] "GET /comments/feed/ HTTP/1.1" 200 1544 "-" "Mozilla/5.0 (Windows NT 10.0; Win64; x64) AppleWebKit/537.36 (KHTML, like Gecko) Chrome/85.0.4183.121 Safari/537.36"
220.179.231.200 - - [01/May/2022:05:28:50 +0100] "GET /comments/feed/ HTTP/1.1" 200 1544 "-" "Mozilla/5.0 (Windows NT 10.0; Win64; x64) AppleWebKit/537.36 (KHTML, like Gecko) Chrome/85.0.4183.121 Safari/537.36"
220.179.231.200 - - [01/May/2022:05:28:51 +0100] "GET /news/ HTTP/1.1" 200 11605 "-" "Mozilla/5.0 (Windows NT 10.0; Win64; x64) AppleWebKit/537.36 (KHTML, like Gecko) Chrome/85.0.4183.121 Safari/537.36"
220.179.231.200 - - [01/May/2022:05:28:58 +0100] "GET /contact/ HTTP/1.1" 200 14539 "-" "Mozilla/5.0 (Windows NT 10.0; Win64; x64) AppleWebKit/537.36 (KHTML, like Gecko) Chrome/85.0.4183.121 Safari/537.36"
220.179.231.200 - - [01/May/2022:05:29:34 +0100] "GET /news/page/2/ HTTP/1.1" 200 11323 "-" "Mozilla/5.0 (Windows NT 10.0; Win64; x64) AppleWebKit/537.36 (KHTML, like Gecko) Chrome/85.0.4183.121 Safari/537.36"
193.203.202.215 - - [01/May/2022:05:29:34 +0100] "HEAD / HTTP/1.1" 200 0 "-" "-"
220.179.231.200 - - [01/May/2022:05:29:41 +0100] "GET /news/projector-and-screen/ HTTP/1.1" 200 11926 "-" "Mozilla/5.0 (Windows NT 10.0; Win64; x64) AppleWebKit/537.36 (KHTML, like Gecko) Chrome/85.0.4183.121 Safari/537.36"
220.179.231.200 - - [01/May/2022:05:29:45 +0100] "POST /wp-comments-post.php HTTP/1.1" 302 0 "-" "Mozilla/5.0 (Windows NT 10.0; Win64; x64) AppleWebKit/537.36 (KHTML, like Gecko) Chrome/85.0.4183.121 Safari/537.36"
220.179.231.200 - - [01/May/2022:05:29:47 +0100] "GET /news/projector-and-screen/ HTTP/1.1" 200 11934 "-" "Mozilla/5.0 (Windows NT 10.0; Win64; x64) AppleWebKit/537.36 (KHTML, like Gecko) Chrome/85.0.4183.121 Safari/537.36"
220.179.231.200 - - [01/May/2022:05:29:48 +0100] "GET /?lsesi=comment-form&_control=private%2Cno-vary&esi=eyJpZCI6MTEzOSwiYXJncyI6W119&_hash=fe79296069dddf80cbd12a5e134d363f HTTP/1.1" 200 891 "-" "Mozilla/5.0 (Windows NT 10.0; Win64; x64) AppleWebKit/537.36 (KHTML, like Gecko) Chrome/85.0.4183.121 Safari/537.36"
220.179.231.200 - - [01/May/2022:05:29:52 +0100] "POST /wp-comments-post.php HTTP/1.1" 429 1009 "-" "Mozilla/5.0 (Windows NT 10.0; Win64; x64) AppleWebKit/537.36 (KHTML, like Gecko) Chrome/85.0.4183.121 Safari/537.36"
220.179.231.200 - - [01/May/2022:05:29:59 +0100] "GET /news/category/uncategorized/ HTTP/1.1" 200 11613 "-" "Mozilla/5.0 (Windows NT 10.0; Win64; x64) AppleWebKit/537.36 (KHTML, like Gecko) Chrome/85.0.4183.121 Safari/537.36"
220.179.231.200 - - [01/May/2022:05:30:03 +0100] "GET /news/walbottle-festival/ HTTP/1.1" 200 11859 "-" "Mozilla/5.0 (Windows NT 10.0; Win64; x64) AppleWebKit/537.36 (KHTML, like Gecko) Chrome/85.0.4183.121 Safari/537.36"
220.179.231.200 - - [01/May/2022:05:30:04 +0100] "GET /?lsesi=comment-form&_control=private%2Cno-vary&esi=eyJpZCI6MTEyMywiYXJncyI6W119&_hash=60cc73216540874b67199df2f6b4ab5e HTTP/1.1" 200 885 "-" "Mozilla/5.0 (Windows NT 10.0; Win64; x64) AppleWebKit/537.36 (KHTML, like Gecko) Chrome/85.0.4183.121 Safari/537.36"
220.179.231.200 - - [01/May/2022:05:30:08 +0100] "GET /contact/ HTTP/1.1" 200 14547 "-" "Mozilla/5.0 (Windows NT 10.0; Win64; x64) AppleWebKit/537.36 (KHTML, like Gecko) Chrome/85.0.4183.121 Safari/537.36"
220.179.231.200 - - [01/May/2022:05:30:13 +0100] "GET /wp-json/oembed/1.0/embed?url=https://www.walbottlevi.com/contact/ HTTP/1.1" 200 1064 "-" "Mozilla/5.0 (Windows NT 10.0; Win64; x64) AppleWebKit/537.36 (KHTML, like Gecko) Chrome/85.0.4183.121 Safari/537.36"
220.179.231.200 - - [01/May/2022:05:30:15 +0100] "GET /wp-json/oembed/1.0/embed?url=https://www.walbottlevi.com/contact/&format=xml HTTP/1.1" 200 1081 "-" "Mozilla/5.0 (Windows NT 10.0; Win64; x64) AppleWebKit/537.36 (KHTML, like Gecko) Chrome/85.0.4183.121 Safari/537.36"
220.179.231.200 - - [01/May/2022:05:30:18 +0100] "GET /news/ HTTP/1.1" 200 11603 "-" "Mozilla/5.0 (Windows NT 10.0; Win64; x64) AppleWebKit/537.36 (KHTML, like Gecko) Chrome/85.0.4183.121 Safari/537.36"
220.179.231.200 - - [01/May/2022:05:30:23 +0100] "GET /news/page/2/ HTTP/1.1" 200 11329 "-" "Mozilla/5.0 (Windows NT 10.0; Win64; x64) AppleWebKit/537.36 (KHTML, like Gecko) Chrome/85.0.4183.121 Safari/537.36"
220.179.231.200 - - [01/May/2022:05:30:28 +0100] "GET /news/projector-and-screen/ HTTP/1.1" 200 11937 "-" "Mozilla/5.0 (Windows NT 10.0; Win64; x64) AppleWebKit/537.36 (KHTML, like Gecko) Chrome/85.0.4183.121 Safari/537.36"
220.179.231.200 - - [01/May/2022:05:30:28 +0100] "GET /?lsesi=comment-form&_control=private%2Cno-vary&esi=eyJpZCI6MTEzOSwiYXJncyI6W119&_hash=fe79296069dddf80cbd12a5e134d363f HTTP/1.1" 200 891 "-" "Mozilla/5.0 (Windows NT 10.0; Win64; x64) AppleWebKit/537.36 (KHTML, like Gecko) Chrome/85.0.4183.121 Safari/537.36"
220.179.231.200 - - [01/May/2022:05:30:53 +0100] "GET /news/walbottle-festival/ HTTP/1.1" 200 11855 "-" "Mozilla/5.0 (Windows NT 10.0; Win64; x64) AppleWebKit/537.36 (KHTML, like Gecko) Chrome/85.0.4183.121 Safari/537.36"
220.179.231.200 - - [01/May/2022:05:30:53 +0100] "GET /?lsesi=comment-form&_control=private%2Cno-vary&esi=eyJpZCI6MTEyMywiYXJncyI6W119&_hash=60cc73216540874b67199df2f6b4ab5e HTTP/1.1" 200 886 "-" "Mozilla/5.0 (Windows NT 10.0; Win64; x64) AppleWebKit/537.36 (KHTML, like Gecko) Chrome/85.0.4183.121 Safari/537.36"
90.211.218.21 - - [01/May/2022:05:39:39 +0100] "GET /.well-known/assetlinks.json HTTP/1.1" 301 0 "-" "Mozilla/5.0 (Macintosh; Intel Mac OS X 10_11_6) AppleWebKit/537.36 (KHTML, like Gecko) Chrome/53.0.2785.143 Safari/537.36"
90.211.218.21 - - [01/May/2022:05:39:39 +0100] "GET /.well-known/assetlinks.json HTTP/1.1" 404 11757 "-" "Mozilla/5.0 (Macintosh; Intel Mac OS X 10_11_6) AppleWebKit/537.36 (KHTML, like Gecko) Chrome/53.0.2785.143 Safari/537.36"
2.58.28.32 - - [01/May/2022:05:39:40 +0100] "HEAD / HTTP/1.1" 200 0 "-" "-"
66.249.68.95 - - [01/May/2022:05:45:44 +0100] "GET /wp-content/uploads/2021/07/Over-60s-709x1024.png HTTP/1.1" 403 1229 "-" "Googlebot-Image/1.0"
64.225.34.246 - - [01/May/2022:05:45:45 +0100] "HEAD / HTTP/1.1" 200 0 "-" "-"
54.68.32.247 - - [01/May/2022:06:01:32 +0100] "POST /?rest_route=%2Fwordfence%2Fv1%2Fauthenticate HTTP/1.1" 200 134 "-" "Wordfence Central API v1.0"
51.81.186.219 - - [01/May/2022:06:01:33 +0100] "HEAD / HTTP/1.1" 200 0 "-" "-"
54.68.32.247 - - [01/May/2022:06:01:33 +0100] "POST /?rest_route=%2Fwordfence%2Fv1%2Fauthenticate HTTP/1.1" 200 255 "-" "Wordfence Central API v1.0"
54.68.32.247 - - [01/May/2022:06:01:34 +0100] "POST /?rest_route=%2Fwordfence%2Fv1%2Fconfig HTTP/1.1" 200 3082 "-" "Wordfence Central API v1.0"
185.191.171.34 - - [01/May/2022:06:28:39 +0100] "GET /news/2020/12/ HTTP/1.1" 200 11989 "-" "Mozilla/5.0 (compatible; SemrushBot/7~bl; +http://www.semrush.com/bot.html)"
135.148.148.230 - - [01/May/2022:06:28:39 +0100] "HEAD / HTTP/1.1" 200 0 "-" "-"
157.55.39.55 - - [01/May/2022:06:36:29 +0100] "GET /contact/ HTTP/1.1" 200 16298 "-" "Mozilla/5.0 (compatible; bingbot/2.0; +http://www.bing.com/bingbot.htm)"
149.28.11.90 - - [01/May/2022:06:36:29 +0100] "HEAD / HTTP/1.1" 200 0 "-" "-"
10.4.96.3 - - [01/May/2022:06:36:42 +0100] "GET /wp-content/litespeed/css/7fc244cfde1bf65913b8fe96f09025c4.css?ver=31347 HTTP/1.1" 200 23157 "-" "Mozilla/5.0 (compatible; bingbot/2.0; +http://www.bing.com/bingbot.htm)"
157.55.39.123 - - [01/May/2022:06:36:43 +0100] "GET /wp-content/plugins/elementor/assets/lib/swiper/swiper.min.js?ver=5.3.6 HTTP/1.1" 200 41891 "-" "Mozilla/5.0 (compatible; bingbot/2.0; +http://www.bing.com/bingbot.htm)"
157.55.39.10 - - [01/May/2022:06:36:43 +0100] "GET /wp-content/litespeed/css/802079df8e5562506316a2debb143a79.css?ver=0d84c HTTP/1.1" 200 964 "-" "Mozilla/5.0 (compatible; bingbot/2.0; +http://www.bing.com/bingbot.htm)"
157.55.39.55 - - [01/May/2022:06:36:49 +0100] "GET /wp-content/plugins/elementor/assets/js/preloaded-modules.min.js?ver=3.6.5 HTTP/1.1" 200 14722 "-" "Mozilla/5.0 (compatible; bingbot/2.0; +http://www.bing.com/bingbot.htm)"
207.46.13.36 - - [01/May/2022:06:36:49 +0100] "GET /wp-content/litespeed/css/25c19f339657e9e14e0a9c731b3d26b6.css?ver=d2812 HTTP/1.1" 200 4229 "-" "Mozilla/5.0 (compatible; bingbot/2.0; +http://www.bing.com/bingbot.htm)"
157.55.39.159 - - [01/May/2022:06:36:50 +0100] "GET /wp-content/litespeed/css/69a02e5ad71ea2e0a681c2b71eb599cd.css?ver=3132d HTTP/1.1" 200 997 "-" "Mozilla/5.0 (compatible; bingbot/2.0; +http://www.bing.com/bingbot.htm)"
40.77.167.24 - - [01/May/2022:06:36:51 +0100] "GET /wp-content/litespeed/css/50516b603f19d3a993e08ff2eb7e2f71.css?ver=e2f71 HTTP/1.1" 200 456 "-" "Mozilla/5.0 (compatible; bingbot/2.0; +http://www.bing.com/bingbot.htm)"
207.46.13.36 - - [01/May/2022:06:36:52 +0100] "GET /wp-content/litespeed/css/8be1c12fa26fbbd3f12976b3a7acd889.css?ver=cd889 HTTP/1.1" 200 243 "-" "Mozilla/5.0 (compatible; bingbot/2.0; +http://www.bing.com/bingbot.htm)"
157.55.39.159 - - [01/May/2022:06:36:52 +0100] "GET /wp-content/litespeed/css/7040e8a9516186925834576873412e5d.css?ver=b75ef HTTP/1.1" 200 411 "-" "Mozilla/5.0 (compatible; bingbot/2.0; +http://www.bing.com/bingbot.htm)"
40.77.167.24 - - [01/May/2022:06:36:54 +0100] "GET /wp-content/litespeed/css/b50394726d8e038b2a3b6c685cdb2a02.css?ver=e1a53 HTTP/1.1" 200 3031 "-" "Mozilla/5.0 (compatible; bingbot/2.0; +http://www.bing.com/bingbot.htm)"
207.46.13.36 - - [01/May/2022:06:36:55 +0100] "GET /wp-content/litespeed/css/956eedea8185869c0bd74e87310e15c7.css?ver=8fe0b HTTP/1.1" 200 25425 "-" "Mozilla/5.0 (compatible; bingbot/2.0; +http://www.bing.com/bingbot.htm)"
157.55.39.159 - - [01/May/2022:06:36:55 +0100] "GET /wp-content/plugins/elementor/assets/lib/share-link/share-link.min.js?ver=3.6.5 HTTP/1.1" 200 1152 "-" "Mozilla/5.0 (compatible; bingbot/2.0; +http://www.bing.com/bingbot.htm)"
40.77.167.24 - - [01/May/2022:06:36:57 +0100] "GET /wp-content/plugins/elementor/assets/js/frontend-modules.min.js?ver=3.6.5 HTTP/1.1" 200 5026 "-" "Mozilla/5.0 (compatible; bingbot/2.0; +http://www.bing.com/bingbot.htm)"
10.4.96.3 - - [01/May/2022:06:36:58 +0100] "GET /wp-content/plugins/elementor/assets/lib/dialog/dialog.min.js?ver=4.9.0 HTTP/1.1" 200 3760 "-" "Mozilla/5.0 (compatible; bingbot/2.0; +http://www.bing.com/bingbot.htm)"
10.4.96.3 - - [01/May/2022:06:36:59 +0100] "GET /wp-content/plugins/form-maker/js/scripts.min.js?ver=1.14.11 HTTP/1.1" 200 31075 "-" "Mozilla/5.0 (compatible; bingbot/2.0; +http://www.bing.com/bingbot.htm)"
40.77.167.24 - - [01/May/2022:06:37:00 +0100] "GET /wp-content/plugins/elementor/assets/js/frontend.min.js?ver=3.6.5 HTTP/1.1" 200 12321 "-" "Mozilla/5.0 (compatible; bingbot/2.0; +http://www.bing.com/bingbot.htm)"
207.46.13.36 - - [01/May/2022:06:37:01 +0100] "GET /wp-includes/js/jquery/ui/effect-shake.min.js?ver=1.13.1 HTTP/1.1" 200 486 "-" "Mozilla/5.0 (compatible; bingbot/2.0; +http://www.bing.com/bingbot.htm)"
157.55.39.159 - - [01/May/2022:06:37:01 +0100] "GET /wp-includes/js/jquery/ui/core.min.js?ver=1.13.1 HTTP/1.1" 200 7518 "-" "Mozilla/5.0 (compatible; bingbot/2.0; +http://www.bing.com/bingbot.htm)"
40.77.167.24 - - [01/May/2022:06:37:03 +0100] "GET /wp-content/uploads/form-maker-frontend/js/fm-script-1.js?ver=2104138307 HTTP/1.1" 200 1844 "-" "Mozilla/5.0 (compatible; bingbot/2.0; +http://www.bing.com/bingbot.htm)"
40.77.202.79 - - [01/May/2022:06:52:41 +0100] "GET /wp-content/plugins/elementor/assets/js/webpack.runtime.min.js?ver=3.6.5 HTTP/1.1" 200 2049 "https://www.walbottlevi.com/contact/" "Mozilla/5.0 (Windows NT 6.1; WOW64) AppleWebKit/534+ (KHTML, like Gecko) BingPreview/1.0b"
40.77.202.79 - - [01/May/2022:06:52:41 +0100] "GET /wp-includes/js/jquery/ui/effect.min.js?ver=1.13.1 HTTP/1.1" 200 6307 "https://www.walbottlevi.com/contact/" "Mozilla/5.0 (Windows NT 6.1; WOW64) AppleWebKit/534+ (KHTML, like Gecko) BingPreview/1.0b"
40.77.202.79 - - [01/May/2022:06:52:41 +0100] "GET /wp-content/plugins/elementor/assets/lib/waypoints/waypoints.min.js?ver=4.0.2 HTTP/1.1" 200 2867 "https://www.walbottlevi.com/contact/" "Mozilla/5.0 (Windows NT 6.1; WOW64) AppleWebKit/534+ (KHTML, like Gecko) BingPreview/1.0b"
149.28.11.90 - - [01/May/2022:06:52:42 +0100] "HEAD / HTTP/1.1" 200 0 "-" "-"
40.77.202.79 - - [01/May/2022:06:52:42 +0100] "POST /wp-admin/admin-ajax.php HTTP/1.1" 200 0 "https://www.walbottlevi.com/contact/" "Mozilla/5.0 (Windows NT 6.1; WOW64) AppleWebKit/534+ (KHTML, like Gecko) BingPreview/1.0b"
54.68.32.247 - - [01/May/2022:07:01:34 +0100] "POST /?rest_route=%2Fwordfence%2Fv1%2Fauthenticate HTTP/1.1" 200 134 "-" "Wordfence Central API v1.0"
51.81.186.219 - - [01/May/2022:07:01:35 +0100] "HEAD / HTTP/1.1" 200 0 "-" "-"
54.68.32.247 - - [01/May/2022:07:01:35 +0100] "POST /?rest_route=%2Fwordfence%2Fv1%2Fauthenticate HTTP/1.1" 200 257 "-" "Wordfence Central API v1.0"
54.68.32.247 - - [01/May/2022:07:01:35 +0100] "POST /?rest_route=%2Fwordfence%2Fv1%2Fconfig HTTP/1.1" 200 3080 "-" "Wordfence Central API v1.0"
66.249.66.40 - - [01/May/2022:07:08:13 +0100] "GET /robots.txt HTTP/1.1" 301 0 "-" "Mozilla/5.0 (compatible; Googlebot/2.1; +http://www.google.com/bot.html)"
66.249.66.37 - - [01/May/2022:07:08:15 +0100] "GET / HTTP/1.1" 301 0 "-" "Mozilla/5.0 (Linux; Android 6.0.1; Nexus 5X Build/MMB29P) AppleWebKit/537.36 (KHTML, like Gecko) Chrome/100.0.4896.127 Mobile Safari/537.36 (compatible; Googlebot/2.1; +http://www.google.com/bot.html)"
31.13.103.22 - - [01/May/2022:07:08:51 +0100] "GET /activities/ HTTP/1.1" 200 12602 "-" "facebookexternalhit/1.1 (+http://www.facebook.com/externalhit_uatext.php)"
