42.236.10.117 - - [27/Apr/2022:10:20:26 +0100] "GET / HTTP/2" 301 0 "http://baidu.com/" "Mozilla/5.0 (Linux; U; Android 8.0.0; zh-cn; Mi Note 2 Build/OPR1.170623.032) AppleWebKit/537.36 (KHTML, like Gecko) Version/4.0 Chrome/61.0.3163.128 Mobile Safari/537.36 XiaoMi/MiuiBrowser/10.1.1"
27.115.124.45 - - [27/Apr/2022:10:20:42 +0100] "GET /wp-content/uploads/2019/11/cropped-WVIMain-32x32.png HTTP/1.1" 403 1229 "-" "Mozilla/5.0 (Windows NT 10.0; WOW64) AppleWebKit/537.36 (KHTML, like Gecko) Chrome/78.0.3904.108 Safari/537.36"
65.21.81.50 - - [27/Apr/2022:10:20:42 +0100] "HEAD / HTTP/1.1" 200 0 "-" "-"
27.115.124.45 - - [27/Apr/2022:10:20:43 +0100] "GET /wp-content/uploads/2019/11/cropped-WVIMain-192x192.png HTTP/1.1" 403 1229 "-" "Mozilla/5.0 (Windows NT 10.0; WOW64) AppleWebKit/537.36 (KHTML, like Gecko) Chrome/78.0.3904.108 Safari/537.36"
27.115.124.6 - - [27/Apr/2022:10:20:47 +0100] "GET /wp-content/uploads/2019/11/cropped-WVIMain-192x192.png HTTP/1.1" 403 1229 "-" "Mozilla/5.0 (Windows NT 10.0; WOW64) AppleWebKit/537.36 (KHTML, like Gecko) Chrome/78.0.3904.108 Safari/537.36"
54.191.137.17 - - [27/Apr/2022:10:48:57 +0100] "POST /wp-load.php?mwprid=6269118a060267.81898378 HTTP/1.1" 200 10720 "https://walbottlevi.com/" "Mozilla/5.0 (Windows NT 10.0; Win64; x64) AppleWebKit/537.36 (KHTML, like Gecko) Chrome/62.0.3202.94 Safari/537.36"
54.191.137.17 - - [27/Apr/2022:10:49:05 +0100] "POST /wp-load.php?mwprid=62691192c72f24.20173279 HTTP/1.1" 200 688 "https://walbottlevi.com/" "Mozilla/5.0 (Windows NT 10.0; Win64; x64) AppleWebKit/537.36 (KHTML, like Gecko) Chrome/62.0.3202.94 Safari/537.36"
54.191.137.17 - - [27/Apr/2022:10:49:11 +0100] "POST /wp-load.php?mwprid=626911938c08e0.66503420 HTTP/1.1" 200 688 "https://walbottlevi.com/" "Mozilla/5.0 (Windows NT 10.0; Win64; x64) AppleWebKit/537.36 (KHTML, like Gecko) Chrome/62.0.3202.94 Safari/537.36"
54.68.32.247 - - [27/Apr/2022:11:01:32 +0100] "POST /?rest_route=%2Fwordfence%2Fv1%2Fauthenticate HTTP/1.1" 200 133 "-" "Wordfence Central API v1.0"
54.68.32.247 - - [27/Apr/2022:11:01:33 +0100] "POST /?rest_route=%2Fwordfence%2Fv1%2Fauthenticate HTTP/1.1" 200 257 "-" "Wordfence Central API v1.0"
54.68.32.247 - - [27/Apr/2022:11:01:34 +0100] "POST /?rest_route=%2Fwordfence%2Fv1%2Fconfig HTTP/1.1" 200 3082 "-" "Wordfence Central API v1.0"
54.68.32.247 - - [27/Apr/2022:12:01:33 +0100] "POST /?rest_route=%2Fwordfence%2Fv1%2Fauthenticate HTTP/1.1" 200 132 "-" "Wordfence Central API v1.0"
54.68.32.247 - - [27/Apr/2022:12:01:34 +0100] "POST /?rest_route=%2Fwordfence%2Fv1%2Fauthenticate HTTP/1.1" 200 256 "-" "Wordfence Central API v1.0"
54.68.32.247 - - [27/Apr/2022:12:01:35 +0100] "POST /?rest_route=%2Fwordfence%2Fv1%2Fconfig HTTP/1.1" 200 3082 "-" "Wordfence Central API v1.0"
54.191.137.17 - - [27/Apr/2022:12:03:56 +0100] "POST /wp-load.php?mwprid=6269231d828fe7.34288410 HTTP/1.1" 200 10720 "https://walbottlevi.com/" "Mozilla/5.0 (Windows NT 10.0; Win64; x64) AppleWebKit/537.36 (KHTML, like Gecko) Chrome/62.0.3202.94 Safari/537.36"
54.191.137.17 - - [27/Apr/2022:12:04:05 +0100] "POST /wp-load.php?mwprid=626923266abec2.13223063 HTTP/1.1" 200 688 "https://walbottlevi.com/" "Mozilla/5.0 (Windows NT 10.0; Win64; x64) AppleWebKit/537.36 (KHTML, like Gecko) Chrome/62.0.3202.94 Safari/537.36"
54.191.137.17 - - [27/Apr/2022:12:04:10 +0100] "POST /wp-load.php?mwprid=62692327324906.16388498 HTTP/1.1" 200 690 "https://walbottlevi.com/" "Mozilla/5.0 (Windows NT 10.0; Win64; x64) AppleWebKit/537.36 (KHTML, like Gecko) Chrome/62.0.3202.94 Safari/537.36"
54.68.32.247 - - [27/Apr/2022:13:01:33 +0100] "POST /?rest_route=%2Fwordfence%2Fv1%2Fauthenticate HTTP/1.1" 200 134 "-" "Wordfence Central API v1.0"
54.68.32.247 - - [27/Apr/2022:13:01:34 +0100] "POST /?rest_route=%2Fwordfence%2Fv1%2Fauthenticate HTTP/1.1" 200 255 "-" "Wordfence Central API v1.0"
54.68.32.247 - - [27/Apr/2022:13:01:35 +0100] "POST /?rest_route=%2Fwordfence%2Fv1%2Fconfig HTTP/1.1" 200 3082 "-" "Wordfence Central API v1.0"
66.249.64.88 - - [27/Apr/2022:13:02:53 +0100] "GET /robots.txt HTTP/1.1" 301 0 "-" "Mozilla/5.0 (compatible; Googlebot/2.1; +http://www.google.com/bot.html)"
66.249.68.95 - - [27/Apr/2022:13:02:55 +0100] "GET /robots.txt HTTP/1.1" 200 102 "-" "Mozilla/5.0 (compatible; Googlebot/2.1; +http://www.google.com/bot.html)"
64.225.34.246 - - [27/Apr/2022:13:02:55 +0100] "HEAD / HTTP/1.1" 200 0 "-" "-"
66.249.64.89 - - [27/Apr/2022:13:02:56 +0100] "GET / HTTP/1.1" 301 0 "-" "Mozilla/5.0 (Linux; Android 6.0.1; Nexus 5X Build/MMB29P) AppleWebKit/537.36 (KHTML, like Gecko) Chrome/100.0.4896.127 Mobile Safari/537.36 (compatible; Googlebot/2.1; +http://www.google.com/bot.html)"
42.236.10.91 - - [27/Apr/2022:13:26:47 +0100] "GET / HTTP/1.1" 200 12737 "https://www.walbottlevi.com/" "Mozilla/5.0 (Windows NT 6.1; WOW64) AppleWebKit/537.36 (KHTML, like Gecko) Chrome/50.0.2661.102 Safari/537.36; 360Spider"
65.21.81.50 - - [27/Apr/2022:13:26:47 +0100] "HEAD / HTTP/1.1" 200 0 "-" "-"
104.192.108.9 - - [27/Apr/2022:13:33:14 +0100] "GET / HTTP/2" 301 0 "-" "Mozilla/5.0 (iPhone; CPU iPhone OS 11_0 like Mac OS X) AppleWebKit/604.1.38 (KHTML, like Gecko) Version/11.0 Mobile/15A372 Safari/604.1"
104.192.108.9 - - [27/Apr/2022:13:33:19 +0100] "GET / HTTP/1.1" 200 11283 "-" "Mozilla/5.0 (iPhone; CPU iPhone OS 11_0 like Mac OS X) AppleWebKit/604.1.38 (KHTML, like Gecko) Version/11.0 Mobile/15A372 Safari/604.1"
171.13.14.75 - - [27/Apr/2022:13:33:59 +0100] "GET / HTTP/2" 301 0 "-" "Mozilla/5.0 (Windows NT 10.0; Win64; x64) AppleWebKit/537.36 (KHTML, like Gecko) Chrome/78.0.3904.87 Safari/537.36"
171.13.14.45 - - [27/Apr/2022:13:34:02 +0100] "GET / HTTP/1.1" 200 11283 "-" "Mozilla/5.0 (Windows NT 10.0; Win64; x64) AppleWebKit/537.36 (KHTML, like Gecko) Chrome/78.0.3904.87 Safari/537.36"
193.203.202.215 - - [27/Apr/2022:13:34:02 +0100] "HEAD / HTTP/1.1" 200 0 "-" "-"
171.13.14.53 - - [27/Apr/2022:13:34:02 +0100] "GET /wp-content/themes/lovecraft/assets/js/doubletaptogo.min.js?ver=1 HTTP/1.1" 200 297 "https://www.walbottlevi.com/" "Mozilla/5.0 (Windows NT 10.0; Win64; x64) AppleWebKit/537.36 (KHTML, like Gecko) Chrome/78.0.3904.87 Safari/537.36"
171.13.14.53 - - [27/Apr/2022:13:34:02 +0100] "GET /wp-includes/js/jquery/jquery.min.js?ver=3.6.0 HTTP/1.1" 200 30273 "https://www.walbottlevi.com/" "Mozilla/5.0 (Windows NT 10.0; Win64; x64) AppleWebKit/537.36 (KHTML, like Gecko) Chrome/78.0.3904.87 Safari/537.36"
171.13.14.53 - - [27/Apr/2022:13:34:02 +0100] "GET /wp-content/litespeed/css/04c205088aef6ab86671135984bde441.css?ver=ef894 HTTP/1.1" 200 165 "https://www.walbottlevi.com/" "Mozilla/5.0 (Windows NT 10.0; Win64; x64) AppleWebKit/537.36 (KHTML, like Gecko) Chrome/78.0.3904.87 Safari/537.36"
171.13.14.53 - - [27/Apr/2022:13:34:02 +0100] "GET /wp-content/litespeed/css/79ac2e166a64deb7082c8f4a065d36e5.css?ver=d36e5 HTTP/1.1" 200 279 "https://www.walbottlevi.com/" "Mozilla/5.0 (Windows NT 10.0; Win64; x64) AppleWebKit/537.36 (KHTML, like Gecko) Chrome/78.0.3904.87 Safari/537.36"
171.13.14.53 - - [27/Apr/2022:13:34:02 +0100] "GET /wp-content/litespeed/css/8576258e7ed95683a61ed71d30331f17.css?ver=3458c HTTP/1.1" 200 1226 "https://www.walbottlevi.com/" "Mozilla/5.0 (Windows NT 10.0; Win64; x64) AppleWebKit/537.36 (KHTML, like Gecko) Chrome/78.0.3904.87 Safari/537.36"
171.13.14.53 - - [27/Apr/2022:13:34:02 +0100] "GET /wp-content/litespeed/css/962881a9f7b8a4ad588b826970384b0a.css?ver=24dc7 HTTP/1.1" 200 3518 "https://www.walbottlevi.com/" "Mozilla/5.0 (Windows NT 10.0; Win64; x64) AppleWebKit/537.36 (KHTML, like Gecko) Chrome/78.0.3904.87 Safari/537.36"
171.13.14.53 - - [27/Apr/2022:13:34:02 +0100] "GET /wp-content/litespeed/css/cb21ec2d70e49154406ff85a4f971eb0.css?ver=4a728 HTTP/1.1" 200 630 "https://www.walbottlevi.com/" "Mozilla/5.0 (Windows NT 10.0; Win64; x64) AppleWebKit/537.36 (KHTML, like Gecko) Chrome/78.0.3904.87 Safari/537.36"
171.13.14.53 - - [27/Apr/2022:13:34:02 +0100] "GET /wp-content/plugins/simple-banner/simple-banner.js?ver=2.11.0 HTTP/1.1" 200 1233 "https://www.walbottlevi.com/" "Mozilla/5.0 (Windows NT 10.0; Win64; x64) AppleWebKit/537.36 (KHTML, like Gecko) Chrome/78.0.3904.87 Safari/537.36"
171.13.14.53 - - [27/Apr/2022:13:34:02 +0100] "GET /wp-content/litespeed/css/f1f3bb515f8594534f56b8b8eb04f322.css?ver=bdff9 HTTP/1.1" 200 7848 "https://www.walbottlevi.com/" "Mozilla/5.0 (Windows NT 10.0; Win64; x64) AppleWebKit/537.36 (KHTML, like Gecko) Chrome/78.0.3904.87 Safari/537.36"
171.13.14.53 - - [27/Apr/2022:13:34:02 +0100] "GET /wp-content/litespeed/css/cf22e83ddbcbe9bf0a5483ea759a38f0.css?ver=a27c7 HTTP/1.1" 200 10493 "https://www.walbottlevi.com/" "Mozilla/5.0 (Windows NT 10.0; Win64; x64) AppleWebKit/537.36 (KHTML, like Gecko) Chrome/78.0.3904.87 Safari/537.36"
171.13.14.53 - - [27/Apr/2022:13:34:02 +0100] "GET /wp-content/plugins/cookie-law-info/public/js/cookie-law-info-public.js?ver=2.1.1 HTTP/1.1" 200 7496 "https://www.walbottlevi.com/" "Mozilla/5.0 (Windows NT 10.0; Win64; x64) AppleWebKit/537.36 (KHTML, like Gecko) Chrome/78.0.3904.87 Safari/537.36"
171.13.14.53 - - [27/Apr/2022:13:34:02 +0100] "GET /wp-includes/js/jquery/jquery-migrate.min.js?ver=3.3.2 HTTP/1.1" 200 3995 "https://www.walbottlevi.com/" "Mozilla/5.0 (Windows NT 10.0; Win64; x64) AppleWebKit/537.36 (KHTML, like Gecko) Chrome/78.0.3904.87 Safari/537.36"
171.13.14.53 - - [27/Apr/2022:13:34:04 +0100] "GET /wp-content/litespeed/css/28077ec3d4019a380b51ef57e24685fc.css?ver=188fb HTTP/1.1" 200 1220 "https://www.walbottlevi.com/" "Mozilla/5.0 (Windows NT 10.0; Win64; x64) AppleWebKit/537.36 (KHTML, like Gecko) Chrome/78.0.3904.87 Safari/537.36"
171.13.14.53 - - [27/Apr/2022:13:34:05 +0100] "GET /wp-content/themes/lovecraft/assets/js/global.js?ver=2.0.1 HTTP/1.1" 200 896 "https://www.walbottlevi.com/" "Mozilla/5.0 (Windows NT 10.0; Win64; x64) AppleWebKit/537.36 (KHTML, like Gecko) Chrome/78.0.3904.87 Safari/537.36"
171.13.14.53 - - [27/Apr/2022:13:34:05 +0100] "GET /wp-content/plugins/cookie-law-info/public/images/logo-cookieyes.svg HTTP/1.1" 200 1030 "https://www.walbottlevi.com/" "Mozilla/5.0 (Windows NT 10.0; Win64; x64) AppleWebKit/537.36 (KHTML, like Gecko) Chrome/78.0.3904.87 Safari/537.36"
171.13.14.53 - - [27/Apr/2022:13:34:05 +0100] "GET /wp-content/uploads/2020/09/cropped-IMG_0477-scaled-2.jpg.webp HTTP/1.1" 200 124034 "https://www.walbottlevi.com/" "Mozilla/5.0 (Windows NT 10.0; Win64; x64) AppleWebKit/537.36 (KHTML, like Gecko) Chrome/78.0.3904.87 Safari/537.36"
171.13.14.53 - - [27/Apr/2022:13:34:05 +0100] "GET /wp-includes/js/wp-emoji-release.min.js?ver=5.9.3 HTTP/1.1" 200 4539 "https://www.walbottlevi.com/" "Mozilla/5.0 (Windows NT 10.0; Win64; x64) AppleWebKit/537.36 (KHTML, like Gecko) Chrome/78.0.3904.87 Safari/537.36"
171.13.14.53 - - [27/Apr/2022:13:34:05 +0100] "GET /wp-content/uploads/2020/09/cropped-IMG_0477-scaled-2.jpg HTTP/1.1" 200 133514 "https://www.walbottlevi.com/" "Mozilla/5.0 (Windows NT 10.0; Win64; x64) AppleWebKit/537.36 (KHTML, like Gecko) Chrome/78.0.3904.87 Safari/537.36"
31.13.127.9 - - [27/Apr/2022:13:36:24 +0100] "GET /wp-content/uploads/2020/09/cropped-IMG_0477-scaled-2.jpg HTTP/1.1" 403 1229 "-" "facebookexternalhit/1.1 (+http://www.facebook.com/externalhit_uatext.php)"
51.222.253.8 - - [27/Apr/2022:13:37:21 +0100] "GET /activities/gentle-movement-to-music/ HTTP/1.1" 200 11133 "-" "Mozilla/5.0 (compatible; AhrefsBot/7.0; +http://ahrefs.com/robot/)"
152.228.171.66 - - [27/Apr/2022:13:37:21 +0100] "HEAD / HTTP/1.1" 200 0 "-" "-"
31.13.127.17 - - [27/Apr/2022:13:40:17 +0100] "GET /wp-content/uploads/2021/07/thumbnail_IMG_0342-1024x765.jpg HTTP/1.1" 403 1229 "-" "facebookexternalhit/1.1 (+http://www.facebook.com/externalhit_uatext.php)"
54.37.137.80 - - [27/Apr/2022:14:01:04 +0100] "GET / HTTP/1.1" 301 0 "-" "Mozilla/5.0 (Windows NT 10.0; WOW64) AppleWebKit/537.36 (KHTML, like Gecko) Chrome/84.0.4147.125 Safari/537.36"
54.68.32.247 - - [27/Apr/2022:14:01:32 +0100] "POST /?rest_route=%2Fwordfence%2Fv1%2Fauthenticate HTTP/1.1" 200 133 "-" "Wordfence Central API v1.0"
54.68.32.247 - - [27/Apr/2022:14:01:33 +0100] "POST /?rest_route=%2Fwordfence%2Fv1%2Fauthenticate HTTP/1.1" 200 257 "-" "Wordfence Central API v1.0"
54.68.32.247 - - [27/Apr/2022:14:01:34 +0100] "POST /?rest_route=%2Fwordfence%2Fv1%2Fconfig HTTP/1.1" 200 3082 "-" "Wordfence Central API v1.0"
66.249.68.64 - - [27/Apr/2022:14:04:23 +0100] "GET / HTTP/1.1" 200 11330 "-" "Mozilla/5.0 (Linux; Android 6.0.1; Nexus 5X Build/MMB29P) AppleWebKit/537.36 (KHTML, like Gecko) Chrome/100.0.4896.127 Mobile Safari/537.36 (compatible; Googlebot/2.1; +http://www.google.com/bot.html)"
64.225.34.246 - - [27/Apr/2022:14:04:23 +0100] "HEAD / HTTP/1.1" 200 0 "-" "-"
66.249.68.64 - - [27/Apr/2022:14:04:28 +0100] "GET /wp-content/litespeed/css/cb21ec2d70e49154406ff85a4f971eb0.css?ver=4a728 HTTP/1.1" 200 630 "https://www.walbottlevi.com/" "Mozilla/5.0 (Linux; Android 6.0.1; Nexus 5X Build/MMB29P) AppleWebKit/537.36 (KHTML, like Gecko) Chrome/100.0.4896.127 Mobile Safari/537.36 (compatible; Googlebot/2.1; +http://www.google.com/bot.html)"
66.249.68.64 - - [27/Apr/2022:14:04:28 +0100] "GET /?wordfence_syncAttackData=1648512000.1143 HTTP/1.1" 200 0 "https://www.walbottlevi.com/" "Mozilla/5.0 (Linux; Android 6.0.1; Nexus 5X Build/MMB29P) AppleWebKit/537.36 (KHTML, like Gecko) Chrome/100.0.4896.127 Mobile Safari/537.36 (compatible; Googlebot/2.1; +http://www.google.com/bot.html)"
54.191.137.17 - - [27/Apr/2022:14:17:49 +0100] "POST /wp-load.php?mwprid=6269427df1ce01.91618813 HTTP/1.1" 200 10721 "https://walbottlevi.com/" "Mozilla/5.0 (Windows NT 10.0; Win64; x64) AppleWebKit/537.36 (KHTML, like Gecko) Chrome/62.0.3202.94 Safari/537.36"
54.191.137.17 - - [27/Apr/2022:14:17:57 +0100] "POST /wp-load.php?mwprid=62694286f02ff3.09125145 HTTP/1.1" 200 691 "https://walbottlevi.com/" "Mozilla/5.0 (Windows NT 10.0; Win64; x64) AppleWebKit/537.36 (KHTML, like Gecko) Chrome/62.0.3202.94 Safari/537.36"
54.191.137.17 - - [27/Apr/2022:14:18:03 +0100] "POST /wp-load.php?mwprid=62694287a22fc8.34756760 HTTP/1.1" 200 692 "https://walbottlevi.com/" "Mozilla/5.0 (Windows NT 10.0; Win64; x64) AppleWebKit/537.36 (KHTML, like Gecko) Chrome/62.0.3202.94 Safari/537.36"
54.191.137.17 - - [27/Apr/2022:14:19:31 +0100] "POST /wp-load.php?mwprid=626942e3bfe7e4.39894529 HTTP/1.1" 200 31 "https://walbottlevi.com/" "Mozilla/5.0 (Windows NT 10.0; Win64; x64) AppleWebKit/537.36 (KHTML, like Gecko) Chrome/62.0.3202.94 Safari/537.36"
54.191.137.17 - - [27/Apr/2022:14:19:31 +0100] "POST /wp-load.php?mwprid=626942e4ee1301.11114245 HTTP/1.1" 200 4405 "https://walbottlevi.com/" "Mozilla/5.0 (Windows NT 10.0; Win64; x64) AppleWebKit/537.36 (KHTML, like Gecko) Chrome/62.0.3202.94 Safari/537.36"
40.77.167.106 - - [27/Apr/2022:15:51:58 +0100] "GET /robots.txt HTTP/1.1" 200 116 "-" "Mozilla/5.0 (compatible; bingbot/2.0; +http://www.bing.com/bingbot.htm)"
207.46.13.36 - - [27/Apr/2022:15:52:05 +0100] "GET /activities/treble-time/ HTTP/1.1" 200 13754 "-" "Mozilla/5.0 (compatible; bingbot/2.0; +http://www.bing.com/bingbot.htm)"
51.222.253.12 - - [27/Apr/2022:15:53:42 +0100] "GET /activities/treble-time/ HTTP/1.1" 200 12207 "-" "Mozilla/5.0 (compatible; AhrefsBot/7.0; +http://ahrefs.com/robot/)"
54.68.32.247 - - [27/Apr/2022:16:01:34 +0100] "POST /?rest_route=%2Fwordfence%2Fv1%2Fauthenticate HTTP/1.1" 200 133 "-" "Wordfence Central API v1.0"
54.68.32.247 - - [27/Apr/2022:16:01:35 +0100] "POST /?rest_route=%2Fwordfence%2Fv1%2Fauthenticate HTTP/1.1" 200 256 "-" "Wordfence Central API v1.0"
54.68.32.247 - - [27/Apr/2022:16:01:36 +0100] "POST /?rest_route=%2Fwordfence%2Fv1%2Fconfig HTTP/1.1" 200 3082 "-" "Wordfence Central API v1.0"
54.191.137.17 - - [27/Apr/2022:16:15:45 +0100] "POST /wp-load.php?mwprid=62695e21a741b8.56076822 HTTP/1.1" 200 11085 "https://walbottlevi.com/" "Mozilla/5.0 (Windows NT 10.0; Win64; x64) AppleWebKit/537.36 (KHTML, like Gecko) Chrome/62.0.3202.94 Safari/537.36"
54.191.137.17 - - [27/Apr/2022:16:15:53 +0100] "POST /wp-load.php?mwprid=62695e2ae8a5b5.02062807 HTTP/1.1" 200 688 "https://walbottlevi.com/" "Mozilla/5.0 (Windows NT 10.0; Win64; x64) AppleWebKit/537.36 (KHTML, like Gecko) Chrome/62.0.3202.94 Safari/537.36"
86.138.179.120 - - [27/Apr/2022:16:16:17 +0100] "GET / HTTP/2" 301 0 "https://orion.managewp.com/dashboard/websites?type=thumbnail" "Mozilla/5.0 (iPhone; CPU iPhone OS 14_8_1 like Mac OS X) AppleWebKit/605.1.15 (KHTML, like Gecko) Version/14.1.2 Mobile/15E148 Safari/604.1"
86.138.179.120 - - [27/Apr/2022:16:16:18 +0100] "GET / HTTP/1.1" 200 11282 "https://orion.managewp.com/dashboard/websites?type=thumbnail" "Mozilla/5.0 (iPhone; CPU iPhone OS 14_8_1 like Mac OS X) AppleWebKit/605.1.15 (KHTML, like Gecko) Version/14.1.2 Mobile/15E148 Safari/604.1"
54.191.137.17 - - [27/Apr/2022:16:16:37 +0100] "POST /wp-load.php?mwprid=62695e56416702.44730621 HTTP/1.1" 200 689 "https://walbottlevi.com/" "Mozilla/5.0 (Windows NT 10.0; Win64; x64) AppleWebKit/537.36 (KHTML, like Gecko) Chrome/62.0.3202.94 Safari/537.36"
54.191.137.17 - - [27/Apr/2022:16:43:26 +0100] "GET / HTTP/2" 301 0 "-" "Mozilla/5.0 (X11; Linux x86_64) AppleWebKit/537.36 (KHTML, like Gecko) HeadlessChrome/60.0.3112.101 Safari/537.36"
185.199.220.52 - - [27/Apr/2022:17:01:04 +0100] "POST /wp-admin/admin-ajax.php?action=wordfence_testAjax HTTP/1.1" 200 32 "https://www.walbottlevi.com/wp-admin/admin-ajax.php?action=wordfence_testAjax" "WordPress/5.9.3; https://www.walbottlevi.com"
185.199.220.52 - - [27/Apr/2022:17:01:04 +0100] "GET /wp-admin/admin-ajax.php?action=wordfence_doScan&isFork=0&scanMode=quick&cronKey=983e6fab7b3d858847989b1d5e03b1d4&signature=2673e63829377636c65b97c69c8cb0f6e5cf4473bcbd44532a3d22ffef52ca76 HTTP/1.1" 200 0 "-" "WordPress/5.9.3; https://www.walbottlevi.com"
54.68.32.247 - - [27/Apr/2022:17:01:06 +0100] "POST /?rest_route=%2Fwordfence%2Fv1%2Fauthenticate HTTP/1.1" 200 133 "-" "Wordfence Central API v1.0"
54.68.32.247 - - [27/Apr/2022:17:01:07 +0100] "POST /?rest_route=%2Fwordfence%2Fv1%2Fauthenticate HTTP/1.1" 200 254 "-" "Wordfence Central API v1.0"
54.68.32.247 - - [27/Apr/2022:17:01:08 +0100] "POST /?rest_route=%2Fwordfence%2Fv1%2Fscan%2Fissues HTTP/1.1" 200 814 "-" "Wordfence Central API v1.0"
54.68.32.247 - - [27/Apr/2022:17:01:39 +0100] "POST /?rest_route=%2Fwordfence%2Fv1%2Fauthenticate HTTP/1.1" 200 133 "-" "Wordfence Central API v1.0"
51.81.186.219 - - [27/Apr/2022:17:01:40 +0100] "HEAD / HTTP/1.1" 200 0 "-" "-"
54.68.32.247 - - [27/Apr/2022:17:01:40 +0100] "POST /?rest_route=%2Fwordfence%2Fv1%2Fauthenticate HTTP/1.1" 200 256 "-" "Wordfence Central API v1.0"
54.68.32.247 - - [27/Apr/2022:17:01:41 +0100] "POST /?rest_route=%2Fwordfence%2Fv1%2Fconfig HTTP/1.1" 200 3082 "-" "Wordfence Central API v1.0"
54.191.137.17 - - [27/Apr/2022:17:02:52 +0100] "POST /wp-load.php?mwprid=6269692d3a67a6.72199518 HTTP/1.1" 200 11085 "https://walbottlevi.com/" "Mozilla/5.0 (Windows NT 10.0; Win64; x64) AppleWebKit/537.36 (KHTML, like Gecko) Chrome/62.0.3202.94 Safari/537.36"
54.191.137.17 - - [27/Apr/2022:17:03:00 +0100] "POST /wp-load.php?mwprid=6269693602b0a3.58005660 HTTP/1.1" 200 688 "https://walbottlevi.com/" "Mozilla/5.0 (Windows NT 10.0; Win64; x64) AppleWebKit/537.36 (KHTML, like Gecko) Chrome/62.0.3202.94 Safari/537.36"
54.191.137.17 - - [27/Apr/2022:17:03:10 +0100] "POST /wp-load.php?mwprid=62696936e5aa33.65430983 HTTP/1.1" 200 690 "https://walbottlevi.com/" "Mozilla/5.0 (Windows NT 10.0; Win64; x64) AppleWebKit/537.36 (KHTML, like Gecko) Chrome/62.0.3202.94 Safari/537.36"
54.191.137.17 - - [27/Apr/2022:17:03:28 +0100] "GET / HTTP/1.1" 301 0 "-" "Mozilla/5.0 (Windows NT 10.0; Win64; x64) AppleWebKit/537.36 (KHTML, like Gecko) Chrome/62.0.3202.94 Safari/537.36"
54.191.137.17 - - [27/Apr/2022:17:04:26 +0100] "POST /wp-load.php?mwprid=6269698b550c54.26587912 HTTP/1.1" 200 811 "https://walbottlevi.com/" "Mozilla/5.0 (Windows NT 10.0; Win64; x64) AppleWebKit/537.36 (KHTML, like Gecko) Chrome/62.0.3202.94 Safari/537.36"
185.199.220.52 - - [27/Apr/2022:17:04:39 +0100] "POST /wp-admin/admin-ajax.php?action=elementor_1_elementor_updater&nonce=e1106c9685 HTTP/1.1" 200 0 "https://www.walbottlevi.com/wp-admin/admin-ajax.php?action=elementor_1_elementor_updater&nonce=e1106c9685" "WordPress/5.9.3; https://www.walbottlevi.com"
54.191.137.17 - - [27/Apr/2022:17:04:39 +0100] "GET / HTTP/1.1" 301 0 "-" "Mozilla/5.0 (Windows NT 10.0; Win64; x64) AppleWebKit/537.36 (KHTML, like Gecko) Chrome/62.0.3202.94 Safari/537.36"
2.58.28.32 - - [27/Apr/2022:17:04:40 +0100] "HEAD / HTTP/1.1" 200 0 "-" "-"
45.10.42.22 - - [27/Apr/2022:17:09:45 +0100] "GET /wp-content/plugins/admin-word-count-column/readme.txt HTTP/1.1" 301 0 "-" "Mozilla/5.0 (Macintosh; Intel Mac OS X 10_15_7) AppleWebKit/605.1.15 (KHTML, like Gecko) Version/15.4 Safari/605.1.15"
45.10.42.22 - - [27/Apr/2022:17:09:46 +0100] "GET /wp-content/plugins/admin-word-count-column/readme.txt HTTP/1.1" 404 11756 "-" "Mozilla/5.0 (Macintosh; Intel Mac OS X 10_15_7) AppleWebKit/605.1.15 (KHTML, like Gecko) Version/15.4 Safari/605.1.15"
54.68.32.247 - - [27/Apr/2022:18:01:33 +0100] "POST /?rest_route=%2Fwordfence%2Fv1%2Fauthenticate HTTP/1.1" 200 133 "-" "Wordfence Central API v1.0"
51.81.186.219 - - [27/Apr/2022:18:01:33 +0100] "HEAD / HTTP/1.1" 200 0 "-" "-"
54.68.32.247 - - [27/Apr/2022:18:01:34 +0100] "POST /?rest_route=%2Fwordfence%2Fv1%2Fauthenticate HTTP/1.1" 200 257 "-" "Wordfence Central API v1.0"
54.68.32.247 - - [27/Apr/2022:18:01:35 +0100] "POST /?rest_route=%2Fwordfence%2Fv1%2Fconfig HTTP/1.1" 200 3082 "-" "Wordfence Central API v1.0"
141.95.185.8 - - [27/Apr/2022:18:03:04 +0100] "GET / HTTP/1.1" 200 12694 "-" "Mozilla/5.0 (Windows NT 10.0; Win64; x64) AppleWebKit/537.36 (KHTML, like Gecko) Chrome/95.0.4638.54 Safari/537.36"
152.228.171.66 - - [27/Apr/2022:18:03:04 +0100] "HEAD / HTTP/1.1" 200 0 "-" "-"
17.121.113.253 - - [27/Apr/2022:18:46:02 +0100] "GET /robots.txt HTTP/1.1" 200 116 "-" "Mozilla/5.0 (Macintosh; Intel Mac OS X 10_15_5) AppleWebKit/605.1.15 (KHTML, like Gecko) Version/13.1.1 Safari/605.1.15 (Applebot/0.1; +http://www.apple.com/go/applebot)"
17.121.113.253 - - [27/Apr/2022:18:46:03 +0100] "GET / HTTP/1.1" 200 12692 "-" "Mozilla/5.0 (Macintosh; Intel Mac OS X 10_15_5) AppleWebKit/605.1.15 (KHTML, like Gecko) Version/13.1.1 Safari/605.1.15 (Applebot/0.1; +http://www.apple.com/go/applebot)"
54.36.148.184 - - [27/Apr/2022:18:47:00 +0100] "GET /robots.txt HTTP/2" 301 0 "-" "Mozilla/5.0 (compatible; AhrefsBot/7.0; +http://ahrefs.com/robot/)"
54.36.148.149 - - [27/Apr/2022:18:47:01 +0100] "GET / HTTP/2" 301 0 "-" "Mozilla/5.0 (compatible; AhrefsBot/7.0; +http://ahrefs.com/robot/)"
54.68.32.247 - - [27/Apr/2022:19:01:32 +0100] "POST /?rest_route=%2Fwordfence%2Fv1%2Fauthenticate HTTP/1.1" 200 133 "-" "Wordfence Central API v1.0"
51.81.186.219 - - [27/Apr/2022:19:01:33 +0100] "HEAD / HTTP/1.1" 200 0 "-" "-"
54.68.32.247 - - [27/Apr/2022:19:01:33 +0100] "POST /?rest_route=%2Fwordfence%2Fv1%2Fauthenticate HTTP/1.1" 200 256 "-" "Wordfence Central API v1.0"
54.68.32.247 - - [27/Apr/2022:19:01:34 +0100] "POST /?rest_route=%2Fwordfence%2Fv1%2Fconfig HTTP/1.1" 200 3082 "-" "Wordfence Central API v1.0"
54.68.32.247 - - [27/Apr/2022:20:01:34 +0100] "POST /?rest_route=%2Fwordfence%2Fv1%2Fauthenticate HTTP/1.1" 200 133 "-" "Wordfence Central API v1.0"
51.81.186.219 - - [27/Apr/2022:20:01:35 +0100] "HEAD / HTTP/1.1" 200 0 "-" "-"
54.68.32.247 - - [27/Apr/2022:20:01:35 +0100] "POST /?rest_route=%2Fwordfence%2Fv1%2Fauthenticate HTTP/1.1" 200 255 "-" "Wordfence Central API v1.0"
54.68.32.247 - - [27/Apr/2022:20:01:36 +0100] "POST /?rest_route=%2Fwordfence%2Fv1%2Fconfig HTTP/1.1" 200 3082 "-" "Wordfence Central API v1.0"
51.222.253.10 - - [27/Apr/2022:20:04:35 +0100] "GET /activities/over-60s/ HTTP/1.1" 200 11400 "-" "Mozilla/5.0 (compatible; AhrefsBot/7.0; +http://ahrefs.com/robot/)"
152.228.171.66 - - [27/Apr/2022:20:04:36 +0100] "HEAD / HTTP/1.1" 200 0 "-" "-"
40.77.167.104 - - [27/Apr/2022:20:54:35 +0100] "GET /robots.txt HTTP/1.1" 200 116 "-" "Mozilla/5.0 (compatible; bingbot/2.0; +http://www.bing.com/bingbot.htm)"
54.68.32.247 - - [27/Apr/2022:21:01:32 +0100] "POST /?rest_route=%2Fwordfence%2Fv1%2Fauthenticate HTTP/1.1" 200 133 "-" "Wordfence Central API v1.0"
51.81.186.219 - - [27/Apr/2022:21:01:33 +0100] "HEAD / HTTP/1.1" 200 0 "-" "-"
54.68.32.247 - - [27/Apr/2022:21:01:33 +0100] "POST /?rest_route=%2Fwordfence%2Fv1%2Fauthenticate HTTP/1.1" 200 256 "-" "Wordfence Central API v1.0"
54.68.32.247 - - [27/Apr/2022:21:01:34 +0100] "POST /?rest_route=%2Fwordfence%2Fv1%2Fconfig HTTP/1.1" 200 3080 "-" "Wordfence Central API v1.0"
10.4.96.3 - - [27/Apr/2022:21:01:57 +0100] "GET /sitemap_index.xml HTTP/1.1" 200 325 "-" "Mozilla/5.0 (compatible; bingbot/2.0; +http://www.bing.com/bingbot.htm)"
34.216.32.80 - - [27/Apr/2022:21:08:32 +0100] "GET / HTTP/1.1" 301 0 "-" "Mozilla/5.0 (Windows NT 10.0; Win64; x64)AppleWebKit/537.36 (KHTML, like Gecko) Chrome/66.0.3359.181 Safari/537.36"
51.222.253.15 - - [27/Apr/2022:21:22:43 +0100] "GET /robots.txt HTTP/2" 301 0 "-" "Mozilla/5.0 (compatible; AhrefsBot/7.0; +http://ahrefs.com/robot/)"
51.222.253.15 - - [27/Apr/2022:21:22:43 +0100] "GET /robots.txt HTTP/1.1" 200 102 "-" "Mozilla/5.0 (compatible; AhrefsBot/7.0; +http://ahrefs.com/robot/)"
51.222.253.16 - - [27/Apr/2022:21:49:11 +0100] "GET /facilities/ HTTP/1.1" 200 11795 "-" "Mozilla/5.0 (compatible; AhrefsBot/7.0; +http://ahrefs.com/robot/)"
152.228.171.66 - - [27/Apr/2022:21:49:12 +0100] "HEAD / HTTP/1.1" 200 0 "-" "-"
54.68.32.247 - - [27/Apr/2022:22:01:32 +0100] "POST /?rest_route=%2Fwordfence%2Fv1%2Fauthenticate HTTP/1.1" 200 134 "-" "Wordfence Central API v1.0"
51.81.186.219 - - [27/Apr/2022:22:01:33 +0100] "HEAD / HTTP/1.1" 200 0 "-" "-"
54.68.32.247 - - [27/Apr/2022:22:01:33 +0100] "POST /?rest_route=%2Fwordfence%2Fv1%2Fauthenticate HTTP/1.1" 200 258 "-" "Wordfence Central API v1.0"
54.68.32.247 - - [27/Apr/2022:22:01:34 +0100] "POST /?rest_route=%2Fwordfence%2Fv1%2Fconfig HTTP/1.1" 200 3080 "-" "Wordfence Central API v1.0"
192.71.12.140 - - [27/Apr/2022:22:11:40 +0100] "GET /robots.txt HTTP/1.1" 301 0 "http://walbottlevi.com/robots.txt" "Mozilla/5.0 (Macintosh; Intel Mac OS X 10_13_6) AppleWebKit/537.36 (KHTML, like Gecko) Chrome/91.0.4472.114 Safari/537.36"
192.71.2.171 - - [27/Apr/2022:22:11:40 +0100] "GET /robots.txt HTTP/1.1" 200 116 "https://walbottlevi.com/robots.txt" "Mozilla/5.0 (Macintosh; Intel Mac OS X 10_13_6) AppleWebKit/537.36 (KHTML, like Gecko) Chrome/91.0.4472.114 Safari/537.36"
16.170.121.215 - - [27/Apr/2022:22:11:41 +0100] "HEAD / HTTP/1.1" 200 0 "-" "-"
192.36.53.165 - - [27/Apr/2022:22:11:41 +0100] "GET /sitemap_index.xml HTTP/1.1" 200 325 "-" "Mozilla/5.0 (Macintosh; Intel Mac OS X 10_13_6) AppleWebKit/537.36 (KHTML, like Gecko) Chrome/91.0.4472.114 Safari/537.36"
192.36.70.176 - - [27/Apr/2022:22:11:42 +0100] "GET /humans.txt HTTP/1.1" 301 0 "http://walbottlevi.com/humans.txt" "Mozilla/5.0 (Macintosh; Intel Mac OS X 10_13_6) AppleWebKit/537.36 (KHTML, like Gecko) Chrome/91.0.4472.114 Safari/537.36"
192.71.44.44 - - [27/Apr/2022:22:11:42 +0100] "GET /humans.txt HTTP/1.1" 404 11754 "https://walbottlevi.com/humans.txt" "Mozilla/5.0 (Macintosh; Intel Mac OS X 10_13_6) AppleWebKit/537.36 (KHTML, like Gecko) Chrome/91.0.4472.114 Safari/537.36"
192.36.70.176 - - [27/Apr/2022:22:11:43 +0100] "GET /ads.txt HTTP/1.1" 301 0 "http://walbottlevi.com/ads.txt" "Mozilla/5.0 (Macintosh; Intel Mac OS X 10_13_6) AppleWebKit/537.36 (KHTML, like Gecko) Chrome/91.0.4472.114 Safari/537.36"
192.36.70.176 - - [27/Apr/2022:22:11:44 +0100] "GET /ads.txt HTTP/1.1" 404 11750 "https://walbottlevi.com/ads.txt" "Mozilla/5.0 (Macintosh; Intel Mac OS X 10_13_6) AppleWebKit/537.36 (KHTML, like Gecko) Chrome/91.0.4472.114 Safari/537.36"
192.71.2.171 - - [27/Apr/2022:22:11:45 +0100] "GET / HTTP/1.1" 301 0 "http://walbottlevi.com/" "Mozilla/5.0 (Macintosh; Intel Mac OS X 10_13_6) AppleWebKit/537.36 (KHTML, like Gecko) Chrome/91.0.4472.114 Safari/537.36"
192.71.23.211 - - [27/Apr/2022:22:11:45 +0100] "GET / HTTP/1.1" 200 12692 "https://walbottlevi.com/" "Mozilla/5.0 (Macintosh; Intel Mac OS X 10_13_6) AppleWebKit/537.36 (KHTML, like Gecko) Chrome/91.0.4472.114 Safari/537.36"
51.222.253.18 - - [27/Apr/2022:22:18:47 +0100] "GET /activities/ HTTP/1.1" 200 11236 "-" "Mozilla/5.0 (compatible; AhrefsBot/7.0; +http://ahrefs.com/robot/)"
152.228.171.66 - - [27/Apr/2022:22:18:47 +0100] "HEAD / HTTP/1.1" 200 0 "-" "-"
31.13.127.36 - - [27/Apr/2022:22:50:40 +0100] "GET /wp-content/uploads/2020/09/cropped-IMG_0477-scaled-2.jpg HTTP/1.1" 403 1229 "-" "facebookexternalhit/1.1 (+http://www.facebook.com/externalhit_uatext.php)"
213.183.51.224 - - [27/Apr/2022:22:50:40 +0100] "HEAD / HTTP/1.1" 200 0 "-" "-"
54.68.32.247 - - [27/Apr/2022:23:01:32 +0100] "POST /?rest_route=%2Fwordfence%2Fv1%2Fauthenticate HTTP/1.1" 200 134 "-" "Wordfence Central API v1.0"
51.81.186.219 - - [27/Apr/2022:23:01:33 +0100] "HEAD / HTTP/1.1" 200 0 "-" "-"
54.68.32.247 - - [27/Apr/2022:23:01:33 +0100] "POST /?rest_route=%2Fwordfence%2Fv1%2Fauthenticate HTTP/1.1" 200 257 "-" "Wordfence Central API v1.0"
54.68.32.247 - - [27/Apr/2022:23:01:34 +0100] "POST /?rest_route=%2Fwordfence%2Fv1%2Fconfig HTTP/1.1" 200 3082 "-" "Wordfence Central API v1.0"
86.138.179.120 - - [27/Apr/2022:23:48:43 +0100] "GET / HTTP/2" 301 0 "-" "Mozilla/5.0 (Windows NT 10.0; Win64; x64) AppleWebKit/537.36 (KHTML, like Gecko) Chrome/100.0.4896.127 Safari/537.36"
86.138.179.120 - - [27/Apr/2022:23:48:44 +0100] "GET /wp-content/plugins/cookie-law-info/public/js/cookie-law-info-public.js?ver=2.1.1 HTTP/1.1" 200 7496 "https://www.walbottlevi.com/" "Mozilla/5.0 (Windows NT 10.0; Win64; x64) AppleWebKit/537.36 (KHTML, like Gecko) Chrome/100.0.4896.127 Safari/537.36"
2.58.28.32 - - [27/Apr/2022:23:48:44 +0100] "HEAD / HTTP/1.1" 200 0 "-" "-"
86.138.179.120 - - [27/Apr/2022:23:48:45 +0100] "GET /wp-includes/js/wp-emoji-release.min.js?ver=5.9.3 HTTP/1.1" 200 4539 "https://www.walbottlevi.com/" "Mozilla/5.0 (Windows NT 10.0; Win64; x64) AppleWebKit/537.36 (KHTML, like Gecko) Chrome/100.0.4896.127 Safari/537.36"
86.138.179.120 - - [27/Apr/2022:23:48:45 +0100] "GET /wp-content/uploads/2019/11/cropped-WVIMain-32x32.png HTTP/1.1" 200 1647 "https://www.walbottlevi.com/" "Mozilla/5.0 (Windows NT 10.0; Win64; x64) AppleWebKit/537.36 (KHTML, like Gecko) Chrome/100.0.4896.127 Safari/537.36"
54.68.32.247 - - [28/Apr/2022:00:01:34 +0100] "POST /?rest_route=%2Fwordfence%2Fv1%2Fauthenticate HTTP/1.1" 200 133 "-" "Wordfence Central API v1.0"
51.81.186.219 - - [28/Apr/2022:00:01:35 +0100] "HEAD / HTTP/1.1" 200 0 "-" "-"
54.68.32.247 - - [28/Apr/2022:00:01:35 +0100] "POST /?rest_route=%2Fwordfence%2Fv1%2Fauthenticate HTTP/1.1" 200 257 "-" "Wordfence Central API v1.0"
54.68.32.247 - - [28/Apr/2022:00:01:36 +0100] "POST /?rest_route=%2Fwordfence%2Fv1%2Fconfig HTTP/1.1" 200 3080 "-" "Wordfence Central API v1.0"
51.222.253.12 - - [28/Apr/2022:00:05:44 +0100] "GET /news/ HTTP/1.1" 200 11621 "-" "Mozilla/5.0 (compatible; AhrefsBot/7.0; +http://ahrefs.com/robot/)"
152.228.171.66 - - [28/Apr/2022:00:05:44 +0100] "HEAD / HTTP/1.1" 200 0 "-" "-"
10.4.96.3 - - [28/Apr/2022:00:26:02 +0100] "GET /quis-ligula-lacinia-aliquet-mauris-ipsum/ HTTP/1.1" 404 11759 "-" "Mozilla/5.0 (compatible; bingbot/2.0; +http://www.bing.com/bingbot.htm)"
149.28.11.90 - - [28/Apr/2022:00:26:03 +0100] "HEAD / HTTP/1.1" 200 0 "-" "-"
54.68.32.247 - - [28/Apr/2022:01:01:34 +0100] "POST /?rest_route=%2Fwordfence%2Fv1%2Fauthenticate HTTP/1.1" 200 133 "-" "Wordfence Central API v1.0"
51.81.186.219 - - [28/Apr/2022:01:01:35 +0100] "HEAD / HTTP/1.1" 200 0 "-" "-"
54.68.32.247 - - [28/Apr/2022:01:01:35 +0100] "POST /?rest_route=%2Fwordfence%2Fv1%2Fauthenticate HTTP/1.1" 200 257 "-" "Wordfence Central API v1.0"
54.68.32.247 - - [28/Apr/2022:01:01:36 +0100] "POST /?rest_route=%2Fwordfence%2Fv1%2Fconfig HTTP/1.1" 200 3082 "-" "Wordfence Central API v1.0"
10.4.96.3 - - [28/Apr/2022:01:03:45 +0100] "GET /robots.txt HTTP/1.1" 200 116 "-" "Mozilla/5.0 (compatible; DotBot/1.2; +https://opensiteexplorer.org/dotbot; help@moz.com)"
149.28.11.90 - - [28/Apr/2022:01:03:45 +0100] "HEAD / HTTP/1.1" 200 0 "-" "-"
216.244.66.244 - - [28/Apr/2022:01:07:52 +0100] "GET /facilities/ HTTP/1.1" 200 13314 "-" "Mozilla/5.0 (compatible; DotBot/1.2; +https://opensiteexplorer.org/dotbot; help@moz.com)"
51.222.253.5 - - [28/Apr/2022:01:25:23 +0100] "GET /using-the-hall-during-covid-19/ HTTP/1.1" 200 11305 "-" "Mozilla/5.0 (compatible; AhrefsBot/7.0; +http://ahrefs.com/robot/)"
152.228.171.66 - - [28/Apr/2022:01:25:23 +0100] "HEAD / HTTP/1.1" 200 0 "-" "-"
54.68.32.247 - - [28/Apr/2022:02:01:34 +0100] "POST /?rest_route=%2Fwordfence%2Fv1%2Fauthenticate HTTP/1.1" 200 133 "-" "Wordfence Central API v1.0"
51.81.186.219 - - [28/Apr/2022:02:01:35 +0100] "HEAD / HTTP/1.1" 200 0 "-" "-"
54.68.32.247 - - [28/Apr/2022:02:01:35 +0100] "POST /?rest_route=%2Fwordfence%2Fv1%2Fauthenticate HTTP/1.1" 200 257 "-" "Wordfence Central API v1.0"
54.68.32.247 - - [28/Apr/2022:02:01:36 +0100] "POST /?rest_route=%2Fwordfence%2Fv1%2Fconfig HTTP/1.1" 200 3082 "-" "Wordfence Central API v1.0"
66.249.68.64 - - [28/Apr/2022:02:24:17 +0100] "GET /news HTTP/1.1" 301 0 "-" "Mozilla/5.0 (Linux; Android 6.0.1; Nexus 5X Build/MMB29P) AppleWebKit/537.36 (KHTML, like Gecko) Chrome/100.0.4896.127 Mobile Safari/537.36 (compatible; Googlebot/2.1; +http://www.google.com/bot.html)"
93.177.119.236 - - [28/Apr/2022:02:24:18 +0100] "GET / HTTP/1.1" 301 0 "-" "Mozilla/4.0 (compatible; MSIE 6.0; Windows NT 5.1; SV1)"
66.249.68.67 - - [28/Apr/2022:02:25:00 +0100] "GET /news/ HTTP/1.1" 200 11621 "-" "Mozilla/5.0 (Linux; Android 6.0.1; Nexus 5X Build/MMB29P) AppleWebKit/537.36 (KHTML, like Gecko) Chrome/100.0.4896.127 Mobile Safari/537.36 (compatible; Googlebot/2.1; +http://www.google.com/bot.html)"
64.225.34.246 - - [28/Apr/2022:02:25:01 +0100] "HEAD / HTTP/1.1" 200 0 "-" "-"
66.249.68.64 - - [28/Apr/2022:02:25:12 +0100] "GET /wp-content/litespeed/css/8576258e7ed95683a61ed71d30331f17.css?ver=3458c HTTP/1.1" 200 1226 "https://www.walbottlevi.com/news/" "Mozilla/5.0 (Linux; Android 6.0.1; Nexus 5X Build/MMB29P) AppleWebKit/537.36 (KHTML, like Gecko) Chrome/100.0.4896.127 Mobile Safari/537.36 (compatible; Googlebot/2.1; +http://www.google.com/bot.html)"
66.249.68.95 - - [28/Apr/2022:02:25:12 +0100] "GET /wp-includes/js/jquery/jquery-migrate.min.js?ver=3.3.2 HTTP/1.1" 200 3995 "https://www.walbottlevi.com/news/" "Mozilla/5.0 (Linux; Android 6.0.1; Nexus 5X Build/MMB29P) AppleWebKit/537.36 (KHTML, like Gecko) Chrome/100.0.4896.127 Mobile Safari/537.36 (compatible; Googlebot/2.1; +http://www.google.com/bot.html)"
64.225.34.246 - - [28/Apr/2022:02:25:12 +0100] "HEAD / HTTP/1.1" 200 0 "-" "-"
66.249.68.64 - - [28/Apr/2022:02:25:13 +0100] "GET /wp-includes/js/jquery/jquery.min.js?ver=3.6.0 HTTP/1.1" 200 30273 "https://www.walbottlevi.com/news/" "Mozilla/5.0 (Linux; Android 6.0.1; Nexus 5X Build/MMB29P) AppleWebKit/537.36 (KHTML, like Gecko) Chrome/100.0.4896.127 Mobile Safari/537.36 (compatible; Googlebot/2.1; +http://www.google.com/bot.html)"
66.249.68.64 - - [28/Apr/2022:02:25:13 +0100] "GET /wp-content/litespeed/css/f1f3bb515f8594534f56b8b8eb04f322.css?ver=bdff9 HTTP/1.1" 200 7848 "https://www.walbottlevi.com/news/" "Mozilla/5.0 (Linux; Android 6.0.1; Nexus 5X Build/MMB29P) AppleWebKit/537.36 (KHTML, like Gecko) Chrome/100.0.4896.127 Mobile Safari/537.36 (compatible; Googlebot/2.1; +http://www.google.com/bot.html)"
66.249.68.95 - - [28/Apr/2022:02:25:13 +0100] "GET /wp-content/litespeed/css/79ac2e166a64deb7082c8f4a065d36e5.css?ver=d36e5 HTTP/1.1" 200 279 "https://www.walbottlevi.com/news/" "Mozilla/5.0 (Linux; Android 6.0.1; Nexus 5X Build/MMB29P) AppleWebKit/537.36 (KHTML, like Gecko) Chrome/100.0.4896.127 Mobile Safari/537.36 (compatible; Googlebot/2.1; +http://www.google.com/bot.html)"
66.249.68.64 - - [28/Apr/2022:02:25:13 +0100] "GET /wp-content/litespeed/css/cf22e83ddbcbe9bf0a5483ea759a38f0.css?ver=a27c7 HTTP/1.1" 200 10493 "https://www.walbottlevi.com/news/" "Mozilla/5.0 (Linux; Android 6.0.1; Nexus 5X Build/MMB29P) AppleWebKit/537.36 (KHTML, like Gecko) Chrome/100.0.4896.127 Mobile Safari/537.36 (compatible; Googlebot/2.1; +http://www.google.com/bot.html)"
66.249.68.95 - - [28/Apr/2022:02:25:14 +0100] "GET /wp-content/litespeed/css/cb21ec2d70e49154406ff85a4f971eb0.css?ver=4a728 HTTP/1.1" 200 630 "https://www.walbottlevi.com/news/" "Mozilla/5.0 (Linux; Android 6.0.1; Nexus 5X Build/MMB29P) AppleWebKit/537.36 (KHTML, like Gecko) Chrome/100.0.4896.127 Mobile Safari/537.36 (compatible; Googlebot/2.1; +http://www.google.com/bot.html)"
185.191.171.35 - - [28/Apr/2022:02:32:04 +0100] "GET /news/page/3/ HTTP/1.1" 200 12249 "-" "Mozilla/5.0 (compatible; SemrushBot/7~bl; +http://www.semrush.com/bot.html)"
135.148.148.230 - - [28/Apr/2022:02:32:05 +0100] "HEAD / HTTP/1.1" 200 0 "-" "-"
66.249.68.67 - - [28/Apr/2022:02:53:08 +0100] "GET /wp-content/litespeed/avatar/b679eea48cf16ebf564c46f2c55b19eb.jpg?ver=1650796973 HTTP/1.1" 403 1229 "-" "Googlebot-Image/1.0"
64.225.34.246 - - [28/Apr/2022:02:53:09 +0100] "HEAD / HTTP/1.1" 200 0 "-" "-"
10.4.96.3 - - [28/Apr/2022:02:54:02 +0100] "GET /using-the-hall-during-covid-19/ HTTP/1.1" 200 12792 "-" "Mozilla/5.0 (compatible; DotBot/1.2; +https://opensiteexplorer.org/dotbot; help@moz.com)"
149.28.11.90 - - [28/Apr/2022:02:54:03 +0100] "HEAD / HTTP/1.1" 200 0 "-" "-"
54.68.32.247 - - [28/Apr/2022:03:01:33 +0100] "POST /?rest_route=%2Fwordfence%2Fv1%2Fauthenticate HTTP/1.1" 200 133 "-" "Wordfence Central API v1.0"
51.81.186.219 - - [28/Apr/2022:03:01:34 +0100] "HEAD / HTTP/1.1" 200 0 "-" "-"
54.68.32.247 - - [28/Apr/2022:03:01:34 +0100] "POST /?rest_route=%2Fwordfence%2Fv1%2Fauthenticate HTTP/1.1" 200 252 "-" "Wordfence Central API v1.0"
54.68.32.247 - - [28/Apr/2022:03:01:34 +0100] "POST /?rest_route=%2Fwordfence%2Fv1%2Fconfig HTTP/1.1" 200 3080 "-" "Wordfence Central API v1.0"
89.46.223.134 - - [28/Apr/2022:03:10:15 +0100] "GET / HTTP/1.1" 200 12692 "-" "Mozilla/5.0 (Windows NT 10.0; Win64; x64)"
213.183.51.224 - - [28/Apr/2022:03:10:15 +0100] "HEAD / HTTP/1.1" 200 0 "-" "-"
10.4.96.3 - - [28/Apr/2022:03:17:23 +0100] "GET /page-sitemap.xml HTTP/1.1" 200 1232 "-" "Mozilla/5.0 (compatible; bingbot/2.0; +http://www.bing.com/bingbot.htm)"
149.28.11.90 - - [28/Apr/2022:03:17:24 +0100] "HEAD / HTTP/1.1" 200 0 "-" "-"
194.37.96.183 - - [28/Apr/2022:03:40:21 +0100] "HEAD /news/projector-and-screen/ HTTP/1.1" 200 0 "https://www.walbottlevi.com" "Mozilla/5.0 (Windows NT 10.0; Win64; x64) AppleWebKit/537.36 (KHTML, like Gecko) Chrome/80.0.3987.132 Safari/537.36"
2.58.28.32 - - [28/Apr/2022:03:40:22 +0100] "HEAD / HTTP/1.1" 200 0 "-" "-"
194.37.96.183 - - [28/Apr/2022:03:40:22 +0100] "GET /news/projector-and-screen/ HTTP/1.1" 200 13549 "https://www.walbottlevi.com" "Mozilla/5.0 (Windows NT 10.0; Win64; x64) AppleWebKit/537.36 (KHTML, like Gecko) Chrome/80.0.3987.132 Safari/537.36"
54.68.32.247 - - [28/Apr/2022:04:01:31 +0100] "POST /?rest_route=%2Fwordfence%2Fv1%2Fauthenticate HTTP/1.1" 200 133 "-" "Wordfence Central API v1.0"
51.81.186.219 - - [28/Apr/2022:04:01:32 +0100] "HEAD / HTTP/1.1" 200 0 "-" "-"
54.68.32.247 - - [28/Apr/2022:04:01:32 +0100] "POST /?rest_route=%2Fwordfence%2Fv1%2Fauthenticate HTTP/1.1" 200 255 "-" "Wordfence Central API v1.0"
54.68.32.247 - - [28/Apr/2022:04:01:33 +0100] "POST /?rest_route=%2Fwordfence%2Fv1%2Fconfig HTTP/1.1" 200 3080 "-" "Wordfence Central API v1.0"
90.211.218.21 - - [28/Apr/2022:04:55:56 +0100] "GET /.well-known/assetlinks.json HTTP/1.1" 301 0 "-" "Mozilla/5.0 (Macintosh; Intel Mac OS X 10_11_6) AppleWebKit/537.36 (KHTML, like Gecko) Chrome/53.0.2785.143 Safari/537.36"
90.211.218.21 - - [28/Apr/2022:04:55:57 +0100] "GET /.well-known/assetlinks.json HTTP/1.1" 404 11755 "-" "Mozilla/5.0 (Macintosh; Intel Mac OS X 10_11_6) AppleWebKit/537.36 (KHTML, like Gecko) Chrome/53.0.2785.143 Safari/537.36"
2.58.28.32 - - [28/Apr/2022:04:55:57 +0100] "HEAD / HTTP/1.1" 200 0 "-" "-"
90.211.218.21 - - [28/Apr/2022:04:56:25 +0100] "GET /.well-known/assetlinks.json HTTP/1.1" 301 0 "-" "Mozilla/5.0 (Macintosh; Intel Mac OS X 10_11_6) AppleWebKit/537.36 (KHTML, like Gecko) Chrome/53.0.2785.143 Safari/537.36"
54.68.32.247 - - [28/Apr/2022:05:01:31 +0100] "POST /?rest_route=%2Fwordfence%2Fv1%2Fauthenticate HTTP/1.1" 200 133 "-" "Wordfence Central API v1.0"
54.68.32.247 - - [28/Apr/2022:05:01:32 +0100] "POST /?rest_route=%2Fwordfence%2Fv1%2Fauthenticate HTTP/1.1" 200 257 "-" "Wordfence Central API v1.0"
54.68.32.247 - - [28/Apr/2022:05:01:33 +0100] "POST /?rest_route=%2Fwordfence%2Fv1%2Fconfig HTTP/1.1" 200 3082 "-" "Wordfence Central API v1.0"
54.68.32.247 - - [28/Apr/2022:06:01:33 +0100] "POST /?rest_route=%2Fwordfence%2Fv1%2Fauthenticate HTTP/1.1" 200 133 "-" "Wordfence Central API v1.0"
51.81.186.219 - - [28/Apr/2022:06:01:34 +0100] "HEAD / HTTP/1.1" 200 0 "-" "-"
54.68.32.247 - - [28/Apr/2022:06:01:34 +0100] "POST /?rest_route=%2Fwordfence%2Fv1%2Fauthenticate HTTP/1.1" 200 256 "-" "Wordfence Central API v1.0"
54.68.32.247 - - [28/Apr/2022:06:01:35 +0100] "POST /?rest_route=%2Fwordfence%2Fv1%2Fconfig HTTP/1.1" 200 3082 "-" "Wordfence Central API v1.0"
40.77.167.24 - - [28/Apr/2022:06:26:51 +0100] "GET /page-sitemap.xml HTTP/1.1" 200 1232 "-" "Mozilla/5.0 (compatible; bingbot/2.0; +http://www.bing.com/bingbot.htm)"
185.191.171.41 - - [28/Apr/2022:06:47:06 +0100] "GET /activities/gentle-movement-to-music/ HTTP/1.1" 200 12544 "-" "Mozilla/5.0 (compatible; SemrushBot/7~bl; +http://www.semrush.com/bot.html)"
135.148.148.230 - - [28/Apr/2022:06:47:07 +0100] "HEAD / HTTP/1.1" 200 0 "-" "-"
54.68.32.247 - - [28/Apr/2022:07:01:33 +0100] "POST /?rest_route=%2Fwordfence%2Fv1%2Fauthenticate HTTP/1.1" 200 133 "-" "Wordfence Central API v1.0"
51.81.186.219 - - [28/Apr/2022:07:01:34 +0100] "HEAD / HTTP/1.1" 200 0 "-" "-"
54.68.32.247 - - [28/Apr/2022:07:01:34 +0100] "POST /?rest_route=%2Fwordfence%2Fv1%2Fauthenticate HTTP/1.1" 200 254 "-" "Wordfence Central API v1.0"
54.68.32.247 - - [28/Apr/2022:07:01:35 +0100] "POST /?rest_route=%2Fwordfence%2Fv1%2Fconfig HTTP/1.1" 200 3082 "-" "Wordfence Central API v1.0"
10.4.96.3 - - [28/Apr/2022:07:52:44 +0100] "GET / HTTP/1.1" 200 12692 "-" "Mozilla/5.0 (compatible; bingbot/2.0; +http://www.bing.com/bingbot.htm)"
149.28.11.90 - - [28/Apr/2022:07:52:44 +0100] "HEAD / HTTP/1.1" 200 0 "-" "-"
157.55.39.10 - - [28/Apr/2022:07:52:53 +0100] "GET /wp-content/themes/lovecraft/assets/js/doubletaptogo.min.js?ver=1 HTTP/1.1" 200 358 "-" "Mozilla/5.0 (compatible; bingbot/2.0; +http://www.bing.com/bingbot.htm)"
10.4.96.3 - - [28/Apr/2022:07:52:57 +0100] "GET /wp-content/litespeed/css/04c205088aef6ab86671135984bde441.css?ver=ef894 HTTP/1.1" 200 250 "-" "Mozilla/5.0 (compatible; bingbot/2.0; +http://www.bing.com/bingbot.htm)"
149.28.11.90 - - [28/Apr/2022:07:52:58 +0100] "HEAD / HTTP/1.1" 200 0 "-" "-"
10.4.96.3 - - [28/Apr/2022:07:52:58 +0100] "GET /wp-content/litespeed/css/28077ec3d4019a380b51ef57e24685fc.css?ver=188fb HTTP/1.1" 200 1475 "-" "Mozilla/5.0 (compatible; bingbot/2.0; +http://www.bing.com/bingbot.htm)"
40.77.167.24 - - [28/Apr/2022:07:52:59 +0100] "GET /wp-content/litespeed/css/cb21ec2d70e49154406ff85a4f971eb0.css?ver=4a728 HTTP/1.1" 200 805 "-" "Mozilla/5.0 (compatible; bingbot/2.0; +http://www.bing.com/bingbot.htm)"
157.55.39.55 - - [28/Apr/2022:07:52:59 +0100] "GET /wp-content/plugins/simple-banner/simple-banner.js?ver=2.11.0 HTTP/1.1" 200 1512 "-" "Mozilla/5.0 (compatible; bingbot/2.0; +http://www.bing.com/bingbot.htm)"
157.55.39.159 - - [28/Apr/2022:07:53:00 +0100] "GET /wp-content/litespeed/css/962881a9f7b8a4ad588b826970384b0a.css?ver=24dc7 HTTP/1.1" 200 4840 "-" "Mozilla/5.0 (compatible; bingbot/2.0; +http://www.bing.com/bingbot.htm)"
40.77.167.24 - - [28/Apr/2022:07:53:00 +0100] "GET /wp-content/litespeed/css/cf22e83ddbcbe9bf0a5483ea759a38f0.css?ver=a27c7 HTTP/1.1" 200 14079 "-" "Mozilla/5.0 (compatible; bingbot/2.0; +http://www.bing.com/bingbot.htm)"
40.77.167.24 - - [28/Apr/2022:07:53:02 +0100] "GET /wp-content/litespeed/css/f1f3bb515f8594534f56b8b8eb04f322.css?ver=bdff9 HTTP/1.1" 200 10202 "-" "Mozilla/5.0 (compatible; bingbot/2.0; +http://www.bing.com/bingbot.htm)"
157.55.39.55 - - [28/Apr/2022:07:53:02 +0100] "GET /wp-content/themes/lovecraft/assets/js/global.js?ver=2.0.1 HTTP/1.1" 200 1046 "-" "Mozilla/5.0 (compatible; bingbot/2.0; +http://www.bing.com/bingbot.htm)"
207.46.13.36 - - [28/Apr/2022:07:53:03 +0100] "GET /wp-content/litespeed/css/79ac2e166a64deb7082c8f4a065d36e5.css?ver=d36e5 HTTP/1.1" 200 325 "-" "Mozilla/5.0 (compatible; bingbot/2.0; +http://www.bing.com/bingbot.htm)"
157.55.39.55 - - [28/Apr/2022:07:53:05 +0100] "GET /wp-includes/js/jquery/jquery.min.js?ver=3.6.0 HTTP/1.1" 200 34819 "-" "Mozilla/5.0 (compatible; bingbot/2.0; +http://www.bing.com/bingbot.htm)"
207.46.13.36 - - [28/Apr/2022:07:53:06 +0100] "GET /wp-includes/js/wp-emoji-release.min.js?ver=5.9.3 HTTP/1.1" 200 5623 "-" "Mozilla/5.0 (compatible; bingbot/2.0; +http://www.bing.com/bingbot.htm)"
157.55.39.123 - - [28/Apr/2022:07:53:07 +0100] "GET /wp-content/litespeed/css/8576258e7ed95683a61ed71d30331f17.css?ver=3458c HTTP/1.1" 200 1410 "-" "Mozilla/5.0 (compatible; bingbot/2.0; +http://www.bing.com/bingbot.htm)"
157.55.39.123 - - [28/Apr/2022:07:53:10 +0100] "GET /wp-content/plugins/cookie-law-info/public/js/cookie-law-info-public.js?ver=2.1.1 HTTP/1.1" 200 9478 "-" "Mozilla/5.0 (compatible; bingbot/2.0; +http://www.bing.com/bingbot.htm)"
157.55.39.123 - - [28/Apr/2022:07:53:13 +0100] "GET /wp-includes/js/jquery/jquery-migrate.min.js?ver=3.3.2 HTTP/1.1" 200 4461 "-" "Mozilla/5.0 (compatible; bingbot/2.0; +http://www.bing.com/bingbot.htm)"
185.199.220.52 - - [28/Apr/2022:08:00:17 +0100] "HEAD / HTTP/2" 301 0 "-" "-"
54.68.32.247 - - [28/Apr/2022:08:01:33 +0100] "POST /?rest_route=%2Fwordfence%2Fv1%2Fauthenticate HTTP/1.1" 200 134 "-" "Wordfence Central API v1.0"
51.81.186.219 - - [28/Apr/2022:08:01:34 +0100] "HEAD / HTTP/1.1" 200 0 "-" "-"
54.68.32.247 - - [28/Apr/2022:08:01:34 +0100] "POST /?rest_route=%2Fwordfence%2Fv1%2Fauthenticate HTTP/1.1" 200 255 "-" "Wordfence Central API v1.0"
5.45.207.123 - - [28/Apr/2022:08:01:35 +0100] "GET /robots.txt HTTP/1.1" 200 116 "-" "Mozilla/5.0 (compatible; YandexBot/3.0; +http://yandex.com/bots)"
54.68.32.247 - - [28/Apr/2022:08:01:35 +0100] "POST /?rest_route=%2Fwordfence%2Fv1%2Fconfig HTTP/1.1" 200 3080 "-" "Wordfence Central API v1.0"
87.250.224.94 - - [28/Apr/2022:08:01:39 +0100] "GET /news/joycewebsterartgroupexhibition-sat6thjune10am-4pm HTTP/1.1" 404 11750 "-" "Mozilla/5.0 (compatible; YandexBot/3.0; +http://yandex.com/bots)"
40.77.188.4 - - [28/Apr/2022:08:08:55 +0100] "GET /wp-content/plugins/cookie-law-info/public/images/logo-cookieyes.svg HTTP/1.1" 200 2581 "-" "Mozilla/5.0 (Windows NT 6.1; WOW64) AppleWebKit/534+ (KHTML, like Gecko) BingPreview/1.0b"
45.76.17.119 - - [28/Apr/2022:08:08:55 +0100] "HEAD / HTTP/1.1" 200 0 "-" "-"
103.195.238.108 - - [28/Apr/2022:08:09:59 +0100] "GET / HTTP/1.1" 301 0 "-" "python-requests/2.27.1"
103.195.238.108 - - [28/Apr/2022:08:10:02 +0100] "GET / HTTP/1.1" 200 12692 "-" "python-requests/2.27.1"
193.203.202.215 - - [28/Apr/2022:08:10:02 +0100] "HEAD / HTTP/1.1" 200 0 "-" "-"
10.4.96.3 - - [28/Apr/2022:08:30:13 +0100] "GET /page-sitemap.xml HTTP/1.1" 200 1232 "-" "Mozilla/5.0 (compatible; bingbot/2.0; +http://www.bing.com/bingbot.htm)"
149.28.11.90 - - [28/Apr/2022:08:30:14 +0100] "HEAD / HTTP/1.1" 200 0 "-" "-"
173.252.107.7 - - [28/Apr/2022:08:54:45 +0100] "GET /activities/ HTTP/1.1" 200 12602 "-" "facebookexternalhit/1.1 (+http://www.facebook.com/externalhit_uatext.php)"
104.225.142.116 - - [28/Apr/2022:08:54:45 +0100] "HEAD / HTTP/1.1" 200 0 "-" "-"
54.68.32.247 - - [28/Apr/2022:09:01:33 +0100] "POST /?rest_route=%2Fwordfence%2Fv1%2Fauthenticate HTTP/1.1" 200 134 "-" "Wordfence Central API v1.0"
51.81.186.219 - - [28/Apr/2022:09:01:34 +0100] "HEAD / HTTP/1.1" 200 0 "-" "-"
54.68.32.247 - - [28/Apr/2022:09:01:34 +0100] "POST /?rest_route=%2Fwordfence%2Fv1%2Fauthenticate HTTP/1.1" 200 256 "-" "Wordfence Central API v1.0"
54.68.32.247 - - [28/Apr/2022:09:01:34 +0100] "POST /?rest_route=%2Fwordfence%2Fv1%2Fconfig HTTP/1.1" 200 3080 "-" "Wordfence Central API v1.0"
66.249.68.95 - - [28/Apr/2022:09:09:57 +0100] "GET /facilities/ HTTP/1.1" 200 11795 "-" "Mozilla/5.0 (Linux; Android 6.0.1; Nexus 5X Build/MMB29P) AppleWebKit/537.36 (KHTML, like Gecko) Chrome/100.0.4896.127 Mobile Safari/537.36 (compatible; Googlebot/2.1; +http://www.google.com/bot.html)"
64.225.34.246 - - [28/Apr/2022:09:09:58 +0100] "HEAD / HTTP/1.1" 200 0 "-" "-"
66.249.68.95 - - [28/Apr/2022:09:10:01 +0100] "GET /wp-includes/js/jquery/jquery.min.js?ver=3.6.0 HTTP/1.1" 200 30273 "https://www.walbottlevi.com/facilities/" "Mozilla/5.0 (Linux; Android 6.0.1; Nexus 5X Build/MMB29P) AppleWebKit/537.36 (KHTML, like Gecko) Chrome/100.0.4896.127 Mobile Safari/537.36 (compatible; Googlebot/2.1; +http://www.google.com/bot.html)"
40.77.167.24 - - [28/Apr/2022:09:57:31 +0100] "GET /sitemap_index.xml HTTP/1.1" 200 325 "-" "Mozilla/5.0 (compatible; bingbot/2.0; +http://www.bing.com/bingbot.htm)"
149.28.11.90 - - [28/Apr/2022:09:57:31 +0100] "HEAD / HTTP/1.1" 200 0 "-" "-"
54.68.32.247 - - [28/Apr/2022:10:01:33 +0100] "POST /?rest_route=%2Fwordfence%2Fv1%2Fauthenticate HTTP/1.1" 200 134 "-" "Wordfence Central API v1.0"
51.81.186.219 - - [28/Apr/2022:10:01:34 +0100] "HEAD / HTTP/1.1" 200 0 "-" "-"
54.68.32.247 - - [28/Apr/2022:10:01:34 +0100] "POST /?rest_route=%2Fwordfence%2Fv1%2Fauthenticate HTTP/1.1" 200 258 "-" "Wordfence Central API v1.0"
54.68.32.247 - - [28/Apr/2022:10:01:35 +0100] "POST /?rest_route=%2Fwordfence%2Fv1%2Fconfig HTTP/1.1" 200 3080 "-" "Wordfence Central API v1.0"
157.55.39.10 - - [28/Apr/2022:10:41:20 +0100] "GET /post-sitemap.xml HTTP/1.1" 200 662 "-" "Mozilla/5.0 (compatible; bingbot/2.0; +http://www.bing.com/bingbot.htm)"
