66.249.68.95 - - [28/Apr/2022:10:47:17 +0100] "GET /wp-content/plugins/cookie-law-info/public/images/logo-cookieyes.svg HTTP/1.1" 200 1030 "https://www.walbottlevi.com/" "Mozilla/5.0 AppleWebKit/537.36 (KHTML, like Gecko; compatible; Googlebot/2.1; +http://www.google.com/bot.html) Chrome/100.0.4896.127 Safari/537.36"
31.13.103.22 - - [28/Apr/2022:10:49:46 +0100] "GET /wp-content/uploads/2020/09/cropped-IMG_0477-scaled-2.jpg HTTP/1.1" 403 1229 "-" "facebookexternalhit/1.1 (+http://www.facebook.com/externalhit_uatext.php)"
54.68.32.247 - - [28/Apr/2022:11:01:32 +0100] "POST /?rest_route=%2Fwordfence%2Fv1%2Fauthenticate HTTP/1.1" 200 134 "-" "Wordfence Central API v1.0"
51.81.186.219 - - [28/Apr/2022:11:01:33 +0100] "HEAD / HTTP/1.1" 200 0 "-" "-"
54.68.32.247 - - [28/Apr/2022:11:01:33 +0100] "POST /?rest_route=%2Fwordfence%2Fv1%2Fauthenticate HTTP/1.1" 200 257 "-" "Wordfence Central API v1.0"
54.68.32.247 - - [28/Apr/2022:11:01:34 +0100] "POST /?rest_route=%2Fwordfence%2Fv1%2Fconfig HTTP/1.1" 200 3082 "-" "Wordfence Central API v1.0"
54.68.32.247 - - [28/Apr/2022:12:01:34 +0100] "POST /?rest_route=%2Fwordfence%2Fv1%2Fauthenticate HTTP/1.1" 200 134 "-" "Wordfence Central API v1.0"
54.68.32.247 - - [28/Apr/2022:12:01:35 +0100] "POST /?rest_route=%2Fwordfence%2Fv1%2Fauthenticate HTTP/1.1" 200 257 "-" "Wordfence Central API v1.0"
54.68.32.247 - - [28/Apr/2022:12:01:36 +0100] "POST /?rest_route=%2Fwordfence%2Fv1%2Fconfig HTTP/1.1" 200 3082 "-" "Wordfence Central API v1.0"
157.55.39.159 - - [28/Apr/2022:12:57:58 +0100] "GET /category-sitemap.xml HTTP/1.1" 200 388 "-" "Mozilla/5.0 (compatible; bingbot/2.0; +http://www.bing.com/bingbot.htm)"
149.28.11.90 - - [28/Apr/2022:12:57:58 +0100] "HEAD / HTTP/1.1" 200 0 "-" "-"
54.68.32.247 - - [28/Apr/2022:13:01:33 +0100] "POST /?rest_route=%2Fwordfence%2Fv1%2Fauthenticate HTTP/1.1" 200 134 "-" "Wordfence Central API v1.0"
51.81.186.219 - - [28/Apr/2022:13:01:34 +0100] "HEAD / HTTP/1.1" 200 0 "-" "-"
54.68.32.247 - - [28/Apr/2022:13:01:34 +0100] "POST /?rest_route=%2Fwordfence%2Fv1%2Fauthenticate HTTP/1.1" 200 256 "-" "Wordfence Central API v1.0"
54.68.32.247 - - [28/Apr/2022:13:01:35 +0100] "POST /?rest_route=%2Fwordfence%2Fv1%2Fconfig HTTP/1.1" 200 3080 "-" "Wordfence Central API v1.0"
40.77.167.24 - - [28/Apr/2022:13:24:00 +0100] "GET /sitemap_index.xml HTTP/1.1" 200 325 "-" "Mozilla/5.0 (compatible; bingbot/2.0; +http://www.bing.com/bingbot.htm)"
81.83.12.119 - - [28/Apr/2022:13:46:06 +0100] "GET /style.php?sig=rename HTTP/2" 301 0 "-" "Mozilla/5.0 (Windows NT 10.0; Win64; x64) AppleWebKit/537.36 (KHTML, like Gecko) Chrome/93.0.4577.82 Safari/537.36"
81.83.12.119 - - [28/Apr/2022:13:46:07 +0100] "GET /style.php?sig=rename HTTP/1.1" 404 11759 "-" "Mozilla/5.0 (Windows NT 10.0; Win64; x64) AppleWebKit/537.36 (KHTML, like Gecko) Chrome/93.0.4577.82 Safari/537.36"
213.183.51.224 - - [28/Apr/2022:13:46:07 +0100] "HEAD / HTTP/1.1" 200 0 "-" "-"
54.68.32.247 - - [28/Apr/2022:14:01:33 +0100] "POST /?rest_route=%2Fwordfence%2Fv1%2Fauthenticate HTTP/1.1" 200 134 "-" "Wordfence Central API v1.0"
54.68.32.247 - - [28/Apr/2022:14:01:34 +0100] "POST /?rest_route=%2Fwordfence%2Fv1%2Fauthenticate HTTP/1.1" 200 259 "-" "Wordfence Central API v1.0"
54.68.32.247 - - [28/Apr/2022:14:01:35 +0100] "POST /?rest_route=%2Fwordfence%2Fv1%2Fconfig HTTP/1.1" 200 3082 "-" "Wordfence Central API v1.0"
185.191.171.2 - - [28/Apr/2022:14:07:34 +0100] "GET /news/2021/07/ HTTP/1.1" 200 12322 "-" "Mozilla/5.0 (compatible; SemrushBot/7~bl; +http://www.semrush.com/bot.html)"
10.4.96.3 - - [28/Apr/2022:14:07:55 +0100] "GET /page-sitemap.xml HTTP/1.1" 200 1232 "-" "Mozilla/5.0 (compatible; bingbot/2.0; +http://www.bing.com/bingbot.htm)"
149.28.11.90 - - [28/Apr/2022:14:07:56 +0100] "HEAD / HTTP/1.1" 200 0 "-" "-"
54.191.137.17 - - [28/Apr/2022:14:38:49 +0100] "POST /wp-load.php?mwprid=626a98e5f38155.13342286 HTTP/1.1" 200 10311 "https://walbottlevi.com/" "Mozilla/5.0 (Windows NT 10.0; Win64; x64) AppleWebKit/537.36 (KHTML, like Gecko) Chrome/62.0.3202.94 Safari/537.36"
54.191.137.17 - - [28/Apr/2022:14:38:58 +0100] "POST /wp-load.php?mwprid=626a98f04100f4.31093086 HTTP/1.1" 200 690 "https://walbottlevi.com/" "Mozilla/5.0 (Windows NT 10.0; Win64; x64) AppleWebKit/537.36 (KHTML, like Gecko) Chrome/62.0.3202.94 Safari/537.36"
54.191.137.17 - - [28/Apr/2022:14:39:46 +0100] "POST /wp-load.php?mwprid=626a991f78b540.47202517 HTTP/1.1" 200 69 "https://walbottlevi.com/" "Mozilla/5.0 (Windows NT 10.0; Win64; x64) AppleWebKit/537.36 (KHTML, like Gecko) Chrome/62.0.3202.94 Safari/537.36"
54.191.137.17 - - [28/Apr/2022:14:39:47 +0100] "POST /wp-load.php?mwprid=626a99243fa068.68049359 HTTP/1.1" 200 61 "https://walbottlevi.com/" "Mozilla/5.0 (Windows NT 10.0; Win64; x64) AppleWebKit/537.36 (KHTML, like Gecko) Chrome/62.0.3202.94 Safari/537.36"
54.191.137.17 - - [28/Apr/2022:14:39:55 +0100] "POST /wp-load.php?mwprid=626a992bbfa712.25181517 HTTP/1.1" 200 687 "https://walbottlevi.com/" "Mozilla/5.0 (Windows NT 10.0; Win64; x64) AppleWebKit/537.36 (KHTML, like Gecko) Chrome/62.0.3202.94 Safari/537.36"
54.68.32.247 - - [28/Apr/2022:15:01:33 +0100] "POST /?rest_route=%2Fwordfence%2Fv1%2Fauthenticate HTTP/1.1" 200 132 "-" "Wordfence Central API v1.0"
51.81.186.219 - - [28/Apr/2022:15:01:33 +0100] "HEAD / HTTP/1.1" 200 0 "-" "-"
54.68.32.247 - - [28/Apr/2022:15:01:34 +0100] "POST /?rest_route=%2Fwordfence%2Fv1%2Fauthenticate HTTP/1.1" 200 256 "-" "Wordfence Central API v1.0"
54.68.32.247 - - [28/Apr/2022:15:01:34 +0100] "POST /?rest_route=%2Fwordfence%2Fv1%2Fconfig HTTP/1.1" 200 3082 "-" "Wordfence Central API v1.0"
137.226.113.44 - - [28/Apr/2022:15:26:44 +0100] "GET / HTTP/1.1" 200 12692 "-" "Mozilla/5.0 (X11; Linux x86_64; rv:84.0) Gecko/20100101 Firefox/84.0"
104.244.77.37 - - [28/Apr/2022:15:26:44 +0100] "HEAD / HTTP/1.1" 200 0 "-" "-"
137.226.113.44 - - [28/Apr/2022:15:26:44 +0100] "GET / HTTP/1.1" 301 0 "-" "Mozilla/5.0 (X11; Linux x86_64; rv:84.0) Gecko/20100101 Firefox/84.0"
176.113.43.12 - - [28/Apr/2022:15:27:33 +0100] "GET / HTTP/1.1" 301 0 "-" "Mozilla/5.0 (Windows NT 10.0; Win64; x64) AppleWebKit/537.36 (KHTML, like Gecko) Chrome/94.0.4606.61 Safari/537.36"
45.90.61.60 - - [28/Apr/2022:15:27:34 +0100] "GET / HTTP/1.1" 200 12692 "-" "Mozilla/5.0 (Windows NT 10.0; Win64; x64) AppleWebKit/537.36 (KHTML, like Gecko) Chrome/94.0.4606.61 Safari/537.36"
5.134.119.194 - - [28/Apr/2022:15:27:34 +0100] "HEAD / HTTP/1.1" 200 0 "-" "-"
176.53.217.170 - - [28/Apr/2022:15:27:34 +0100] "GET /favicon.ico HTTP/1.1" 404 1238 "-" "Mozilla/5.0 (Windows NT 10.0; Win64; x64) AppleWebKit/537.36 (KHTML, like Gecko) Chrome/94.0.4606.61 Safari/537.36"
176.113.43.12 - - [28/Apr/2022:15:27:34 +0100] "GET /favicon.ico HTTP/1.1" 404 1238 "-" "Mozilla/5.0 (Windows NT 10.0; Win64; x64) AppleWebKit/537.36 (KHTML, like Gecko) Chrome/94.0.4606.61 Safari/537.36"
114.119.143.1 - - [28/Apr/2022:15:27:51 +0100] "GET /robots.txt HTTP/1.1" 301 0 "-" "Mozilla/5.0 (compatible;PetalBot;+https://webmaster.petalsearch.com/site/petalbot)"
54.68.32.247 - - [28/Apr/2022:16:01:32 +0100] "POST /?rest_route=%2Fwordfence%2Fv1%2Fauthenticate HTTP/1.1" 200 133 "-" "Wordfence Central API v1.0"
54.68.32.247 - - [28/Apr/2022:16:01:33 +0100] "POST /?rest_route=%2Fwordfence%2Fv1%2Fauthenticate HTTP/1.1" 200 256 "-" "Wordfence Central API v1.0"
54.68.32.247 - - [28/Apr/2022:16:01:34 +0100] "POST /?rest_route=%2Fwordfence%2Fv1%2Fconfig HTTP/1.1" 200 3082 "-" "Wordfence Central API v1.0"
128.199.101.43 - - [28/Apr/2022:16:08:03 +0100] "GET /_ignition/execute-solution HTTP/1.1" 301 0 "-" "Apache/2.4.34 (Ubuntu) OpenSSL/1.1.1 (internal dummy connection)"
128.199.101.43 - - [28/Apr/2022:16:08:05 +0100] "GET /_ignition/execute-solution HTTP/1.1" 404 11757 "-" "Apache/2.4.34 (Ubuntu) OpenSSL/1.1.1 (internal dummy connection)"
128.199.101.43 - - [28/Apr/2022:16:15:48 +0100] "GET /_ignition/execute-solution HTTP/1.1" 401 52 "-" "Apache/2.4.34 (Ubuntu) OpenSSL/1.1.1 (internal dummy connection)"
66.249.68.95 - - [28/Apr/2022:16:31:42 +0100] "GET /feed/ HTTP/1.1" 200 16378 "-" "Mozilla/5.0 (Linux; Android 6.0.1; Nexus 5X Build/MMB29P) AppleWebKit/537.36 (KHTML, like Gecko) Chrome/100.0.4896.127 Mobile Safari/537.36 (compatible; Googlebot/2.1; +http://www.google.com/bot.html)"
66.249.68.64 - - [28/Apr/2022:16:31:54 +0100] "GET /feed/ HTTP/1.1" 200 16378 "-" "Mozilla/5.0 (compatible; Googlebot/2.1; +http://www.google.com/bot.html)"
54.68.32.247 - - [28/Apr/2022:16:53:15 +0100] "POST /?rest_route=%2Fwordfence%2Fv1%2Fauthenticate HTTP/1.1" 200 133 "-" "Wordfence Central API v1.0"
54.68.32.247 - - [28/Apr/2022:16:53:16 +0100] "POST /?rest_route=%2Fwordfence%2Fv1%2Fauthenticate HTTP/1.1" 200 133 "-" "Wordfence Central API v1.0"
54.68.32.247 - - [28/Apr/2022:16:53:16 +0100] "POST /?rest_route=%2Fwordfence%2Fv1%2Fauthenticate HTTP/1.1" 200 255 "-" "Wordfence Central API v1.0"
54.68.32.247 - - [28/Apr/2022:16:53:16 +0100] "POST /?rest_route=%2Fwordfence%2Fv1%2Fauthenticate HTTP/1.1" 200 255 "-" "Wordfence Central API v1.0"
54.68.32.247 - - [28/Apr/2022:16:53:17 +0100] "POST /?rest_route=%2Fwordfence%2Fv1%2Fconfig HTTP/1.1" 200 3082 "-" "Wordfence Central API v1.0"
54.68.32.247 - - [28/Apr/2022:16:53:17 +0100] "POST /?rest_route=%2Fwordfence%2Fv1%2Fscan%2Fissues HTTP/1.1" 200 95 "-" "Wordfence Central API v1.0"
54.68.32.247 - - [28/Apr/2022:16:53:41 +0100] "POST /?rest_route=%2Fwordfence%2Fv1%2Fauthenticate HTTP/1.1" 200 133 "-" "Wordfence Central API v1.0"
54.68.32.247 - - [28/Apr/2022:16:53:41 +0100] "POST /?rest_route=%2Fwordfence%2Fv1%2Fauthenticate HTTP/1.1" 200 133 "-" "Wordfence Central API v1.0"
54.68.32.247 - - [28/Apr/2022:16:53:41 +0100] "POST /?rest_route=%2Fwordfence%2Fv1%2Fauthenticate HTTP/1.1" 200 133 "-" "Wordfence Central API v1.0"
54.68.32.247 - - [28/Apr/2022:16:53:41 +0100] "POST /?rest_route=%2Fwordfence%2Fv1%2Fauthenticate HTTP/1.1" 200 133 "-" "Wordfence Central API v1.0"
54.68.32.247 - - [28/Apr/2022:16:53:42 +0100] "POST /?rest_route=%2Fwordfence%2Fv1%2Fauthenticate HTTP/1.1" 200 256 "-" "Wordfence Central API v1.0"
54.68.32.247 - - [28/Apr/2022:16:53:42 +0100] "POST /?rest_route=%2Fwordfence%2Fv1%2Fauthenticate HTTP/1.1" 200 256 "-" "Wordfence Central API v1.0"
54.68.32.247 - - [28/Apr/2022:16:53:43 +0100] "POST /?rest_route=%2Fwordfence%2Fv1%2Fauthenticate HTTP/1.1" 200 257 "-" "Wordfence Central API v1.0"
54.68.32.247 - - [28/Apr/2022:16:53:43 +0100] "POST /?rest_route=%2Fwordfence%2Fv1%2Fauthenticate HTTP/1.1" 200 257 "-" "Wordfence Central API v1.0"
54.68.32.247 - - [28/Apr/2022:16:53:43 +0100] "POST /?rest_route=%2Fwordfence%2Fv1%2Fscan%2Fissues HTTP/1.1" 200 95 "-" "Wordfence Central API v1.0"
54.68.32.247 - - [28/Apr/2022:16:53:44 +0100] "POST /?rest_route=%2Fwordfence%2Fv1%2Fscan%2Fissues HTTP/1.1" 200 95 "-" "Wordfence Central API v1.0"
54.68.32.247 - - [28/Apr/2022:16:53:44 +0100] "POST /?rest_route=%2Fwordfence%2Fv1%2Fscan%2Fissues HTTP/1.1" 200 95 "-" "Wordfence Central API v1.0"
54.68.32.247 - - [28/Apr/2022:16:53:45 +0100] "POST /?rest_route=%2Fwordfence%2Fv1%2Fconfig HTTP/1.1" 200 3082 "-" "Wordfence Central API v1.0"
185.199.220.52 - - [28/Apr/2022:17:01:05 +0100] "POST /wp-admin/admin-ajax.php?action=wordfence_testAjax HTTP/1.1" 200 32 "https://www.walbottlevi.com/wp-admin/admin-ajax.php?action=wordfence_testAjax" "WordPress/5.9.3; https://www.walbottlevi.com"
54.68.32.247 - - [28/Apr/2022:17:01:07 +0100] "POST /?rest_route=%2Fwordfence%2Fv1%2Fauthenticate HTTP/1.1" 200 134 "-" "Wordfence Central API v1.0"
51.81.186.219 - - [28/Apr/2022:17:01:08 +0100] "HEAD / HTTP/1.1" 200 0 "-" "-"
54.68.32.247 - - [28/Apr/2022:17:01:08 +0100] "POST /?rest_route=%2Fwordfence%2Fv1%2Fauthenticate HTTP/1.1" 200 257 "-" "Wordfence Central API v1.0"
54.68.32.247 - - [28/Apr/2022:17:01:09 +0100] "POST /?rest_route=%2Fwordfence%2Fv1%2Fscan%2Fissues HTTP/1.1" 200 95 "-" "Wordfence Central API v1.0"
185.199.220.52 - - [28/Apr/2022:17:01:05 +0100] "GET /wp-admin/admin-ajax.php?action=wordfence_doScan&isFork=0&scanMode=quick&cronKey=d18a7f4261cd41cd5a4ef019c86c4434&signature=2bb2d808f4ee911233bfc7cf214f41018dae752b2d5469c93a1f22b44b5c8081 HTTP/1.1" 200 0 "-" "WordPress/5.9.3; https://www.walbottlevi.com"
54.68.32.247 - - [28/Apr/2022:17:01:38 +0100] "POST /?rest_route=%2Fwordfence%2Fv1%2Fauthenticate HTTP/1.1" 200 134 "-" "Wordfence Central API v1.0"
54.68.32.247 - - [28/Apr/2022:17:01:39 +0100] "POST /?rest_route=%2Fwordfence%2Fv1%2Fauthenticate HTTP/1.1" 200 258 "-" "Wordfence Central API v1.0"
54.68.32.247 - - [28/Apr/2022:17:01:39 +0100] "POST /?rest_route=%2Fwordfence%2Fv1%2Fconfig HTTP/1.1" 200 3080 "-" "Wordfence Central API v1.0"
66.249.68.95 - - [28/Apr/2022:17:06:11 +0100] "GET /wp-content/plugins/cookie-law-info/public/js/cookie-law-info-public.js?ver=2.1.1 HTTP/1.1" 200 7496 "https://www.walbottlevi.com/" "Mozilla/5.0 (Linux; Android 6.0.1; Nexus 5X Build/MMB29P) AppleWebKit/537.36 (KHTML, like Gecko) Chrome/100.0.4896.127 Mobile Safari/537.36 (compatible; Googlebot/2.1; +http://www.google.com/bot.html)"
64.225.34.246 - - [28/Apr/2022:17:06:12 +0100] "HEAD / HTTP/1.1" 200 0 "-" "-"
185.191.171.9 - - [28/Apr/2022:17:07:42 +0100] "GET /contact/ HTTP/1.1" 200 16298 "-" "Mozilla/5.0 (compatible; SemrushBot/7~bl; +http://www.semrush.com/bot.html)"
66.249.68.67 - - [28/Apr/2022:17:08:01 +0100] "GET /wp-content/uploads/2021/09/Yoga.png HTTP/1.1" 403 1229 "-" "Googlebot-Image/1.0"
185.199.220.52 - - [28/Apr/2022:18:01:03 +0100] "POST /wp-cron.php HTTP/1.1" 200 0 "https://www.walbottlevi.com/wp-cron.php" "WordPress/5.9.3; https://www.walbottlevi.com"
2.58.28.32 - - [28/Apr/2022:18:01:03 +0100] "HEAD / HTTP/1.1" 200 0 "-" "-"
54.68.32.247 - - [28/Apr/2022:18:01:33 +0100] "POST /?rest_route=%2Fwordfence%2Fv1%2Fauthenticate HTTP/1.1" 200 134 "-" "Wordfence Central API v1.0"
51.81.186.219 - - [28/Apr/2022:18:01:34 +0100] "HEAD / HTTP/1.1" 200 0 "-" "-"
54.68.32.247 - - [28/Apr/2022:18:01:34 +0100] "POST /?rest_route=%2Fwordfence%2Fv1%2Fauthenticate HTTP/1.1" 200 250 "-" "Wordfence Central API v1.0"
54.68.32.247 - - [28/Apr/2022:18:01:35 +0100] "POST /?rest_route=%2Fwordfence%2Fv1%2Fconfig HTTP/1.1" 200 3082 "-" "Wordfence Central API v1.0"
54.36.149.15 - - [28/Apr/2022:18:14:22 +0100] "GET /contact/ HTTP/1.1" 200 14508 "-" "Mozilla/5.0 (compatible; AhrefsBot/7.0; +http://ahrefs.com/robot/)"
152.228.171.66 - - [28/Apr/2022:18:14:22 +0100] "HEAD / HTTP/1.1" 200 0 "-" "-"
87.250.224.111 - - [28/Apr/2022:19:00:20 +0100] "GET /charity HTTP/1.1" 404 11748 "-" "Mozilla/5.0 (compatible; YandexBot/3.0; +http://yandex.com/bots)"
54.68.32.247 - - [28/Apr/2022:19:01:33 +0100] "POST /?rest_route=%2Fwordfence%2Fv1%2Fauthenticate HTTP/1.1" 200 133 "-" "Wordfence Central API v1.0"
51.81.186.219 - - [28/Apr/2022:19:01:34 +0100] "HEAD / HTTP/1.1" 200 0 "-" "-"
54.68.32.247 - - [28/Apr/2022:19:01:34 +0100] "POST /?rest_route=%2Fwordfence%2Fv1%2Fauthenticate HTTP/1.1" 200 257 "-" "Wordfence Central API v1.0"
54.68.32.247 - - [28/Apr/2022:19:01:35 +0100] "POST /?rest_route=%2Fwordfence%2Fv1%2Fconfig HTTP/1.1" 200 3082 "-" "Wordfence Central API v1.0"
23.229.104.2 - - [28/Apr/2022:19:35:19 +0100] "GET / HTTP/1.1" 301 0 "https://webtechsurvey.com/website/walbottlevi.com" "Mozilla/5.0 (Windows NT 10.0; Win64; x64) AppleWebKit/537.36 (KHTML, like Gecko) Chrome/88.0.4324.190 Safari/537.36"
23.229.104.2 - - [28/Apr/2022:19:35:21 +0100] "GET / HTTP/1.1" 200 12694 "https://webtechsurvey.com/website/www.walbottlevi.com" "Mozilla/5.0 (Windows NT 10.0; Win64; x64) AppleWebKit/537.36 (KHTML, like Gecko) Chrome/88.0.4324.190 Safari/537.36"
23.229.104.2 - - [28/Apr/2022:19:35:25 +0100] "GET /contact/ HTTP/1.1" 200 16296 "https://webtechsurvey.com/website/www.walbottlevi.com" "Mozilla/5.0 (Windows NT 10.0; Win64; x64) AppleWebKit/537.36 (KHTML, like Gecko) Chrome/88.0.4324.190 Safari/537.36"
54.68.32.247 - - [28/Apr/2022:20:01:32 +0100] "POST /?rest_route=%2Fwordfence%2Fv1%2Fauthenticate HTTP/1.1" 200 134 "-" "Wordfence Central API v1.0"
51.81.186.219 - - [28/Apr/2022:20:01:33 +0100] "HEAD / HTTP/1.1" 200 0 "-" "-"
54.68.32.247 - - [28/Apr/2022:20:01:33 +0100] "POST /?rest_route=%2Fwordfence%2Fv1%2Fauthenticate HTTP/1.1" 200 256 "-" "Wordfence Central API v1.0"
54.68.32.247 - - [28/Apr/2022:20:01:34 +0100] "POST /?rest_route=%2Fwordfence%2Fv1%2Fconfig HTTP/1.1" 200 3080 "-" "Wordfence Central API v1.0"
128.14.188.196 - - [28/Apr/2022:20:02:20 +0100] "GET /robots.txt HTTP/1.1" 401 52 "-" "Mozilla/5.0 (Macintosh; Intel Mac OS X 10_9_4) AppleWebKit/537.36 (KHTML, like Gecko) Chrome/36.0.1985.125 Safari/537.36"
128.14.188.196 - - [28/Apr/2022:20:03:09 +0100] "GET / HTTP/1.1" 401 52 "-" "Mozilla/5.0 (Macintosh; Intel Mac OS X 10_9_4) AppleWebKit/537.36 (KHTML, like Gecko) Chrome/36.0.1985.125 Safari/537.36"
128.14.188.196 - - [28/Apr/2022:20:03:09 +0100] "GET /test_404_page/ HTTP/1.1" 401 52 "-" "Mozilla/5.0 (Macintosh; Intel Mac OS X 10_9_4) AppleWebKit/537.36 (KHTML, like Gecko) Chrome/36.0.1985.125 Safari/537.36"
128.14.188.196 - - [28/Apr/2022:20:03:09 +0100] "GET /issmall/ HTTP/1.1" 401 52 "-" "Mozilla/5.0 (Macintosh; Intel Mac OS X 10_9_4) AppleWebKit/537.36 (KHTML, like Gecko) Chrome/36.0.1985.125 Safari/537.36"
128.14.188.196 - - [28/Apr/2022:20:03:32 +0100] "GET /favicon.ico HTTP/1.1" 401 52 "-" "python-requests/2.23.0"
185.191.171.13 - - [28/Apr/2022:20:13:55 +0100] "GET /facilities/ HTTP/1.1" 200 13314 "-" "Mozilla/5.0 (compatible; SemrushBot/7~bl; +http://www.semrush.com/bot.html)"
135.148.148.230 - - [28/Apr/2022:20:13:55 +0100] "HEAD / HTTP/1.1" 200 0 "-" "-"
2.56.59.164 - - [28/Apr/2022:20:38:38 +0100] "GET /defaul1.php HTTP/1.1" 403 6989 "www.google.com" "Mozlila/5.0 (Linux; Android 7.0; SM-G892A Bulid/NRD90M; wv) AppleWebKit/537.36 (KHTML, like Gecko) Version/4.0 Chrome/60.0.3112.107 Moblie Safari/537.36"
185.199.220.52 - - [28/Apr/2022:21:01:02 +0100] "POST /?wordfence_syncAttackData=1651176062.3713 HTTP/1.1" 200 0 "https://www.walbottlevi.com/?wordfence_syncAttackData=1651176062.3713" "WordPress/5.9.3; https://www.walbottlevi.com"
2.58.28.32 - - [28/Apr/2022:21:01:02 +0100] "HEAD / HTTP/1.1" 200 0 "-" "-"
54.68.32.247 - - [28/Apr/2022:21:01:33 +0100] "POST /?rest_route=%2Fwordfence%2Fv1%2Fauthenticate HTTP/1.1" 200 133 "-" "Wordfence Central API v1.0"
51.81.186.219 - - [28/Apr/2022:21:01:34 +0100] "HEAD / HTTP/1.1" 200 0 "-" "-"
54.68.32.247 - - [28/Apr/2022:21:01:34 +0100] "POST /?rest_route=%2Fwordfence%2Fv1%2Fauthenticate HTTP/1.1" 200 257 "-" "Wordfence Central API v1.0"
54.68.32.247 - - [28/Apr/2022:21:01:35 +0100] "POST /?rest_route=%2Fwordfence%2Fv1%2Fconfig HTTP/1.1" 200 3082 "-" "Wordfence Central API v1.0"
40.77.167.24 - - [28/Apr/2022:21:23:46 +0100] "GET /sitemap_index.xml HTTP/1.1" 200 325 "-" "Mozilla/5.0 (compatible; bingbot/2.0; +http://www.bing.com/bingbot.htm)"
149.28.11.90 - - [28/Apr/2022:21:23:46 +0100] "HEAD / HTTP/1.1" 200 0 "-" "-"
34.213.22.205 - - [28/Apr/2022:21:26:41 +0100] "GET / HTTP/1.1" 301 0 "-" "Mozilla/5.0 (X11; Linux x86_64) AppleWebKit/537.36 (KHTML, like Gecko) Chrome/83.0.4103.97 Safari/537.36"
34.213.22.205 - - [28/Apr/2022:21:26:45 +0100] "GET / HTTP/1.1" 200 12692 "-" "Mozilla/5.0 (X11; Linux x86_64) AppleWebKit/537.36 (KHTML, like Gecko) Chrome/83.0.4103.97 Safari/537.36"
149.28.11.90 - - [28/Apr/2022:21:26:45 +0100] "HEAD / HTTP/1.1" 200 0 "-" "-"
35.89.57.18 - - [28/Apr/2022:21:26:46 +0100] "GET / HTTP/1.1" 301 0 "-" "Mozilla/5.0 (X11; Linux x86_64) AppleWebKit/537.36 (KHTML, like Gecko) Chrome/83.0.4103.97 Safari/537.36"
35.85.62.160 - - [28/Apr/2022:21:27:44 +0100] "GET / HTTP/1.1" 301 0 "-" "Mozilla/5.0 (X11; Linux x86_64) AppleWebKit/537.36 (KHTML, like Gecko) Chrome/83.0.4103.97 Safari/537.36"
54.213.177.178 - - [28/Apr/2022:21:38:25 +0100] "GET / HTTP/1.1" 301 0 "-" "Mozilla/5.0 (Windows NT 10.0; Win64; x64)AppleWebKit/537.36 (KHTML, like Gecko) Chrome/66.0.3359.181 Safari/537.36"
54.213.177.178 - - [28/Apr/2022:21:38:27 +0100] "GET / HTTP/1.1" 200 12692 "-" "Mozilla/5.0 (Windows NT 10.0; Win64; x64)AppleWebKit/537.36 (KHTML, like Gecko) Chrome/66.0.3359.181 Safari/537.36"
51.81.186.219 - - [28/Apr/2022:21:38:27 +0100] "HEAD / HTTP/1.1" 200 0 "-" "-"
138.246.253.15 - - [28/Apr/2022:21:43:52 +0100] "HEAD / HTTP/1.1" 301 0 "-" "quic-go-HTTP/3"
94.1.34.111 - - [28/Apr/2022:21:49:13 +0100] "GET /?fbclid=IwAR384nwVkwqZayOaduk9sIxlMaBcN-gR8DWsSQ58nDbcQHR3uxazUSQjstE HTTP/2" 301 0 "https://l.facebook.com/" "Mozilla/5.0 (Macintosh; Intel Mac OS X 10_15_6) AppleWebKit/605.1.15 (KHTML, like Gecko) Version/15.3 Safari/605.1.15"
94.1.34.111 - - [28/Apr/2022:21:49:14 +0100] "GET /?wordfence_syncAttackData=1650993703.1143 HTTP/1.1" 200 0 "https://www.walbottlevi.com/?fbclid=IwAR384nwVkwqZayOaduk9sIxlMaBcN-gR8DWsSQ58nDbcQHR3uxazUSQjstE" "Mozilla/5.0 (Macintosh; Intel Mac OS X 10_15_6) AppleWebKit/605.1.15 (KHTML, like Gecko) Version/15.3 Safari/605.1.15"
2.58.28.32 - - [28/Apr/2022:21:49:14 +0100] "HEAD / HTTP/1.1" 200 0 "-" "-"
94.1.34.111 - - [28/Apr/2022:21:49:15 +0100] "GET /wp-content/uploads/2019/11/cropped-WVIMain-192x192.png HTTP/1.1" 200 28462 "https://www.walbottlevi.com/?fbclid=IwAR384nwVkwqZayOaduk9sIxlMaBcN-gR8DWsSQ58nDbcQHR3uxazUSQjstE" "Mozilla/5.0 (Macintosh; Intel Mac OS X 10_15_6) AppleWebKit/605.1.15 (KHTML, like Gecko) Version/15.3 Safari/605.1.15"
94.1.34.111 - - [28/Apr/2022:21:49:30 +0100] "GET /activities/yoga/ HTTP/1.1" 200 11331 "https://www.walbottlevi.com/?fbclid=IwAR384nwVkwqZayOaduk9sIxlMaBcN-gR8DWsSQ58nDbcQHR3uxazUSQjstE" "Mozilla/5.0 (Macintosh; Intel Mac OS X 10_15_6) AppleWebKit/605.1.15 (KHTML, like Gecko) Version/15.3 Safari/605.1.15"
94.1.34.111 - - [28/Apr/2022:21:49:31 +0100] "GET /wp-content/uploads/2021/09/Yoga.png HTTP/1.1" 200 74132 "https://www.walbottlevi.com/activities/yoga/" "Mozilla/5.0 (Macintosh; Intel Mac OS X 10_15_6) AppleWebKit/605.1.15 (KHTML, like Gecko) Version/15.3 Safari/605.1.15"
54.68.32.247 - - [28/Apr/2022:22:01:34 +0100] "POST /?rest_route=%2Fwordfence%2Fv1%2Fauthenticate HTTP/1.1" 200 133 "-" "Wordfence Central API v1.0"
51.81.186.219 - - [28/Apr/2022:22:01:35 +0100] "HEAD / HTTP/1.1" 200 0 "-" "-"
54.68.32.247 - - [28/Apr/2022:22:01:35 +0100] "POST /?rest_route=%2Fwordfence%2Fv1%2Fauthenticate HTTP/1.1" 200 256 "-" "Wordfence Central API v1.0"
54.68.32.247 - - [28/Apr/2022:22:01:36 +0100] "POST /?rest_route=%2Fwordfence%2Fv1%2Fconfig HTTP/1.1" 200 3080 "-" "Wordfence Central API v1.0"
40.77.167.24 - - [28/Apr/2022:22:10:30 +0100] "GET /sitemap_index.xml HTTP/1.1" 200 325 "-" "Mozilla/5.0 (compatible; bingbot/2.0; +http://www.bing.com/bingbot.htm)"
149.28.11.90 - - [28/Apr/2022:22:10:31 +0100] "HEAD / HTTP/1.1" 200 0 "-" "-"
67.222.142.146 - - [28/Apr/2022:22:35:21 +0100] "GET /wp-login.php HTTP/1.1" 401 52 "http://webdisk.walbottlevi.com/wp-login.php" "Mozilla/5.0 (X11; Ubuntu; Linux x86_64; rv:62.0) Gecko/20100101 Firefox/62.0"
54.68.32.247 - - [28/Apr/2022:23:01:32 +0100] "POST /?rest_route=%2Fwordfence%2Fv1%2Fauthenticate HTTP/1.1" 200 134 "-" "Wordfence Central API v1.0"
51.81.186.219 - - [28/Apr/2022:23:01:33 +0100] "HEAD / HTTP/1.1" 200 0 "-" "-"
54.68.32.247 - - [28/Apr/2022:23:01:33 +0100] "POST /?rest_route=%2Fwordfence%2Fv1%2Fauthenticate HTTP/1.1" 200 256 "-" "Wordfence Central API v1.0"
54.68.32.247 - - [28/Apr/2022:23:01:34 +0100] "POST /?rest_route=%2Fwordfence%2Fv1%2Fconfig HTTP/1.1" 200 3080 "-" "Wordfence Central API v1.0"
138.246.253.15 - - [28/Apr/2022:23:11:46 +0100] "HEAD / HTTP/1.1" 301 0 "-" "quic-go-HTTP/3"
176.53.219.91 - - [28/Apr/2022:23:22:46 +0100] "GET / HTTP/1.1" 301 0 "-" "Mozilla/5.0 (Windows NT 10.0; Win64; x64) AppleWebKit/537.36 (KHTML, like Gecko) Chrome/94.0.4606.61 Safari/537.36"
176.53.219.91 - - [28/Apr/2022:23:22:47 +0100] "GET /favicon.ico HTTP/1.1" 404 1238 "-" "Mozilla/5.0 (Windows NT 10.0; Win64; x64) AppleWebKit/537.36 (KHTML, like Gecko) Chrome/94.0.4606.61 Safari/537.36"
176.53.216.102 - - [28/Apr/2022:23:22:47 +0100] "GET /favicon.ico HTTP/1.1" 404 1238 "-" "Mozilla/5.0 (Windows NT 10.0; Win64; x64) AppleWebKit/537.36 (KHTML, like Gecko) Chrome/94.0.4606.61 Safari/537.36"
5.134.119.194 - - [28/Apr/2022:23:22:47 +0100] "HEAD / HTTP/1.1" 200 0 "-" "-"
138.246.253.15 - - [28/Apr/2022:23:39:47 +0100] "HEAD / HTTP/1.1" 301 0 "-" "quic-go-HTTP/3"
45.90.63.211 - - [28/Apr/2022:23:48:08 +0100] "GET / HTTP/1.1" 301 0 "-" "Mozilla/5.0 (Windows NT 10.0; Win64; x64) AppleWebKit/537.36 (KHTML, like Gecko) Chrome/94.0.4606.61 Safari/537.36"
176.113.43.82 - - [28/Apr/2022:23:48:09 +0100] "GET / HTTP/1.1" 200 12692 "-" "Mozilla/5.0 (Windows NT 10.0; Win64; x64) AppleWebKit/537.36 (KHTML, like Gecko) Chrome/94.0.4606.61 Safari/537.36"
185.228.26.40 - - [28/Apr/2022:23:48:09 +0100] "HEAD / HTTP/1.1" 200 0 "-" "-"
45.90.63.211 - - [28/Apr/2022:23:48:09 +0100] "GET /favicon.ico HTTP/1.1" 404 1238 "-" "Mozilla/5.0 (Windows NT 10.0; Win64; x64) AppleWebKit/537.36 (KHTML, like Gecko) Chrome/94.0.4606.61 Safari/537.36"
54.68.32.247 - - [29/Apr/2022:00:01:34 +0100] "POST /?rest_route=%2Fwordfence%2Fv1%2Fauthenticate HTTP/1.1" 200 132 "-" "Wordfence Central API v1.0"
51.81.186.219 - - [29/Apr/2022:00:01:35 +0100] "HEAD / HTTP/1.1" 200 0 "-" "-"
54.68.32.247 - - [29/Apr/2022:00:01:35 +0100] "POST /?rest_route=%2Fwordfence%2Fv1%2Fauthenticate HTTP/1.1" 200 259 "-" "Wordfence Central API v1.0"
54.68.32.247 - - [29/Apr/2022:00:01:36 +0100] "POST /?rest_route=%2Fwordfence%2Fv1%2Fconfig HTTP/1.1" 200 3082 "-" "Wordfence Central API v1.0"
54.36.148.85 - - [29/Apr/2022:00:20:49 +0100] "GET /activities/pilates-with-julia/ HTTP/1.1" 200 11116 "-" "Mozilla/5.0 (compatible; AhrefsBot/7.0; +http://ahrefs.com/robot/)"
152.228.171.66 - - [29/Apr/2022:00:20:50 +0100] "HEAD / HTTP/1.1" 200 0 "-" "-"
138.246.253.15 - - [29/Apr/2022:00:38:39 +0100] "HEAD / HTTP/1.1" 301 0 "-" "quic-go-HTTP/3"
54.68.32.247 - - [29/Apr/2022:01:01:33 +0100] "POST /?rest_route=%2Fwordfence%2Fv1%2Fauthenticate HTTP/1.1" 200 132 "-" "Wordfence Central API v1.0"
51.81.186.219 - - [29/Apr/2022:01:01:34 +0100] "HEAD / HTTP/1.1" 200 0 "-" "-"
54.68.32.247 - - [29/Apr/2022:01:01:34 +0100] "POST /?rest_route=%2Fwordfence%2Fv1%2Fauthenticate HTTP/1.1" 200 257 "-" "Wordfence Central API v1.0"
54.68.32.247 - - [29/Apr/2022:01:01:35 +0100] "POST /?rest_route=%2Fwordfence%2Fv1%2Fconfig HTTP/1.1" 200 3082 "-" "Wordfence Central API v1.0"
65.21.206.46 - - [29/Apr/2022:01:44:33 +0100] "GET / HTTP/2" 301 0 "-" "Mozilla/5.0 (Windows NT 10.0; Win64; x64) AppleWebKit/537.36 (KHTML, like Gecko) Chrome/91.0.4472.114 Safari/537.36 Edg/91.0.864.54"
54.68.32.247 - - [29/Apr/2022:02:01:33 +0100] "POST /?rest_route=%2Fwordfence%2Fv1%2Fauthenticate HTTP/1.1" 200 133 "-" "Wordfence Central API v1.0"
51.81.186.219 - - [29/Apr/2022:02:01:34 +0100] "HEAD / HTTP/1.1" 200 0 "-" "-"
54.68.32.247 - - [29/Apr/2022:02:01:34 +0100] "POST /?rest_route=%2Fwordfence%2Fv1%2Fauthenticate HTTP/1.1" 200 256 "-" "Wordfence Central API v1.0"
54.68.32.247 - - [29/Apr/2022:02:01:35 +0100] "POST /?rest_route=%2Fwordfence%2Fv1%2Fconfig HTTP/1.1" 200 3082 "-" "Wordfence Central API v1.0"
54.68.32.247 - - [29/Apr/2022:03:01:33 +0100] "POST /?rest_route=%2Fwordfence%2Fv1%2Fauthenticate HTTP/1.1" 200 134 "-" "Wordfence Central API v1.0"
51.81.186.219 - - [29/Apr/2022:03:01:33 +0100] "HEAD / HTTP/1.1" 200 0 "-" "-"
54.68.32.247 - - [29/Apr/2022:03:01:34 +0100] "POST /?rest_route=%2Fwordfence%2Fv1%2Fauthenticate HTTP/1.1" 200 256 "-" "Wordfence Central API v1.0"
54.68.32.247 - - [29/Apr/2022:03:01:34 +0100] "POST /?rest_route=%2Fwordfence%2Fv1%2Fconfig HTTP/1.1" 200 3080 "-" "Wordfence Central API v1.0"
135.181.74.243 - - [29/Apr/2022:03:26:11 +0100] "GET /robots.txt HTTP/1.1" 301 0 "-" "Mozilla/5.0 (compatible; MJ12bot/v1.4.8; http://mj12bot.com/)"
135.181.74.243 - - [29/Apr/2022:03:26:19 +0100] "GET /robots.txt HTTP/1.1" 200 116 "-" "Mozilla/5.0 (compatible; MJ12bot/v1.4.8; http://mj12bot.com/)"
65.21.81.50 - - [29/Apr/2022:03:26:19 +0100] "HEAD / HTTP/1.1" 200 0 "-" "-"
135.181.74.243 - - [29/Apr/2022:03:26:40 +0100] "GET / HTTP/1.1" 301 0 "-" "Mozilla/5.0 (compatible; MJ12bot/v1.4.8; http://mj12bot.com/)"
72.13.62.26 - - [29/Apr/2022:03:48:48 +0100] "GET / HTTP/1.1" 200 12692 "-" "Mozilla/5.0 (compatible; ips-agent)"
135.148.148.230 - - [29/Apr/2022:03:48:48 +0100] "HEAD / HTTP/1.1" 200 0 "-" "-"
72.13.62.26 - - [29/Apr/2022:03:48:50 +0100] "GET /news/ HTTP/1.1" 200 13208 "-" "Mozilla/5.0 (compatible; ips-agent)"
54.68.32.247 - - [29/Apr/2022:04:01:33 +0100] "POST /?rest_route=%2Fwordfence%2Fv1%2Fauthenticate HTTP/1.1" 200 133 "-" "Wordfence Central API v1.0"
51.81.186.219 - - [29/Apr/2022:04:01:33 +0100] "HEAD / HTTP/1.1" 200 0 "-" "-"
54.68.32.247 - - [29/Apr/2022:04:01:34 +0100] "POST /?rest_route=%2Fwordfence%2Fv1%2Fauthenticate HTTP/1.1" 200 256 "-" "Wordfence Central API v1.0"
54.68.32.247 - - [29/Apr/2022:04:01:34 +0100] "POST /?rest_route=%2Fwordfence%2Fv1%2Fconfig HTTP/1.1" 200 3080 "-" "Wordfence Central API v1.0"
54.68.32.247 - - [29/Apr/2022:05:01:33 +0100] "POST /?rest_route=%2Fwordfence%2Fv1%2Fauthenticate HTTP/1.1" 200 133 "-" "Wordfence Central API v1.0"
51.81.186.219 - - [29/Apr/2022:05:01:34 +0100] "HEAD / HTTP/1.1" 200 0 "-" "-"
54.68.32.247 - - [29/Apr/2022:05:01:34 +0100] "POST /?rest_route=%2Fwordfence%2Fv1%2Fauthenticate HTTP/1.1" 200 256 "-" "Wordfence Central API v1.0"
54.68.32.247 - - [29/Apr/2022:05:01:35 +0100] "POST /?rest_route=%2Fwordfence%2Fv1%2Fconfig HTTP/1.1" 200 3080 "-" "Wordfence Central API v1.0"
185.191.171.24 - - [29/Apr/2022:05:22:24 +0100] "GET /news/2021/04/ HTTP/1.1" 200 12061 "-" "Mozilla/5.0 (compatible; SemrushBot/7~bl; +http://www.semrush.com/bot.html)"
135.148.148.230 - - [29/Apr/2022:05:22:24 +0100] "HEAD / HTTP/1.1" 200 0 "-" "-"
157.55.39.10 - - [29/Apr/2022:05:42:43 +0100] "GET /post-sitemap.xml HTTP/1.1" 200 662 "-" "Mozilla/5.0 (compatible; bingbot/2.0; +http://www.bing.com/bingbot.htm)"
149.28.11.90 - - [29/Apr/2022:05:42:44 +0100] "HEAD / HTTP/1.1" 200 0 "-" "-"
54.68.32.247 - - [29/Apr/2022:06:01:32 +0100] "POST /?rest_route=%2Fwordfence%2Fv1%2Fauthenticate HTTP/1.1" 200 134 "-" "Wordfence Central API v1.0"
51.81.186.219 - - [29/Apr/2022:06:01:32 +0100] "HEAD / HTTP/1.1" 200 0 "-" "-"
54.68.32.247 - - [29/Apr/2022:06:01:32 +0100] "POST /?rest_route=%2Fwordfence%2Fv1%2Fauthenticate HTTP/1.1" 200 257 "-" "Wordfence Central API v1.0"
54.68.32.247 - - [29/Apr/2022:06:01:33 +0100] "POST /?rest_route=%2Fwordfence%2Fv1%2Fconfig HTTP/1.1" 200 3082 "-" "Wordfence Central API v1.0"
138.246.253.15 - - [29/Apr/2022:06:05:03 +0100] "HEAD / HTTP/1.1" 301 0 "-" "quic-go-HTTP/3"
157.230.109.157 - - [29/Apr/2022:06:26:07 +0100] "GET / HTTP/1.1" 200 12692 "-" "-"
157.230.109.157 - - [29/Apr/2022:06:26:07 +0100] "GET /wp-content/themes/lovecraft/style.css HTTP/1.1" 200 14146 "-" "-"
90.211.218.21 - - [29/Apr/2022:06:30:18 +0100] "GET /.well-known/assetlinks.json HTTP/1.1" 301 0 "-" "Mozilla/5.0 (Macintosh; Intel Mac OS X 10_11_6) AppleWebKit/537.36 (KHTML, like Gecko) Chrome/53.0.2785.143 Safari/537.36"
90.211.218.21 - - [29/Apr/2022:06:30:19 +0100] "GET /.well-known/assetlinks.json HTTP/1.1" 404 11753 "-" "Mozilla/5.0 (Macintosh; Intel Mac OS X 10_11_6) AppleWebKit/537.36 (KHTML, like Gecko) Chrome/53.0.2785.143 Safari/537.36"
2.58.28.32 - - [29/Apr/2022:06:30:19 +0100] "HEAD / HTTP/1.1" 200 0 "-" "-"
54.68.32.247 - - [29/Apr/2022:07:01:33 +0100] "POST /?rest_route=%2Fwordfence%2Fv1%2Fauthenticate HTTP/1.1" 200 133 "-" "Wordfence Central API v1.0"
54.68.32.247 - - [29/Apr/2022:07:01:33 +0100] "POST /?rest_route=%2Fwordfence%2Fv1%2Fauthenticate HTTP/1.1" 200 255 "-" "Wordfence Central API v1.0"
54.68.32.247 - - [29/Apr/2022:07:01:35 +0100] "POST /?rest_route=%2Fwordfence%2Fv1%2Fconfig HTTP/1.1" 200 3082 "-" "Wordfence Central API v1.0"
45.90.61.242 - - [29/Apr/2022:07:09:38 +0100] "GET / HTTP/1.1" 301 0 "-" "Mozilla/5.0 (Windows NT 10.0; Win64; x64) AppleWebKit/537.36 (KHTML, like Gecko) Chrome/94.0.4606.61 Safari/537.36"
45.90.61.242 - - [29/Apr/2022:07:09:39 +0100] "GET / HTTP/1.1" 200 12692 "-" "Mozilla/5.0 (Windows NT 10.0; Win64; x64) AppleWebKit/537.36 (KHTML, like Gecko) Chrome/94.0.4606.61 Safari/537.36"
5.188.183.13 - - [29/Apr/2022:07:09:39 +0100] "HEAD / HTTP/1.1" 200 0 "-" "-"
45.90.61.242 - - [29/Apr/2022:07:09:39 +0100] "GET /favicon.ico HTTP/1.1" 404 1238 "-" "Mozilla/5.0 (Windows NT 10.0; Win64; x64) AppleWebKit/537.36 (KHTML, like Gecko) Chrome/94.0.4606.61 Safari/537.36"
10.4.96.3 - - [29/Apr/2022:07:25:52 +0100] "GET /category-sitemap.xml HTTP/1.1" 200 388 "-" "Mozilla/5.0 (compatible; bingbot/2.0; +http://www.bing.com/bingbot.htm)"
149.28.11.90 - - [29/Apr/2022:07:25:52 +0100] "HEAD / HTTP/1.1" 200 0 "-" "-"
40.77.167.24 - - [29/Apr/2022:07:41:44 +0100] "GET /sitemap_index.xml HTTP/1.1" 200 325 "-" "Mozilla/5.0 (compatible; bingbot/2.0; +http://www.bing.com/bingbot.htm)"
109.148.250.139 - - [29/Apr/2022:07:55:03 +0100] "GET /cart/ HTTP/1.1" 301 0 "-" "Mozilla/4.0 (compatible; MSIE 7.0; Windows NT 6.1; WOW64; Trident/7.0; SLCC2; .NET CLR 2.0.50727; .NET CLR 3.5.30729; .NET CLR 3.0.30729; Media Center PC 6.0; .NET4.0C; .NET4.0E)"
109.148.250.139 - - [29/Apr/2022:07:55:07 +0100] "GET /cart/ HTTP/1.1" 404 11755 "-" "Mozilla/4.0 (compatible; MSIE 7.0; Windows NT 6.1; WOW64; Trident/7.0; SLCC2; .NET CLR 2.0.50727; .NET CLR 3.5.30729; .NET CLR 3.0.30729; Media Center PC 6.0; .NET4.0C; .NET4.0E)"
185.199.220.52 - - [29/Apr/2022:08:00:06 +0100] "HEAD / HTTP/2" 301 0 "-" "-"
54.68.32.247 - - [29/Apr/2022:08:01:33 +0100] "POST /?rest_route=%2Fwordfence%2Fv1%2Fauthenticate HTTP/1.1" 200 134 "-" "Wordfence Central API v1.0"
51.81.186.219 - - [29/Apr/2022:08:01:34 +0100] "HEAD / HTTP/1.1" 200 0 "-" "-"
54.68.32.247 - - [29/Apr/2022:08:01:34 +0100] "POST /?rest_route=%2Fwordfence%2Fv1%2Fauthenticate HTTP/1.1" 200 256 "-" "Wordfence Central API v1.0"
54.68.32.247 - - [29/Apr/2022:08:01:35 +0100] "POST /?rest_route=%2Fwordfence%2Fv1%2Fconfig HTTP/1.1" 200 3082 "-" "Wordfence Central API v1.0"
10.4.96.3 - - [29/Apr/2022:08:13:57 +0100] "GET /page-sitemap.xml HTTP/1.1" 200 1232 "-" "Mozilla/5.0 (compatible; bingbot/2.0; +http://www.bing.com/bingbot.htm)"
138.246.253.15 - - [29/Apr/2022:08:57:48 +0100] "HEAD / HTTP/1.1" 301 0 "-" "quic-go-HTTP/3"
54.68.32.247 - - [29/Apr/2022:09:01:33 +0100] "POST /?rest_route=%2Fwordfence%2Fv1%2Fauthenticate HTTP/1.1" 200 133 "-" "Wordfence Central API v1.0"
51.81.186.219 - - [29/Apr/2022:09:01:34 +0100] "HEAD / HTTP/1.1" 200 0 "-" "-"
54.68.32.247 - - [29/Apr/2022:09:01:34 +0100] "POST /?rest_route=%2Fwordfence%2Fv1%2Fauthenticate HTTP/1.1" 200 257 "-" "Wordfence Central API v1.0"
54.68.32.247 - - [29/Apr/2022:09:01:35 +0100] "POST /?rest_route=%2Fwordfence%2Fv1%2Fconfig HTTP/1.1" 200 3080 "-" "Wordfence Central API v1.0"
40.77.167.24 - - [29/Apr/2022:09:40:35 +0100] "GET /sitemap_index.xml HTTP/1.1" 200 325 "-" "Mozilla/5.0 (compatible; bingbot/2.0; +http://www.bing.com/bingbot.htm)"
149.28.11.90 - - [29/Apr/2022:09:40:36 +0100] "HEAD / HTTP/1.1" 200 0 "-" "-"
54.68.32.247 - - [29/Apr/2022:10:01:33 +0100] "POST /?rest_route=%2Fwordfence%2Fv1%2Fauthenticate HTTP/1.1" 200 133 "-" "Wordfence Central API v1.0"
51.81.186.219 - - [29/Apr/2022:10:01:33 +0100] "HEAD / HTTP/1.1" 200 0 "-" "-"
54.68.32.247 - - [29/Apr/2022:10:01:34 +0100] "POST /?rest_route=%2Fwordfence%2Fv1%2Fauthenticate HTTP/1.1" 200 256 "-" "Wordfence Central API v1.0"
54.68.32.247 - - [29/Apr/2022:10:01:35 +0100] "POST /?rest_route=%2Fwordfence%2Fv1%2Fconfig HTTP/1.1" 200 3082 "-" "Wordfence Central API v1.0"
138.246.253.15 - - [29/Apr/2022:10:06:33 +0100] "HEAD / HTTP/1.1" 301 0 "-" "quic-go-HTTP/3"
104.236.233.109 - - [29/Apr/2022:10:53:47 +0100] "GET /wp-content/themes/twentynineteen/index.php?520=1 HTTP/1.1" 301 0 "walbottlevi.com" "Mozilla/5.0 (Windows NT 6.1; WOW64) AppleWebKit/537.36 (KHTML, like Gecko) Chrome/50.0.2661.75 Safari/537.36"
104.236.233.109 - - [29/Apr/2022:10:53:48 +0100] "GET /wp-content/themes/twentynineteen/?520=1 HTTP/1.1" 404 11757 "walbottlevi.com" "Mozilla/5.0 (Windows NT 6.1; WOW64) AppleWebKit/537.36 (KHTML, like Gecko) Chrome/50.0.2661.75 Safari/537.36"
165.227.116.222 - - [29/Apr/2022:10:53:49 +0100] "HEAD / HTTP/1.1" 200 0 "-" "-"
104.236.233.109 - - [29/Apr/2022:10:55:12 +0100] "GET /wp-content/uploads/2021/new-index.php?520=1 HTTP/1.1" 301 0 "walbottlevi.com" "Mozilla/5.0 (Windows NT 6.1; WOW64) AppleWebKit/537.36 (KHTML, like Gecko) Chrome/50.0.2661.75 Safari/537.36"
104.236.233.109 - - [29/Apr/2022:10:55:13 +0100] "GET /wp-content/uploads/2021/new-index.php?520=1 HTTP/1.1" 404 11752 "walbottlevi.com" "Mozilla/5.0 (Windows NT 6.1; WOW64) AppleWebKit/537.36 (KHTML, like Gecko) Chrome/50.0.2661.75 Safari/537.36"
104.236.233.109 - - [29/Apr/2022:10:55:55 +0100] "GET /wp-content/uploads/2021/2index.php?520=1 HTTP/1.1" 301 0 "walbottlevi.com" "Mozilla/5.0 (Windows NT 6.1; WOW64) AppleWebKit/537.36 (KHTML, like Gecko) Chrome/50.0.2661.75 Safari/537.36"
104.236.233.109 - - [29/Apr/2022:10:55:56 +0100] "GET /wp-content/uploads/2021/2index.php?520=1 HTTP/1.1" 404 11757 "walbottlevi.com" "Mozilla/5.0 (Windows NT 6.1; WOW64) AppleWebKit/537.36 (KHTML, like Gecko) Chrome/50.0.2661.75 Safari/537.36"
104.236.233.109 - - [29/Apr/2022:10:55:57 +0100] "GET /wp-content/themes/twentynineteen/new-index.php?520=1 HTTP/1.1" 301 0 "walbottlevi.com" "Mozilla/5.0 (Windows NT 6.1; WOW64) AppleWebKit/537.36 (KHTML, like Gecko) Chrome/50.0.2661.75 Safari/537.36"
104.236.233.109 - - [29/Apr/2022:10:55:58 +0100] "GET /wp-content/themes/twentynineteen/new-index.php?520=1 HTTP/1.1" 404 11754 "walbottlevi.com" "Mozilla/5.0 (Windows NT 6.1; WOW64) AppleWebKit/537.36 (KHTML, like Gecko) Chrome/50.0.2661.75 Safari/537.36"
104.236.233.109 - - [29/Apr/2022:10:56:09 +0100] "GET /wp-includes/rest-api/endpoints/radio.php?520=1 HTTP/1.1" 301 0 "walbottlevi.com" "Mozilla/5.0 (Windows NT 6.1; WOW64) AppleWebKit/537.36 (KHTML, like Gecko) Chrome/50.0.2661.75 Safari/537.36"
104.236.233.109 - - [29/Apr/2022:10:56:09 +0100] "GET /wp-includes/rest-api/endpoints/radio.php?520=1 HTTP/1.1" 404 11755 "walbottlevi.com" "Mozilla/5.0 (Windows NT 6.1; WOW64) AppleWebKit/537.36 (KHTML, like Gecko) Chrome/50.0.2661.75 Safari/537.36"
165.227.116.222 - - [29/Apr/2022:10:56:10 +0100] "HEAD / HTTP/1.1" 200 0 "-" "-"
54.68.32.247 - - [29/Apr/2022:11:01:32 +0100] "POST /?rest_route=%2Fwordfence%2Fv1%2Fauthenticate HTTP/1.1" 200 133 "-" "Wordfence Central API v1.0"
54.68.32.247 - - [29/Apr/2022:11:01:33 +0100] "POST /?rest_route=%2Fwordfence%2Fv1%2Fauthenticate HTTP/1.1" 200 256 "-" "Wordfence Central API v1.0"
54.68.32.247 - - [29/Apr/2022:11:01:34 +0100] "POST /?rest_route=%2Fwordfence%2Fv1%2Fconfig HTTP/1.1" 200 3082 "-" "Wordfence Central API v1.0"
173.252.107.8 - - [29/Apr/2022:11:03:49 +0100] "GET /wp-content/uploads/2020/09/cropped-IMG_0477-scaled-2.jpg HTTP/1.1" 403 1229 "-" "facebookexternalhit/1.1 (+http://www.facebook.com/externalhit_uatext.php)"
104.225.142.116 - - [29/Apr/2022:11:03:49 +0100] "HEAD / HTTP/1.1" 200 0 "-" "-"
86.160.108.96 - - [29/Apr/2022:11:04:51 +0100] "GET /news/ HTTP/1.1" 200 11621 "https://www.google.co.uk/" "Mozilla/5.0 (Macintosh; Intel Mac OS X 10_15_6) AppleWebKit/605.1.15 (KHTML, like Gecko) Version/15.3 Safari/605.1.15"
2.58.28.32 - - [29/Apr/2022:11:04:51 +0100] "HEAD / HTTP/1.1" 200 0 "-" "-"
54.68.32.247 - - [29/Apr/2022:12:01:33 +0100] "POST /?rest_route=%2Fwordfence%2Fv1%2Fauthenticate HTTP/1.1" 200 134 "-" "Wordfence Central API v1.0"
51.81.186.219 - - [29/Apr/2022:12:01:34 +0100] "HEAD / HTTP/1.1" 200 0 "-" "-"
54.68.32.247 - - [29/Apr/2022:12:01:34 +0100] "POST /?rest_route=%2Fwordfence%2Fv1%2Fauthenticate HTTP/1.1" 200 257 "-" "Wordfence Central API v1.0"
54.68.32.247 - - [29/Apr/2022:12:01:35 +0100] "POST /?rest_route=%2Fwordfence%2Fv1%2Fconfig HTTP/1.1" 200 3082 "-" "Wordfence Central API v1.0"
66.249.73.66 - - [29/Apr/2022:12:56:20 +0100] "GET /robots.txt HTTP/1.1" 301 0 "-" "Mozilla/5.0 (compatible; Googlebot/2.1; +http://www.google.com/bot.html)"
66.249.68.67 - - [29/Apr/2022:12:56:21 +0100] "GET /robots.txt HTTP/1.1" 200 102 "-" "Mozilla/5.0 (compatible; Googlebot/2.1; +http://www.google.com/bot.html)"
64.225.34.246 - - [29/Apr/2022:12:56:22 +0100] "HEAD / HTTP/1.1" 200 0 "-" "-"
66.249.73.69 - - [29/Apr/2022:12:56:22 +0100] "GET / HTTP/1.1" 301 0 "-" "Mozilla/5.0 (compatible; Googlebot/2.1; +http://www.google.com/bot.html)"
34.70.81.64 - - [29/Apr/2022:12:58:29 +0100] "GET / HTTP/1.1" 301 0 "http://walbottlevi.com/" "Mozilla/5.0 (Windows NT 6.1; rv:2.0) Gecko/20100101 Firefox/4.0"
34.70.81.64 - - [29/Apr/2022:12:58:30 +0100] "GET / HTTP/1.1" 200 12692 "https://walbottlevi.com/" "Mozilla/5.0 (Windows NT 6.1; rv:2.0) Gecko/20100101 Firefox/4.0"
66.249.73.95 - - [29/Apr/2022:13:01:20 +0100] "GET / HTTP/1.1" 301 0 "-" "Mozilla/5.0 (Linux; Android 6.0.1; Nexus 5X Build/MMB29P) AppleWebKit/537.36 (KHTML, like Gecko) Chrome/100.0.4896.127 Mobile Safari/537.36 (compatible; Googlebot/2.1; +http://www.google.com/bot.html)"
54.68.32.247 - - [29/Apr/2022:13:01:32 +0100] "POST /?rest_route=%2Fwordfence%2Fv1%2Fauthenticate HTTP/1.1" 200 133 "-" "Wordfence Central API v1.0"
54.68.32.247 - - [29/Apr/2022:13:01:33 +0100] "POST /?rest_route=%2Fwordfence%2Fv1%2Fauthenticate HTTP/1.1" 200 257 "-" "Wordfence Central API v1.0"
54.68.32.247 - - [29/Apr/2022:13:01:34 +0100] "POST /?rest_route=%2Fwordfence%2Fv1%2Fconfig HTTP/1.1" 200 3082 "-" "Wordfence Central API v1.0"
10.4.96.3 - - [29/Apr/2022:13:43:59 +0100] "GET /news/page/2/ HTTP/1.1" 200 12883 "-" "Mozilla/5.0 (compatible; bingbot/2.0; +http://www.bing.com/bingbot.htm)"
149.28.11.90 - - [29/Apr/2022:13:44:00 +0100] "HEAD / HTTP/1.1" 200 0 "-" "-"
157.55.39.123 - - [29/Apr/2022:13:44:15 +0100] "GET /wp-content/litespeed/css/8576258e7ed95683a61ed71d30331f17.css?ver=3458c HTTP/1.1" 200 1410 "-" "Mozilla/5.0 (compatible; bingbot/2.0; +http://www.bing.com/bingbot.htm)"
149.28.11.90 - - [29/Apr/2022:13:44:15 +0100] "HEAD / HTTP/1.1" 200 0 "-" "-"
207.46.13.36 - - [29/Apr/2022:13:44:15 +0100] "GET /wp-content/litespeed/css/79ac2e166a64deb7082c8f4a065d36e5.css?ver=d36e5 HTTP/1.1" 200 325 "-" "Mozilla/5.0 (compatible; bingbot/2.0; +http://www.bing.com/bingbot.htm)"
157.55.39.123 - - [29/Apr/2022:13:44:17 +0100] "GET /wp-content/plugins/cookie-law-info/public/js/cookie-law-info-public.js?ver=2.1.1 HTTP/1.1" 200 9478 "-" "Mozilla/5.0 (compatible; bingbot/2.0; +http://www.bing.com/bingbot.htm)"
40.77.167.24 - - [29/Apr/2022:13:44:18 +0100] "GET /wp-content/litespeed/css/cb21ec2d70e49154406ff85a4f971eb0.css?ver=4a728 HTTP/1.1" 200 805 "-" "Mozilla/5.0 (compatible; bingbot/2.0; +http://www.bing.com/bingbot.htm)"
157.55.39.10 - - [29/Apr/2022:13:44:18 +0100] "GET /wp-content/themes/lovecraft/assets/js/doubletaptogo.min.js?ver=1 HTTP/1.1" 200 358 "-" "Mozilla/5.0 (compatible; bingbot/2.0; +http://www.bing.com/bingbot.htm)"
207.46.13.36 - - [29/Apr/2022:13:44:18 +0100] "GET /wp-includes/js/wp-emoji-release.min.js?ver=5.9.3 HTTP/1.1" 200 5623 "-" "Mozilla/5.0 (compatible; bingbot/2.0; +http://www.bing.com/bingbot.htm)"
157.55.39.159 - - [29/Apr/2022:13:44:20 +0100] "GET /wp-content/litespeed/css/28077ec3d4019a380b51ef57e24685fc.css?ver=188fb HTTP/1.1" 200 1475 "-" "Mozilla/5.0 (compatible; bingbot/2.0; +http://www.bing.com/bingbot.htm)"
157.55.39.55 - - [29/Apr/2022:13:44:21 +0100] "GET /wp-content/litespeed/css/04c205088aef6ab86671135984bde441.css?ver=ef894 HTTP/1.1" 200 250 "-" "Mozilla/5.0 (compatible; bingbot/2.0; +http://www.bing.com/bingbot.htm)"
157.55.39.159 - - [29/Apr/2022:13:44:23 +0100] "GET /wp-content/litespeed/css/962881a9f7b8a4ad588b826970384b0a.css?ver=24dc7 HTTP/1.1" 200 4840 "-" "Mozilla/5.0 (compatible; bingbot/2.0; +http://www.bing.com/bingbot.htm)"
157.55.39.55 - - [29/Apr/2022:13:44:24 +0100] "GET /wp-content/plugins/simple-banner/simple-banner.js?ver=2.11.0 HTTP/1.1" 200 1512 "-" "Mozilla/5.0 (compatible; bingbot/2.0; +http://www.bing.com/bingbot.htm)"
157.55.39.55 - - [29/Apr/2022:13:44:27 +0100] "GET /wp-includes/js/jquery/jquery.min.js?ver=3.6.0 HTTP/1.1" 200 34819 "-" "Mozilla/5.0 (compatible; bingbot/2.0; +http://www.bing.com/bingbot.htm)"
10.4.96.3 - - [29/Apr/2022:13:51:15 +0100] "GET /robots.txt HTTP/1.1" 200 116 "-" "Mozilla/5.0 (compatible; bingbot/2.0; +http://www.bing.com/bingbot.htm)"
149.28.11.90 - - [29/Apr/2022:13:51:15 +0100] "HEAD / HTTP/1.1" 200 0 "-" "-"
10.4.96.3 - - [29/Apr/2022:13:54:50 +0100] "GET /wp-content/litespeed/css/cf22e83ddbcbe9bf0a5483ea759a38f0.css?ver=a27c7 HTTP/1.1" 200 14079 "-" "Mozilla/5.0 (compatible; bingbot/2.0; +http://www.bing.com/bingbot.htm)"
149.28.11.90 - - [29/Apr/2022:13:54:50 +0100] "HEAD / HTTP/1.1" 200 0 "-" "-"
40.77.167.24 - - [29/Apr/2022:13:54:58 +0100] "GET /wp-content/litespeed/css/f1f3bb515f8594534f56b8b8eb04f322.css?ver=bdff9 HTTP/1.1" 200 10202 "-" "Mozilla/5.0 (compatible; bingbot/2.0; +http://www.bing.com/bingbot.htm)"
40.77.167.24 - - [29/Apr/2022:13:55:09 +0100] "GET /sitemap_index.xml HTTP/1.1" 200 325 "-" "Mozilla/5.0 (compatible; bingbot/2.0; +http://www.bing.com/bingbot.htm)"
40.77.191.127 - - [29/Apr/2022:14:00:13 +0100] "GET /wp-content/plugins/cookie-law-info/public/images/logo-cookieyes.svg HTTP/1.1" 200 2581 "-" "Mozilla/5.0 (Windows NT 6.1; WOW64) AppleWebKit/534+ (KHTML, like Gecko) BingPreview/1.0b"
40.77.191.131 - - [29/Apr/2022:14:00:13 +0100] "GET /wp-content/themes/lovecraft/assets/fonts/genericons/Genericons.woff HTTP/1.1" 200 13116 "-" "Mozilla/5.0 (Windows NT 6.1; WOW64) AppleWebKit/534+ (KHTML, like Gecko) BingPreview/1.0b"
54.68.32.247 - - [29/Apr/2022:14:01:32 +0100] "POST /?rest_route=%2Fwordfence%2Fv1%2Fauthenticate HTTP/1.1" 200 134 "-" "Wordfence Central API v1.0"
51.81.186.219 - - [29/Apr/2022:14:01:33 +0100] "HEAD / HTTP/1.1" 200 0 "-" "-"
54.68.32.247 - - [29/Apr/2022:14:01:33 +0100] "POST /?rest_route=%2Fwordfence%2Fv1%2Fauthenticate HTTP/1.1" 200 257 "-" "Wordfence Central API v1.0"
54.68.32.247 - - [29/Apr/2022:14:01:34 +0100] "POST /?rest_route=%2Fwordfence%2Fv1%2Fconfig HTTP/1.1" 200 3082 "-" "Wordfence Central API v1.0"
54.68.32.247 - - [29/Apr/2022:15:01:32 +0100] "POST /?rest_route=%2Fwordfence%2Fv1%2Fauthenticate HTTP/1.1" 200 133 "-" "Wordfence Central API v1.0"
51.81.186.219 - - [29/Apr/2022:15:01:33 +0100] "HEAD / HTTP/1.1" 200 0 "-" "-"
54.68.32.247 - - [29/Apr/2022:15:01:33 +0100] "POST /?rest_route=%2Fwordfence%2Fv1%2Fauthenticate HTTP/1.1" 200 257 "-" "Wordfence Central API v1.0"
54.68.32.247 - - [29/Apr/2022:15:01:34 +0100] "POST /?rest_route=%2Fwordfence%2Fv1%2Fconfig HTTP/1.1" 200 3080 "-" "Wordfence Central API v1.0"
47.106.201.134 - - [29/Apr/2022:15:25:05 +0100] "GET /wp-login.php HTTP/1.1" 401 52 "http://cpcalendars.walbottlevi.com/wp-login.php" "Mozilla/5.0 (X11; Ubuntu; Linux x86_64; rv:62.0) Gecko/20100101 Firefox/62.0"
176.53.221.225 - - [29/Apr/2022:15:30:14 +0100] "GET / HTTP/1.1" 301 0 "-" "Mozilla/5.0 (Windows NT 10.0; Win64; x64) AppleWebKit/537.36 (KHTML, like Gecko) Chrome/94.0.4606.61 Safari/537.36"
176.53.216.52 - - [29/Apr/2022:15:30:15 +0100] "GET /favicon.ico HTTP/1.1" 404 1238 "-" "Mozilla/5.0 (Windows NT 10.0; Win64; x64) AppleWebKit/537.36 (KHTML, like Gecko) Chrome/94.0.4606.61 Safari/537.36"
176.53.221.225 - - [29/Apr/2022:15:30:15 +0100] "GET /favicon.ico HTTP/1.1" 404 1238 "-" "Mozilla/5.0 (Windows NT 10.0; Win64; x64) AppleWebKit/537.36 (KHTML, like Gecko) Chrome/94.0.4606.61 Safari/537.36"
54.191.137.17 - - [29/Apr/2022:15:53:33 +0100] "POST /wp-load.php?mwprid=626bfbe8884f65.63860994 HTTP/1.1" 200 10312 "https://walbottlevi.com/" "Mozilla/5.0 (Windows NT 10.0; Win64; x64) AppleWebKit/537.36 (KHTML, like Gecko) Chrome/62.0.3202.94 Safari/537.36"
54.191.137.17 - - [29/Apr/2022:15:53:40 +0100] "POST /wp-load.php?mwprid=626bfbf17e5c15.37929841 HTTP/1.1" 200 691 "https://walbottlevi.com/" "Mozilla/5.0 (Windows NT 10.0; Win64; x64) AppleWebKit/537.36 (KHTML, like Gecko) Chrome/62.0.3202.94 Safari/537.36"
54.191.137.17 - - [29/Apr/2022:15:54:03 +0100] "GET / HTTP/2" 301 0 "-" "Mozilla/5.0 (X11; Linux x86_64) AppleWebKit/537.36 (KHTML, like Gecko) HeadlessChrome/60.0.3112.101 Safari/537.36"
54.191.137.17 - - [29/Apr/2022:15:54:04 +0100] "GET / HTTP/1.1" 200 12694 "-" "Mozilla/5.0 (X11; Linux x86_64) AppleWebKit/537.36 (KHTML, like Gecko) HeadlessChrome/60.0.3112.101 Safari/537.36"
54.191.137.17 - - [29/Apr/2022:15:54:05 +0100] "GET /wp-includes/js/jquery/jquery-migrate.min.js?ver=3.3.2 HTTP/1.1" 200 4461 "https://www.walbottlevi.com/" "Mozilla/5.0 (X11; Linux x86_64) AppleWebKit/537.36 (KHTML, like Gecko) HeadlessChrome/60.0.3112.101 Safari/537.36"
54.191.137.17 - - [29/Apr/2022:15:54:05 +0100] "GET /wp-content/litespeed/css/962881a9f7b8a4ad588b826970384b0a.css?ver=24dc7 HTTP/1.1" 200 4840 "https://www.walbottlevi.com/" "Mozilla/5.0 (X11; Linux x86_64) AppleWebKit/537.36 (KHTML, like Gecko) HeadlessChrome/60.0.3112.101 Safari/537.36"
54.191.137.17 - - [29/Apr/2022:15:54:05 +0100] "GET /wp-content/litespeed/css/79ac2e166a64deb7082c8f4a065d36e5.css?ver=d36e5 HTTP/1.1" 200 325 "https://www.walbottlevi.com/" "Mozilla/5.0 (X11; Linux x86_64) AppleWebKit/537.36 (KHTML, like Gecko) HeadlessChrome/60.0.3112.101 Safari/537.36"
54.191.137.17 - - [29/Apr/2022:15:54:05 +0100] "GET /wp-content/litespeed/css/cf22e83ddbcbe9bf0a5483ea759a38f0.css?ver=a27c7 HTTP/1.1" 200 14079 "https://www.walbottlevi.com/" "Mozilla/5.0 (X11; Linux x86_64) AppleWebKit/537.36 (KHTML, like Gecko) HeadlessChrome/60.0.3112.101 Safari/537.36"
54.191.137.17 - - [29/Apr/2022:15:54:05 +0100] "GET /wp-content/plugins/cookie-law-info/public/js/cookie-law-info-public.js?ver=2.1.1 HTTP/1.1" 200 9478 "https://www.walbottlevi.com/" "Mozilla/5.0 (X11; Linux x86_64) AppleWebKit/537.36 (KHTML, like Gecko) HeadlessChrome/60.0.3112.101 Safari/537.36"
54.191.137.17 - - [29/Apr/2022:15:54:05 +0100] "GET /wp-content/litespeed/css/04c205088aef6ab86671135984bde441.css?ver=ef894 HTTP/1.1" 200 250 "https://www.walbottlevi.com/" "Mozilla/5.0 (X11; Linux x86_64) AppleWebKit/537.36 (KHTML, like Gecko) HeadlessChrome/60.0.3112.101 Safari/537.36"
