54.191.137.17 - - [29/Apr/2022:15:54:05 +0100] "GET /wp-includes/js/jquery/jquery.min.js?ver=3.6.0 HTTP/1.1" 200 34819 "https://www.walbottlevi.com/" "Mozilla/5.0 (X11; Linux x86_64) AppleWebKit/537.36 (KHTML, like Gecko) HeadlessChrome/60.0.3112.101 Safari/537.36"
54.191.137.17 - - [29/Apr/2022:15:54:05 +0100] "GET /wp-content/litespeed/css/8576258e7ed95683a61ed71d30331f17.css?ver=3458c HTTP/1.1" 200 1410 "https://www.walbottlevi.com/" "Mozilla/5.0 (X11; Linux x86_64) AppleWebKit/537.36 (KHTML, like Gecko) HeadlessChrome/60.0.3112.101 Safari/537.36"
54.191.137.17 - - [29/Apr/2022:15:54:05 +0100] "GET /wp-content/litespeed/css/f1f3bb515f8594534f56b8b8eb04f322.css?ver=bdff9 HTTP/1.1" 200 10202 "https://www.walbottlevi.com/" "Mozilla/5.0 (X11; Linux x86_64) AppleWebKit/537.36 (KHTML, like Gecko) HeadlessChrome/60.0.3112.101 Safari/537.36"
54.191.137.17 - - [29/Apr/2022:15:54:05 +0100] "GET /wp-content/plugins/simple-banner/simple-banner.js?ver=2.11.0 HTTP/1.1" 200 1512 "https://www.walbottlevi.com/" "Mozilla/5.0 (X11; Linux x86_64) AppleWebKit/537.36 (KHTML, like Gecko) HeadlessChrome/60.0.3112.101 Safari/537.36"
54.191.137.17 - - [29/Apr/2022:15:54:05 +0100] "GET /wp-content/themes/lovecraft/assets/js/doubletaptogo.min.js?ver=1 HTTP/1.1" 200 358 "https://www.walbottlevi.com/" "Mozilla/5.0 (X11; Linux x86_64) AppleWebKit/537.36 (KHTML, like Gecko) HeadlessChrome/60.0.3112.101 Safari/537.36"
54.191.137.17 - - [29/Apr/2022:15:54:05 +0100] "GET /wp-content/litespeed/css/cb21ec2d70e49154406ff85a4f971eb0.css?ver=4a728 HTTP/1.1" 200 805 "https://www.walbottlevi.com/" "Mozilla/5.0 (X11; Linux x86_64) AppleWebKit/537.36 (KHTML, like Gecko) HeadlessChrome/60.0.3112.101 Safari/537.36"
54.191.137.17 - - [29/Apr/2022:15:54:05 +0100] "GET /wp-content/litespeed/css/28077ec3d4019a380b51ef57e24685fc.css?ver=188fb HTTP/1.1" 200 1475 "https://www.walbottlevi.com/" "Mozilla/5.0 (X11; Linux x86_64) AppleWebKit/537.36 (KHTML, like Gecko) HeadlessChrome/60.0.3112.101 Safari/537.36"
54.191.137.17 - - [29/Apr/2022:15:54:05 +0100] "GET /wp-content/themes/lovecraft/assets/js/global.js?ver=2.0.1 HTTP/1.1" 200 1046 "https://www.walbottlevi.com/" "Mozilla/5.0 (X11; Linux x86_64) AppleWebKit/537.36 (KHTML, like Gecko) HeadlessChrome/60.0.3112.101 Safari/537.36"
54.191.137.17 - - [29/Apr/2022:15:54:06 +0100] "GET /wp-content/plugins/cookie-law-info/public/images/logo-cookieyes.svg HTTP/1.1" 200 1136 "https://www.walbottlevi.com/" "Mozilla/5.0 (X11; Linux x86_64) AppleWebKit/537.36 (KHTML, like Gecko) HeadlessChrome/60.0.3112.101 Safari/537.36"
54.191.137.17 - - [29/Apr/2022:15:54:06 +0100] "GET /wp-includes/js/wp-emoji-release.min.js?ver=5.9.3 HTTP/1.1" 200 5623 "https://www.walbottlevi.com/" "Mozilla/5.0 (X11; Linux x86_64) AppleWebKit/537.36 (KHTML, like Gecko) HeadlessChrome/60.0.3112.101 Safari/537.36"
54.191.137.17 - - [29/Apr/2022:15:54:06 +0100] "GET /wp-content/uploads/2020/09/cropped-IMG_0477-scaled-2.jpg HTTP/1.1" 200 133514 "https://www.walbottlevi.com/" "Mozilla/5.0 (X11; Linux x86_64) AppleWebKit/537.36 (KHTML, like Gecko) HeadlessChrome/60.0.3112.101 Safari/537.36"
54.191.137.17 - - [29/Apr/2022:15:54:06 +0100] "GET /wp-content/uploads/2020/09/cropped-IMG_0477-scaled-2.jpg.webp HTTP/1.1" 200 124034 "https://www.walbottlevi.com/" "Mozilla/5.0 (X11; Linux x86_64) AppleWebKit/537.36 (KHTML, like Gecko) HeadlessChrome/60.0.3112.101 Safari/537.36"
54.191.137.17 - - [29/Apr/2022:15:54:24 +0100] "POST /wp-load.php?mwprid=626bfc210927f3.76672995 HTTP/1.1" 200 690 "https://walbottlevi.com/" "Mozilla/5.0 (Windows NT 10.0; Win64; x64) AppleWebKit/537.36 (KHTML, like Gecko) Chrome/62.0.3202.94 Safari/537.36"
54.68.32.247 - - [29/Apr/2022:16:01:33 +0100] "POST /?rest_route=%2Fwordfence%2Fv1%2Fauthenticate HTTP/1.1" 200 133 "-" "Wordfence Central API v1.0"
51.81.186.219 - - [29/Apr/2022:16:01:34 +0100] "HEAD / HTTP/1.1" 200 0 "-" "-"
54.68.32.247 - - [29/Apr/2022:16:01:34 +0100] "POST /?rest_route=%2Fwordfence%2Fv1%2Fauthenticate HTTP/1.1" 200 258 "-" "Wordfence Central API v1.0"
54.68.32.247 - - [29/Apr/2022:16:01:34 +0100] "POST /?rest_route=%2Fwordfence%2Fv1%2Fconfig HTTP/1.1" 200 3080 "-" "Wordfence Central API v1.0"
185.199.220.52 - - [29/Apr/2022:17:01:03 +0100] "POST /wp-admin/admin-ajax.php?action=wordfence_testAjax HTTP/1.1" 200 32 "https://www.walbottlevi.com/wp-admin/admin-ajax.php?action=wordfence_testAjax" "WordPress/5.9.3; https://www.walbottlevi.com"
2.58.28.32 - - [29/Apr/2022:17:01:04 +0100] "HEAD / HTTP/1.1" 200 0 "-" "-"
185.199.220.52 - - [29/Apr/2022:17:01:04 +0100] "GET /wp-admin/admin-ajax.php?action=wordfence_doScan&isFork=0&scanMode=quick&cronKey=f070889da6d780bb1ee3bf75b8c04df7&signature=65472c8d6c587628f773b2b794107807ffc544d55182e811c30e2f64c1dcc838 HTTP/1.1" 200 0 "-" "WordPress/5.9.3; https://www.walbottlevi.com"
185.199.220.52 - - [29/Apr/2022:17:01:05 +0100] "POST /wp-admin/admin-ajax.php?action=wordfence_testAjax HTTP/1.1" 200 32 "https://www.walbottlevi.com/wp-admin/admin-ajax.php?action=wordfence_testAjax" "WordPress/5.9.3; https://www.walbottlevi.com"
54.68.32.247 - - [29/Apr/2022:17:01:15 +0100] "POST /?_wfsf=detectProxy HTTP/1.1" 200 34 "-" "Mozilla/5.0 (Macintosh; Intel Mac OS X 10_7_4) AppleWebKit/537.1 (KHTML, like Gecko) Chrome/21.0.1180.82 Safari/537.1"
185.199.220.52 - - [29/Apr/2022:17:01:05 +0100] "GET /wp-admin/admin-ajax.php?action=wordfence_doScan&isFork=0&scanMode=custom&cronKey=0542e53561e5acdcb120b6932cd8a8ea&signature=78d32b834e64a2d4c409efb805b74c85370cc3cae3102742ff9feff651234524 HTTP/1.1" 200 0 "-" "WordPress/5.9.3; https://www.walbottlevi.com"
54.68.32.247 - - [29/Apr/2022:17:01:39 +0100] "POST /?rest_route=%2Fwordfence%2Fv1%2Fauthenticate HTTP/1.1" 200 133 "-" "Wordfence Central API v1.0"
51.81.186.219 - - [29/Apr/2022:17:01:40 +0100] "HEAD / HTTP/1.1" 200 0 "-" "-"
54.68.32.247 - - [29/Apr/2022:17:01:40 +0100] "POST /?rest_route=%2Fwordfence%2Fv1%2Fauthenticate HTTP/1.1" 200 257 "-" "Wordfence Central API v1.0"
54.68.32.247 - - [29/Apr/2022:17:01:41 +0100] "POST /?rest_route=%2Fwordfence%2Fv1%2Fconfig HTTP/1.1" 200 3082 "-" "Wordfence Central API v1.0"
185.199.220.52 - - [29/Apr/2022:17:01:53 +0100] "POST /wp-admin/admin-ajax.php?action=wordfence_testAjax HTTP/1.1" 200 32 "https://www.walbottlevi.com/wp-admin/admin-ajax.php?action=wordfence_testAjax" "WordPress/5.9.3; https://www.walbottlevi.com"
185.199.220.52 - - [29/Apr/2022:17:02:40 +0100] "POST /wp-admin/admin-ajax.php?action=wordfence_testAjax HTTP/1.1" 200 32 "https://www.walbottlevi.com/wp-admin/admin-ajax.php?action=wordfence_testAjax" "WordPress/5.9.3; https://www.walbottlevi.com"
185.199.220.52 - - [29/Apr/2022:17:01:53 +0100] "GET /wp-admin/admin-ajax.php?action=wordfence_doScan&isFork=1&scanMode=custom&cronKey=0cac322d91c0cc2f7818efa99022d748&signature=f697b324a832cd0f01b1e952b841f05283b3a1053c887c57df0903ee9eab381e HTTP/1.1" 200 0 "-" "WordPress/5.9.3; https://www.walbottlevi.com"
185.199.220.52 - - [29/Apr/2022:17:03:04 +0100] "POST /wp-admin/admin-ajax.php?action=wordfence_testAjax HTTP/1.1" 200 32 "https://www.walbottlevi.com/wp-admin/admin-ajax.php?action=wordfence_testAjax" "WordPress/5.9.3; https://www.walbottlevi.com"
2.58.28.32 - - [29/Apr/2022:17:03:04 +0100] "HEAD / HTTP/1.1" 200 0 "-" "-"
185.199.220.52 - - [29/Apr/2022:17:02:40 +0100] "GET /wp-admin/admin-ajax.php?action=wordfence_doScan&isFork=1&scanMode=custom&cronKey=a736031bfda35bbc59c0e7e93f1ccd35&signature=a9581a9a7ce42dcf32204695e5dfae17761beae3f62ed67c5c567bea11275aa4 HTTP/1.1" 200 0 "-" "WordPress/5.9.3; https://www.walbottlevi.com"
185.199.220.52 - - [29/Apr/2022:17:03:28 +0100] "GET /.user.ini HTTP/1.1" 403 1229 "https://www.walbottlevi.com/.user.ini" "WordPress/5.9.3; https://www.walbottlevi.com"
54.68.32.247 - - [29/Apr/2022:17:03:42 +0100] "POST /?rest_route=%2Fwordfence%2Fv1%2Fauthenticate HTTP/1.1" 200 133 "-" "Wordfence Central API v1.0"
51.81.186.219 - - [29/Apr/2022:17:03:42 +0100] "HEAD / HTTP/1.1" 200 0 "-" "-"
54.68.32.247 - - [29/Apr/2022:17:03:42 +0100] "POST /?rest_route=%2Fwordfence%2Fv1%2Fauthenticate HTTP/1.1" 200 255 "-" "Wordfence Central API v1.0"
54.68.32.247 - - [29/Apr/2022:17:03:43 +0100] "POST /?rest_route=%2Fwordfence%2Fv1%2Fscan%2Fissues HTTP/1.1" 200 95 "-" "Wordfence Central API v1.0"
185.199.220.52 - - [29/Apr/2022:17:03:04 +0100] "GET /wp-admin/admin-ajax.php?action=wordfence_doScan&isFork=1&scanMode=custom&cronKey=36d109344d8f49de2437991702d88da8&signature=bd951ec67018d966dc81e580130d4314e6da7fe791f08141efcb1bf29f08d524 HTTP/1.1" 200 0 "-" "WordPress/5.9.3; https://www.walbottlevi.com"
138.246.253.24 - - [29/Apr/2022:17:22:55 +0100] "GET /robots.txt HTTP/1.1" 200 116 "-" "Mozilla/5.0 (Windows NT 10.0; Win64; x64) AppleWebKit/537.36 (KHTML, like Gecko) Chrome/88.0.4324.146 Safari/537.36"
45.132.244.92 - - [29/Apr/2022:17:22:55 +0100] "HEAD / HTTP/1.1" 200 0 "-" "-"
54.68.32.247 - - [29/Apr/2022:18:01:33 +0100] "POST /?rest_route=%2Fwordfence%2Fv1%2Fauthenticate HTTP/1.1" 200 132 "-" "Wordfence Central API v1.0"
54.68.32.247 - - [29/Apr/2022:18:01:34 +0100] "POST /?rest_route=%2Fwordfence%2Fv1%2Fauthenticate HTTP/1.1" 200 255 "-" "Wordfence Central API v1.0"
54.68.32.247 - - [29/Apr/2022:18:01:35 +0100] "POST /?rest_route=%2Fwordfence%2Fv1%2Fconfig HTTP/1.1" 200 3082 "-" "Wordfence Central API v1.0"
40.77.167.24 - - [29/Apr/2022:18:08:53 +0100] "GET /sitemap_index.xml HTTP/1.1" 200 325 "-" "Mozilla/5.0 (compatible; bingbot/2.0; +http://www.bing.com/bingbot.htm)"
149.28.11.90 - - [29/Apr/2022:18:08:54 +0100] "HEAD / HTTP/1.1" 200 0 "-" "-"
54.191.137.17 - - [29/Apr/2022:18:20:10 +0100] "POST /wp-load.php?mwprid=626c1e4b36e1c1.90614833 HTTP/1.1" 200 10312 "https://walbottlevi.com/" "Mozilla/5.0 (Windows NT 10.0; Win64; x64) AppleWebKit/537.36 (KHTML, like Gecko) Chrome/62.0.3202.94 Safari/537.36"
54.191.137.17 - - [29/Apr/2022:18:20:19 +0100] "POST /wp-load.php?mwprid=626c1e540e6588.03415310 HTTP/1.1" 200 691 "https://walbottlevi.com/" "Mozilla/5.0 (Windows NT 10.0; Win64; x64) AppleWebKit/537.36 (KHTML, like Gecko) Chrome/62.0.3202.94 Safari/537.36"
54.191.137.17 - - [29/Apr/2022:18:20:24 +0100] "POST /wp-load.php?mwprid=626c1e54d19b91.18365428 HTTP/1.1" 200 696 "https://walbottlevi.com/" "Mozilla/5.0 (Windows NT 10.0; Win64; x64) AppleWebKit/537.36 (KHTML, like Gecko) Chrome/62.0.3202.94 Safari/537.36"
54.68.32.247 - - [29/Apr/2022:19:01:33 +0100] "POST /?rest_route=%2Fwordfence%2Fv1%2Fauthenticate HTTP/1.1" 200 133 "-" "Wordfence Central API v1.0"
51.81.186.219 - - [29/Apr/2022:19:01:34 +0100] "HEAD / HTTP/1.1" 200 0 "-" "-"
54.68.32.247 - - [29/Apr/2022:19:01:34 +0100] "POST /?rest_route=%2Fwordfence%2Fv1%2Fauthenticate HTTP/1.1" 200 256 "-" "Wordfence Central API v1.0"
54.68.32.247 - - [29/Apr/2022:19:01:35 +0100] "POST /?rest_route=%2Fwordfence%2Fv1%2Fconfig HTTP/1.1" 200 3082 "-" "Wordfence Central API v1.0"
162.142.125.210 - - [29/Apr/2022:19:12:31 +0100] "GET / HTTP/1.1" 200 12204 "-" "Mozilla/5.0 (compatible; CensysInspect/1.1; +https://about.censys.io/)"
162.142.125.210 - - [29/Apr/2022:19:12:31 +0100] "GET / HTTP/1.1" 200 12204 "-" "Mozilla/5.0 (compatible; CensysInspect/1.1; +https://about.censys.io/)"
31.13.127.21 - - [29/Apr/2022:19:13:42 +0100] "GET /wp-content/uploads/2020/09/cropped-IMG_0477-scaled-2.jpg HTTP/1.1" 403 1229 "-" "facebookexternalhit/1.1 (+http://www.facebook.com/externalhit_uatext.php)"
213.183.51.224 - - [29/Apr/2022:19:13:42 +0100] "HEAD / HTTP/1.1" 200 0 "-" "-"
54.68.32.247 - - [29/Apr/2022:20:01:33 +0100] "POST /?rest_route=%2Fwordfence%2Fv1%2Fauthenticate HTTP/1.1" 200 134 "-" "Wordfence Central API v1.0"
51.81.186.219 - - [29/Apr/2022:20:01:33 +0100] "HEAD / HTTP/1.1" 200 0 "-" "-"
54.68.32.247 - - [29/Apr/2022:20:01:34 +0100] "POST /?rest_route=%2Fwordfence%2Fv1%2Fauthenticate HTTP/1.1" 200 256 "-" "Wordfence Central API v1.0"
54.68.32.247 - - [29/Apr/2022:20:01:35 +0100] "POST /?rest_route=%2Fwordfence%2Fv1%2Fconfig HTTP/1.1" 200 3082 "-" "Wordfence Central API v1.0"
185.191.171.3 - - [29/Apr/2022:20:59:43 +0100] "GET /news/walbottle-festival/ HTTP/1.1" 200 13915 "-" "Mozilla/5.0 (compatible; SemrushBot/7~bl; +http://www.semrush.com/bot.html)"
135.148.148.230 - - [29/Apr/2022:20:59:43 +0100] "HEAD / HTTP/1.1" 200 0 "-" "-"
54.68.32.247 - - [29/Apr/2022:21:01:33 +0100] "POST /?rest_route=%2Fwordfence%2Fv1%2Fauthenticate HTTP/1.1" 200 134 "-" "Wordfence Central API v1.0"
51.81.186.219 - - [29/Apr/2022:21:01:34 +0100] "HEAD / HTTP/1.1" 200 0 "-" "-"
54.68.32.247 - - [29/Apr/2022:21:01:34 +0100] "POST /?rest_route=%2Fwordfence%2Fv1%2Fauthenticate HTTP/1.1" 200 255 "-" "Wordfence Central API v1.0"
54.68.32.247 - - [29/Apr/2022:21:01:35 +0100] "POST /?rest_route=%2Fwordfence%2Fv1%2Fconfig HTTP/1.1" 200 3082 "-" "Wordfence Central API v1.0"
185.199.220.52 - - [29/Apr/2022:21:37:35 +0100] "POST /?wordfence_syncAttackData=1651264655.0401 HTTP/1.1" 200 0 "https://www.walbottlevi.com/?wordfence_syncAttackData=1651264655.0401" "WordPress/5.9.3; https://www.walbottlevi.com"
2.58.28.32 - - [29/Apr/2022:21:37:35 +0100] "HEAD / HTTP/1.1" 200 0 "-" "-"
157.55.39.10 - - [29/Apr/2022:21:37:34 +0100] "GET /post-sitemap.xml HTTP/1.1" 200 662 "-" "Mozilla/5.0 (compatible; bingbot/2.0; +http://www.bing.com/bingbot.htm)"
54.189.98.10 - - [29/Apr/2022:21:38:12 +0100] "GET / HTTP/1.1" 301 0 "-" "Mozilla/5.0 (Windows NT 10.0; Win64; x64)AppleWebKit/537.36 (KHTML, like Gecko) Chrome/66.0.3359.181 Safari/537.36"
87.250.224.69 - - [29/Apr/2022:21:46:43 +0100] "GET /robots.txt HTTP/1.1" 200 116 "-" "Mozilla/5.0 (compatible; YandexBot/3.0; +http://yandex.com/bots)"
193.203.202.215 - - [29/Apr/2022:21:46:44 +0100] "HEAD / HTTP/1.1" 200 0 "-" "-"
213.180.203.69 - - [29/Apr/2022:21:46:47 +0100] "GET /news/posts.xml HTTP/1.1" 404 11751 "-" "Mozilla/5.0 (compatible; YandexBot/3.0; +http://yandex.com/bots)"
5.255.253.146 - - [29/Apr/2022:21:47:03 +0100] "GET /sitemap_index.xml HTTP/1.1" 200 325 "-" "Mozilla/5.0 (compatible; YandexBot/3.0; +http://yandex.com/bots)"
5.45.207.123 - - [29/Apr/2022:21:55:08 +0100] "GET /category-sitemap.xml HTTP/1.1" 200 388 "-" "Mozilla/5.0 (compatible; YandexBot/3.0; +http://yandex.com/bots)"
193.203.202.215 - - [29/Apr/2022:21:55:08 +0100] "HEAD / HTTP/1.1" 200 0 "-" "-"
5.45.207.141 - - [29/Apr/2022:21:55:11 +0100] "GET /post-sitemap.xml HTTP/1.1" 200 662 "-" "Mozilla/5.0 (compatible; YandexBot/3.0; +http://yandex.com/bots)"
87.250.224.25 - - [29/Apr/2022:21:55:40 +0100] "GET /page-sitemap.xml HTTP/1.1" 200 1232 "-" "Mozilla/5.0 (compatible; YandexBot/3.0; +http://yandex.com/bots)"
193.203.202.215 - - [29/Apr/2022:21:55:40 +0100] "HEAD / HTTP/1.1" 200 0 "-" "-"
54.68.32.247 - - [29/Apr/2022:22:01:40 +0100] "POST /?rest_route=%2Fwordfence%2Fv1%2Fauthenticate HTTP/1.1" 200 134 "-" "Wordfence Central API v1.0"
51.81.186.219 - - [29/Apr/2022:22:01:41 +0100] "HEAD / HTTP/1.1" 200 0 "-" "-"
54.68.32.247 - - [29/Apr/2022:22:01:41 +0100] "POST /?rest_route=%2Fwordfence%2Fv1%2Fauthenticate HTTP/1.1" 200 257 "-" "Wordfence Central API v1.0"
54.68.32.247 - - [29/Apr/2022:22:01:42 +0100] "POST /?rest_route=%2Fwordfence%2Fv1%2Fconfig HTTP/1.1" 200 3082 "-" "Wordfence Central API v1.0"
173.252.79.117 - - [29/Apr/2022:22:17:34 +0100] "GET / HTTP/1.1" 301 0 "-" "facebookexternalhit/1.1 (+http://www.facebook.com/externalhit_uatext.php)"
173.252.79.117 - - [29/Apr/2022:22:17:35 +0100] "GET / HTTP/1.1" 200 12692 "-" "facebookexternalhit/1.1 (+http://www.facebook.com/externalhit_uatext.php)"
104.225.142.116 - - [29/Apr/2022:22:17:35 +0100] "HEAD / HTTP/1.1" 200 0 "-" "-"
173.252.79.2 - - [29/Apr/2022:22:17:36 +0100] "GET /contact HTTP/1.1" 301 0 "-" "facebookexternalhit/1.1 (+http://www.facebook.com/externalhit_uatext.php)"
173.252.79.2 - - [29/Apr/2022:22:17:37 +0100] "GET /contact/ HTTP/1.1" 200 16298 "-" "facebookexternalhit/1.1 (+http://www.facebook.com/externalhit_uatext.php)"
40.77.167.24 - - [29/Apr/2022:22:22:18 +0100] "GET /sitemap_index.xml HTTP/1.1" 200 325 "-" "Mozilla/5.0 (compatible; bingbot/2.0; +http://www.bing.com/bingbot.htm)"
149.28.11.90 - - [29/Apr/2022:22:22:18 +0100] "HEAD / HTTP/1.1" 200 0 "-" "-"
54.68.32.247 - - [29/Apr/2022:23:01:32 +0100] "POST /?rest_route=%2Fwordfence%2Fv1%2Fauthenticate HTTP/1.1" 200 134 "-" "Wordfence Central API v1.0"
51.81.186.219 - - [29/Apr/2022:23:01:33 +0100] "HEAD / HTTP/1.1" 200 0 "-" "-"
54.68.32.247 - - [29/Apr/2022:23:01:33 +0100] "POST /?rest_route=%2Fwordfence%2Fv1%2Fauthenticate HTTP/1.1" 200 255 "-" "Wordfence Central API v1.0"
54.68.32.247 - - [29/Apr/2022:23:01:34 +0100] "POST /?rest_route=%2Fwordfence%2Fv1%2Fconfig HTTP/1.1" 200 3082 "-" "Wordfence Central API v1.0"
157.55.39.159 - - [29/Apr/2022:23:18:15 +0100] "GET /category-sitemap.xml HTTP/1.1" 200 388 "-" "Mozilla/5.0 (compatible; bingbot/2.0; +http://www.bing.com/bingbot.htm)"
149.28.11.90 - - [29/Apr/2022:23:18:16 +0100] "HEAD / HTTP/1.1" 200 0 "-" "-"
89.104.111.91 - - [29/Apr/2022:23:22:59 +0100] "GET / HTTP/1.1" 301 0 "-" "Mozilla/5.0 (Windows NT 10.0; Win64; x64) AppleWebKit/537.36 (KHTML, like Gecko) Chrome/94.0.4606.61 Safari/537.36"
89.104.111.91 - - [29/Apr/2022:23:23:00 +0100] "GET /favicon.ico HTTP/1.1" 404 1238 "-" "Mozilla/5.0 (Windows NT 10.0; Win64; x64) AppleWebKit/537.36 (KHTML, like Gecko) Chrome/94.0.4606.61 Safari/537.36"
45.90.63.149 - - [29/Apr/2022:23:23:00 +0100] "GET /favicon.ico HTTP/1.1" 404 1238 "-" "Mozilla/5.0 (Windows NT 10.0; Win64; x64) AppleWebKit/537.36 (KHTML, like Gecko) Chrome/94.0.4606.61 Safari/537.36"
5.134.119.194 - - [29/Apr/2022:23:23:00 +0100] "HEAD / HTTP/1.1" 200 0 "-" "-"
94.1.34.111 - - [29/Apr/2022:23:31:46 +0100] "GET /activities/over-60s/ HTTP/1.1" 200 11400 "https://www.walbottlevi.com/?fbclid=IwAR384nwVkwqZayOaduk9sIxlMaBcN-gR8DWsSQ58nDbcQHR3uxazUSQjstE" "Mozilla/5.0 (Macintosh; Intel Mac OS X 10_15_6) AppleWebKit/605.1.15 (KHTML, like Gecko) Version/15.3 Safari/605.1.15"
2.58.28.32 - - [29/Apr/2022:23:31:46 +0100] "HEAD / HTTP/1.1" 200 0 "-" "-"
94.1.34.111 - - [29/Apr/2022:23:31:46 +0100] "GET /wp-content/uploads/2021/07/Over-60s.png HTTP/1.1" 200 277756 "https://www.walbottlevi.com/activities/over-60s/" "Mozilla/5.0 (Macintosh; Intel Mac OS X 10_15_6) AppleWebKit/605.1.15 (KHTML, like Gecko) Version/15.3 Safari/605.1.15"
94.1.34.111 - - [29/Apr/2022:23:32:05 +0100] "GET /activities/treble-time/ HTTP/1.1" 200 12201 "https://www.walbottlevi.com/activities/over-60s/" "Mozilla/5.0 (Macintosh; Intel Mac OS X 10_15_6) AppleWebKit/605.1.15 (KHTML, like Gecko) Version/15.3 Safari/605.1.15"
2.58.28.32 - - [29/Apr/2022:23:32:06 +0100] "HEAD / HTTP/1.1" 200 0 "-" "-"
94.1.34.111 - - [29/Apr/2022:23:32:13 +0100] "GET /activities/street-dance/ HTTP/1.1" 200 11732 "https://www.walbottlevi.com/activities/treble-time/" "Mozilla/5.0 (Macintosh; Intel Mac OS X 10_15_6) AppleWebKit/605.1.15 (KHTML, like Gecko) Version/15.3 Safari/605.1.15"
94.1.34.111 - - [29/Apr/2022:23:32:14 +0100] "GET /wp-content/uploads/2021/06/street-dance-683x1024.jpg HTTP/1.1" 200 145451 "https://www.walbottlevi.com/activities/street-dance/" "Mozilla/5.0 (Macintosh; Intel Mac OS X 10_15_6) AppleWebKit/605.1.15 (KHTML, like Gecko) Version/15.3 Safari/605.1.15"
94.1.34.111 - - [29/Apr/2022:23:32:14 +0100] "GET /wp-content/uploads/2021/06/disney-dance.jpg HTTP/1.1" 200 314768 "https://www.walbottlevi.com/activities/street-dance/" "Mozilla/5.0 (Macintosh; Intel Mac OS X 10_15_6) AppleWebKit/605.1.15 (KHTML, like Gecko) Version/15.3 Safari/605.1.15"
94.1.34.111 - - [29/Apr/2022:23:32:26 +0100] "GET /activities/gentle-movement-to-music/ HTTP/1.1" 200 11132 "https://www.walbottlevi.com/activities/street-dance/" "Mozilla/5.0 (Macintosh; Intel Mac OS X 10_15_6) AppleWebKit/605.1.15 (KHTML, like Gecko) Version/15.3 Safari/605.1.15"
94.1.34.111 - - [29/Apr/2022:23:32:37 +0100] "GET /activities/yoga/ HTTP/1.1" 200 11331 "https://www.walbottlevi.com/activities/gentle-movement-to-music/" "Mozilla/5.0 (Macintosh; Intel Mac OS X 10_15_6) AppleWebKit/605.1.15 (KHTML, like Gecko) Version/15.3 Safari/605.1.15"
94.1.34.111 - - [29/Apr/2022:23:32:37 +0100] "GET /wp-content/uploads/2021/09/Yoga.png HTTP/1.1" 200 74132 "https://www.walbottlevi.com/activities/yoga/" "Mozilla/5.0 (Macintosh; Intel Mac OS X 10_15_6) AppleWebKit/605.1.15 (KHTML, like Gecko) Version/15.3 Safari/605.1.15"
94.1.34.111 - - [29/Apr/2022:23:33:42 +0100] "GET /diary/ HTTP/1.1" 200 0 "https://www.walbottlevi.com/activities/yoga/" "Mozilla/5.0 (Macintosh; Intel Mac OS X 10_15_6) AppleWebKit/605.1.15 (KHTML, like Gecko) Version/15.3 Safari/605.1.15"
94.1.34.111 - - [29/Apr/2022:23:33:43 +0100] "GET /diary/ HTTP/1.1" 200 11001 "https://www.walbottlevi.com/activities/yoga/" "Mozilla/5.0 (Macintosh; Intel Mac OS X 10_15_6) AppleWebKit/605.1.15 (KHTML, like Gecko) Version/15.3 Safari/605.1.15"
40.77.167.24 - - [29/Apr/2022:23:34:25 +0100] "GET /sitemap_index.xml HTTP/1.1" 200 325 "-" "Mozilla/5.0 (compatible; bingbot/2.0; +http://www.bing.com/bingbot.htm)"
149.28.11.90 - - [29/Apr/2022:23:34:26 +0100] "HEAD / HTTP/1.1" 200 0 "-" "-"
176.53.220.44 - - [29/Apr/2022:23:40:52 +0100] "GET / HTTP/1.1" 301 0 "-" "Mozilla/5.0 (Windows NT 10.0; Win64; x64) AppleWebKit/537.36 (KHTML, like Gecko) Chrome/94.0.4606.61 Safari/537.36"
176.53.220.44 - - [29/Apr/2022:23:40:53 +0100] "GET /favicon.ico HTTP/1.1" 404 1238 "-" "Mozilla/5.0 (Windows NT 10.0; Win64; x64) AppleWebKit/537.36 (KHTML, like Gecko) Chrome/94.0.4606.61 Safari/537.36"
54.68.32.247 - - [30/Apr/2022:00:01:34 +0100] "POST /?rest_route=%2Fwordfence%2Fv1%2Fauthenticate HTTP/1.1" 200 133 "-" "Wordfence Central API v1.0"
51.81.186.219 - - [30/Apr/2022:00:01:35 +0100] "HEAD / HTTP/1.1" 200 0 "-" "-"
54.68.32.247 - - [30/Apr/2022:00:01:35 +0100] "POST /?rest_route=%2Fwordfence%2Fv1%2Fauthenticate HTTP/1.1" 200 255 "-" "Wordfence Central API v1.0"
54.68.32.247 - - [30/Apr/2022:00:01:36 +0100] "POST /?rest_route=%2Fwordfence%2Fv1%2Fconfig HTTP/1.1" 200 3080 "-" "Wordfence Central API v1.0"
10.4.96.3 - - [30/Apr/2022:00:06:49 +0100] "GET /page-sitemap.xml HTTP/1.1" 200 1232 "-" "Mozilla/5.0 (compatible; bingbot/2.0; +http://www.bing.com/bingbot.htm)"
54.68.32.247 - - [30/Apr/2022:01:01:32 +0100] "POST /?rest_route=%2Fwordfence%2Fv1%2Fauthenticate HTTP/1.1" 200 133 "-" "Wordfence Central API v1.0"
51.81.186.219 - - [30/Apr/2022:01:01:33 +0100] "HEAD / HTTP/1.1" 200 0 "-" "-"
54.68.32.247 - - [30/Apr/2022:01:01:33 +0100] "POST /?rest_route=%2Fwordfence%2Fv1%2Fauthenticate HTTP/1.1" 200 257 "-" "Wordfence Central API v1.0"
54.68.32.247 - - [30/Apr/2022:01:01:34 +0100] "POST /?rest_route=%2Fwordfence%2Fv1%2Fconfig HTTP/1.1" 200 3082 "-" "Wordfence Central API v1.0"
54.68.32.247 - - [30/Apr/2022:02:01:34 +0100] "POST /?rest_route=%2Fwordfence%2Fv1%2Fauthenticate HTTP/1.1" 200 133 "-" "Wordfence Central API v1.0"
51.81.186.219 - - [30/Apr/2022:02:01:34 +0100] "HEAD / HTTP/1.1" 200 0 "-" "-"
54.68.32.247 - - [30/Apr/2022:02:01:34 +0100] "POST /?rest_route=%2Fwordfence%2Fv1%2Fauthenticate HTTP/1.1" 200 256 "-" "Wordfence Central API v1.0"
54.68.32.247 - - [30/Apr/2022:02:01:35 +0100] "POST /?rest_route=%2Fwordfence%2Fv1%2Fconfig HTTP/1.1" 200 3080 "-" "Wordfence Central API v1.0"
66.249.73.66 - - [30/Apr/2022:02:34:35 +0100] "GET / HTTP/1.1" 301 0 "-" "Mozilla/5.0 (compatible; Googlebot/2.1; +http://www.google.com/bot.html)"
10.4.96.3 - - [30/Apr/2022:02:35:43 +0100] "GET /sitemap_index.xml HTTP/1.1" 200 325 "-" "Mozilla/5.0 (compatible; bingbot/2.0; +http://www.bing.com/bingbot.htm)"
149.28.11.90 - - [30/Apr/2022:02:35:43 +0100] "HEAD / HTTP/1.1" 200 0 "-" "-"
51.254.199.11 - - [30/Apr/2022:02:39:00 +0100] "GET / HTTP/1.1" 301 0 "-" "Mozilla/5.0 (Macintosh; Intel Mac OS X 10.14; rv:68.0) Gecko/20100101 Firefox/68.0"
54.68.32.247 - - [30/Apr/2022:03:01:34 +0100] "POST /?rest_route=%2Fwordfence%2Fv1%2Fauthenticate HTTP/1.1" 200 134 "-" "Wordfence Central API v1.0"
51.81.186.219 - - [30/Apr/2022:03:01:34 +0100] "HEAD / HTTP/1.1" 200 0 "-" "-"
54.68.32.247 - - [30/Apr/2022:03:01:34 +0100] "POST /?rest_route=%2Fwordfence%2Fv1%2Fauthenticate HTTP/1.1" 200 256 "-" "Wordfence Central API v1.0"
54.68.32.247 - - [30/Apr/2022:03:01:35 +0100] "POST /?rest_route=%2Fwordfence%2Fv1%2Fconfig HTTP/1.1" 200 3080 "-" "Wordfence Central API v1.0"
208.100.26.247 - - [30/Apr/2022:03:20:05 +0100] "GET / HTTP/1.1" 301 0 "-" "Mozilla/5.0 (iPhone; CPU iPhone OS 10_3_1 like Mac OS X) AppleWebKit/603.1.30 (KHTML, like Gecko) Mobile/14E304 Safari/602.1"
208.100.26.248 - - [30/Apr/2022:03:20:06 +0100] "GET / HTTP/1.1" 301 0 "http://mail.walbottlevi.com/" "Mozilla/5.0 (iPhone; CPU iPhone OS 13_2_2 like Mac OS X) AppleWebKit/605.1.15 (KHTML, like Gecko) Mobile/15E148"
82.165.224.226 - - [30/Apr/2022:03:50:50 +0100] "GET /sitemap_index.xml HTTP/1.1" 200 325 "-" "IonCrawl (https://www.ionos.de/terms-gtc/faq-crawler-en/)"
45.132.244.92 - - [30/Apr/2022:03:50:50 +0100] "HEAD / HTTP/1.1" 200 0 "-" "-"
54.68.32.247 - - [30/Apr/2022:04:01:33 +0100] "POST /?rest_route=%2Fwordfence%2Fv1%2Fauthenticate HTTP/1.1" 200 134 "-" "Wordfence Central API v1.0"
51.81.186.219 - - [30/Apr/2022:04:01:33 +0100] "HEAD / HTTP/1.1" 200 0 "-" "-"
54.68.32.247 - - [30/Apr/2022:04:01:34 +0100] "POST /?rest_route=%2Fwordfence%2Fv1%2Fauthenticate HTTP/1.1" 200 259 "-" "Wordfence Central API v1.0"
54.68.32.247 - - [30/Apr/2022:04:01:34 +0100] "POST /?rest_route=%2Fwordfence%2Fv1%2Fconfig HTTP/1.1" 200 3080 "-" "Wordfence Central API v1.0"
82.165.224.162 - - [30/Apr/2022:04:02:13 +0100] "GET /activities/treble-time/ HTTP/1.1" 200 13744 "-" "IonCrawl (https://www.ionos.de/terms-gtc/faq-crawler-en/)"
45.132.244.92 - - [30/Apr/2022:04:02:13 +0100] "HEAD / HTTP/1.1" 200 0 "-" "-"
82.165.224.202 - - [30/Apr/2022:04:02:13 +0100] "GET /diary/ HTTP/1.1" 200 12278 "-" "IonCrawl (https://www.ionos.de/terms-gtc/faq-crawler-en/)"
82.165.224.162 - - [30/Apr/2022:04:02:14 +0100] "GET /facilities/ HTTP/1.1" 200 13314 "-" "IonCrawl (https://www.ionos.de/terms-gtc/faq-crawler-en/)"
82.165.224.170 - - [30/Apr/2022:04:02:15 +0100] "GET /activities/walbottle-art-group/ HTTP/1.1" 200 12818 "-" "IonCrawl (https://www.ionos.de/terms-gtc/faq-crawler-en/)"
82.165.224.170 - - [30/Apr/2022:04:02:16 +0100] "GET /using-the-hall-during-covid-19/ HTTP/1.1" 200 12792 "-" "IonCrawl (https://www.ionos.de/terms-gtc/faq-crawler-en/)"
82.165.224.162 - - [30/Apr/2022:04:02:16 +0100] "GET /news/ HTTP/1.1" 200 13208 "-" "IonCrawl (https://www.ionos.de/terms-gtc/faq-crawler-en/)"
82.165.224.146 - - [30/Apr/2022:04:02:16 +0100] "GET /activities/yoga/ HTTP/1.1" 200 12790 "-" "IonCrawl (https://www.ionos.de/terms-gtc/faq-crawler-en/)"
82.165.224.210 - - [30/Apr/2022:04:02:17 +0100] "GET /activities/gentle-movement-to-music/ HTTP/1.1" 200 12544 "-" "IonCrawl (https://www.ionos.de/terms-gtc/faq-crawler-en/)"
82.165.224.242 - - [30/Apr/2022:04:02:20 +0100] "GET /contact/ HTTP/1.1" 200 16298 "-" "IonCrawl (https://www.ionos.de/terms-gtc/faq-crawler-en/)"
82.165.224.186 - - [30/Apr/2022:04:02:24 +0100] "GET /activities/street-dance/ HTTP/1.1" 200 13300 "-" "IonCrawl (https://www.ionos.de/terms-gtc/faq-crawler-en/)"
82.165.224.210 - - [30/Apr/2022:04:02:25 +0100] "GET /activities/ HTTP/1.1" 200 12602 "-" "IonCrawl (https://www.ionos.de/terms-gtc/faq-crawler-en/)"
82.165.224.194 - - [30/Apr/2022:04:02:26 +0100] "GET /activities/over-60s/ HTTP/1.1" 200 12902 "-" "IonCrawl (https://www.ionos.de/terms-gtc/faq-crawler-en/)"
82.165.224.250 - - [30/Apr/2022:04:02:28 +0100] "GET /almo-photography/ HTTP/1.1" 200 13706 "-" "IonCrawl (https://www.ionos.de/terms-gtc/faq-crawler-en/)"
82.165.224.162 - - [30/Apr/2022:04:02:29 +0100] "GET /useful-documents/ HTTP/1.1" 200 12772 "-" "IonCrawl (https://www.ionos.de/terms-gtc/faq-crawler-en/)"
208.100.26.247 - - [30/Apr/2022:04:05:30 +0100] "GET / HTTP/1.1" 200 12211 "-" "Mozilla/5.0 (X11; Linux x86_64) AppleWebKit/537.36 (KHTML, like Gecko) Ubuntu Chromium/66.0.3359.181 Chrome/66.0.3359.181 Safari/537.36"
208.100.26.236 - - [30/Apr/2022:04:05:31 +0100] "GET / HTTP/1.1" 200 12206 "http://webmail.walbottlevi.com/" "Mozilla/5.0 (compatible, MSIE 11, Windows NT 6.3; Trident/7.0; rv:11.0) like Gecko"
216.244.66.244 - - [30/Apr/2022:04:12:09 +0100] "GET /robots.txt HTTP/1.1" 200 116 "-" "Mozilla/5.0 (compatible; DotBot/1.2; +https://opensiteexplorer.org/dotbot; help@moz.com)"
10.4.96.3 - - [30/Apr/2022:04:16:27 +0100] "GET /activities/treble-time/ HTTP/1.1" 200 13744 "-" "Mozilla/5.0 (compatible; DotBot/1.2; +https://opensiteexplorer.org/dotbot; help@moz.com)"
149.28.11.90 - - [30/Apr/2022:04:16:27 +0100] "HEAD / HTTP/1.1" 200 0 "-" "-"
82.165.224.178 - - [30/Apr/2022:04:17:49 +0100] "GET /news/page/2/ HTTP/1.1" 200 12883 "-" "IonCrawl (https://www.ionos.de/terms-gtc/faq-crawler-en/)"
82.165.224.202 - - [30/Apr/2022:04:17:50 +0100] "GET /news/walbottle-festival/ HTTP/1.1" 200 13915 "-" "IonCrawl (https://www.ionos.de/terms-gtc/faq-crawler-en/)"
45.132.244.92 - - [30/Apr/2022:04:17:50 +0100] "HEAD / HTTP/1.1" 200 0 "-" "-"
82.165.224.186 - - [30/Apr/2022:04:17:50 +0100] "GET /activities/pilates-with-julia/ HTTP/1.1" 200 12486 "-" "IonCrawl (https://www.ionos.de/terms-gtc/faq-crawler-en/)"
82.165.224.250 - - [30/Apr/2022:04:17:50 +0100] "GET /news/2021/07/ HTTP/1.1" 200 12322 "-" "IonCrawl (https://www.ionos.de/terms-gtc/faq-crawler-en/)"
82.165.224.226 - - [30/Apr/2022:04:17:49 +0100] "GET /activities/get-fit-with-lisa/ HTTP/1.1" 200 12797 "-" "IonCrawl (https://www.ionos.de/terms-gtc/faq-crawler-en/)"
82.165.224.154 - - [30/Apr/2022:04:17:49 +0100] "GET /author/peterswe/ HTTP/1.1" 200 13157 "-" "IonCrawl (https://www.ionos.de/terms-gtc/faq-crawler-en/)"
82.165.224.130 - - [30/Apr/2022:04:17:49 +0100] "GET /news/projector-and-screen/ HTTP/1.1" 200 13544 "-" "IonCrawl (https://www.ionos.de/terms-gtc/faq-crawler-en/)"
82.165.224.146 - - [30/Apr/2022:04:17:51 +0100] "GET /news/2021/04/ HTTP/1.1" 200 12061 "-" "IonCrawl (https://www.ionos.de/terms-gtc/faq-crawler-en/)"
45.132.244.92 - - [30/Apr/2022:04:17:51 +0100] "HEAD / HTTP/1.1" 200 0 "-" "-"
45.132.244.92 - - [30/Apr/2022:04:17:51 +0100] "HEAD / HTTP/1.1" 200 0 "-" "-"
82.165.224.178 - - [30/Apr/2022:04:17:52 +0100] "GET /news/category/uncategorized/ HTTP/1.1" 200 13110 "-" "IonCrawl (https://www.ionos.de/terms-gtc/faq-crawler-en/)"
82.165.224.234 - - [30/Apr/2022:04:17:53 +0100] "GET /news/2021/08/ HTTP/1.1" 200 11931 "-" "IonCrawl (https://www.ionos.de/terms-gtc/faq-crawler-en/)"
82.165.224.250 - - [30/Apr/2022:04:17:53 +0100] "GET /news/2020/12/ HTTP/1.1" 200 11989 "-" "IonCrawl (https://www.ionos.de/terms-gtc/faq-crawler-en/)"
82.165.224.178 - - [30/Apr/2022:04:17:54 +0100] "GET /news/kitchen-progress/ HTTP/1.1" 200 13811 "-" "IonCrawl (https://www.ionos.de/terms-gtc/faq-crawler-en/)"
82.165.224.186 - - [30/Apr/2022:04:17:54 +0100] "GET /news/2022/02/ HTTP/1.1" 200 12768 "-" "IonCrawl (https://www.ionos.de/terms-gtc/faq-crawler-en/)"
82.165.224.135 - - [30/Apr/2022:04:38:33 +0100] "GET /sitemap_index.xml HTTP/1.1" 200 325 "-" "IonCrawl (https://www.ionos.de/terms-gtc/faq-crawler-en/)"
45.132.244.92 - - [30/Apr/2022:04:38:34 +0100] "HEAD / HTTP/1.1" 200 0 "-" "-"
54.68.32.247 - - [30/Apr/2022:05:01:32 +0100] "POST /?rest_route=%2Fwordfence%2Fv1%2Fauthenticate HTTP/1.1" 200 134 "-" "Wordfence Central API v1.0"
51.81.186.219 - - [30/Apr/2022:05:01:33 +0100] "HEAD / HTTP/1.1" 200 0 "-" "-"
54.68.32.247 - - [30/Apr/2022:05:01:33 +0100] "POST /?rest_route=%2Fwordfence%2Fv1%2Fauthenticate HTTP/1.1" 200 252 "-" "Wordfence Central API v1.0"
54.68.32.247 - - [30/Apr/2022:05:01:34 +0100] "POST /?rest_route=%2Fwordfence%2Fv1%2Fconfig HTTP/1.1" 200 3080 "-" "Wordfence Central API v1.0"
54.68.32.247 - - [30/Apr/2022:06:01:32 +0100] "POST /?rest_route=%2Fwordfence%2Fv1%2Fauthenticate HTTP/1.1" 200 134 "-" "Wordfence Central API v1.0"
51.81.186.219 - - [30/Apr/2022:06:01:33 +0100] "HEAD / HTTP/1.1" 200 0 "-" "-"
54.68.32.247 - - [30/Apr/2022:06:01:33 +0100] "POST /?rest_route=%2Fwordfence%2Fv1%2Fauthenticate HTTP/1.1" 200 256 "-" "Wordfence Central API v1.0"
54.68.32.247 - - [30/Apr/2022:06:01:34 +0100] "POST /?rest_route=%2Fwordfence%2Fv1%2Fconfig HTTP/1.1" 200 3082 "-" "Wordfence Central API v1.0"
207.46.13.36 - - [30/Apr/2022:06:37:22 +0100] "GET /facilities/ HTTP/1.1" 200 13314 "-" "Mozilla/5.0 (compatible; bingbot/2.0; +http://www.bing.com/bingbot.htm)"
149.28.11.90 - - [30/Apr/2022:06:37:23 +0100] "HEAD / HTTP/1.1" 200 0 "-" "-"
157.55.39.55 - - [30/Apr/2022:06:37:32 +0100] "GET /wp-content/litespeed/css/04c205088aef6ab86671135984bde441.css?ver=ef894 HTTP/1.1" 200 250 "-" "Mozilla/5.0 (compatible; bingbot/2.0; +http://www.bing.com/bingbot.htm)"
10.4.96.3 - - [30/Apr/2022:06:37:33 +0100] "GET /wp-content/litespeed/css/79ac2e166a64deb7082c8f4a065d36e5.css?ver=d36e5 HTTP/1.1" 200 325 "-" "Mozilla/5.0 (compatible; bingbot/2.0; +http://www.bing.com/bingbot.htm)"
157.55.39.55 - - [30/Apr/2022:06:37:34 +0100] "GET /wp-content/plugins/simple-banner/simple-banner.js?ver=2.11.0 HTTP/1.1" 200 1512 "-" "Mozilla/5.0 (compatible; bingbot/2.0; +http://www.bing.com/bingbot.htm)"
40.77.167.24 - - [30/Apr/2022:06:37:35 +0100] "GET /wp-content/litespeed/css/cf22e83ddbcbe9bf0a5483ea759a38f0.css?ver=a27c7 HTTP/1.1" 200 14079 "-" "Mozilla/5.0 (compatible; bingbot/2.0; +http://www.bing.com/bingbot.htm)"
207.46.13.36 - - [30/Apr/2022:06:37:35 +0100] "GET /wp-includes/js/wp-emoji-release.min.js?ver=5.9.3 HTTP/1.1" 200 5623 "-" "Mozilla/5.0 (compatible; bingbot/2.0; +http://www.bing.com/bingbot.htm)"
40.77.167.24 - - [30/Apr/2022:06:37:37 +0100] "GET /wp-content/litespeed/css/f1f3bb515f8594534f56b8b8eb04f322.css?ver=bdff9 HTTP/1.1" 200 10202 "-" "Mozilla/5.0 (compatible; bingbot/2.0; +http://www.bing.com/bingbot.htm)"
157.55.39.55 - - [30/Apr/2022:06:37:38 +0100] "GET /wp-includes/js/jquery/jquery.min.js?ver=3.6.0 HTTP/1.1" 200 34819 "-" "Mozilla/5.0 (compatible; bingbot/2.0; +http://www.bing.com/bingbot.htm)"
157.55.39.159 - - [30/Apr/2022:06:37:38 +0100] "GET /wp-content/litespeed/css/28077ec3d4019a380b51ef57e24685fc.css?ver=188fb HTTP/1.1" 200 1475 "-" "Mozilla/5.0 (compatible; bingbot/2.0; +http://www.bing.com/bingbot.htm)"
157.55.39.159 - - [30/Apr/2022:06:37:41 +0100] "GET /wp-content/litespeed/css/962881a9f7b8a4ad588b826970384b0a.css?ver=24dc7 HTTP/1.1" 200 4840 "-" "Mozilla/5.0 (compatible; bingbot/2.0; +http://www.bing.com/bingbot.htm)"
157.55.39.123 - - [30/Apr/2022:06:37:43 +0100] "GET /wp-content/litespeed/css/8576258e7ed95683a61ed71d30331f17.css?ver=3458c HTTP/1.1" 200 1410 "-" "Mozilla/5.0 (compatible; bingbot/2.0; +http://www.bing.com/bingbot.htm)"
157.55.39.10 - - [30/Apr/2022:06:37:45 +0100] "GET /wp-content/themes/lovecraft/assets/js/doubletaptogo.min.js?ver=1 HTTP/1.1" 200 358 "-" "Mozilla/5.0 (compatible; bingbot/2.0; +http://www.bing.com/bingbot.htm)"
157.55.39.123 - - [30/Apr/2022:06:37:45 +0100] "GET /wp-content/plugins/cookie-law-info/public/js/cookie-law-info-public.js?ver=2.1.1 HTTP/1.1" 200 9478 "-" "Mozilla/5.0 (compatible; bingbot/2.0; +http://www.bing.com/bingbot.htm)"
54.191.137.17 - - [30/Apr/2022:06:43:22 +0100] "POST /wp-load.php?mwprid=626ccc7a5246b1.29775733 HTTP/1.1" 200 65 "https://walbottlevi.com/" "Mozilla/5.0 (Windows NT 10.0; Win64; x64) AppleWebKit/537.36 (KHTML, like Gecko) Chrome/62.0.3202.94 Safari/537.36"
54.191.137.17 - - [30/Apr/2022:06:43:30 +0100] "GET / HTTP/2" 301 0 "-" "Mozilla/5.0 (X11; Linux x86_64) AppleWebKit/537.36 (KHTML, like Gecko) HeadlessChrome/60.0.3112.101 Safari/537.36"
54.191.137.17 - - [30/Apr/2022:06:45:24 +0100] "POST /wp-load.php HTTP/1.1" 200 23206 "https://walbottlevi.com/wp-load.php" "Mozilla/5.0 (Windows NT 10.0; Win64; x64) AppleWebKit/537.36 (KHTML, like Gecko) Chrome/98.0.4758.102 Safari/537.36"
54.191.137.17 - - [30/Apr/2022:06:45:25 +0100] "POST /wp-load.php HTTP/1.1" 200 5940 "https://walbottlevi.com/wp-load.php" "Mozilla/5.0 (Windows NT 10.0; Win64; x64) AppleWebKit/537.36 (KHTML, like Gecko) Chrome/98.0.4758.102 Safari/537.36"
54.191.137.17 - - [30/Apr/2022:06:45:25 +0100] "POST /cloner.php?nocache&gddebug=1&key=b0pth2vunx4xq13gee3wrj3u4ongkfmr HTTP/1.1" 200 39 "https://walbottlevi.com/cloner.php" "Mozilla/5.0 (Windows NT 10.0; Win64; x64) AppleWebKit/537.36 (KHTML, like Gecko) Chrome/98.0.4758.102 Safari/537.36"
103.25.181.221 - - [30/Apr/2022:06:51:34 +0100] "GET /a/license.txt HTTP/1.1" 403 6989 "-" "Mozilla/5.0 (X11; Ubuntu; Linux x86_64; rv:62.0) Gecko/20100101 Firefox/62.0"
40.77.189.20 - - [30/Apr/2022:06:53:33 +0100] "GET /wp-content/plugins/cookie-law-info/public/images/logo-cookieyes.svg HTTP/1.1" 200 1030 "https://www.walbottlevi.com/facilities/" "Mozilla/5.0 (Windows NT 6.1; WOW64) AppleWebKit/534+ (KHTML, like Gecko) BingPreview/1.0b"
149.28.121.72 - - [30/Apr/2022:06:53:33 +0100] "HEAD / HTTP/1.1" 200 0 "-" "-"
185.199.220.52 - - [30/Apr/2022:06:53:57 +0100] "POST /?wordfence_syncAttackData=1651298037.6831 HTTP/1.1" 200 0 "https://www.walbottlevi.com/?wordfence_syncAttackData=1651298037.6831" "WordPress/5.9.3; https://www.walbottlevi.com"
152.228.171.66 - - [30/Apr/2022:06:53:58 +0100] "HEAD / HTTP/1.1" 200 0 "-" "-"
10.4.96.3 - - [30/Apr/2022:06:53:57 +0100] "GET /sitemap_index.xml HTTP/1.1" 200 325 "-" "Mozilla/5.0 (compatible; bingbot/2.0; +http://www.bing.com/bingbot.htm)"
149.28.11.90 - - [30/Apr/2022:06:53:58 +0100] "HEAD / HTTP/1.1" 200 0 "-" "-"
54.68.32.247 - - [30/Apr/2022:07:01:34 +0100] "POST /?rest_route=%2Fwordfence%2Fv1%2Fauthenticate HTTP/1.1" 200 133 "-" "Wordfence Central API v1.0"
51.81.186.219 - - [30/Apr/2022:07:01:35 +0100] "HEAD / HTTP/1.1" 200 0 "-" "-"
54.68.32.247 - - [30/Apr/2022:07:01:35 +0100] "POST /?rest_route=%2Fwordfence%2Fv1%2Fauthenticate HTTP/1.1" 200 257 "-" "Wordfence Central API v1.0"
54.68.32.247 - - [30/Apr/2022:07:01:36 +0100] "POST /?rest_route=%2Fwordfence%2Fv1%2Fconfig HTTP/1.1" 200 3082 "-" "Wordfence Central API v1.0"
185.191.171.24 - - [30/Apr/2022:07:45:24 +0100] "GET /news/page/3/ HTTP/1.1" 200 12249 "-" "Mozilla/5.0 (compatible; SemrushBot/7~bl; +http://www.semrush.com/bot.html)"
135.148.148.230 - - [30/Apr/2022:07:45:24 +0100] "HEAD / HTTP/1.1" 200 0 "-" "-"
216.244.66.244 - - [30/Apr/2022:07:55:02 +0100] "GET /system/errors HTTP/1.1" 404 11754 "-" "Mozilla/5.0 (compatible; DotBot/1.2; +https://opensiteexplorer.org/dotbot; help@moz.com)"
185.199.220.52 - - [30/Apr/2022:08:00:44 +0100] "HEAD / HTTP/2" 301 0 "-" "-"
54.68.32.247 - - [30/Apr/2022:08:01:34 +0100] "POST /?rest_route=%2Fwordfence%2Fv1%2Fauthenticate HTTP/1.1" 200 133 "-" "Wordfence Central API v1.0"
54.68.32.247 - - [30/Apr/2022:08:01:34 +0100] "POST /?rest_route=%2Fwordfence%2Fv1%2Fauthenticate HTTP/1.1" 200 255 "-" "Wordfence Central API v1.0"
54.68.32.247 - - [30/Apr/2022:08:01:35 +0100] "POST /?rest_route=%2Fwordfence%2Fv1%2Fconfig HTTP/1.1" 200 3082 "-" "Wordfence Central API v1.0"
216.244.66.244 - - [30/Apr/2022:08:07:40 +0100] "GET /system/errors/NodeNotFound?suri=wuid:gx:3bfa103cbe4cd3a HTTP/1.1" 404 11757 "-" "Mozilla/5.0 (compatible; DotBot/1.2; +https://opensiteexplorer.org/dotbot; help@moz.com)"
216.244.66.244 - - [30/Apr/2022:09:01:21 +0100] "GET /about/dedicated-team.png?attredirects=0 HTTP/1.1" 404 11753 "-" "Mozilla/5.0 (compatible; DotBot/1.2; +https://opensiteexplorer.org/dotbot; help@moz.com)"
149.28.11.90 - - [30/Apr/2022:09:01:22 +0100] "HEAD / HTTP/1.1" 200 0 "-" "-"
54.68.32.247 - - [30/Apr/2022:09:01:33 +0100] "POST /?rest_route=%2Fwordfence%2Fv1%2Fauthenticate HTTP/1.1" 200 133 "-" "Wordfence Central API v1.0"
54.68.32.247 - - [30/Apr/2022:09:01:34 +0100] "POST /?rest_route=%2Fwordfence%2Fv1%2Fauthenticate HTTP/1.1" 200 257 "-" "Wordfence Central API v1.0"
54.68.32.247 - - [30/Apr/2022:09:01:34 +0100] "POST /?rest_route=%2Fwordfence%2Fv1%2Fconfig HTTP/1.1" 200 3082 "-" "Wordfence Central API v1.0"
54.36.148.254 - - [30/Apr/2022:09:28:20 +0100] "GET /robots.txt HTTP/1.1" 200 102 "-" "Mozilla/5.0 (compatible; AhrefsBot/7.0; +http://ahrefs.com/robot/)"
152.228.171.66 - - [30/Apr/2022:09:28:20 +0100] "HEAD / HTTP/1.1" 200 0 "-" "-"
87.250.224.180 - - [30/Apr/2022:09:56:16 +0100] "GET /news/whats-happened-in-2020/ HTTP/1.1" 200 13772 "-" "Mozilla/5.0 (compatible; YandexBot/3.0; +http://yandex.com/bots)"
193.203.202.215 - - [30/Apr/2022:09:56:17 +0100] "HEAD / HTTP/1.1" 200 0 "-" "-"
54.68.32.247 - - [30/Apr/2022:10:01:31 +0100] "POST /?rest_route=%2Fwordfence%2Fv1%2Fauthenticate HTTP/1.1" 200 133 "-" "Wordfence Central API v1.0"
54.68.32.247 - - [30/Apr/2022:10:01:32 +0100] "POST /?rest_route=%2Fwordfence%2Fv1%2Fauthenticate HTTP/1.1" 200 257 "-" "Wordfence Central API v1.0"
54.68.32.247 - - [30/Apr/2022:10:01:33 +0100] "POST /?rest_route=%2Fwordfence%2Fv1%2Fconfig HTTP/1.1" 200 3082 "-" "Wordfence Central API v1.0"
