54.174.58.224 - - [04/May/2022:18:20:35 +0100] "GET /wp-content/litespeed/css/04c205088aef6ab86671135984bde441.css?ver=ef894 HTTP/1.1" 200 183 "https://www.walbottlevi.com/" "Mozilla/5.0 (compatible; HubSpot Crawler; +https://www.hubspot.com)"
54.174.58.224 - - [04/May/2022:18:20:35 +0100] "GET /wp-content/litespeed/css/8576258e7ed95683a61ed71d30331f17.css?ver=3458c HTTP/1.1" 200 1308 "https://www.walbottlevi.com/" "Mozilla/5.0 (compatible; HubSpot Crawler; +https://www.hubspot.com)"
54.174.58.224 - - [04/May/2022:18:20:35 +0100] "GET /wp-content/litespeed/css/cf22e83ddbcbe9bf0a5483ea759a38f0.css?ver=a27c7 HTTP/1.1" 200 11399 "https://www.walbottlevi.com/" "Mozilla/5.0 (compatible; HubSpot Crawler; +https://www.hubspot.com)"
54.174.58.224 - - [04/May/2022:18:20:35 +0100] "GET /wp-content/themes/lovecraft/assets/js/doubletaptogo.min.js?ver=1 HTTP/1.1" 200 297 "https://www.walbottlevi.com/" "Mozilla/5.0 (compatible; HubSpot Crawler; +https://www.hubspot.com)"
54.174.58.224 - - [04/May/2022:18:20:35 +0100] "GET /wp-includes/js/jquery/jquery-migrate.min.js?ver=3.3.2 HTTP/1.1" 200 3995 "https://www.walbottlevi.com/" "Mozilla/5.0 (compatible; HubSpot Crawler; +https://www.hubspot.com)"
54.174.58.224 - - [04/May/2022:18:20:35 +0100] "GET /wp-content/litespeed/css/f1f3bb515f8594534f56b8b8eb04f322.css?ver=bdff9 HTTP/1.1" 200 8673 "https://www.walbottlevi.com/" "Mozilla/5.0 (compatible; HubSpot Crawler; +https://www.hubspot.com)"
54.174.58.224 - - [04/May/2022:18:20:35 +0100] "GET /wp-includes/js/jquery/jquery.min.js?ver=3.6.0 HTTP/1.1" 200 30273 "https://www.walbottlevi.com/" "Mozilla/5.0 (compatible; HubSpot Crawler; +https://www.hubspot.com)"
54.174.58.224 - - [04/May/2022:18:20:35 +0100] "GET /wp-content/litespeed/css/79ac2e166a64deb7082c8f4a065d36e5.css?ver=d36e5 HTTP/1.1" 200 286 "https://www.walbottlevi.com/" "Mozilla/5.0 (compatible; HubSpot Crawler; +https://www.hubspot.com)"
54.174.58.224 - - [04/May/2022:18:20:35 +0100] "GET /wp-content/plugins/simple-banner/simple-banner.js?ver=2.11.0 HTTP/1.1" 200 1233 "https://www.walbottlevi.com/" "Mozilla/5.0 (compatible; HubSpot Crawler; +https://www.hubspot.com)"
54.174.58.224 - - [04/May/2022:18:20:35 +0100] "GET /wp-content/plugins/cookie-law-info/public/js/cookie-law-info-public.js?ver=2.1.1 HTTP/1.1" 200 7496 "https://www.walbottlevi.com/" "Mozilla/5.0 (compatible; HubSpot Crawler; +https://www.hubspot.com)"
54.174.58.224 - - [04/May/2022:18:20:35 +0100] "GET /wp-content/litespeed/css/962881a9f7b8a4ad588b826970384b0a.css?ver=24dc7 HTTP/1.1" 200 3972 "https://www.walbottlevi.com/" "Mozilla/5.0 (compatible; HubSpot Crawler; +https://www.hubspot.com)"
54.174.58.224 - - [04/May/2022:18:20:35 +0100] "GET /wp-content/litespeed/css/cb21ec2d70e49154406ff85a4f971eb0.css?ver=4a728 HTTP/1.1" 200 684 "https://www.walbottlevi.com/" "Mozilla/5.0 (compatible; HubSpot Crawler; +https://www.hubspot.com)"
54.174.58.224 - - [04/May/2022:18:20:35 +0100] "GET /wp-content/litespeed/css/28077ec3d4019a380b51ef57e24685fc.css?ver=188fb HTTP/1.1" 200 1323 "https://www.walbottlevi.com/" "Mozilla/5.0 (compatible; HubSpot Crawler; +https://www.hubspot.com)"
54.174.58.224 - - [04/May/2022:18:20:35 +0100] "GET /wp-content/themes/lovecraft/assets/js/global.js?ver=2.0.1 HTTP/1.1" 200 896 "https://www.walbottlevi.com/" "Mozilla/5.0 (compatible; HubSpot Crawler; +https://www.hubspot.com)"
54.174.58.224 - - [04/May/2022:18:20:35 +0100] "GET /wp-content/plugins/cookie-law-info/public/images/logo-cookieyes.svg HTTP/1.1" 200 1030 "https://www.walbottlevi.com/" "Mozilla/5.0 (compatible; HubSpot Crawler; +https://www.hubspot.com)"
54.174.58.224 - - [04/May/2022:18:20:35 +0100] "GET /wp-content/uploads/2020/09/cropped-IMG_0477-scaled-2.jpg.webp HTTP/1.1" 200 124034 "https://www.walbottlevi.com/" "Mozilla/5.0 (compatible; HubSpot Crawler; +https://www.hubspot.com)"
54.174.58.224 - - [04/May/2022:18:20:35 +0100] "GET /wp-includes/js/wp-emoji-release.min.js?ver=5.9.3 HTTP/1.1" 200 4539 "https://www.walbottlevi.com/" "Mozilla/5.0 (compatible; HubSpot Crawler; +https://www.hubspot.com)"
54.174.58.224 - - [04/May/2022:18:20:35 +0100] "GET /wp-content/uploads/2020/09/cropped-IMG_0477-scaled-2.jpg HTTP/1.1" 200 133514 "https://www.walbottlevi.com/" "Mozilla/5.0 (compatible; HubSpot Crawler; +https://www.hubspot.com)"
54.174.58.224 - - [04/May/2022:18:20:36 +0100] "GET /wp-content/uploads/2019/11/cropped-WVIMain-32x32.png HTTP/1.1" 200 1647 "https://www.walbottlevi.com/" "Mozilla/5.0 (compatible; HubSpot Crawler; +https://www.hubspot.com)"
54.174.53.145 - - [04/May/2022:18:20:38 +0100] "GET / HTTP/1.1" 301 0 "-" "Mozilla/5.0 (X11; Linux x86_64; HubSpot Url validation check; web-crawlers+url-validation@hubspot.com) AppleWebKit/537.36 (KHTML, like Gecko) Chrome/51.0.2704.103 Safari/537.36"
114.119.137.2 - - [04/May/2022:18:22:26 +0100] "GET /robots.txt HTTP/1.1" 301 0 "-" "Mozilla/5.0 (compatible;PetalBot;+https://webmaster.petalsearch.com/site/petalbot)"
107.21.159.45 - - [04/May/2022:18:23:46 +0100] "GET / HTTP/1.1" 301 0 "-" "Mozilla/5.0 (Macintosh; Intel Mac OS X 10_8_3) AppleWebKit/537.31 (KHTML, like Gecko) Chrome/26.0.1410.65 Safari/537.31"
174.129.152.202 - - [04/May/2022:18:23:47 +0100] "GET /wp-content/plugins/cookie-law-info/public/images/logo-cookieyes.svg HTTP/1.1" 200 1136 "-" "Mozilla/5.0 (Macintosh; Intel Mac OS X 10_8_3) AppleWebKit/537.31 (KHTML, like Gecko) Chrome/26.0.1410.65 Safari/537.31"
54.68.32.247 - - [04/May/2022:19:01:32 +0100] "POST /?rest_route=%2Fwordfence%2Fv1%2Fauthenticate HTTP/1.1" 200 134 "-" "Wordfence Central API v1.0"
54.68.32.247 - - [04/May/2022:19:01:34 +0100] "POST /?rest_route=%2Fwordfence%2Fv1%2Fauthenticate HTTP/1.1" 200 255 "-" "Wordfence Central API v1.0"
54.68.32.247 - - [04/May/2022:19:01:34 +0100] "POST /?rest_route=%2Fwordfence%2Fv1%2Fconfig HTTP/1.1" 200 3082 "-" "Wordfence Central API v1.0"
10.4.96.3 - - [04/May/2022:19:24:55 +0100] "GET /sitemap_index.xml HTTP/1.1" 200 325 "-" "Mozilla/5.0 (compatible; bingbot/2.0; +http://www.bing.com/bingbot.htm)"
149.28.11.90 - - [04/May/2022:19:24:56 +0100] "HEAD / HTTP/1.1" 200 0 "-" "-"
3.84.113.108 - - [04/May/2022:19:27:16 +0100] "GET / HTTP/2" 301 0 "-" "Mozilla/5.0 (Linux; Android 7.0; Moto G (4)) AppleWebKit/537.36 (KHTML, like Gecko) Chrome/84.0.4143.7 Mobile Safari/537.36 Chrome-Lighthouse"
3.84.113.108 - - [04/May/2022:19:27:17 +0100] "GET /wp-content/themes/lovecraft/assets/fonts/genericons/Genericons.woff HTTP/1.1" 200 13116 "https://www.walbottlevi.com/wp-content/litespeed/css/8576258e7ed95683a61ed71d30331f17.css?ver=3458c" "Mozilla/5.0 (Linux; Android 7.0; Moto G (4)) AppleWebKit/537.36 (KHTML, like Gecko) Chrome/84.0.4143.7 Mobile Safari/537.36 Chrome-Lighthouse"
135.148.148.230 - - [04/May/2022:19:27:17 +0100] "HEAD / HTTP/1.1" 200 0 "-" "-"
3.84.113.108 - - [04/May/2022:19:27:19 +0100] "GET /robots.txt HTTP/1.1" 200 102 "https://www.walbottlevi.com/" "Mozilla/5.0 (Linux; Android 7.0; Moto G (4)) AppleWebKit/537.36 (KHTML, like Gecko) Chrome/84.0.4143.7 Mobile Safari/537.36 Chrome-Lighthouse"
54.191.137.17 - - [04/May/2022:19:35:02 +0100] "POST /wp-load.php?mwprid=6272c756e0f8f4.89977291 HTTP/1.1" 200 11174 "https://walbottlevi.com/" "Mozilla/5.0 (Windows NT 10.0; Win64; x64) AppleWebKit/537.36 (KHTML, like Gecko) Chrome/62.0.3202.94 Safari/537.36"
54.191.137.17 - - [04/May/2022:19:35:08 +0100] "POST /wp-load.php?mwprid=6272c75e4a1652.05066212 HTTP/1.1" 200 689 "https://walbottlevi.com/" "Mozilla/5.0 (Windows NT 10.0; Win64; x64) AppleWebKit/537.36 (KHTML, like Gecko) Chrome/62.0.3202.94 Safari/537.36"
54.191.137.17 - - [04/May/2022:19:35:17 +0100] "POST /wp-load.php?mwprid=6272c75f736309.19767267 HTTP/1.1" 200 690 "https://walbottlevi.com/" "Mozilla/5.0 (Windows NT 10.0; Win64; x64) AppleWebKit/537.36 (KHTML, like Gecko) Chrome/62.0.3202.94 Safari/537.36"
54.191.137.17 - - [04/May/2022:19:35:28 +0100] "GET / HTTP/1.1" 301 0 "-" "Mozilla/5.0 (Windows NT 10.0; Win64; x64) AppleWebKit/537.36 (KHTML, like Gecko) Chrome/62.0.3202.94 Safari/537.36"
146.200.172.89 - - [04/May/2022:19:35:41 +0100] "GET / HTTP/1.1" 200 11282 "https://www.google.co.uk/" "Mozilla/5.0 (Linux; Android 11; SAMSUNG SM-G973F) AppleWebKit/537.36 (KHTML, like Gecko) SamsungBrowser/16.2 Chrome/92.0.4515.166 Mobile Safari/537.36"
146.200.172.89 - - [04/May/2022:19:35:42 +0100] "GET /wp-content/uploads/2019/11/cropped-WVIMain-192x192.png HTTP/1.1" 200 28462 "https://www.walbottlevi.com/" "Mozilla/5.0 (Linux; Android 11; SAMSUNG SM-G973F) AppleWebKit/537.36 (KHTML, like Gecko) SamsungBrowser/16.2 Chrome/92.0.4515.166 Mobile Safari/537.36"
146.200.172.89 - - [04/May/2022:19:35:42 +0100] "GET /wp-content/uploads/2019/11/cropped-WVIMain-180x180.png HTTP/1.1" 200 18084 "https://www.walbottlevi.com/" "Mozilla/5.0 (Linux; Android 11; SAMSUNG SM-G973F) AppleWebKit/537.36 (KHTML, like Gecko) SamsungBrowser/16.2 Chrome/92.0.4515.166 Mobile Safari/537.36"
54.191.137.17 - - [04/May/2022:19:35:45 +0100] "POST /wp-load.php?mwprid=6272c77c9816b0.70322399 HTTP/1.1" 200 67 "https://walbottlevi.com/" "Mozilla/5.0 (Windows NT 10.0; Win64; x64) AppleWebKit/537.36 (KHTML, like Gecko) Chrome/62.0.3202.94 Safari/537.36"
54.191.137.17 - - [04/May/2022:19:35:46 +0100] "POST /wp-load.php?mwprid=6272c78428ec13.85352862 HTTP/1.1" 200 61 "https://walbottlevi.com/" "Mozilla/5.0 (Windows NT 10.0; Win64; x64) AppleWebKit/537.36 (KHTML, like Gecko) Chrome/62.0.3202.94 Safari/537.36"
146.200.172.89 - - [04/May/2022:19:35:51 +0100] "GET /activities/treble-time/ HTTP/1.1" 200 12193 "https://www.walbottlevi.com/" "Mozilla/5.0 (Linux; Android 11; SAMSUNG SM-G973F) AppleWebKit/537.36 (KHTML, like Gecko) SamsungBrowser/16.2 Chrome/92.0.4515.166 Mobile Safari/537.36"
54.191.137.17 - - [04/May/2022:19:36:25 +0100] "POST /wp-load.php?mwprid=6272c7a9d4c627.64541616 HTTP/1.1" 200 838 "https://walbottlevi.com/" "Mozilla/5.0 (Windows NT 10.0; Win64; x64) AppleWebKit/537.36 (KHTML, like Gecko) Chrome/62.0.3202.94 Safari/537.36"
54.191.137.17 - - [04/May/2022:19:36:33 +0100] "GET / HTTP/1.1" 301 0 "-" "Mozilla/5.0 (Windows NT 10.0; Win64; x64) AppleWebKit/537.36 (KHTML, like Gecko) Chrome/62.0.3202.94 Safari/537.36"
44.192.68.175 - - [04/May/2022:19:50:39 +0100] "GET / HTTP/2" 301 0 "-" "Mozilla/5.0 (Linux; Android 7.0; Moto G (4)) AppleWebKit/537.36 (KHTML, like Gecko) Chrome/84.0.4143.7 Mobile Safari/537.36 Chrome-Lighthouse"
44.192.68.175 - - [04/May/2022:19:50:40 +0100] "GET / HTTP/1.1" 200 11282 "-" "Mozilla/5.0 (Linux; Android 7.0; Moto G (4)) AppleWebKit/537.36 (KHTML, like Gecko) Chrome/84.0.4143.7 Mobile Safari/537.36 Chrome-Lighthouse"
44.192.68.175 - - [04/May/2022:19:50:41 +0100] "GET /wp-content/litespeed/css/8576258e7ed95683a61ed71d30331f17.css?ver=3458c HTTP/1.1" 200 1226 "https://www.walbottlevi.com/" "Mozilla/5.0 (Linux; Android 7.0; Moto G (4)) AppleWebKit/537.36 (KHTML, like Gecko) Chrome/84.0.4143.7 Mobile Safari/537.36 Chrome-Lighthouse"
44.192.68.175 - - [04/May/2022:19:50:41 +0100] "GET /wp-content/litespeed/css/cf22e83ddbcbe9bf0a5483ea759a38f0.css?ver=a27c7 HTTP/1.1" 200 10493 "https://www.walbottlevi.com/" "Mozilla/5.0 (Linux; Android 7.0; Moto G (4)) AppleWebKit/537.36 (KHTML, like Gecko) Chrome/84.0.4143.7 Mobile Safari/537.36 Chrome-Lighthouse"
44.192.68.175 - - [04/May/2022:19:50:41 +0100] "GET /wp-includes/js/jquery/jquery.min.js?ver=3.6.0 HTTP/1.1" 200 30273 "https://www.walbottlevi.com/" "Mozilla/5.0 (Linux; Android 7.0; Moto G (4)) AppleWebKit/537.36 (KHTML, like Gecko) Chrome/84.0.4143.7 Mobile Safari/537.36 Chrome-Lighthouse"
44.192.68.175 - - [04/May/2022:19:50:41 +0100] "GET /wp-content/litespeed/css/f1f3bb515f8594534f56b8b8eb04f322.css?ver=bdff9 HTTP/1.1" 200 7848 "https://www.walbottlevi.com/" "Mozilla/5.0 (Linux; Android 7.0; Moto G (4)) AppleWebKit/537.36 (KHTML, like Gecko) Chrome/84.0.4143.7 Mobile Safari/537.36 Chrome-Lighthouse"
44.192.68.175 - - [04/May/2022:19:50:41 +0100] "GET /wp-content/litespeed/css/79ac2e166a64deb7082c8f4a065d36e5.css?ver=d36e5 HTTP/1.1" 200 279 "https://www.walbottlevi.com/" "Mozilla/5.0 (Linux; Android 7.0; Moto G (4)) AppleWebKit/537.36 (KHTML, like Gecko) Chrome/84.0.4143.7 Mobile Safari/537.36 Chrome-Lighthouse"
44.192.68.175 - - [04/May/2022:19:50:41 +0100] "GET /wp-content/plugins/cookie-law-info/public/js/cookie-law-info-public.js?ver=2.1.1 HTTP/1.1" 200 7496 "https://www.walbottlevi.com/" "Mozilla/5.0 (Linux; Android 7.0; Moto G (4)) AppleWebKit/537.36 (KHTML, like Gecko) Chrome/84.0.4143.7 Mobile Safari/537.36 Chrome-Lighthouse"
44.192.68.175 - - [04/May/2022:19:50:41 +0100] "GET /wp-content/litespeed/css/962881a9f7b8a4ad588b826970384b0a.css?ver=24dc7 HTTP/1.1" 200 3518 "https://www.walbottlevi.com/" "Mozilla/5.0 (Linux; Android 7.0; Moto G (4)) AppleWebKit/537.36 (KHTML, like Gecko) Chrome/84.0.4143.7 Mobile Safari/537.36 Chrome-Lighthouse"
44.192.68.175 - - [04/May/2022:19:50:41 +0100] "GET /wp-content/themes/lovecraft/assets/js/doubletaptogo.min.js?ver=1 HTTP/1.1" 200 297 "https://www.walbottlevi.com/" "Mozilla/5.0 (Linux; Android 7.0; Moto G (4)) AppleWebKit/537.36 (KHTML, like Gecko) Chrome/84.0.4143.7 Mobile Safari/537.36 Chrome-Lighthouse"
44.192.68.175 - - [04/May/2022:19:50:41 +0100] "GET /wp-content/litespeed/css/04c205088aef6ab86671135984bde441.css?ver=ef894 HTTP/1.1" 200 165 "https://www.walbottlevi.com/" "Mozilla/5.0 (Linux; Android 7.0; Moto G (4)) AppleWebKit/537.36 (KHTML, like Gecko) Chrome/84.0.4143.7 Mobile Safari/537.36 Chrome-Lighthouse"
44.192.68.175 - - [04/May/2022:19:50:41 +0100] "GET /wp-includes/js/jquery/jquery-migrate.min.js?ver=3.3.2 HTTP/1.1" 200 3995 "https://www.walbottlevi.com/" "Mozilla/5.0 (Linux; Android 7.0; Moto G (4)) AppleWebKit/537.36 (KHTML, like Gecko) Chrome/84.0.4143.7 Mobile Safari/537.36 Chrome-Lighthouse"
44.192.68.175 - - [04/May/2022:19:50:41 +0100] "GET /wp-content/plugins/simple-banner/simple-banner.js?ver=2.11.0 HTTP/1.1" 200 1233 "https://www.walbottlevi.com/" "Mozilla/5.0 (Linux; Android 7.0; Moto G (4)) AppleWebKit/537.36 (KHTML, like Gecko) Chrome/84.0.4143.7 Mobile Safari/537.36 Chrome-Lighthouse"
44.192.68.175 - - [04/May/2022:19:50:41 +0100] "GET /wp-content/litespeed/css/cb21ec2d70e49154406ff85a4f971eb0.css?ver=4a728 HTTP/1.1" 200 630 "https://www.walbottlevi.com/" "Mozilla/5.0 (Linux; Android 7.0; Moto G (4)) AppleWebKit/537.36 (KHTML, like Gecko) Chrome/84.0.4143.7 Mobile Safari/537.36 Chrome-Lighthouse"
44.192.68.175 - - [04/May/2022:19:50:41 +0100] "GET /wp-content/litespeed/css/28077ec3d4019a380b51ef57e24685fc.css?ver=188fb HTTP/1.1" 200 1220 "https://www.walbottlevi.com/" "Mozilla/5.0 (Linux; Android 7.0; Moto G (4)) AppleWebKit/537.36 (KHTML, like Gecko) Chrome/84.0.4143.7 Mobile Safari/537.36 Chrome-Lighthouse"
44.192.68.175 - - [04/May/2022:19:50:41 +0100] "GET /wp-content/themes/lovecraft/assets/js/global.js?ver=2.0.1 HTTP/1.1" 200 896 "https://www.walbottlevi.com/" "Mozilla/5.0 (Linux; Android 7.0; Moto G (4)) AppleWebKit/537.36 (KHTML, like Gecko) Chrome/84.0.4143.7 Mobile Safari/537.36 Chrome-Lighthouse"
44.192.68.175 - - [04/May/2022:19:50:41 +0100] "GET /wp-includes/js/wp-emoji-release.min.js?ver=5.9.3 HTTP/1.1" 200 4539 "https://www.walbottlevi.com/" "Mozilla/5.0 (Linux; Android 7.0; Moto G (4)) AppleWebKit/537.36 (KHTML, like Gecko) Chrome/84.0.4143.7 Mobile Safari/537.36 Chrome-Lighthouse"
44.192.68.175 - - [04/May/2022:19:50:41 +0100] "GET /wp-content/uploads/2020/09/cropped-IMG_0477-scaled-2.jpg.webp HTTP/1.1" 200 124034 "https://www.walbottlevi.com/" "Mozilla/5.0 (Linux; Android 7.0; Moto G (4)) AppleWebKit/537.36 (KHTML, like Gecko) Chrome/84.0.4143.7 Mobile Safari/537.36 Chrome-Lighthouse"
44.192.68.175 - - [04/May/2022:19:50:41 +0100] "GET /wp-content/uploads/2020/09/cropped-IMG_0477-scaled-2.jpg HTTP/1.1" 200 133514 "https://www.walbottlevi.com/" "Mozilla/5.0 (Linux; Android 7.0; Moto G (4)) AppleWebKit/537.36 (KHTML, like Gecko) Chrome/84.0.4143.7 Mobile Safari/537.36 Chrome-Lighthouse"
44.192.68.175 - - [04/May/2022:19:50:41 +0100] "GET /wp-content/themes/lovecraft/assets/fonts/genericons/Genericons.woff HTTP/1.1" 200 13116 "https://www.walbottlevi.com/wp-content/litespeed/css/8576258e7ed95683a61ed71d30331f17.css?ver=3458c" "Mozilla/5.0 (Linux; Android 7.0; Moto G (4)) AppleWebKit/537.36 (KHTML, like Gecko) Chrome/84.0.4143.7 Mobile Safari/537.36 Chrome-Lighthouse"
147.135.115.64 - - [04/May/2022:19:50:41 +0100] "HEAD / HTTP/1.1" 200 0 "-" "-"
157.55.39.55 - - [04/May/2022:19:55:41 +0100] "GET /2016/10/25/ HTTP/1.1" 404 11755 "-" "Mozilla/5.0 (compatible; bingbot/2.0; +http://www.bing.com/bingbot.htm)"
54.68.32.247 - - [04/May/2022:20:01:32 +0100] "POST /?rest_route=%2Fwordfence%2Fv1%2Fauthenticate HTTP/1.1" 200 133 "-" "Wordfence Central API v1.0"
54.68.32.247 - - [04/May/2022:20:01:33 +0100] "POST /?rest_route=%2Fwordfence%2Fv1%2Fauthenticate HTTP/1.1" 200 257 "-" "Wordfence Central API v1.0"
54.68.32.247 - - [04/May/2022:20:01:34 +0100] "POST /?rest_route=%2Fwordfence%2Fv1%2Fconfig HTTP/1.1" 200 3082 "-" "Wordfence Central API v1.0"
10.4.96.3 - - [04/May/2022:20:04:54 +0100] "GET /wp-content/uploads/2021/06/disney-dance.jpg HTTP/1.1" 403 1229 "-" "Mozilla/5.0 (compatible; bingbot/2.0; +http://www.bing.com/bingbot.htm)"
157.55.39.10 - - [04/May/2022:20:05:30 +0100] "GET /activities/joyce-webster-art/ HTTP/1.1" 404 11758 "-" "Mozilla/5.0 (compatible; bingbot/2.0; +http://www.bing.com/bingbot.htm)"
66.249.68.95 - - [04/May/2022:20:11:27 +0100] "GET /sitemap.xml HTTP/1.1" 301 0 "-" "Mozilla/5.0 (compatible; Googlebot/2.1; +http://www.google.com/bot.html)"
44.202.4.54 - - [04/May/2022:20:18:34 +0100] "GET / HTTP/2" 301 0 "-" "Mozilla/5.0 (Linux; Android 7.0; Moto G (4)) AppleWebKit/537.36 (KHTML, like Gecko) Chrome/84.0.4143.7 Mobile Safari/537.36 Chrome-Lighthouse"
18.205.96.80 - - [04/May/2022:20:52:53 +0100] "GET / HTTP/2" 301 0 "-" "Mozilla/5.0 (Linux; Android 7.0; Moto G (4)) AppleWebKit/537.36 (KHTML, like Gecko) Chrome/84.0.4143.7 Mobile Safari/537.36 Chrome-Lighthouse"
109.248.43.195 - - [04/May/2022:21:04:55 +0100] "GET /robots.txt HTTP/1.1" 200 116 "-" "Mozilla/5.0 (compatible; BLEXBot/1.0; +http://webmeup-crawler.com/)"
109.248.43.212 - - [04/May/2022:21:04:56 +0100] "HEAD / HTTP/1.1" 200 0 "-" "-"
162.55.86.53 - - [04/May/2022:21:04:56 +0100] "GET / HTTP/1.1" 200 12692 "-" "Mozilla/5.0 (compatible; BLEXBot/1.0; +http://webmeup-crawler.com/)"
18.234.60.195 - - [04/May/2022:21:29:02 +0100] "GET / HTTP/2" 301 0 "-" "Mozilla/5.0 (Linux; Android 7.0; Moto G (4)) AppleWebKit/537.36 (KHTML, like Gecko) Chrome/84.0.4143.7 Mobile Safari/537.36 Chrome-Lighthouse"
34.222.24.172 - - [04/May/2022:21:33:18 +0100] "GET / HTTP/1.1" 301 0 "-" "Mozilla/5.0 (Windows NT 10.0; Win64; x64)AppleWebKit/537.36 (KHTML, like Gecko) Chrome/66.0.3359.181 Safari/537.36"
35.88.243.226 - - [04/May/2022:21:33:26 +0100] "GET / HTTP/2" 301 0 "-" "Mozilla/5.0 (X11; Linux x86_64) AppleWebKit/537.36 (KHTML, like Gecko) HeadlessChrome/68.0.3440.106 Safari/537.36"
54.68.32.247 - - [04/May/2022:22:01:33 +0100] "POST /?rest_route=%2Fwordfence%2Fv1%2Fauthenticate HTTP/1.1" 200 134 "-" "Wordfence Central API v1.0"
54.68.32.247 - - [04/May/2022:22:01:34 +0100] "POST /?rest_route=%2Fwordfence%2Fv1%2Fauthenticate HTTP/1.1" 200 256 "-" "Wordfence Central API v1.0"
54.68.32.247 - - [04/May/2022:22:01:35 +0100] "POST /?rest_route=%2Fwordfence%2Fv1%2Fconfig HTTP/1.1" 200 3082 "-" "Wordfence Central API v1.0"
87.250.224.94 - - [04/May/2022:22:32:47 +0100] "GET /robots.txt HTTP/1.1" 200 116 "-" "Mozilla/5.0 (compatible; YandexBot/3.0; +http://yandex.com/bots)"
193.203.202.215 - - [04/May/2022:22:32:47 +0100] "HEAD / HTTP/1.1" 200 0 "-" "-"
5.45.207.141 - - [04/May/2022:22:32:50 +0100] "GET /activities/gentle-movement-to-music/ HTTP/1.1" 200 12548 "-" "Mozilla/5.0 (compatible; YandexBot/3.0; +http://yandex.com/bots)"
51.222.253.3 - - [04/May/2022:22:34:24 +0100] "GET /robots.txt HTTP/1.1" 200 102 "-" "Mozilla/5.0 (compatible; AhrefsBot/7.0; +http://ahrefs.com/robot/)"
54.68.32.247 - - [04/May/2022:23:01:33 +0100] "POST /?rest_route=%2Fwordfence%2Fv1%2Fauthenticate HTTP/1.1" 200 133 "-" "Wordfence Central API v1.0"
51.81.186.219 - - [04/May/2022:23:01:34 +0100] "HEAD / HTTP/1.1" 200 0 "-" "-"
54.68.32.247 - - [04/May/2022:23:01:34 +0100] "POST /?rest_route=%2Fwordfence%2Fv1%2Fauthenticate HTTP/1.1" 200 255 "-" "Wordfence Central API v1.0"
54.68.32.247 - - [04/May/2022:23:01:35 +0100] "POST /?rest_route=%2Fwordfence%2Fv1%2Fconfig HTTP/1.1" 200 3082 "-" "Wordfence Central API v1.0"
40.77.167.24 - - [04/May/2022:23:42:53 +0100] "GET /sitemap_index.xml HTTP/1.1" 200 325 "-" "Mozilla/5.0 (compatible; bingbot/2.0; +http://www.bing.com/bingbot.htm)"
185.199.220.52 - - [05/May/2022:00:01:03 +0100] "GET / HTTP/1.1" 200 12692 "https://www.walbottlevi.com/" "WordPress/5.9.3; https://www.walbottlevi.com"
2.58.28.32 - - [05/May/2022:00:01:03 +0100] "HEAD / HTTP/1.1" 200 0 "-" "-"
54.68.32.247 - - [05/May/2022:00:01:34 +0100] "POST /?rest_route=%2Fwordfence%2Fv1%2Fauthenticate HTTP/1.1" 200 133 "-" "Wordfence Central API v1.0"
51.81.186.219 - - [05/May/2022:00:01:35 +0100] "HEAD / HTTP/1.1" 200 0 "-" "-"
54.68.32.247 - - [05/May/2022:00:01:35 +0100] "POST /?rest_route=%2Fwordfence%2Fv1%2Fauthenticate HTTP/1.1" 200 256 "-" "Wordfence Central API v1.0"
54.68.32.247 - - [05/May/2022:00:01:35 +0100] "POST /?rest_route=%2Fwordfence%2Fv1%2Fconfig HTTP/1.1" 200 3079 "-" "Wordfence Central API v1.0"
54.68.32.247 - - [05/May/2022:01:01:33 +0100] "POST /?rest_route=%2Fwordfence%2Fv1%2Fauthenticate HTTP/1.1" 200 133 "-" "Wordfence Central API v1.0"
51.81.186.219 - - [05/May/2022:01:01:33 +0100] "HEAD / HTTP/1.1" 200 0 "-" "-"
54.68.32.247 - - [05/May/2022:01:01:34 +0100] "POST /?rest_route=%2Fwordfence%2Fv1%2Fauthenticate HTTP/1.1" 200 258 "-" "Wordfence Central API v1.0"
54.68.32.247 - - [05/May/2022:01:01:34 +0100] "POST /?rest_route=%2Fwordfence%2Fv1%2Fconfig HTTP/1.1" 200 3079 "-" "Wordfence Central API v1.0"
66.249.68.67 - - [05/May/2022:01:55:09 +0100] "GET /news/acelebrationoflife-sat26thsept12-4pm HTTP/1.1" 404 10476 "-" "Mozilla/5.0 (Linux; Android 6.0.1; Nexus 5X Build/MMB29P) AppleWebKit/537.36 (KHTML, like Gecko) Chrome/100.0.4896.127 Mobile Safari/537.36 (compatible; Googlebot/2.1; +http://www.google.com/bot.html)"
64.225.34.246 - - [05/May/2022:01:55:10 +0100] "HEAD / HTTP/1.1" 200 0 "-" "-"
54.68.32.247 - - [05/May/2022:02:01:31 +0100] "POST /?rest_route=%2Fwordfence%2Fv1%2Fauthenticate HTTP/1.1" 200 133 "-" "Wordfence Central API v1.0"
54.68.32.247 - - [05/May/2022:02:01:32 +0100] "POST /?rest_route=%2Fwordfence%2Fv1%2Fauthenticate HTTP/1.1" 200 256 "-" "Wordfence Central API v1.0"
54.68.32.247 - - [05/May/2022:02:01:33 +0100] "POST /?rest_route=%2Fwordfence%2Fv1%2Fconfig HTTP/1.1" 200 3082 "-" "Wordfence Central API v1.0"
66.249.68.64 - - [05/May/2022:02:45:17 +0100] "GET /news/acelebrationoflife-sat26thsept12-4pm HTTP/1.1" 404 10476 "-" "Mozilla/5.0 (compatible; Googlebot/2.1; +http://www.google.com/bot.html)"
64.225.34.246 - - [05/May/2022:02:45:18 +0100] "HEAD / HTTP/1.1" 200 0 "-" "-"
54.68.32.247 - - [05/May/2022:03:01:33 +0100] "POST /?rest_route=%2Fwordfence%2Fv1%2Fauthenticate HTTP/1.1" 200 133 "-" "Wordfence Central API v1.0"
51.81.186.219 - - [05/May/2022:03:01:34 +0100] "HEAD / HTTP/1.1" 200 0 "-" "-"
54.68.32.247 - - [05/May/2022:03:01:34 +0100] "POST /?rest_route=%2Fwordfence%2Fv1%2Fauthenticate HTTP/1.1" 200 254 "-" "Wordfence Central API v1.0"
54.68.32.247 - - [05/May/2022:03:01:35 +0100] "POST /?rest_route=%2Fwordfence%2Fv1%2Fconfig HTTP/1.1" 200 3079 "-" "Wordfence Central API v1.0"
54.68.32.247 - - [05/May/2022:04:01:31 +0100] "POST /?rest_route=%2Fwordfence%2Fv1%2Fauthenticate HTTP/1.1" 200 133 "-" "Wordfence Central API v1.0"
51.81.186.219 - - [05/May/2022:04:01:32 +0100] "HEAD / HTTP/1.1" 200 0 "-" "-"
54.68.32.247 - - [05/May/2022:04:01:32 +0100] "POST /?rest_route=%2Fwordfence%2Fv1%2Fauthenticate HTTP/1.1" 200 255 "-" "Wordfence Central API v1.0"
54.68.32.247 - - [05/May/2022:04:01:33 +0100] "POST /?rest_route=%2Fwordfence%2Fv1%2Fconfig HTTP/1.1" 200 3079 "-" "Wordfence Central API v1.0"
10.4.96.3 - - [05/May/2022:04:09:39 +0100] "GET /sitemap_index.xml HTTP/1.1" 200 325 "-" "Mozilla/5.0 (compatible; bingbot/2.0; +http://www.bing.com/bingbot.htm)"
90.211.218.21 - - [05/May/2022:04:30:20 +0100] "GET /.well-known/assetlinks.json HTTP/1.1" 301 0 "-" "Mozilla/5.0 (Macintosh; Intel Mac OS X 10_11_6) AppleWebKit/537.36 (KHTML, like Gecko) Chrome/53.0.2785.143 Safari/537.36"
90.211.218.21 - - [05/May/2022:04:30:21 +0100] "GET /.well-known/assetlinks.json HTTP/1.1" 404 11756 "-" "Mozilla/5.0 (Macintosh; Intel Mac OS X 10_11_6) AppleWebKit/537.36 (KHTML, like Gecko) Chrome/53.0.2785.143 Safari/537.36"
2.58.28.32 - - [05/May/2022:04:30:21 +0100] "HEAD / HTTP/1.1" 200 0 "-" "-"
90.211.218.21 - - [05/May/2022:04:30:48 +0100] "GET /.well-known/assetlinks.json HTTP/1.1" 301 0 "-" "Mozilla/5.0 (Macintosh; Intel Mac OS X 10_11_6) AppleWebKit/537.36 (KHTML, like Gecko) Chrome/53.0.2785.143 Safari/537.36"
54.68.32.247 - - [05/May/2022:05:01:33 +0100] "POST /?rest_route=%2Fwordfence%2Fv1%2Fauthenticate HTTP/1.1" 200 134 "-" "Wordfence Central API v1.0"
51.81.186.219 - - [05/May/2022:05:01:34 +0100] "HEAD / HTTP/1.1" 200 0 "-" "-"
54.68.32.247 - - [05/May/2022:05:01:34 +0100] "POST /?rest_route=%2Fwordfence%2Fv1%2Fauthenticate HTTP/1.1" 200 255 "-" "Wordfence Central API v1.0"
54.68.32.247 - - [05/May/2022:05:01:35 +0100] "POST /?rest_route=%2Fwordfence%2Fv1%2Fconfig HTTP/1.1" 200 3082 "-" "Wordfence Central API v1.0"
54.36.149.22 - - [05/May/2022:05:10:29 +0100] "GET / HTTP/1.1" 200 11269 "-" "Mozilla/5.0 (compatible; AhrefsBot/7.0; +http://ahrefs.com/robot/)"
54.68.32.247 - - [05/May/2022:06:01:31 +0100] "POST /?rest_route=%2Fwordfence%2Fv1%2Fauthenticate HTTP/1.1" 200 132 "-" "Wordfence Central API v1.0"
51.81.186.219 - - [05/May/2022:06:01:32 +0100] "HEAD / HTTP/1.1" 200 0 "-" "-"
54.68.32.247 - - [05/May/2022:06:01:32 +0100] "POST /?rest_route=%2Fwordfence%2Fv1%2Fauthenticate HTTP/1.1" 200 255 "-" "Wordfence Central API v1.0"
54.68.32.247 - - [05/May/2022:06:01:33 +0100] "POST /?rest_route=%2Fwordfence%2Fv1%2Fconfig HTTP/1.1" 200 3079 "-" "Wordfence Central API v1.0"
40.77.167.24 - - [05/May/2022:06:53:24 +0100] "GET /sitemap_index.xml HTTP/1.1" 200 325 "-" "Mozilla/5.0 (compatible; bingbot/2.0; +http://www.bing.com/bingbot.htm)"
149.28.11.90 - - [05/May/2022:06:53:25 +0100] "HEAD / HTTP/1.1" 200 0 "-" "-"
54.68.32.247 - - [05/May/2022:07:01:32 +0100] "POST /?rest_route=%2Fwordfence%2Fv1%2Fauthenticate HTTP/1.1" 200 133 "-" "Wordfence Central API v1.0"
51.81.186.219 - - [05/May/2022:07:01:33 +0100] "HEAD / HTTP/1.1" 200 0 "-" "-"
54.68.32.247 - - [05/May/2022:07:01:33 +0100] "POST /?rest_route=%2Fwordfence%2Fv1%2Fauthenticate HTTP/1.1" 200 257 "-" "Wordfence Central API v1.0"
54.68.32.247 - - [05/May/2022:07:01:34 +0100] "POST /?rest_route=%2Fwordfence%2Fv1%2Fconfig HTTP/1.1" 200 3082 "-" "Wordfence Central API v1.0"
54.191.137.17 - - [05/May/2022:07:31:19 +0100] "POST /wp-load.php?mwprid=62736f37cab387.81235048 HTTP/1.1" 200 10313 "https://walbottlevi.com/" "Mozilla/5.0 (Windows NT 10.0; Win64; x64) AppleWebKit/537.36 (KHTML, like Gecko) Chrome/62.0.3202.94 Safari/537.36"
185.199.220.52 - - [05/May/2022:08:00:08 +0100] "HEAD / HTTP/2" 301 0 "-" "-"
54.68.32.247 - - [05/May/2022:08:01:33 +0100] "POST /?rest_route=%2Fwordfence%2Fv1%2Fauthenticate HTTP/1.1" 200 134 "-" "Wordfence Central API v1.0"
51.81.186.219 - - [05/May/2022:08:01:34 +0100] "HEAD / HTTP/1.1" 200 0 "-" "-"
54.68.32.247 - - [05/May/2022:08:01:34 +0100] "POST /?rest_route=%2Fwordfence%2Fv1%2Fauthenticate HTTP/1.1" 200 257 "-" "Wordfence Central API v1.0"
54.68.32.247 - - [05/May/2022:08:01:35 +0100] "POST /?rest_route=%2Fwordfence%2Fv1%2Fconfig HTTP/1.1" 200 3082 "-" "Wordfence Central API v1.0"
46.161.15.14 - - [05/May/2022:08:18:27 +0100] "GET /register/ HTTP/1.1" 301 0 "-" "Mozilla/5.0 (Windows NT 6.3; WOW64) AppleWebKit/537.36 (KHTML, like Gecko) Chrome/38.0.2125.111 Safari/537.36"
46.161.15.14 - - [05/May/2022:08:18:36 +0100] "GET /register/ HTTP/1.1" 404 11756 "https://walbottlevi.com/register/" "Mozilla/5.0 (Windows NT 6.3; WOW64) AppleWebKit/537.36 (KHTML, like Gecko) Chrome/38.0.2125.111 Safari/537.36"
65.21.81.50 - - [05/May/2022:08:18:36 +0100] "HEAD / HTTP/1.1" 200 0 "-" "-"
46.161.15.14 - - [05/May/2022:08:18:54 +0100] "GET /register/ HTTP/1.1" 301 0 "http://walbottlevi.com/register/" "Mozilla/5.0 (Windows NT 6.3; WOW64) AppleWebKit/537.36 (KHTML, like Gecko) Chrome/38.0.2125.111 Safari/537.36"
10.4.96.3 - - [05/May/2022:08:20:52 +0100] "GET /sitemap_index.xml HTTP/1.1" 200 325 "-" "Mozilla/5.0 (compatible; bingbot/2.0; +http://www.bing.com/bingbot.htm)"
149.28.11.90 - - [05/May/2022:08:20:53 +0100] "HEAD / HTTP/1.1" 200 0 "-" "-"
66.249.64.88 - - [05/May/2022:08:54:00 +0100] "GET /robots.txt HTTP/1.1" 301 0 "-" "Mozilla/5.0 (compatible; Googlebot/2.1; +http://www.google.com/bot.html)"
66.249.68.64 - - [05/May/2022:08:54:02 +0100] "GET /robots.txt HTTP/1.1" 200 102 "-" "Mozilla/5.0 (compatible; Googlebot/2.1; +http://www.google.com/bot.html)"
66.249.64.87 - - [05/May/2022:08:54:03 +0100] "GET / HTTP/1.1" 301 0 "-" "Mozilla/5.0 (Linux; Android 6.0.1; Nexus 5X Build/MMB29P) AppleWebKit/537.36 (KHTML, like Gecko) Chrome/99.0.4844.84 Mobile Safari/537.36 (compatible; Googlebot/2.1; +http://www.google.com/bot.html)"
66.249.64.88 - - [05/May/2022:08:54:04 +0100] "GET / HTTP/1.1" 301 0 "-" "Mozilla/5.0 (compatible; Googlebot/2.1; +http://www.google.com/bot.html)"
138.246.253.24 - - [05/May/2022:08:56:01 +0100] "GET /robots.txt HTTP/1.1" 200 116 "-" "Mozilla/5.0 (Windows NT 10.0; Win64; x64) AppleWebKit/537.36 (KHTML, like Gecko) Chrome/88.0.4324.146 Safari/537.36"
54.68.32.247 - - [05/May/2022:09:01:34 +0100] "POST /?rest_route=%2Fwordfence%2Fv1%2Fauthenticate HTTP/1.1" 200 134 "-" "Wordfence Central API v1.0"
51.81.186.219 - - [05/May/2022:09:01:35 +0100] "HEAD / HTTP/1.1" 200 0 "-" "-"
54.68.32.247 - - [05/May/2022:09:01:35 +0100] "POST /?rest_route=%2Fwordfence%2Fv1%2Fauthenticate HTTP/1.1" 200 256 "-" "Wordfence Central API v1.0"
54.68.32.247 - - [05/May/2022:09:01:36 +0100] "POST /?rest_route=%2Fwordfence%2Fv1%2Fconfig HTTP/1.1" 200 3082 "-" "Wordfence Central API v1.0"
31.13.127.15 - - [05/May/2022:09:34:10 +0100] "GET /wp-content/uploads/2020/09/cropped-IMG_0477-scaled-2.jpg HTTP/1.1" 403 1229 "-" "facebookexternalhit/1.1 (+http://www.facebook.com/externalhit_uatext.php)"
66.249.68.64 - - [05/May/2022:09:39:23 +0100] "GET /wp-content/uploads/2021/07/JWA.png HTTP/1.1" 403 1229 "-" "Googlebot-Image/1.0"
64.225.34.246 - - [05/May/2022:09:39:24 +0100] "HEAD / HTTP/1.1" 200 0 "-" "-"
54.36.148.225 - - [05/May/2022:09:51:29 +0100] "GET /contact/ HTTP/1.1" 200 14515 "-" "Mozilla/5.0 (compatible; AhrefsBot/7.0; +http://ahrefs.com/robot/)"
152.228.171.66 - - [05/May/2022:09:51:30 +0100] "HEAD / HTTP/1.1" 200 0 "-" "-"
54.68.32.247 - - [05/May/2022:10:01:32 +0100] "POST /?rest_route=%2Fwordfence%2Fv1%2Fauthenticate HTTP/1.1" 200 133 "-" "Wordfence Central API v1.0"
51.81.186.219 - - [05/May/2022:10:01:33 +0100] "HEAD / HTTP/1.1" 200 0 "-" "-"
54.68.32.247 - - [05/May/2022:10:01:33 +0100] "POST /?rest_route=%2Fwordfence%2Fv1%2Fauthenticate HTTP/1.1" 200 256 "-" "Wordfence Central API v1.0"
54.68.32.247 - - [05/May/2022:10:01:34 +0100] "POST /?rest_route=%2Fwordfence%2Fv1%2Fconfig HTTP/1.1" 200 3082 "-" "Wordfence Central API v1.0"
54.68.32.247 - - [05/May/2022:11:01:33 +0100] "POST /?rest_route=%2Fwordfence%2Fv1%2Fauthenticate HTTP/1.1" 200 133 "-" "Wordfence Central API v1.0"
51.81.186.219 - - [05/May/2022:11:01:34 +0100] "HEAD / HTTP/1.1" 200 0 "-" "-"
54.68.32.247 - - [05/May/2022:11:01:34 +0100] "POST /?rest_route=%2Fwordfence%2Fv1%2Fauthenticate HTTP/1.1" 200 256 "-" "Wordfence Central API v1.0"
54.68.32.247 - - [05/May/2022:11:01:35 +0100] "POST /?rest_route=%2Fwordfence%2Fv1%2Fconfig HTTP/1.1" 200 3079 "-" "Wordfence Central API v1.0"
40.77.167.106 - - [05/May/2022:11:19:21 +0100] "GET /robots.txt HTTP/2" 301 0 "-" "Mozilla/5.0 (compatible; bingbot/2.0; +http://www.bing.com/bingbot.htm)"
40.77.167.106 - - [05/May/2022:11:19:21 +0100] "GET /robots.txt HTTP/2" 301 0 "-" "Mozilla/5.0 (compatible; bingbot/2.0; +http://www.bing.com/bingbot.htm)"
207.46.13.149 - - [05/May/2022:11:19:31 +0100] "GET /quis-ligula-lacinia-aliquet-mauris-ipsum/ HTTP/2" 301 0 "-" "Mozilla/5.0 (compatible; bingbot/2.0; +http://www.bing.com/bingbot.htm)"
54.68.32.247 - - [05/May/2022:12:01:33 +0100] "POST /?rest_route=%2Fwordfence%2Fv1%2Fauthenticate HTTP/1.1" 200 133 "-" "Wordfence Central API v1.0"
54.68.32.247 - - [05/May/2022:12:01:34 +0100] "POST /?rest_route=%2Fwordfence%2Fv1%2Fauthenticate HTTP/1.1" 200 256 "-" "Wordfence Central API v1.0"
54.68.32.247 - - [05/May/2022:12:01:35 +0100] "POST /?rest_route=%2Fwordfence%2Fv1%2Fconfig HTTP/1.1" 200 3082 "-" "Wordfence Central API v1.0"
54.191.137.17 - - [05/May/2022:12:10:58 +0100] "POST /wp-load.php?mwprid=6273b0c345d624.66670165 HTTP/1.1" 200 10313 "https://walbottlevi.com/" "Mozilla/5.0 (Windows NT 10.0; Win64; x64) AppleWebKit/537.36 (KHTML, like Gecko) Chrome/62.0.3202.94 Safari/537.36"
54.191.137.17 - - [05/May/2022:12:11:07 +0100] "POST /wp-load.php?mwprid=6273b0cc6e06f2.54881067 HTTP/1.1" 200 694 "https://walbottlevi.com/" "Mozilla/5.0 (Windows NT 10.0; Win64; x64) AppleWebKit/537.36 (KHTML, like Gecko) Chrome/62.0.3202.94 Safari/537.36"
54.191.137.17 - - [05/May/2022:12:11:11 +0100] "POST /wp-load.php?mwprid=6273b0cf4539d0.68628314 HTTP/1.1" 200 689 "https://walbottlevi.com/" "Mozilla/5.0 (Windows NT 10.0; Win64; x64) AppleWebKit/537.36 (KHTML, like Gecko) Chrome/62.0.3202.94 Safari/537.36"
10.4.96.3 - - [05/May/2022:12:37:46 +0100] "GET /sitemap_index.xml HTTP/1.1" 200 325 "-" "Mozilla/5.0 (compatible; bingbot/2.0; +http://www.bing.com/bingbot.htm)"
149.28.11.90 - - [05/May/2022:12:37:47 +0100] "HEAD / HTTP/1.1" 200 0 "-" "-"
54.68.32.247 - - [05/May/2022:13:01:32 +0100] "POST /?rest_route=%2Fwordfence%2Fv1%2Fauthenticate HTTP/1.1" 200 133 "-" "Wordfence Central API v1.0"
54.68.32.247 - - [05/May/2022:13:01:33 +0100] "POST /?rest_route=%2Fwordfence%2Fv1%2Fauthenticate HTTP/1.1" 200 254 "-" "Wordfence Central API v1.0"
54.68.32.247 - - [05/May/2022:13:01:34 +0100] "POST /?rest_route=%2Fwordfence%2Fv1%2Fconfig HTTP/1.1" 200 3082 "-" "Wordfence Central API v1.0"
185.191.171.33 - - [05/May/2022:13:27:36 +0100] "GET /activities/joyce-webster-art/ HTTP/1.1" 404 11757 "-" "Mozilla/5.0 (compatible; SemrushBot/7~bl; +http://www.semrush.com/bot.html)"
54.68.32.247 - - [05/May/2022:14:01:33 +0100] "POST /?rest_route=%2Fwordfence%2Fv1%2Fauthenticate HTTP/1.1" 200 134 "-" "Wordfence Central API v1.0"
54.68.32.247 - - [05/May/2022:14:01:34 +0100] "POST /?rest_route=%2Fwordfence%2Fv1%2Fauthenticate HTTP/1.1" 200 254 "-" "Wordfence Central API v1.0"
54.68.32.247 - - [05/May/2022:14:01:35 +0100] "POST /?rest_route=%2Fwordfence%2Fv1%2Fconfig HTTP/1.1" 200 3082 "-" "Wordfence Central API v1.0"
86.161.134.164 - - [05/May/2022:14:04:41 +0100] "GET /activities/yoga/ HTTP/1.1" 200 11348 "https://www.walbottlevi.com/" "Mozilla/5.0 (iPhone; CPU iPhone OS 15_4_1 like Mac OS X) AppleWebKit/605.1.15 (KHTML, like Gecko) Version/15.4 Mobile/15E148 Safari/604.1"
2.58.28.32 - - [05/May/2022:14:04:41 +0100] "HEAD / HTTP/1.1" 200 0 "-" "-"
86.161.134.164 - - [05/May/2022:14:04:41 +0100] "GET /wp-content/uploads/2021/09/Yoga.png.webp HTTP/1.1" 200 51566 "https://www.walbottlevi.com/activities/yoga/" "Mozilla/5.0 (iPhone; CPU iPhone OS 15_4_1 like Mac OS X) AppleWebKit/605.1.15 (KHTML, like Gecko) Version/15.4 Mobile/15E148 Safari/604.1"
86.161.134.164 - - [05/May/2022:14:05:45 +0100] "GET /diary/ HTTP/1.1" 200 10978 "https://www.walbottlevi.com/activities/yoga/" "Mozilla/5.0 (iPhone; CPU iPhone OS 15_4_1 like Mac OS X) AppleWebKit/605.1.15 (KHTML, like Gecko) Version/15.4 Mobile/15E148 Safari/604.1"
2.58.28.32 - - [05/May/2022:14:05:46 +0100] "HEAD / HTTP/1.1" 200 0 "-" "-"
208.100.26.237 - - [05/May/2022:14:28:33 +0100] "GET / HTTP/1.1" 301 0 "-" "Mozilla/5.0 (Windows NT 6.3; rv:75.0) Gecko/20100101 Firefox/75.0"
208.100.26.237 - - [05/May/2022:14:28:34 +0100] "GET / HTTP/1.1" 301 0 "http://walbottlevi.com/" "Mozilla/5.0 (Linux; Android 10; ONEPLUS A6003 Build/QKQ1.190716.003; wv) AppleWebKit/537.36 (KHTML, like Gecko) Version/4.0 Chrome/84.0.4147.89 Mobile Safari/537.36"
208.100.26.237 - - [05/May/2022:14:28:34 +0100] "GET / HTTP/1.1" 200 12692 "https://walbottlevi.com/" "Mozilla/5.0 (Windows NT 6.3; rv:75.0) Gecko/20100101 Firefox/75.0"
208.100.26.237 - - [05/May/2022:14:28:34 +0100] "GET / HTTP/1.1" 200 12692 "https://walbottlevi.com/" "Mozilla/5.0 (Linux; Android 10; ONEPLUS A6003 Build/QKQ1.190716.003; wv) AppleWebKit/537.36 (KHTML, like Gecko) Version/4.0 Chrome/84.0.4147.89 Mobile Safari/537.36"
185.191.171.35 - - [05/May/2022:14:30:19 +0100] "GET /news/re-opening/ HTTP/1.1" 200 14113 "-" "Mozilla/5.0 (compatible; SemrushBot/7~bl; +http://www.semrush.com/bot.html)"
135.148.148.230 - - [05/May/2022:14:30:20 +0100] "HEAD / HTTP/1.1" 200 0 "-" "-"
87.250.224.94 - - [05/May/2022:15:00:19 +0100] "GET / HTTP/1.1" 200 12692 "-" "Mozilla/5.0 (compatible; YandexBot/3.0; +http://yandex.com/bots)"
193.203.202.215 - - [05/May/2022:15:00:19 +0100] "HEAD / HTTP/1.1" 200 0 "-" "-"
54.68.32.247 - - [05/May/2022:15:01:33 +0100] "POST /?rest_route=%2Fwordfence%2Fv1%2Fauthenticate HTTP/1.1" 200 133 "-" "Wordfence Central API v1.0"
54.68.32.247 - - [05/May/2022:15:01:34 +0100] "POST /?rest_route=%2Fwordfence%2Fv1%2Fauthenticate HTTP/1.1" 200 256 "-" "Wordfence Central API v1.0"
54.68.32.247 - - [05/May/2022:15:01:35 +0100] "POST /?rest_route=%2Fwordfence%2Fv1%2Fconfig HTTP/1.1" 200 3082 "-" "Wordfence Central API v1.0"
216.244.66.244 - - [05/May/2022:15:28:02 +0100] "GET /robots.txt HTTP/1.1" 200 116 "-" "Mozilla/5.0 (compatible; DotBot/1.2; +https://opensiteexplorer.org/dotbot; help@moz.com)"
10.4.96.3 - - [05/May/2022:15:33:23 +0100] "GET /news/2021/08/ HTTP/1.1" 200 11928 "-" "Mozilla/5.0 (compatible; DotBot/1.2; +https://opensiteexplorer.org/dotbot; help@moz.com)"
149.28.11.90 - - [05/May/2022:15:33:24 +0100] "HEAD / HTTP/1.1" 200 0 "-" "-"
10.4.96.3 - - [05/May/2022:15:49:14 +0100] "GET / HTTP/1.1" 200 12692 "-" "Mozilla/5.0 (X11; Fedora; Linux x86_64) AppleWebKit/537.36 (KHTML, like Gecko) Chrome/66.0.3359.117 Safari/537.36"
149.28.11.90 - - [05/May/2022:15:49:14 +0100] "HEAD / HTTP/1.1" 200 0 "-" "-"
199.187.211.188 - - [05/May/2022:15:49:14 +0100] "GET /contact/ HTTP/1.1" 200 16294 "https://www.walbottlevi.com" "Mozilla/5.0 (X11; Fedora; Linux x86_64) AppleWebKit/537.36 (KHTML, like Gecko) Chrome/66.0.3359.117 Safari/537.36"
199.187.211.188 - - [05/May/2022:15:49:15 +0100] "POST /contact/ HTTP/1.1" 200 17731 "https://www.walbottlevi.com/contact/" "Mozilla/5.0 (X11; Fedora; Linux x86_64) AppleWebKit/537.36 (KHTML, like Gecko) Chrome/66.0.3359.117 Safari/537.36"
54.68.32.247 - - [05/May/2022:16:01:32 +0100] "POST /?rest_route=%2Fwordfence%2Fv1%2Fauthenticate HTTP/1.1" 200 133 "-" "Wordfence Central API v1.0"
54.68.32.247 - - [05/May/2022:16:01:33 +0100] "POST /?rest_route=%2Fwordfence%2Fv1%2Fauthenticate HTTP/1.1" 200 256 "-" "Wordfence Central API v1.0"
54.68.32.247 - - [05/May/2022:16:01:34 +0100] "POST /?rest_route=%2Fwordfence%2Fv1%2Fconfig HTTP/1.1" 200 3082 "-" "Wordfence Central API v1.0"
207.241.231.151 - - [05/May/2022:16:37:24 +0100] "GET /robots.txt HTTP/1.1" 200 116 "-" "Mozilla/5.0 (compatible; archive.org_bot +http://archive.org/details/archive.org_bot)"
64.225.34.246 - - [05/May/2022:16:37:24 +0100] "HEAD / HTTP/1.1" 200 0 "-" "-"
207.241.231.151 - - [05/May/2022:16:37:25 +0100] "GET / HTTP/1.1" 200 12692 "http://wvi.org.uk/" "Mozilla/5.0 (compatible; archive.org_bot +http://archive.org/details/archive.org_bot)"
185.199.220.52 - - [05/May/2022:17:01:05 +0100] "POST /wp-admin/admin-ajax.php?action=wordfence_testAjax HTTP/1.1" 200 32 "https://www.walbottlevi.com/wp-admin/admin-ajax.php?action=wordfence_testAjax" "WordPress/5.9.3; https://www.walbottlevi.com"
185.199.220.52 - - [05/May/2022:17:01:06 +0100] "GET /wp-admin/admin-ajax.php?action=wordfence_doScan&isFork=0&scanMode=quick&cronKey=6a3f2ed60cf898c2a791021173e11282&signature=5ac5bd1c065cd857185a9b2739bfaae8e454bc88f990e32c45d4af753d249cd6 HTTP/1.1" 200 0 "-" "WordPress/5.9.3; https://www.walbottlevi.com"
54.68.32.247 - - [05/May/2022:17:01:07 +0100] "POST /?rest_route=%2Fwordfence%2Fv1%2Fauthenticate HTTP/1.1" 200 134 "-" "Wordfence Central API v1.0"
54.68.32.247 - - [05/May/2022:17:01:08 +0100] "POST /?rest_route=%2Fwordfence%2Fv1%2Fauthenticate HTTP/1.1" 200 258 "-" "Wordfence Central API v1.0"
54.68.32.247 - - [05/May/2022:17:01:09 +0100] "POST /?rest_route=%2Fwordfence%2Fv1%2Fscan%2Fissues HTTP/1.1" 200 872 "-" "Wordfence Central API v1.0"
185.199.220.52 - - [05/May/2022:17:01:10 +0100] "POST /wp-admin/admin-ajax.php?action=wordfence_testAjax HTTP/1.1" 200 32 "https://www.walbottlevi.com/wp-admin/admin-ajax.php?action=wordfence_testAjax" "WordPress/5.9.3; https://www.walbottlevi.com"
54.68.32.247 - - [05/May/2022:17:01:42 +0100] "POST /?rest_route=%2Fwordfence%2Fv1%2Fauthenticate HTTP/1.1" 200 134 "-" "Wordfence Central API v1.0"
54.68.32.247 - - [05/May/2022:17:01:42 +0100] "POST /?rest_route=%2Fwordfence%2Fv1%2Fauthenticate HTTP/1.1" 200 255 "-" "Wordfence Central API v1.0"
54.68.32.247 - - [05/May/2022:17:01:43 +0100] "POST /?rest_route=%2Fwordfence%2Fv1%2Fconfig HTTP/1.1" 200 3082 "-" "Wordfence Central API v1.0"
185.199.220.52 - - [05/May/2022:17:01:58 +0100] "POST /wp-admin/admin-ajax.php?action=wordfence_testAjax HTTP/1.1" 200 32 "https://www.walbottlevi.com/wp-admin/admin-ajax.php?action=wordfence_testAjax" "WordPress/5.9.3; https://www.walbottlevi.com"
185.199.220.52 - - [05/May/2022:17:01:10 +0100] "GET /wp-admin/admin-ajax.php?action=wordfence_doScan&isFork=0&scanMode=custom&cronKey=179688625407a3eac914e47df7ce9ed6&signature=da12651e30e7ec4c32026ac955d0ab587d2e6aaa9ef9b9c4ae157be831ff8a92 HTTP/1.1" 200 0 "-" "WordPress/5.9.3; https://www.walbottlevi.com"
185.199.220.52 - - [05/May/2022:17:02:45 +0100] "POST /wp-admin/admin-ajax.php?action=wordfence_testAjax HTTP/1.1" 200 32 "https://www.walbottlevi.com/wp-admin/admin-ajax.php?action=wordfence_testAjax" "WordPress/5.9.3; https://www.walbottlevi.com"
2.58.28.32 - - [05/May/2022:17:02:45 +0100] "HEAD / HTTP/1.1" 200 0 "-" "-"
185.199.220.52 - - [05/May/2022:17:01:58 +0100] "GET /wp-admin/admin-ajax.php?action=wordfence_doScan&isFork=1&scanMode=custom&cronKey=0184b462cbf375dc375431e3d41308b2&signature=57e230ca7999611c27f4f5bd7e8cfb7b9823a9cb10381756efb182ced0b86a51 HTTP/1.1" 200 0 "-" "WordPress/5.9.3; https://www.walbottlevi.com"
185.199.220.52 - - [05/May/2022:17:03:09 +0100] "POST /wp-admin/admin-ajax.php?action=wordfence_testAjax HTTP/1.1" 200 32 "https://www.walbottlevi.com/wp-admin/admin-ajax.php?action=wordfence_testAjax" "WordPress/5.9.3; https://www.walbottlevi.com"
2.58.28.32 - - [05/May/2022:17:03:09 +0100] "HEAD / HTTP/1.1" 200 0 "-" "-"
185.199.220.52 - - [05/May/2022:17:02:45 +0100] "GET /wp-admin/admin-ajax.php?action=wordfence_doScan&isFork=1&scanMode=custom&cronKey=bfef9b5d7ec7450ca3f82b1f0bc57a15&signature=8ff724cf9bba9b7356d89ad56df8eda66cc4fbfbf020ab7204feb67c2cb89d5b HTTP/1.1" 200 0 "-" "WordPress/5.9.3; https://www.walbottlevi.com"
185.199.220.52 - - [05/May/2022:17:03:40 +0100] "GET /.user.ini HTTP/1.1" 403 1229 "https://www.walbottlevi.com/.user.ini" "WordPress/5.9.3; https://www.walbottlevi.com"
54.68.32.247 - - [05/May/2022:17:03:54 +0100] "POST /?rest_route=%2Fwordfence%2Fv1%2Fauthenticate HTTP/1.1" 200 134 "-" "Wordfence Central API v1.0"
51.81.186.219 - - [05/May/2022:17:03:54 +0100] "HEAD / HTTP/1.1" 200 0 "-" "-"
54.68.32.247 - - [05/May/2022:17:03:55 +0100] "POST /?rest_route=%2Fwordfence%2Fv1%2Fauthenticate HTTP/1.1" 200 256 "-" "Wordfence Central API v1.0"
54.68.32.247 - - [05/May/2022:17:03:55 +0100] "POST /?rest_route=%2Fwordfence%2Fv1%2Fscan%2Fissues HTTP/1.1" 200 872 "-" "Wordfence Central API v1.0"
185.199.220.52 - - [05/May/2022:17:03:09 +0100] "GET /wp-admin/admin-ajax.php?action=wordfence_doScan&isFork=1&scanMode=custom&cronKey=a75c5316e8416b73d383e4ec60a1b4e3&signature=a38a166e48a9128945a323cf483b6ed2f7887eade22805dd63d929bb2c5cefcc HTTP/1.1" 200 0 "-" "WordPress/5.9.3; https://www.walbottlevi.com"
78.47.38.165 - - [05/May/2022:17:23:20 +0100] "GET / HTTP/1.1" 200 12692 "-" "Java/11.0.10"
45.132.244.92 - - [05/May/2022:17:23:20 +0100] "HEAD / HTTP/1.1" 200 0 "-" "-"
168.119.190.181 - - [05/May/2022:17:23:27 +0100] "GET /wp-content/uploads/2019/11/cropped-WVIMain.png HTTP/1.1" 403 1229 "-" "Mozilla/5.0 (X11; Fedora; Linux x86_64) AppleWebKit/537.36 (KHTML, like Gecko) Chrome/79.0.3945.117 Safari/537.36"
168.119.190.181 - - [05/May/2022:17:23:27 +0100] "GET /wp-content/uploads/2020/09/cropped-IMG_0477-scaled-2.jpg HTTP/1.1" 403 1229 "-" "Mozilla/5.0 (X11; Fedora; Linux x86_64) AppleWebKit/537.36 (KHTML, like Gecko) Chrome/79.0.3945.117 Safari/537.36"
168.119.190.181 - - [05/May/2022:17:23:27 +0100] "GET /wp-content/litespeed/avatar/b679eea48cf16ebf564c46f2c55b19eb.jpg?ver=1651420924 HTTP/1.1" 403 1229 "-" "Mozilla/5.0 (X11; Fedora; Linux x86_64) AppleWebKit/537.36 (KHTML, like Gecko) Chrome/79.0.3945.117 Safari/537.36"
185.191.171.2 - - [05/May/2022:17:54:43 +0100] "GET /news/category/uncategorized/page/2/ HTTP/1.1" 200 12808 "-" "Mozilla/5.0 (compatible; SemrushBot/7~bl; +http://www.semrush.com/bot.html)"
147.135.115.64 - - [05/May/2022:17:54:44 +0100] "HEAD / HTTP/1.1" 200 0 "-" "-"
185.199.220.52 - - [05/May/2022:18:01:03 +0100] "POST /wp-cron.php HTTP/1.1" 200 0 "https://www.walbottlevi.com/wp-cron.php" "WordPress/5.9.3; https://www.walbottlevi.com"
2.58.28.32 - - [05/May/2022:18:01:03 +0100] "HEAD / HTTP/1.1" 200 0 "-" "-"
54.68.32.247 - - [05/May/2022:18:01:34 +0100] "POST /?rest_route=%2Fwordfence%2Fv1%2Fauthenticate HTTP/1.1" 200 134 "-" "Wordfence Central API v1.0"
54.68.32.247 - - [05/May/2022:18:01:35 +0100] "POST /?rest_route=%2Fwordfence%2Fv1%2Fauthenticate HTTP/1.1" 200 258 "-" "Wordfence Central API v1.0"
54.68.32.247 - - [05/May/2022:18:01:36 +0100] "POST /?rest_route=%2Fwordfence%2Fv1%2Fconfig HTTP/1.1" 200 3082 "-" "Wordfence Central API v1.0"
54.191.137.17 - - [05/May/2022:18:01:47 +0100] "POST /wp-load.php?mwprid=627402fc831c43.13199239 HTTP/1.1" 200 11047 "https://walbottlevi.com/" "Mozilla/5.0 (Windows NT 10.0; Win64; x64) AppleWebKit/537.36 (KHTML, like Gecko) Chrome/62.0.3202.94 Safari/537.36"
54.191.137.17 - - [05/May/2022:18:01:56 +0100] "POST /wp-load.php?mwprid=62740306419976.09734138 HTTP/1.1" 200 688 "https://walbottlevi.com/" "Mozilla/5.0 (Windows NT 10.0; Win64; x64) AppleWebKit/537.36 (KHTML, like Gecko) Chrome/62.0.3202.94 Safari/537.36"
54.191.137.17 - - [05/May/2022:18:02:14 +0100] "POST /wp-load.php?mwprid=62740317d0ab72.86735434 HTTP/1.1" 200 685 "https://walbottlevi.com/" "Mozilla/5.0 (Windows NT 10.0; Win64; x64) AppleWebKit/537.36 (KHTML, like Gecko) Chrome/62.0.3202.94 Safari/537.36"
54.191.137.17 - - [05/May/2022:18:02:20 +0100] "GET / HTTP/1.1" 301 0 "-" "Mozilla/5.0 (Windows NT 10.0; Win64; x64) AppleWebKit/537.36 (KHTML, like Gecko) Chrome/62.0.3202.94 Safari/537.36"
54.191.137.17 - - [05/May/2022:18:02:20 +0100] "GET / HTTP/2" 301 0 "-" "Mozilla/5.0 (X11; Linux x86_64) AppleWebKit/537.36 (KHTML, like Gecko) HeadlessChrome/60.0.3112.101 Safari/537.36"
54.191.137.17 - - [05/May/2022:18:03:30 +0100] "POST /wp-load.php?mwprid=6274035dbf0716.77846165 HTTP/1.1" 200 819 "https://walbottlevi.com/" "Mozilla/5.0 (Windows NT 10.0; Win64; x64) AppleWebKit/537.36 (KHTML, like Gecko) Chrome/62.0.3202.94 Safari/537.36"
54.191.137.17 - - [05/May/2022:18:03:41 +0100] "GET / HTTP/1.1" 301 0 "-" "Mozilla/5.0 (Windows NT 10.0; Win64; x64) AppleWebKit/537.36 (KHTML, like Gecko) Chrome/62.0.3202.94 Safari/537.36"
40.77.167.24 - - [05/May/2022:18:11:08 +0100] "GET /sitemap_index.xml HTTP/1.1" 200 325 "-" "Mozilla/5.0 (compatible; bingbot/2.0; +http://www.bing.com/bingbot.htm)"
173.252.107.16 - - [05/May/2022:18:51:08 +0100] "GET /wp-content/uploads/2020/09/cropped-IMG_0477-scaled-2.jpg HTTP/1.1" 403 1229 "-" "facebookexternalhit/1.1 (+http://www.facebook.com/externalhit_uatext.php)"
54.68.32.247 - - [05/May/2022:19:01:32 +0100] "POST /?rest_route=%2Fwordfence%2Fv1%2Fauthenticate HTTP/1.1" 200 134 "-" "Wordfence Central API v1.0"
51.81.186.219 - - [05/May/2022:19:01:33 +0100] "HEAD / HTTP/1.1" 200 0 "-" "-"
54.68.32.247 - - [05/May/2022:19:01:33 +0100] "POST /?rest_route=%2Fwordfence%2Fv1%2Fauthenticate HTTP/1.1" 200 255 "-" "Wordfence Central API v1.0"
54.68.32.247 - - [05/May/2022:19:01:34 +0100] "POST /?rest_route=%2Fwordfence%2Fv1%2Fconfig HTTP/1.1" 200 3079 "-" "Wordfence Central API v1.0"
17.121.114.55 - - [05/May/2022:19:25:28 +0100] "GET /news/2020/12/ HTTP/1.1" 200 11990 "-" "Mozilla/5.0 (Macintosh; Intel Mac OS X 10_15_5) AppleWebKit/605.1.15 (KHTML, like Gecko) Version/13.1.1 Safari/605.1.15 (Applebot/0.1; +http://www.apple.com/go/applebot)"
54.68.32.247 - - [05/May/2022:20:01:32 +0100] "POST /?rest_route=%2Fwordfence%2Fv1%2Fauthenticate HTTP/1.1" 200 134 "-" "Wordfence Central API v1.0"
51.81.186.219 - - [05/May/2022:20:01:33 +0100] "HEAD / HTTP/1.1" 200 0 "-" "-"
54.68.32.247 - - [05/May/2022:20:01:33 +0100] "POST /?rest_route=%2Fwordfence%2Fv1%2Fauthenticate HTTP/1.1" 200 256 "-" "Wordfence Central API v1.0"
54.68.32.247 - - [05/May/2022:20:01:34 +0100] "POST /?rest_route=%2Fwordfence%2Fv1%2Fconfig HTTP/1.1" 200 3079 "-" "Wordfence Central API v1.0"
157.90.1.54 - - [05/May/2022:20:03:01 +0100] "GET /emergency.php HTTP/1.1" 403 6989 "www.google.com" "Mozlila/5.0 (Linux; Android 7.0; SM-G892A Bulid/NRD90M; wv) AppleWebKit/537.36 (KHTML, like Gecko) Version/4.0 Chrome/60.0.3112.107 Moblie Safari/537.36"
185.199.220.52 - - [05/May/2022:20:03:02 +0100] "POST /?wordfence_syncAttackData=1651777382.2803 HTTP/1.1" 200 0 "https://www.walbottlevi.com/?wordfence_syncAttackData=1651777382.2803" "WordPress/5.9.3; https://www.walbottlevi.com"
45.132.244.92 - - [05/May/2022:20:03:01 +0100] "HEAD / HTTP/1.1" 200 0 "-" "-"
